# github.com/shoenig/go-m1cpu
../../../go/pkg/mod/github.com/shoenig/go-m1cpu@v0.1.6/cpu.go:75:17: warning: variable length array folded to constant array as an extension [-Wgnu-folding-constant]
../../../go/pkg/mod/github.com/shoenig/go-m1cpu@v0.1.6/cpu.go:77:16: warning: variable length array folded to constant array as an extension [-Wgnu-folding-constant]
=== RUN   TestValidityProposer_SingleSubmission
    testing.go:236:             [32mINFO [0m[12-20|23:58:07.649] Running test in parallel
=== PAUSE TestValidityProposer_SingleSubmission
=== CONT  TestValidityProposer_SingleSubmission
    shared.go:33:               [32mINFO [0m[12-20|23:58:07.649] Setting up
    init.go:109:                [32mINFO [0m[12-20|23:58:07.788] initializing pipeline                    [32mstage[0m=init [32mstrategy[0m=genesis
    superchain.go:21:           [32mINFO [0m[12-20|23:58:07.789] deploying superchain                     [32mstage[0m=deploy-superchain
    script.go:614:              [33mWARN [0m[12-20|23:58:07.797] Fault                                    [33maddr[0m=0xD5169864D6046B87309e0D147099291eDD157030 [33mlabel[0m=ProtocolVersionsProxy [33merr[0m="execution reverted" [33mdepth[0m=3 [33mop[0m=253 [33mbyte4[0m=0x38d38c97
    script.go:871:              [33mWARN [0m[12-20|23:58:07.797] callframe                                [33mdepth[0m=1 [33mbyte4[0m=0xff07a313 [33maddr[0m=0xfdAf657f7146c1AB9db4d70cEd5FDEa7dC4906c0 [33mcallsite[0m= [33mlabel[0m=DeploySuperchain
    script.go:871:              [33mWARN [0m[12-20|23:58:07.797] callframe                                [33mdepth[0m=2 [33mbyte4[0m=0x38d38c97 [33maddr[0m=0xD5169864D6046B87309e0D147099291eDD157030 [33mcallsite[0m= [33mlabel[0m=ProtocolVersionsProxy
    script.go:871:              [33mWARN [0m[12-20|23:58:07.797] callframe                                [33mdepth[0m=3 [33mbyte4[0m=0x38d38c97 [33maddr[0m=0xD5169864D6046B87309e0D147099291eDD157030 [33mcallsite[0m= [33mlabel[0m=ProtocolVersionsProxy
    script.go:581:              [33mWARN [0m[12-20|23:58:07.797] Revert                                   [33maddr[0m=0xD5169864D6046B87309e0D147099291eDD157030 [33mlabel[0m=ProtocolVersionsProxy [33merr[0m="execution reverted" [33mrevertData[0m=0x [33mdepth[0m=2
    script.go:614:              [33mWARN [0m[12-20|23:58:07.797] Fault                                    [33maddr[0m=0xD5169864D6046B87309e0D147099291eDD157030 [33mlabel[0m=ProtocolVersionsProxy [33merr[0m="execution reverted" [33mdepth[0m=2 [33mop[0m=253 [33mbyte4[0m=0x38d38c97
    script.go:871:              [33mWARN [0m[12-20|23:58:07.797] callframe                                [33mdepth[0m=1 [33mbyte4[0m=0xff07a313 [33maddr[0m=0xfdAf657f7146c1AB9db4d70cEd5FDEa7dC4906c0 [33mcallsite[0m= [33mlabel[0m=DeploySuperchain
    script.go:871:              [33mWARN [0m[12-20|23:58:07.797] callframe                                [33mdepth[0m=2 [33mbyte4[0m=0x38d38c97 [33maddr[0m=0xD5169864D6046B87309e0D147099291eDD157030 [33mcallsite[0m= [33mlabel[0m=ProtocolVersionsProxy
    script.go:581:              [33mWARN [0m[12-20|23:58:07.797] Revert                                   [33maddr[0m=0xD5169864D6046B87309e0D147099291eDD157030 [33mlabel[0m=ProtocolVersionsProxy [33merr[0m="execution reverted" [33mrevertData[0m=0x [33mdepth[0m=1
    implementations.go:24:      [32mINFO [0m[12-20|23:58:07.797] deploying implementations                [32mstage[0m=deploy-implementations
    console.go:32:              [32mINFO [0m[12-20|23:58:08.060] Running chain assertions on the DelayedWETH implementation at 0x33Dadc2d1aA9BB613A7AE6B28425eA00D44c6998 [32msender[0m=0x98e503f35D0a019cB0a251aD243a4cCFCF371F46
    console.go:32:              [32mINFO [0m[12-20|23:58:08.060] Running chain assertions on the DisputeGameFactory implementation at 0xc040F392E52Cb6970CA8E110c280fE24E07C5e2c [32msender[0m=0x98e503f35D0a019cB0a251aD243a4cCFCF371F46
    console.go:32:              [32mINFO [0m[12-20|23:58:08.060] Running chain assertions on the L1CrossDomainMessenger implementation at 0xb686F13AfF1e427a1f993F29ab0F2E7383729FE0 [32msender[0m=0x98e503f35D0a019cB0a251aD243a4cCFCF371F46
    script.go:614:              [33mWARN [0m[12-20|23:58:08.060] Fault                                    [33maddr[0m=0xb686F13AfF1e427a1f993F29ab0F2E7383729FE0 [33mlabel[0m=L1CrossDomainMessengerImpl [33merr[0m="execution reverted" [33mdepth[0m=2 [33mop[0m=253 [33mbyte4[0m=0x3e47158c
    script.go:871:              [33mWARN [0m[12-20|23:58:08.060] callframe                                [33mdepth[0m=1 [33mbyte4[0m=0x329aa281 [33maddr[0m=0x8f0818c1e0a4cA9Bc005f61428f7f8a371464D38 [33mcallsite[0m= [33mlabel[0m=DeployImplementations
    script.go:871:              [33mWARN [0m[12-20|23:58:08.060] callframe                                [33mdepth[0m=2 [33mbyte4[0m=0x3e47158c [33maddr[0m=0xb686F13AfF1e427a1f993F29ab0F2E7383729FE0 [33mcallsite[0m= [33mlabel[0m=L1CrossDomainMessengerImpl
    script.go:581:              [33mWARN [0m[12-20|23:58:08.060] Revert                                   [33maddr[0m=0xb686F13AfF1e427a1f993F29ab0F2E7383729FE0 [33mlabel[0m=L1CrossDomainMessengerImpl [33merr[0m="execution reverted" [33mrevertData[0m=0x54e433cd [33mdepth[0m=1
    console.go:32:              [32mINFO [0m[12-20|23:58:08.060] Running chain assertions on the L1ERC721Bridge implementation at 0x74f1aC50EB0BE98853805D381C884f5f9abDEcf9 [32msender[0m=0x98e503f35D0a019cB0a251aD243a4cCFCF371F46
    script.go:614:              [33mWARN [0m[12-20|23:58:08.060] Fault                                    [33maddr[0m=0x74f1aC50EB0BE98853805D381C884f5f9abDEcf9 [33mlabel[0m=L1ERC721BridgeImpl         [33merr[0m="execution reverted" [33mdepth[0m=2 [33mop[0m=253 [33mbyte4[0m=0x3e47158c
    script.go:871:              [33mWARN [0m[12-20|23:58:08.060] callframe                                [33mdepth[0m=1 [33mbyte4[0m=0x329aa281 [33maddr[0m=0x8f0818c1e0a4cA9Bc005f61428f7f8a371464D38 [33mcallsite[0m= [33mlabel[0m=DeployImplementations
    script.go:871:              [33mWARN [0m[12-20|23:58:08.061] callframe                                [33mdepth[0m=2 [33mbyte4[0m=0x3e47158c [33maddr[0m=0x74f1aC50EB0BE98853805D381C884f5f9abDEcf9 [33mcallsite[0m= [33mlabel[0m=L1ERC721BridgeImpl
    script.go:581:              [33mWARN [0m[12-20|23:58:08.061] Revert                                   [33maddr[0m=0x74f1aC50EB0BE98853805D381C884f5f9abDEcf9 [33mlabel[0m=L1ERC721BridgeImpl         [33merr[0m="execution reverted" [33mrevertData[0m=0x54e433cd [33mdepth[0m=1
    console.go:32:              [32mINFO [0m[12-20|23:58:08.061] Running chain assertions on the L1StandardBridge implementation at 0x61525EaaCDdB97D9184aFc205827E6A4fd0Bf62A [32msender[0m=0x98e503f35D0a019cB0a251aD243a4cCFCF371F46
    console.go:32:              [32mINFO [0m[12-20|23:58:08.061] Running chain assertions on the MIPS at 0x6463dEE3828677F6270d83d45408044fc5eDB908 [32msender[0m=0x98e503f35D0a019cB0a251aD243a4cCFCF371F46
    console.go:32:              [32mINFO [0m[12-20|23:58:08.061] Running chain assertions on the OPContractsManager at 0x6C7238B9B990B2dEAc1Fba1BEd6055F11C699226 [32msender[0m=0x98e503f35D0a019cB0a251aD243a4cCFCF371F46
    console.go:32:              [32mINFO [0m[12-20|23:58:08.073] Running chain assertions on the OptimismMintableERC20Factory implementation at 0x8ee6fB13c6c9a7e401531168E196Fbf8b05cEabB [32msender[0m=0x98e503f35D0a019cB0a251aD243a4cCFCF371F46
    console.go:32:              [32mINFO [0m[12-20|23:58:08.073] Running chain assertions on the OptimismPortal2 implementation at 0x7Cf803296662e8C72A6C1d6450572209aCF7f202 [32msender[0m=0x98e503f35D0a019cB0a251aD243a4cCFCF371F46
    console.go:32:              [32mINFO [0m[12-20|23:58:08.073] Running chain assertions on the ETHLockbox implementation at 0x784d2F03593A42A6E4676A012762F18775ecbBe6 [32msender[0m=0x98e503f35D0a019cB0a251aD243a4cCFCF371F46
    console.go:32:              [32mINFO [0m[12-20|23:58:08.073] Running chain assertions on the SystemConfig impl at 0xD4f1cF20071f30AACCEa402E49B766A962CB7F97 [32msender[0m=0x98e503f35D0a019cB0a251aD243a4cCFCF371F46
    opchain.go:30:              [32mINFO [0m[12-20|23:58:08.073] deploying OP chain using local allocs    [32mstage[0m=deploy-opchain [32mid[0m=0x0000000000000000000000000000000000000000000000000000000000000385
    console.go:32:              [32mINFO [0m[12-20|23:58:08.076] Running chain assertions on the DisputeGameFactory proxy at 0xb2a766a69aB8e049823fd7866B7C3E2872a6207c [32msender[0m=0x98e503f35D0a019cB0a251aD243a4cCFCF371F46
    console.go:32:              [32mINFO [0m[12-20|23:58:08.076] Running chain assertions on the L1CrossDomainMessenger proxy at 0xc402B87e1909B4Fc8F811834379419D0df2B3326 [32msender[0m=0x98e503f35D0a019cB0a251aD243a4cCFCF371F46
    console.go:32:              [32mINFO [0m[12-20|23:58:08.076] Running chain assertions on the OptimismPortal2 proxy at 0x7Edc73613c127Ce71EaB28EB7537eC16B93ceB04 [32msender[0m=0x98e503f35D0a019cB0a251aD243a4cCFCF371F46
    console.go:32:              [32mINFO [0m[12-20|23:58:08.076] Running chain assertions on the SystemConfig proxy at 0xcd9C3a10aB6C9BC10fB9D4Dc0308DE19D12b5480 [32msender[0m=0x98e503f35D0a019cB0a251aD243a4cCFCF371F46
    script.go:614:              [33mWARN [0m[12-20|23:58:08.077] Fault                                    [33maddr[0m=0xDfD5FD614F6da155EA58dcB5477409585B039f45 [33mlabel[0m=optimismMintableERC20FactoryProxy [33merr[0m="execution reverted" [33mdepth[0m=3 [33mop[0m=253 [33mbyte4[0m=0x38d38c97
    script.go:871:              [33mWARN [0m[12-20|23:58:08.077] callframe                                [33mdepth[0m=1 [33mbyte4[0m=0xd504f48b [33maddr[0m=0x551618101B3999B61c266b9B3f8489195d32a328 [33mcallsite[0m= [33mlabel[0m=DeployOPChain
    script.go:871:              [33mWARN [0m[12-20|23:58:08.077] callframe                                [33mdepth[0m=2 [33mbyte4[0m=0x38d38c97 [33maddr[0m=0xDfD5FD614F6da155EA58dcB5477409585B039f45 [33mcallsite[0m= [33mlabel[0m=optimismMintableERC20FactoryProxy
    script.go:871:              [33mWARN [0m[12-20|23:58:08.077] callframe                                [33mdepth[0m=3 [33mbyte4[0m=0x38d38c97 [33maddr[0m=0xDfD5FD614F6da155EA58dcB5477409585B039f45 [33mcallsite[0m= [33mlabel[0m=optimismMintableERC20FactoryProxy
    script.go:581:              [33mWARN [0m[12-20|23:58:08.077] Revert                                   [33maddr[0m=0xDfD5FD614F6da155EA58dcB5477409585B039f45 [33mlabel[0m=optimismMintableERC20FactoryProxy [33merr[0m="execution reverted" [33mrevertData[0m=0x         [33mdepth[0m=2
    script.go:614:              [33mWARN [0m[12-20|23:58:08.077] Fault                                    [33maddr[0m=0xDfD5FD614F6da155EA58dcB5477409585B039f45 [33mlabel[0m=optimismMintableERC20FactoryProxy [33merr[0m="execution reverted" [33mdepth[0m=2 [33mop[0m=253 [33mbyte4[0m=0x38d38c97
    script.go:871:              [33mWARN [0m[12-20|23:58:08.077] callframe                                [33mdepth[0m=1 [33mbyte4[0m=0xd504f48b [33maddr[0m=0x551618101B3999B61c266b9B3f8489195d32a328 [33mcallsite[0m= [33mlabel[0m=DeployOPChain
    script.go:871:              [33mWARN [0m[12-20|23:58:08.077] callframe                                [33mdepth[0m=2 [33mbyte4[0m=0x38d38c97 [33maddr[0m=0xDfD5FD614F6da155EA58dcB5477409585B039f45 [33mcallsite[0m= [33mlabel[0m=optimismMintableERC20FactoryProxy
    script.go:581:              [33mWARN [0m[12-20|23:58:08.077] Revert                                   [33maddr[0m=0xDfD5FD614F6da155EA58dcB5477409585B039f45 [33mlabel[0m=optimismMintableERC20FactoryProxy [33merr[0m="execution reverted" [33mrevertData[0m=0x         [33mdepth[0m=1
    alt_da.go:27:               [32mINFO [0m[12-20|23:58:08.090] alt-da deployment not needed             [32mstage[0m=deploy-alt-da
    dispute_games.go:34:        [32mINFO [0m[12-20|23:58:08.090] additional dispute games deployment not needed [32mstage[0m=deploy-additional-dispute-games
    l2genesis.go:56:            [32mINFO [0m[12-20|23:58:08.090] generating L2 genesis                    [32mstage[0m=generate-l2-genesis [32mid[0m=0x0000000000000000000000000000000000000000000000000000000000000385
    console.go:32:              [32mINFO [0m[12-20|23:58:08.267] Setting MultiCall3 preinstall code at: 0xcA11bde05977b3631167028862bE2a173976CA11 [32msender[0m=0xaE0bDc4eEAC5E950B67C6819B118761CaAF61946
    console.go:32:              [32mINFO [0m[12-20|23:58:08.267] Setting Create2Deployer preinstall code at: 0x13b0D85CcB8bf860b6b79AF3029fCA081AE9beF2 [32msender[0m=0xaE0bDc4eEAC5E950B67C6819B118761CaAF61946
    console.go:32:              [32mINFO [0m[12-20|23:58:08.267] Setting Safe_v130 preinstall code at: 0x69f4D1788e39c87893C980c06EdF4b7f686e2938 [32msender[0m=0xaE0bDc4eEAC5E950B67C6819B118761CaAF61946
    console.go:32:              [32mINFO [0m[12-20|23:58:08.267] Setting SafeL2_v130 preinstall code at: 0xfb1bffC9d739B8D520DaF37dF666da4C687191EA [32msender[0m=0xaE0bDc4eEAC5E950B67C6819B118761CaAF61946
    console.go:32:              [32mINFO [0m[12-20|23:58:08.267] Setting MultiSendCallOnly_v130 preinstall code at: 0xA1dabEF33b3B82c7814B6D82A79e50F4AC44102B [32msender[0m=0xaE0bDc4eEAC5E950B67C6819B118761CaAF61946
    console.go:32:              [32mINFO [0m[12-20|23:58:08.267] Setting SafeSingletonFactory preinstall code at: 0x914d7Fec6aaC8cd542e72Bca78B30650d45643d7 [32msender[0m=0xaE0bDc4eEAC5E950B67C6819B118761CaAF61946
    console.go:32:              [32mINFO [0m[12-20|23:58:08.267] Setting DeterministicDeploymentProxy preinstall code at: 0x4e59b44847b379578588920cA78FbF26c0B4956C [32msender[0m=0xaE0bDc4eEAC5E950B67C6819B118761CaAF61946
    console.go:32:              [32mINFO [0m[12-20|23:58:08.267] Setting MultiSend_v130 preinstall code at: 0x998739BFdAAdde7C933B942a68053933098f9EDa [32msender[0m=0xaE0bDc4eEAC5E950B67C6819B118761CaAF61946
    console.go:32:              [32mINFO [0m[12-20|23:58:08.267] Setting Permit2 preinstall code at: 0x000000000022D473030F116dDEE9F6B43aC78BA3 [32msender[0m=0xaE0bDc4eEAC5E950B67C6819B118761CaAF61946
    console.go:32:              [32mINFO [0m[12-20|23:58:08.267] Setting SenderCreator_v060 preinstall code at: 0x7fc98430eAEdbb6070B35B39D798725049088348 [32msender[0m=0xaE0bDc4eEAC5E950B67C6819B118761CaAF61946
    console.go:32:              [32mINFO [0m[12-20|23:58:08.267] Setting EntryPoint_v060 preinstall code at: 0x5FF137D4b0FDCD49DcA30c7CF57E578a026d2789 [32msender[0m=0xaE0bDc4eEAC5E950B67C6819B118761CaAF61946
    console.go:32:              [32mINFO [0m[12-20|23:58:08.268] Setting SenderCreator_v070 preinstall code at: 0xEFC2c1444eBCC4Db75e7613d20C6a62fF67A167C [32msender[0m=0xaE0bDc4eEAC5E950B67C6819B118761CaAF61946
    console.go:32:              [32mINFO [0m[12-20|23:58:08.268] Setting EntryPoint_v070 preinstall code at: 0x0000000071727De22E5E9d8BAf0edAc6f37da032 [32msender[0m=0xaE0bDc4eEAC5E950B67C6819B118761CaAF61946
    console.go:32:              [32mINFO [0m[12-20|23:58:08.268] Setting BeaconBlockRoots preinstall code at: 0x000F3df6D732807Ef1319fB7B8bB8522d0Beac02 [32msender[0m=0xaE0bDc4eEAC5E950B67C6819B118761CaAF61946
    console.go:32:              [32mINFO [0m[12-20|23:58:08.268] Setting HistoryStorage preinstall code at: 0x0000F90827F1C53a10cb7A02335B175320002935 [32msender[0m=0xaE0bDc4eEAC5E950B67C6819B118761CaAF61946
    console.go:32:              [32mINFO [0m[12-20|23:58:08.268] Setting CreateX preinstall code at: 0xba5Ed099633D3B313e4D5F7bdc1305d3c28ba5Ed [32msender[0m=0xaE0bDc4eEAC5E950B67C6819B118761CaAF61946
    script.go:793:              [32mINFO [0m[12-20|23:58:08.288] removing script from state-dump          [32maddr[0m=0xfdAf657f7146c1AB9db4d70cEd5FDEa7dC4906c0 [32mlabel[0m=L2Genesis
    script.go:793:              [32mINFO [0m[12-20|23:58:08.288] removing script from state-dump          [32maddr[0m=0x8f0818c1e0a4cA9Bc005f61428f7f8a371464D38 [32mlabel[0m=
    prefund_l2_dev_genesis.go:16: [32mINFO [0m[12-20|23:58:08.288] Prefunding accounts in L2 dev genesis    [32mstage[0m=prefund-l2-dev-genesis
    prefund_l2_dev_genesis.go:43: [32mINFO [0m[12-20|23:58:08.288] Prefunded dev accounts on L2             [32mstage[0m=prefund-l2-dev-genesis [32maccounts[0m=1
    prefund_l1_dev_genesis.go:12: [32mINFO [0m[12-20|23:58:08.288] Prefunding accounts in L1 dev genesis    [32mstage[0m=prefund-l1-dev-genesis
    prefund_l1_dev_genesis.go:26: [32mINFO [0m[12-20|23:58:08.288] Prefunded dev accounts on L1             [32mstage[0m=prefund-l1-dev-genesis [32maccounts[0m=9
    preinstall_l1_dev_genesis.go:12: [32mINFO [0m[12-20|23:58:08.288] Adding preinstalls to L1 dev genesis     [32mstage[0m=preinstall-l1-dev-genesis
    console.go:32:              [32mINFO [0m[12-20|23:58:08.303] Setting MultiCall3 preinstall code at: 0xcA11bde05977b3631167028862bE2a173976CA11 [32msender[0m=0x98e503f35D0a019cB0a251aD243a4cCFCF371F46
    console.go:32:              [32mINFO [0m[12-20|23:58:08.304] Setting Create2Deployer preinstall code at: 0x13b0D85CcB8bf860b6b79AF3029fCA081AE9beF2 [32msender[0m=0x98e503f35D0a019cB0a251aD243a4cCFCF371F46
    console.go:32:              [32mINFO [0m[12-20|23:58:08.304] Setting Safe_v130 preinstall code at: 0x69f4D1788e39c87893C980c06EdF4b7f686e2938 [32msender[0m=0x98e503f35D0a019cB0a251aD243a4cCFCF371F46
    console.go:32:              [32mINFO [0m[12-20|23:58:08.304] Setting SafeL2_v130 preinstall code at: 0xfb1bffC9d739B8D520DaF37dF666da4C687191EA [32msender[0m=0x98e503f35D0a019cB0a251aD243a4cCFCF371F46
    console.go:32:              [32mINFO [0m[12-20|23:58:08.304] Setting MultiSendCallOnly_v130 preinstall code at: 0xA1dabEF33b3B82c7814B6D82A79e50F4AC44102B [32msender[0m=0x98e503f35D0a019cB0a251aD243a4cCFCF371F46
    console.go:32:              [32mINFO [0m[12-20|23:58:08.304] Setting SafeSingletonFactory preinstall code at: 0x914d7Fec6aaC8cd542e72Bca78B30650d45643d7 [32msender[0m=0x98e503f35D0a019cB0a251aD243a4cCFCF371F46
    console.go:32:              [32mINFO [0m[12-20|23:58:08.304] Setting DeterministicDeploymentProxy preinstall code at: 0x4e59b44847b379578588920cA78FbF26c0B4956C [32msender[0m=0x98e503f35D0a019cB0a251aD243a4cCFCF371F46
    console.go:32:              [32mINFO [0m[12-20|23:58:08.304] Setting MultiSend_v130 preinstall code at: 0x998739BFdAAdde7C933B942a68053933098f9EDa [32msender[0m=0x98e503f35D0a019cB0a251aD243a4cCFCF371F46
    console.go:32:              [32mINFO [0m[12-20|23:58:08.305] Setting Permit2 preinstall code at: 0x000000000022D473030F116dDEE9F6B43aC78BA3 [32msender[0m=0x98e503f35D0a019cB0a251aD243a4cCFCF371F46
    console.go:32:              [32mINFO [0m[12-20|23:58:08.305] Setting SenderCreator_v060 preinstall code at: 0x7fc98430eAEdbb6070B35B39D798725049088348 [32msender[0m=0x98e503f35D0a019cB0a251aD243a4cCFCF371F46
    console.go:32:              [32mINFO [0m[12-20|23:58:08.305] Setting EntryPoint_v060 preinstall code at: 0x5FF137D4b0FDCD49DcA30c7CF57E578a026d2789 [32msender[0m=0x98e503f35D0a019cB0a251aD243a4cCFCF371F46
    console.go:32:              [32mINFO [0m[12-20|23:58:08.305] Setting SenderCreator_v070 preinstall code at: 0xEFC2c1444eBCC4Db75e7613d20C6a62fF67A167C [32msender[0m=0x98e503f35D0a019cB0a251aD243a4cCFCF371F46
    console.go:32:              [32mINFO [0m[12-20|23:58:08.305] Setting EntryPoint_v070 preinstall code at: 0x0000000071727De22E5E9d8BAf0edAc6f37da032 [32msender[0m=0x98e503f35D0a019cB0a251aD243a4cCFCF371F46
    console.go:32:              [32mINFO [0m[12-20|23:58:08.305] Setting BeaconBlockRoots preinstall code at: 0x000F3df6D732807Ef1319fB7B8bB8522d0Beac02 [32msender[0m=0x98e503f35D0a019cB0a251aD243a4cCFCF371F46
    console.go:32:              [32mINFO [0m[12-20|23:58:08.305] Setting HistoryStorage preinstall code at: 0x0000F90827F1C53a10cb7A02335B175320002935 [32msender[0m=0x98e503f35D0a019cB0a251aD243a4cCFCF371F46
    console.go:32:              [32mINFO [0m[12-20|23:58:08.305] Setting CreateX preinstall code at: 0xba5Ed099633D3B313e4D5F7bdc1305d3c28ba5Ed [32msender[0m=0x98e503f35D0a019cB0a251aD243a4cCFCF371F46
    seal_l1_dev_genesis.go:17:  [32mINFO [0m[12-20|23:58:08.305] Sealing L1 dev genesis                   [32mstage[0m=seal-l1-dev-genesis
    script.go:793:              [32mINFO [0m[12-20|23:58:08.306] removing script from state-dump          [32maddr[0m=0xfdAf657f7146c1AB9db4d70cEd5FDEa7dC4906c0 [32mlabel[0m=DeploySuperchain
    script.go:793:              [32mINFO [0m[12-20|23:58:08.306] removing script from state-dump          [32maddr[0m=0x8f0818c1e0a4cA9Bc005f61428f7f8a371464D38 [32mlabel[0m=DeployImplementations
    script.go:793:              [32mINFO [0m[12-20|23:58:08.306] removing script from state-dump          [32maddr[0m=0x551618101B3999B61c266b9B3f8489195d32a328 [32mlabel[0m=DeployOPChain
    script.go:793:              [32mINFO [0m[12-20|23:58:08.306] removing script from state-dump          [32maddr[0m=0x3dbCf1D6840A85cfaa89395c0626D7a4FB2D1D47 [32mlabel[0m=ReadImplementationAddresses
    script.go:793:              [32mINFO [0m[12-20|23:58:08.306] removing script from state-dump          [32maddr[0m=0xd18d9635A78708D370080e898a27a0751575a0dc [32mlabel[0m=SetPreinstalls
    script.go:793:              [32mINFO [0m[12-20|23:58:08.306] removing script from state-dump          [32maddr[0m=0xefEE2d8b61086113ec5fe6aBd3C854D89450B4b4 [32mlabel[0m=
    seal_l1_dev_genesis.go:67:  [32mINFO [0m[12-20|23:58:08.308] Sealed L1 dev genesis                    [32mstage[0m=seal-l1-dev-genesis [32mblockHash[0m=3a6349..dec8dd [32mstateRoot[0m=c32fbe..86aec6
    start_block.go:55:          [32mINFO [0m[12-20|23:58:08.308] setting start block                      [32mstage[0m=set-start-block [32mstrategy[0m=genesis [32mid[0m=0x0000000000000000000000000000000000000000000000000000000000000385
    interop_depset.go:15:       [32mINFO [0m[12-20|23:58:08.308] Creating interop dependency set...       [32mstage[0m=generate-interop-depset
    service.go:134:             [32mINFO [0m[12-20|23:58:08.532] Metrics disabled
    entry_db.go:66:             [32mINFO [0m[12-20|23:58:08.532] Opening entry database                   [32mpath[0m=/var/folders/qt/7dykv5895fbgdd29168xfcth0000gn/T/op-dev-3287211277/901/log.db
    entry_db.go:66:             [32mINFO [0m[12-20|23:58:08.532] Opening entry database                   [32mdb-kind[0m=local-db [32mchainID[0m=901 [32mpath[0m=/var/folders/qt/7dykv5895fbgdd29168xfcth0000gn/T/op-dev-3287211277/901/local_safe.db
    entry_db.go:66:             [32mINFO [0m[12-20|23:58:08.532] Opening entry database                   [32mdb-kind[0m=cross-db [32mchainID[0m=901 [32mpath[0m=/var/folders/qt/7dykv5895fbgdd29168xfcth0000gn/T/op-dev-3287211277/901/cross_safe.db
    backend.go:407:             [32mINFO [0m[12-20|23:58:08.532] attaching L1 RPC to L1 processor         [32mrpc[0m=http://127.0.0.1:62699
    collection.go:31:           [33mWARN [0m[12-20|23:58:08.533] No sync sources were configured
    service.go:170:             [32mINFO [0m[12-20|23:58:08.533] Admin RPC enabled
    handler.go:112:             [32mINFO [0m[12-20|23:58:08.533] registered API                           [32mroute[0m= [32mnamespace[0m=admin
    handler.go:112:             [32mINFO [0m[12-20|23:58:08.533] registered API                           [32mroute[0m= [32mnamespace[0m=supervisor
    supervisor_op.go:79:        [32mINFO [0m[12-20|23:58:08.533] Starting supervisor
    service.go:202:             [32mINFO [0m[12-20|23:58:08.533] Starting JSON-RPC server
    server.go:37:               [32mINFO [0m[12-20|23:58:08.543] Started RPC server                       [32mendpoint[0m=http://127.0.0.1:62702
    db.go:271:                  [32mINFO [0m[12-20|23:58:08.543] Resuming, but found no DB contents       [32mchain[0m=901
    service.go:214:             [32mINFO [0m[12-20|23:58:08.543] JSON-RPC Server started                  [32mendpoint[0m=127.0.0.1:62702
    supervisor_op.go:82:        [32mINFO [0m[12-20|23:58:08.543] Started supervisor
    proxy.go:42:                [32mINFO [0m[12-20|23:58:08.543] set upstream                             [32mproxy[0m=supervisor [32maddr[0m=127.0.0.1:62702
    proxy.go:42:                [32mINFO [0m[12-20|23:58:08.637] set upstream                             [32mproxy[0m=l2el-auth [32maddr[0m=127.0.0.1:62707
    proxy.go:42:                [32mINFO [0m[12-20|23:58:08.637] set upstream                             [32mproxy[0m=l2el-user [32maddr[0m=127.0.0.1:62706
    l2_cl_opnode.go:225:        [32mINFO [0m[12-20|23:58:08.637] Sequencer key acquired
    l2_cl_opnode.go:113:        [32mINFO [0m[12-20|23:58:08.637] Starting op-node
    node.go:204:                [32mINFO [0m[12-20|23:58:08.638] Initializing rollup node                 [32mversion[0m=
    node.go:212:                [32mINFO [0m[12-20|23:58:08.638] Safety levels                            [32munsafe[0m=enabled [32msafe[0m=enabled
    node.go:540:                [32mINFO [0m[12-20|23:58:08.639] Connected to L1 Beacon API, ready for EIP-4844 blobs retrieval. [32mversion[0m="fakebeacon 1.2.3"
    config.go:40:               [32mINFO [0m[12-20|23:58:08.641] Setting up Interop RPC server to serve supervisor sync work
    handler.go:112:             [32mINFO [0m[12-20|23:58:08.641] registered API                           [32mmode[0m=indexing [32mchainId[0m=901 [32mroute[0m= [32mnamespace[0m=interop
    node.go:584:                [32mINFO [0m[12-20|23:58:08.641] Safe head database enabled               [32mpath[0m=/var/folders/qt/7dykv5895fbgdd29168xfcth0000gn/T/op-dev-2259661821
    runtime_config.go:125:      [32mINFO [0m[12-20|23:58:08.675] loaded new runtime config values!        [32mp2p_seq_address[0m=0x47b9861aBe271606C965d81ac2E21D68807a2d22
    node.go:169:                [32mINFO [0m[12-20|23:58:08.679] started p2p host                         [32maddrs[0m=[/ip4/127.0.0.1/tcp/62717] [32mpeerID[0m=16Uiu2HAmGSkZkSX1W7r41XadcVJCqywvSBHMb1TjEKN8EptoEQjV
    discovery.go:112:           [32mINFO [0m[12-20|23:58:08.680] started discovery service                [32mp2p[0m=discv5 [32menr[0m=enr:-J24QKe_mFFwS9cBlH2tkjwiO68KQfI6ZWdRS9W9RwhShYH3auF6Rbwy0aQ4CnZWkIqIBLM6VXriwezlmi2IDSTG2RuGAZs9BOFogmlkgnY0gmlwhH8AAAGHb3BzdGFja4OFBwCJc2VjcDI1NmsxoQM4TDDor9GfzG2JM81ktYdhEsspuCyFnLmWPOVJjDc65IN0Y3CC9P2DdWRwgunn [32mid[0m=f20509e29c5c5dd7
    handler.go:112:             [32mINFO [0m[12-20|23:58:08.680] registered API                           [32mroute[0m= [32mnamespace[0m=optimism
    handler.go:112:             [32mINFO [0m[12-20|23:58:08.680] registered API                           [32mroute[0m= [32mnamespace[0m=optimism
    handler.go:112:             [32mINFO [0m[12-20|23:58:08.680] registered API                           [32mroute[0m= [32mnamespace[0m=opp2p
    node.go:645:                [32mINFO [0m[12-20|23:58:08.680] P2P RPC enabled
    handler.go:112:             [32mINFO [0m[12-20|23:58:08.680] registered API                           [32mroute[0m= [32mnamespace[0m=opstack
    node.go:654:                [32mINFO [0m[12-20|23:58:08.680] Experimental OP stack API enabled
    handler.go:112:             [32mINFO [0m[12-20|23:58:08.680] registered API                           [32mroute[0m= [32mnamespace[0m=admin
    node.go:663:                [32mINFO [0m[12-20|23:58:08.680] Admin RPC enabled
    node.go:619:                [32mINFO [0m[12-20|23:58:08.680] Starting JSON-RPC server
    server.go:37:               [32mINFO [0m[12-20|23:58:08.691] Started RPC server                       [32mendpoint[0m=http://127.0.0.1:62718
    node.go:623:                [32mINFO [0m[12-20|23:58:08.692] Started JSON-RPC server                  [32maddr[0m=127.0.0.1:62718
    node.go:670:                [32mINFO [0m[12-20|23:58:08.692] metrics disabled
    server.go:37:               [32mINFO [0m[12-20|23:58:08.703] Started RPC server                       [32mmode[0m=indexing [32mchainId[0m=901 [32mendpoint[0m=http://127.0.0.1:62719
    system.go:143:              [32mINFO [0m[12-20|23:58:08.703] Started interop RPC                      [32mmode[0m=indexing [32mchainId[0m=901 [32mendpoint[0m=ws://127.0.0.1:62719
    node.go:744:                [32mINFO [0m[12-20|23:58:08.703] Starting execution engine driver
    driver.go:192:              [32mINFO [0m[12-20|23:58:08.703] Starting driver                          [32msequencerEnabled[0m=true [32msequencerStopped[0m=false [32mrecoverMode[0m=false
    sequencer.go:677:           [32mINFO [0m[12-20|23:58:08.703] Starting sequencing, without known pre-state
    sequencer.go:699:           [32mINFO [0m[12-20|23:58:08.703] Sequencer has been started               [32m"next action"[0m=2025-12-20T23:58:08+0530
    l2_cl_opnode.go:118:        [32mINFO [0m[12-20|23:58:08.703] Started op-node
    proxy.go:42:                [32mINFO [0m[12-20|23:58:08.703] set upstream                             [32mproxy[0m=l2cl-user [32maddr[0m=127.0.0.1:62718
    proxy.go:42:                [32mINFO [0m[12-20|23:58:08.703] set upstream                             [32mproxy[0m=l2cl-interop [32maddr[0m=127.0.0.1:62719
    driver.go:223:              [32mINFO [0m[12-20|23:58:08.703] State loop started
    driver.go:263:              [32mINFO [0m[12-20|23:58:08.703] Scheduled sequencer action               [32mdelta[0m="-82.584µs"
    system.go:180:              [33mWARN [0m[12-20|23:58:08.703] Sending reset request to supervisor      [33mmode[0m=indexing [33mchainId[0m=901 [33merr[0m="reset: cannot continue derivation until Engine has been reset"
    sync_deriver.go:188:        [33mWARN [0m[12-20|23:58:08.703] Encountered reset when managed by op-supervisor, waiting for op-supervisor [33merr[0m="reset: cannot continue derivation until Engine has been reset"
    sequencer.go:419:           [31mERROR[0m[12-20|23:58:08.703] Sequencer encountered reset signal, aborting work [31merr[0m="reset: cannot continue derivation until Engine has been reset"
    driver.go:248:              [32mINFO [0m[12-20|23:58:08.703] Sequencer paused until new events
    backend.go:368:             [32mINFO [0m[12-20|23:58:08.704] attaching sync source to chain processor [32msource[0m=RPCSyncSource(ws://127.0.0.1:62709)
    controller.go:82:           [32mINFO [0m[12-20|23:58:08.704] Attaching node                           [32msyncnode[0m=syncnode-901-1 [32mendpoint[0m=RPCSyncSource(ws://127.0.0.1:62709) [32mchain[0m=901 [32mpassive[0m=false
    l2_batcher.go:86:           [32mINFO [0m[12-20|23:58:08.704] Batcher key acquired                     [32maddr[0m=0xe6FB5f4Cc65D6BF7Fd10C394caeE2891bd4E964f
    types.go:828:               [32mINFO [0m[12-20|23:58:08.705] Rollup Config                            [32ml2_chain_id[0m=901 [32ml2_network[0m="unknown L2" [32ml1_chain_id[0m=900 [32ml1_network[0m="unknown L1" [32ml2_start_time[0m=1,766,255,288 [32ml2_block_hash[0m=0x32c63f42847d5b4c305e72f1cc43fbcacc86ad0755b99785b86557f7fc4ceb97 [32ml2_block_number[0m=0 [32ml1_block_hash[0m=0x3a63497fd2945f408b883ca729b8dd02ca9d25df7ce215575fdd3f2326dec8dd [32ml1_block_number[0m=0 [32mregolith_time[0m="@ genesis" [32mcanyon_time[0m="@ genesis" [32mdelta_time[0m="@ genesis" [32mecotone_time[0m="@ genesis" [32mfjord_time[0m="@ genesis" [32mgranite_time[0m="@ genesis" [32mholocene_time[0m="@ genesis" [32misthmus_time[0m="@ genesis" [32mjovian_time[0m="(not configured)" [32minterop_time[0m="(not configured)"
    service.go:299:             [33mWARN [0m[12-20|23:58:08.706] Ecotone upgrade is active, but batcher is not configured to use Blobs!
    service.go:310:             [32mINFO [0m[12-20|23:58:08.706] Initialized channel-config               [32mda_type[0m=calldata [32muse_alt_da[0m=false [32mmax_frame_size[0m=119,999 [32mtarget_num_frames[0m=1 [32mcompressor[0m= [32mcompression_algo[0m=brotli [32mbatch_type[0m=1 [32mmax_channel_duration[0m=1 [32mchannel_timeout[0m=50 [32msub_safety_margin[0m=4
    service.go:369:             [32mINFO [0m[12-20|23:58:08.706] Metrics disabled
    driver.go:1105:             [32mINFO [0m[12-20|23:58:08.706] No controller type provided, falling back to step controller
    driver.go:1111:             [32mINFO [0m[12-20|23:58:08.706] Setting throttle controller              [32mtype[0m=step
    driver.go:1158:             [32mINFO [0m[12-20|23:58:08.706] Successfully set throttle controller     [32mold_type[0m= [32mnew_type[0m=step
    handler.go:112:             [32mINFO [0m[12-20|23:58:08.706] registered API                           [32mroute[0m= [32mnamespace[0m=admin
    handler.go:112:             [32mINFO [0m[12-20|23:58:08.706] registered API                           [32mroute[0m= [32mnamespace[0m=txmgr
    service.go:416:             [32mINFO [0m[12-20|23:58:08.706] Admin RPC enabled
    service.go:418:             [32mINFO [0m[12-20|23:58:08.706] Starting JSON-RPC server
    server.go:37:               [32mINFO [0m[12-20|23:58:08.716] Started RPC server                       [32mendpoint[0m=http://[::]:62735
    service.go:440:             [32mINFO [0m[12-20|23:58:08.716] Starting batcher                         [32mnotSubmittingOnStart[0m=false
    driver.go:144:              [32mINFO [0m[12-20|23:58:08.716] Starting Batch Submitter
    driver.go:803:              [32mINFO [0m[12-20|23:58:08.716] Clearing state
    driver.go:812:              [32mINFO [0m[12-20|23:58:08.717] Clearing state with safe L1 origin       [32morigin[0m=3a6349..dec8dd:0
    driver.go:822:              [32mINFO [0m[12-20|23:58:08.717] State cleared
    driver.go:184:              [33mWARN [0m[12-20|23:58:08.717] Throttling loop is DISABLED due to 0 throttle-threshold. This should not be disabled in prod.
    driver.go:192:              [32mINFO [0m[12-20|23:58:08.717] Batch Submitter started
    driver.go:570:              [32mINFO [0m[12-20|23:58:08.717] Starting receipts processing loop
    config.go:56:               [32mINFO [0m[12-20|23:58:08.717] Fetching rollup-config for block-building
    service.go:114:             [32mINFO [0m[12-20|23:58:08.718] Metrics disabled
    service.go:147:             [32mINFO [0m[12-20|23:58:08.718] Admin RPC enabled
    handler.go:112:             [32mINFO [0m[12-20|23:58:08.718] registered API                           [32mroute[0m= [32mnamespace[0m=admin
    handler.go:112:             [32mINFO [0m[12-20|23:58:08.718] registered API                           [32mroute[0m= [32mnamespace[0m=build
    service.go:195:             [32mINFO [0m[12-20|23:58:08.718] Starting JSON-RPC server
    backend.go:118:             [32mINFO [0m[12-20|23:58:08.729] Starting sequencer backend
    handler.go:112:             [32mINFO [0m[12-20|23:58:08.729] registered API                           [32mroute[0m=/sequencers/test-seq-901 [32mnamespace[0m=sequencer
    backend.go:72:              [32mINFO [0m[12-20|23:58:08.729] Added sequencer RPC route                [32mroute[0m=/sequencers/test-seq-901
    handler.go:112:             [32mINFO [0m[12-20|23:58:08.729] registered API                           [32mroute[0m=/tx/test-seq-901         [32mnamespace[0m=eth
    backend.go:81:              [32mINFO [0m[12-20|23:58:08.729] Added ethTx RPC route                    [32mroute[0m=/tx/test-seq-901
    handler.go:112:             [32mINFO [0m[12-20|23:58:08.729] registered API                           [32mroute[0m=/sequencers/test-seq-900 [32mnamespace[0m=sequencer
    backend.go:72:              [32mINFO [0m[12-20|23:58:08.729] Added sequencer RPC route                [32mroute[0m=/sequencers/test-seq-900
    handler.go:112:             [32mINFO [0m[12-20|23:58:08.729] registered API                           [32mroute[0m=/tx/test-seq-900         [32mnamespace[0m=eth
    backend.go:81:              [32mINFO [0m[12-20|23:58:08.729] Added ethTx RPC route                    [32mroute[0m=/tx/test-seq-900
    service.go:205:             [32mINFO [0m[12-20|23:58:08.729] JSON-RPC Server started                  [32mendpoint[0m=http://127.0.0.1:62736
    test_sequencer.go:268:      [32mINFO [0m[12-20|23:58:08.729] Sequencer User RPC                       [32mhttp_endpoint[0m=http://127.0.0.1:62736
    service.go:110:             [32mINFO [0m[12-20|23:58:08.729] Metrics disabled
    handler.go:112:             [32mINFO [0m[12-20|23:58:08.730] registered API                           [32mroute[0m=/faucet/dev-faucet-900   [32mnamespace[0m=faucet
    handler.go:112:             [32mINFO [0m[12-20|23:58:08.730] registered API                           [32mroute[0m=/faucet/dev-faucet-901   [32mnamespace[0m=faucet
    handler.go:112:             [32mINFO [0m[12-20|23:58:08.730] registered API                           [32mroute[0m=/chain/900               [32mnamespace[0m=faucet
    handler.go:112:             [32mINFO [0m[12-20|23:58:08.730] registered API                           [32mroute[0m=/chain/901               [32mnamespace[0m=faucet
    service.go:177:             [32mINFO [0m[12-20|23:58:08.730] Starting JSON-RPC server
    status.go:105:              [32mINFO [0m[12-20|23:58:08.740] Received first L1 head signal            [32ml1_head[0m=3a6349..dec8dd:0
    service.go:183:             [32mINFO [0m[12-20|23:58:08.741] JSON-RPC Server started                  [32mendpoint[0m=http://127.0.0.1:62741
    deployer_zisk.go:123:       [32mINFO [0m[12-20|23:58:08.741] Executing deploy-mock-verifier           [32mcomponent[0m=zisk-deployer [32mcmd[0m="just deploy-mock-verifier /var/folders/qt/7dykv5895fbgdd29168xfcth0000gn/T/op-dev-2758808292/sp1-mock-verifier-901.env"
    sync_actions.go:78:         [33mWARN [0m[12-20|23:58:09.218] empty BlockRef in sync status            [33msyncStatus.headL1[0m=3a6349..dec8dd:0 [33msyncStatus.currentL1[0m=000000..000000:0 [33msyncStatus.localSafeL2[0m=000000..000000:0 [33msyncStatus.safeL2[0m=000000..000000:0 [33msyncStatus.unsafeL2[0m=000000..000000:0
    driver.go:470:              [33mWARN [0m[12-20|23:58:09.218] Sequencer is out of sync, retrying next tick.
    deployer_zisk.go:704:       [33mWARN [0m[12-20|23:58:09.503] ignoring indexing error and using parsed addresses [33mcomponent[0m=zisk-deployer [33merr[0m="exit status 1"
    deployer_zisk.go:112:       [32mINFO [0m[12-20|23:58:09.503] Deployed SP1MockVerifier                 [32mcomponent[0m=zisk-deployer [32maddress[0m=0x3AdA4cf2397A4A5E153E2FfB622124B732a1B155
    sync_actions.go:78:         [33mWARN [0m[12-20|23:58:09.719] empty BlockRef in sync status            [33msyncStatus.headL1[0m=3a6349..dec8dd:0 [33msyncStatus.currentL1[0m=000000..000000:0 [33msyncStatus.localSafeL2[0m=000000..000000:0 [33msyncStatus.safeL2[0m=000000..000000:0 [33msyncStatus.unsafeL2[0m=000000..000000:0
    driver.go:470:              [33mWARN [0m[12-20|23:58:09.719] Sequencer is out of sync, retrying next tick.
    sync_actions.go:78:         [33mWARN [0m[12-20|23:58:10.219] empty BlockRef in sync status            [33msyncStatus.headL1[0m=3a6349..dec8dd:0 [33msyncStatus.currentL1[0m=000000..000000:0 [33msyncStatus.localSafeL2[0m=000000..000000:0 [33msyncStatus.safeL2[0m=000000..000000:0 [33msyncStatus.unsafeL2[0m=000000..000000:0
    driver.go:470:              [33mWARN [0m[12-20|23:58:10.219] Sequencer is out of sync, retrying next tick.
    status.go:133:              [32mINFO [0m[12-20|23:58:10.675] New L1 finalized block                   [32ml1_finalized[0m=3a6349..dec8dd:0
    status.go:126:              [32mINFO [0m[12-20|23:58:10.676] New L1 safe block                        [32ml1_safe[0m=3a6349..dec8dd:0
    sync_actions.go:78:         [33mWARN [0m[12-20|23:58:10.719] empty BlockRef in sync status            [33msyncStatus.headL1[0m=3a6349..dec8dd:0 [33msyncStatus.currentL1[0m=000000..000000:0 [33msyncStatus.localSafeL2[0m=000000..000000:0 [33msyncStatus.safeL2[0m=000000..000000:0 [33msyncStatus.unsafeL2[0m=000000..000000:0
    driver.go:470:              [33mWARN [0m[12-20|23:58:10.719] Sequencer is out of sync, retrying next tick.
    system.go:180:              [33mWARN [0m[12-20|23:58:10.840] Sending reset request to supervisor      [33mmode[0m=indexing [33mchainId[0m=901 [33merr[0m="reset: cannot continue derivation until Engine has been reset"
    sync_deriver.go:188:        [33mWARN [0m[12-20|23:58:10.840] Encountered reset when managed by op-supervisor, waiting for op-supervisor [33merr[0m="reset: cannot continue derivation until Engine has been reset"
    sequencer.go:419:           [31mERROR[0m[12-20|23:58:10.840] Sequencer encountered reset signal, aborting work [31merr[0m="reset: cannot continue derivation until Engine has been reset"
    node.go:280:                [33mWARN [0m[12-20|23:58:10.841] Node sent us a reset error               [33msyncnode[0m=syncnode-901-1 [33mendpoint[0m=RPCSyncSource(ws://127.0.0.1:62709) [33mchain[0m=901 [33merr[0m="reset: cannot continue derivation until Engine has been reset"
    node.go:503:                [32mINFO [0m[12-20|23:58:10.841] no activation block yet, initiating pre-Interop reset [32msyncnode[0m=syncnode-901-1 [32mendpoint[0m=RPCSyncSource(ws://127.0.0.1:62709) [32mchain[0m=901
    node.go:332:                [32mINFO [0m[12-20|23:58:10.844] Requesting node to reset pre-Interop     [32msyncnode[0m=syncnode-901-1 [32mendpoint[0m=RPCSyncSource(ws://127.0.0.1:62709) [32mchain[0m=901
    system.go:379:              [32mINFO [0m[12-20|23:58:10.845] Received pre-interop reset request       [32mmode[0m=indexing [32mchainId[0m=901
    start.go:123:               [32mINFO [0m[12-20|23:58:10.846] Loaded current L2 heads                  [32munsafe[0m=32c63f..4ceb97:0 [32msafe[0m=32c63f..4ceb97:0 [32mfinalized[0m=32c63f..4ceb97:0 [32munsafe_origin[0m=3a6349..dec8dd:0 [32msafe_origin[0m=3a6349..dec8dd:0
    start.go:184:               [32mINFO [0m[12-20|23:58:10.846] Walking back L1Block by number           [32mcurr[0m=3a6349..dec8dd:0 [32mnext[0m=3a6349..dec8dd:0 [32ml2block[0m=32c63f..4ceb97:0
    start.go:243:               [32mINFO [0m[12-20|23:58:10.846] Hit finalized L2 head, returning immediately [32munsafe[0m=32c63f..4ceb97:0 [32msafe[0m=32c63f..4ceb97:0 [32mfinalized[0m=32c63f..4ceb97:0 [32munsafe_origin[0m=3a6349..dec8dd:0 [32msafe_origin[0m=3a6349..dec8dd:0
    chain_spec.go:151:          [32mINFO [0m[12-20|23:58:10.846] Current hardfork version detected        [32mforkName[0m=isthmus
    engine_controller.go:905:   [32mINFO [0m[12-20|23:58:10.847] Reset of Engine is completed             [32mlocal_unsafe[0m=32c63f..4ceb97:0 [32mcross_unsafe[0m=32c63f..4ceb97:0 [32mlocal_safe[0m=32c63f..4ceb97:0 [32mcross_safe[0m=32c63f..4ceb97:0 [32mfinalized[0m=32c63f..4ceb97:0
    safedb.go:118:              [32mINFO [0m[12-20|23:58:10.847] Resetting safe head db                   [32ml2[0m=32c63f..4ceb97:0
    safedb.go:103:              [32mINFO [0m[12-20|23:58:10.848] Record safe head                         [32ml2[0m=32c63f..4ceb97:0 [32ml1[0m=3a6349..dec8dd:0
    sync_deriver.go:182:        [32mINFO [0m[12-20|23:58:10.854] Confirming pipeline reset
    sequencer.go:436:           [32mINFO [0m[12-20|23:58:10.854] Engine reset confirmed, sequencer may continue [32mnext[0m=true
    driver.go:263:              [32mINFO [0m[12-20|23:58:10.854] Scheduled sequencer action               [32mdelta[0m=999.935375ms
    sync_actions.go:100:        [32mINFO [0m[12-20|23:58:11.219] no blocks in state                       [32msyncStatus.headL1[0m=3a6349..dec8dd:0 [32msyncStatus.currentL1[0m=000000..000000:0 [32msyncStatus.localSafeL2[0m=32c63f..4ceb97:0 [32msyncStatus.safeL2[0m=32c63f..4ceb97:0 [32msyncStatus.unsafeL2[0m=32c63f..4ceb97:0 [32msyncActions[0m="SyncActions{blocksToPrune: 0, channelsToPrune: 0, clearState: nil, blocksToLoad: nil}"
    l1_accessor.go:192:         [32mINFO [0m[12-20|23:58:11.534] Updated latest known L1 block            [32mservice[0m=l1-processor [32mref[0m=3a6349..dec8dd:0
    sync_actions.go:100:        [32mINFO [0m[12-20|23:58:11.719] no blocks in state                       [32msyncStatus.headL1[0m=3a6349..dec8dd:0 [32msyncStatus.currentL1[0m=000000..000000:0 [32msyncStatus.localSafeL2[0m=32c63f..4ceb97:0 [32msyncStatus.safeL2[0m=32c63f..4ceb97:0 [32msyncStatus.unsafeL2[0m=32c63f..4ceb97:0 [32msyncActions[0m="SyncActions{blocksToPrune: 0, channelsToPrune: 0, clearState: nil, blocksToLoad: nil}"
    sequencer.go:521:           [32mINFO [0m[12-20|23:58:11.855] Started sequencing new block             [32mparent[0m=32c63f..4ceb97:0 [32ml1Origin[0m=3a6349..dec8dd:0
    driver.go:263:              [32mINFO [0m[12-20|23:58:11.857] Scheduled sequencer action               [32mdelta[0m="-18.834µs"
    sequencer.go:272:           [32mINFO [0m[12-20|23:58:11.859] Sequencer sealed block                   [32mpayloadID[0m=0x0306cac8e9b2be2c [32mblock[0m=68b1e7..386de3:1 [32mparent[0m=32c63f..4ceb97:0 [32mtxs[0m=1 [32mtime[0m=1,766,255,289
    node.go:788:                [32mINFO [0m[12-20|23:58:11.859] Publishing signed execution payload on p2p [32mid[0m=68b1e7..386de3:1
    payload_success.go:89:      [32mINFO [0m[12-20|23:58:11.862] Inserted new L2 unsafe block             [32mhash[0m=68b1e7..386de3 [32mnumber[0m=1 [32mbuild_time[0m=3.084ms [32minsert_time[0m=2.776ms [32mtotal_time[0m=5.860ms [32mmgas[0m=0.163 [32mmgasps[0m=27.756
    sequencer.go:341:           [32mINFO [0m[12-20|23:58:11.862] Sequencer inserted block                 [32mblock[0m=68b1e7..386de3:1 [32mparent[0m=32c63f..4ceb97:0
    driver.go:263:              [32mINFO [0m[12-20|23:58:11.862] Scheduled sequencer action               [32mdelta[0m="-42.459µs"
    sequencer.go:521:           [32mINFO [0m[12-20|23:58:11.862] Started sequencing new block             [32mparent[0m=68b1e7..386de3:1 [32ml1Origin[0m=3a6349..dec8dd:0
    driver.go:263:              [32mINFO [0m[12-20|23:58:11.864] Scheduled sequencer action               [32mdelta[0m="-6.292µs"
    sequencer.go:272:           [32mINFO [0m[12-20|23:58:11.865] Sequencer sealed block                   [32mpayloadID[0m=0x03cabfca5051483c [32mblock[0m=75fe7c..68cda3:2 [32mparent[0m=68b1e7..386de3:1 [32mtxs[0m=1 [32mtime[0m=1,766,255,290
    node.go:788:                [32mINFO [0m[12-20|23:58:11.865] Publishing signed execution payload on p2p [32mid[0m=75fe7c..68cda3:2
    payload_success.go:89:      [32mINFO [0m[12-20|23:58:11.867] Inserted new L2 unsafe block             [32mhash[0m=75fe7c..68cda3 [32mnumber[0m=2 [32mbuild_time[0m=1.307ms [32minsert_time[0m=1.846ms [32mtotal_time[0m=3.153ms [32mmgas[0m=0.046 [32mmgasps[0m=14.608
    sequencer.go:341:           [32mINFO [0m[12-20|23:58:11.867] Sequencer inserted block                 [32mblock[0m=75fe7c..68cda3:2 [32mparent[0m=68b1e7..386de3:1
    driver.go:263:              [32mINFO [0m[12-20|23:58:11.868] Scheduled sequencer action               [32mdelta[0m="-38.208µs"
    sequencer.go:521:           [32mINFO [0m[12-20|23:58:11.868] Started sequencing new block             [32mparent[0m=75fe7c..68cda3:2 [32ml1Origin[0m=3a6349..dec8dd:0
    driver.go:263:              [32mINFO [0m[12-20|23:58:11.870] Scheduled sequencer action               [32mdelta[0m="-12.084µs"
    sequencer.go:272:           [32mINFO [0m[12-20|23:58:11.871] Sequencer sealed block                   [32mpayloadID[0m=0x0322f18f7810454f [32mblock[0m=f5cc32..f32231:3 [32mparent[0m=75fe7c..68cda3:2 [32mtxs[0m=1 [32mtime[0m=1,766,255,291
    node.go:788:                [32mINFO [0m[12-20|23:58:11.871] Publishing signed execution payload on p2p [32mid[0m=f5cc32..f32231:3
    payload_success.go:89:      [32mINFO [0m[12-20|23:58:11.872] Inserted new L2 unsafe block             [32mhash[0m=f5cc32..f32231 [32mnumber[0m=3 [32mbuild_time[0m=2.189ms [32minsert_time[0m=1.382ms [32mtotal_time[0m=3.571ms [32mmgas[0m=0.046 [32mmgasps[0m=12.900
    sequencer.go:341:           [32mINFO [0m[12-20|23:58:11.872] Sequencer inserted block                 [32mblock[0m=f5cc32..f32231:3 [32mparent[0m=75fe7c..68cda3:2
    driver.go:263:              [32mINFO [0m[12-20|23:58:11.872] Scheduled sequencer action               [32mdelta[0m="-19.583µs"
    sequencer.go:521:           [32mINFO [0m[12-20|23:58:11.872] Started sequencing new block             [32mparent[0m=f5cc32..f32231:3 [32ml1Origin[0m=3a6349..dec8dd:0
    driver.go:263:              [32mINFO [0m[12-20|23:58:11.873] Scheduled sequencer action               [32mdelta[0m=76.27ms
    sequencer.go:272:           [32mINFO [0m[12-20|23:58:11.951] Sequencer sealed block                   [32mpayloadID[0m=0x03321b2bbb32da5f [32mblock[0m=730b4d..b01f54:4 [32mparent[0m=f5cc32..f32231:3 [32mtxs[0m=1 [32mtime[0m=1,766,255,292
    node.go:788:                [32mINFO [0m[12-20|23:58:11.951] Publishing signed execution payload on p2p [32mid[0m=730b4d..b01f54:4
    payload_success.go:89:      [32mINFO [0m[12-20|23:58:11.952] Inserted new L2 unsafe block             [32mhash[0m=730b4d..b01f54 [32mnumber[0m=4 [32mbuild_time[0m=78.004ms [32minsert_time[0m=1.118ms [32mtotal_time[0m=79.122ms [32mmgas[0m=0.046 [32mmgasps[0m=0.582
    sequencer.go:341:           [32mINFO [0m[12-20|23:58:11.952] Sequencer inserted block                 [32mblock[0m=730b4d..b01f54:4 [32mparent[0m=f5cc32..f32231:3
    driver.go:263:              [32mINFO [0m[12-20|23:58:11.952] Scheduled sequencer action               [32mdelta[0m=47.442ms
    sequencer.go:521:           [32mINFO [0m[12-20|23:58:12.001] Started sequencing new block             [32mparent[0m=730b4d..b01f54:4 [32ml1Origin[0m=3a6349..dec8dd:0
    driver.go:263:              [32mINFO [0m[12-20|23:58:12.002] Scheduled sequencer action               [32mdelta[0m=947.958ms
    sync_actions.go:100:        [32mINFO [0m[12-20|23:58:12.220] no blocks in state                       [32msyncStatus.headL1[0m=3a6349..dec8dd:0 [32msyncStatus.currentL1[0m=000000..000000:0 [32msyncStatus.localSafeL2[0m=32c63f..4ceb97:0 [32msyncStatus.safeL2[0m=32c63f..4ceb97:0 [32msyncStatus.unsafeL2[0m=730b4d..b01f54:4 [32msyncActions[0m="SyncActions{blocksToPrune: 0, channelsToPrune: 0, clearState: nil, blocksToLoad: [1, 4]}"
    driver.go:284:              [32mINFO [0m[12-20|23:58:12.220] Loading range of multiple blocks into state [32mstart[0m=1 [32mend[0m=4
    driver.go:344:              [32mINFO [0m[12-20|23:58:12.221] Added L2 block to local state            [32mblock[0m=68b1e7..386de3:1 [32mtx_count[0m=1 [32mtime[0m=1,766,255,289
    driver.go:344:              [32mINFO [0m[12-20|23:58:12.222] Added L2 block to local state            [32mblock[0m=75fe7c..68cda3:2 [32mtx_count[0m=1 [32mtime[0m=1,766,255,290
    driver.go:344:              [32mINFO [0m[12-20|23:58:12.222] Added L2 block to local state            [32mblock[0m=f5cc32..f32231:3 [32mtx_count[0m=1 [32mtime[0m=1,766,255,291
    driver.go:344:              [32mINFO [0m[12-20|23:58:12.223] Added L2 block to local state            [32mblock[0m=730b4d..b01f54:4 [32mtx_count[0m=1 [32mtime[0m=1,766,255,292
    channel_manager.go:355:     [32mINFO [0m[12-20|23:58:12.223] Created channel                          [32mid[0m=257929..f9d7a9   [32ml1Head[0m=3a6349..dec8dd:0 [32mblocks_pending[0m=4 [32ml1OriginLastSubmittedChannel[0m=3a6349..dec8dd:0 [32mbatch_type[0m=1 [32mcompression_algo[0m=brotli [32mtarget_num_frames[0m=1 [32mmax_frame_size[0m=119,999 [32muse_blobs[0m=false
    status.go:133:              [32mINFO [0m[12-20|23:58:12.676] New L1 finalized block                   [32ml1_finalized[0m=3a6349..dec8dd:0
    status.go:126:              [32mINFO [0m[12-20|23:58:12.677] New L1 safe block                        [32ml1_safe[0m=3a6349..dec8dd:0
    sequencer.go:272:           [32mINFO [0m[12-20|23:58:12.951] Sequencer sealed block                   [32mpayloadID[0m=0x03deee75735bf4e3 [32mblock[0m=5c2c80..d3a476:5 [32mparent[0m=730b4d..b01f54:4 [32mtxs[0m=1 [32mtime[0m=1,766,255,293
    node.go:788:                [32mINFO [0m[12-20|23:58:12.952] Publishing signed execution payload on p2p [32mid[0m=5c2c80..d3a476:5
    payload_success.go:89:      [32mINFO [0m[12-20|23:58:12.954] Inserted new L2 unsafe block             [32mhash[0m=5c2c80..d3a476 [32mnumber[0m=5 [32mbuild_time[0m=950.381ms [32minsert_time[0m=2.694ms [32mtotal_time[0m=953.076ms [32mmgas[0m=0.046 [32mmgasps[0m=0.048
    sequencer.go:341:           [32mINFO [0m[12-20|23:58:12.954] Sequencer inserted block                 [32mblock[0m=5c2c80..d3a476:5 [32mparent[0m=730b4d..b01f54:4
    driver.go:263:              [32mINFO [0m[12-20|23:58:12.955] Scheduled sequencer action               [32mdelta[0m=44.982ms
    sequencer.go:521:           [32mINFO [0m[12-20|23:58:13.000] Started sequencing new block             [32mparent[0m=5c2c80..d3a476:5 [32ml1Origin[0m=3a6349..dec8dd:0
    driver.go:263:              [32mINFO [0m[12-20|23:58:13.002] Scheduled sequencer action               [32mdelta[0m=947.2ms
    driver.go:344:              [32mINFO [0m[12-20|23:58:13.221] Added L2 block to local state            [32mblock[0m=5c2c80..d3a476:5 [32mtx_count[0m=1 [32mtime[0m=1,766,255,293
    sequencer.go:272:           [32mINFO [0m[12-20|23:58:13.952] Sequencer sealed block                   [32mpayloadID[0m=0x030b1f40819e87b1 [32mblock[0m=9ed7b6..89e819:6 [32mparent[0m=5c2c80..d3a476:5 [32mtxs[0m=1 [32mtime[0m=1,766,255,294
    node.go:788:                [32mINFO [0m[12-20|23:58:13.952] Publishing signed execution payload on p2p [32mid[0m=9ed7b6..89e819:6
    payload_success.go:89:      [32mINFO [0m[12-20|23:58:13.959] Inserted new L2 unsafe block             [32mhash[0m=9ed7b6..89e819 [32mnumber[0m=6 [32mbuild_time[0m=950.256ms [32minsert_time[0m=7.311ms [32mtotal_time[0m=957.568ms [32mmgas[0m=0.046 [32mmgasps[0m=0.048
    sequencer.go:341:           [32mINFO [0m[12-20|23:58:13.959] Sequencer inserted block                 [32mblock[0m=9ed7b6..89e819:6 [32mparent[0m=5c2c80..d3a476:5
    driver.go:263:              [32mINFO [0m[12-20|23:58:13.959] Scheduled sequencer action               [32mdelta[0m=40.287ms
    sequencer.go:521:           [32mINFO [0m[12-20|23:58:14.001] Started sequencing new block             [32mparent[0m=9ed7b6..89e819:6 [32ml1Origin[0m=3a6349..dec8dd:0
    driver.go:263:              [32mINFO [0m[12-20|23:58:14.003] Scheduled sequencer action               [32mdelta[0m=946.872ms
    driver.go:344:              [32mINFO [0m[12-20|23:58:14.221] Added L2 block to local state            [32mblock[0m=9ed7b6..89e819:6 [32mtx_count[0m=1 [32mtime[0m=1,766,255,294
    channel_manager.go:461:     [32mINFO [0m[12-20|23:58:14.225] Channel closed                           [32mid[0m=257929..f9d7a9   [32mblocks_pending[0m=0 [32mnum_frames[0m=1 [32minput_bytes[0m=52 [32moutput_bytes[0m=80 [32moldest_l1_origin[0m=3a6349..dec8dd:0 [32ml1_origin[0m=000000..000000:0 [32moldest_l2[0m=68b1e7..386de3:1 [32mlatest_l2[0m=9ed7b6..89e819:6 [32mfull_reason[0m="channel full: max channel duration reached" [32mcompr_ratio[0m=1.538
    driver.go:1027:             [32mINFO [0m[12-20|23:58:14.225] Building Calldata transaction candidate  [32msize[0m=81
    txmgr.go:682:               [32mINFO [0m[12-20|23:58:14.227] Publishing transaction                   [32mservice[0m=batcher [32mtx[0m=0x636141927d59e65a2ce7ad791cdb136006cade6f409f3caf165416900be60897 [32mnonce[0m=0 [32mgasTipCap[0m=1 [32mgasFeeCap[0m=1,750,000,001 [32mgasLimit[0m=23820
    txmgr.go:717:               [32mINFO [0m[12-20|23:58:14.227] Transaction successfully published       [32mservice[0m=batcher [32mtx[0m=0x636141927d59e65a2ce7ad791cdb136006cade6f409f3caf165416900be60897 [32mnonce[0m=0 [32mgasTipCap[0m=1 [32mgasFeeCap[0m=1,750,000,001 [32mgasLimit[0m=23820 [32mtx[0m=636141..e60897
    l1_accessor.go:192:         [32mINFO [0m[12-20|23:58:14.534] Updated latest known L1 block            [32mservice[0m=l1-processor [32mref[0m=482c43..4eda3f:1
    status.go:133:              [32mINFO [0m[12-20|23:58:14.675] New L1 finalized block                   [32ml1_finalized[0m=3a6349..dec8dd:0
    status.go:126:              [32mINFO [0m[12-20|23:58:14.675] New L1 safe block                        [32ml1_safe[0m=3a6349..dec8dd:0
    sequencer.go:272:           [32mINFO [0m[12-20|23:58:14.952] Sequencer sealed block                   [32mpayloadID[0m=0x032b745f2f9a5ef1 [32mblock[0m=c07f5f..2a989b:7 [32mparent[0m=9ed7b6..89e819:6 [32mtxs[0m=1 [32mtime[0m=1,766,255,295
    node.go:788:                [32mINFO [0m[12-20|23:58:14.952] Publishing signed execution payload on p2p [32mid[0m=c07f5f..2a989b:7
    payload_success.go:89:      [32mINFO [0m[12-20|23:58:14.955] Inserted new L2 unsafe block             [32mhash[0m=c07f5f..2a989b [32mnumber[0m=7 [32mbuild_time[0m=949.947ms [32minsert_time[0m=2.746ms [32mtotal_time[0m=952.693ms [32mmgas[0m=0.046 [32mmgasps[0m=0.048
    sequencer.go:341:           [32mINFO [0m[12-20|23:58:14.955] Sequencer inserted block                 [32mblock[0m=c07f5f..2a989b:7 [32mparent[0m=9ed7b6..89e819:6
    driver.go:263:              [32mINFO [0m[12-20|23:58:14.955] Scheduled sequencer action               [32mdelta[0m=44.699ms
    sequencer.go:521:           [32mINFO [0m[12-20|23:58:15.000] Started sequencing new block             [32mparent[0m=c07f5f..2a989b:7 [32ml1Origin[0m=3a6349..dec8dd:0
    driver.go:263:              [32mINFO [0m[12-20|23:58:15.002] Scheduled sequencer action               [32mdelta[0m=947.397ms
    driver.go:344:              [32mINFO [0m[12-20|23:58:15.219] Added L2 block to local state            [32mblock[0m=c07f5f..2a989b:7 [32mtx_count[0m=1 [32mtime[0m=1,766,255,295
    channel_manager.go:355:     [32mINFO [0m[12-20|23:58:15.220] Created channel                          [32mid[0m=45a2c9..a24475   [32ml1Head[0m=482c43..4eda3f:1 [32mblocks_pending[0m=1 [32ml1OriginLastSubmittedChannel[0m=3a6349..dec8dd:0 [32mbatch_type[0m=1 [32mcompression_algo[0m=brotli [32mtarget_num_frames[0m=1 [32mmax_frame_size[0m=119,999 [32muse_blobs[0m=false
    channel_manager.go:461:     [32mINFO [0m[12-20|23:58:15.227] Channel closed                           [32mid[0m=45a2c9..a24475   [32mblocks_pending[0m=0 [32mnum_frames[0m=1 [32minput_bytes[0m=47 [32moutput_bytes[0m=75 [32moldest_l1_origin[0m=3a6349..dec8dd:0 [32ml1_origin[0m=000000..000000:0 [32moldest_l2[0m=c07f5f..2a989b:7 [32mlatest_l2[0m=c07f5f..2a989b:7 [32mfull_reason[0m="channel full: max channel duration reached" [32mcompr_ratio[0m=1.596
    driver.go:1027:             [32mINFO [0m[12-20|23:58:15.227] Building Calldata transaction candidate  [32msize[0m=76
    sequencer.go:272:           [32mINFO [0m[12-20|23:58:15.951] Sequencer sealed block                   [32mpayloadID[0m=0x03105d3ce7adb9da [32mblock[0m=947ce0..b26db1:8 [32mparent[0m=c07f5f..2a989b:7 [32mtxs[0m=1 [32mtime[0m=1,766,255,296
    node.go:788:                [32mINFO [0m[12-20|23:58:15.952] Publishing signed execution payload on p2p [32mid[0m=947ce0..b26db1:8
    payload_success.go:89:      [32mINFO [0m[12-20|23:58:15.953] Inserted new L2 unsafe block             [32mhash[0m=947ce0..b26db1 [32mnumber[0m=8 [32mbuild_time[0m=950.234ms [32minsert_time[0m=1.890ms [32mtotal_time[0m=952.124ms [32mmgas[0m=0.046 [32mmgasps[0m=0.048
    sequencer.go:341:           [32mINFO [0m[12-20|23:58:15.954] Sequencer inserted block                 [32mblock[0m=947ce0..b26db1:8 [32mparent[0m=c07f5f..2a989b:7
    driver.go:263:              [32mINFO [0m[12-20|23:58:15.954] Scheduled sequencer action               [32mdelta[0m=45.803ms
    sequencer.go:521:           [32mINFO [0m[12-20|23:58:16.001] Started sequencing new block             [32mparent[0m=947ce0..b26db1:8 [32ml1Origin[0m=3a6349..dec8dd:0
    driver.go:263:              [32mINFO [0m[12-20|23:58:16.002] Scheduled sequencer action               [32mdelta[0m=947.732ms
    driver.go:344:              [32mINFO [0m[12-20|23:58:16.220] Added L2 block to local state            [32mblock[0m=947ce0..b26db1:8 [32mtx_count[0m=1 [32mtime[0m=1,766,255,296
    txmgr.go:682:               [32mINFO [0m[12-20|23:58:16.228] Publishing transaction                   [32mservice[0m=batcher [32mtx[0m=0x636141927d59e65a2ce7ad791cdb136006cade6f409f3caf165416900be60897 [32mnonce[0m=0 [32mgasTipCap[0m=1 [32mgasFeeCap[0m=1,750,000,001 [32mgasLimit[0m=23820
    status.go:126:              [32mINFO [0m[12-20|23:58:16.676] New L1 safe block                        [32ml1_safe[0m=3a6349..dec8dd:0
    status.go:133:              [32mINFO [0m[12-20|23:58:16.676] New L1 finalized block                   [32ml1_finalized[0m=3a6349..dec8dd:0
    pipeline.go:231:            [32mINFO [0m[12-20|23:58:16.777] Rewinding derivation-pipeline L1 traversal to handle reset
    l1_traversal_managed.go:83: [32mINFO [0m[12-20|23:58:16.777] completed reset of derivation pipeline   [32morigin[0m=3a6349..dec8dd:0
    l1_retrieval.go:83:         [32mINFO [0m[12-20|23:58:16.777] Reset of L1Retrieval done                [32morigin[0m=3a6349..dec8dd:0
    channel_mux.go:49:          [32mINFO [0m[12-20|23:58:16.778] ChannelMux: activating Holocene stage during reset [32morigin[0m=3a6349..dec8dd:0
    batch_mux.go:45:            [32mINFO [0m[12-20|23:58:16.778] BatchMux: activating Holocene stage during reset [32morigin[0m=3a6349..dec8dd:0
    system.go:237:              [32mINFO [0m[12-20|23:58:16.779] Exhausted L1 data                        [32mmode[0m=indexing [32mchainId[0m=901 [32mderivedFrom[0m=3a6349..dec8dd:0 [32mderived[0m=32c63f..4ceb97:0
    node.go:372:                [32mINFO [0m[12-20|23:58:16.780] Node completed syncing                   [32msyncnode[0m=syncnode-901-1 [32mendpoint[0m=RPCSyncSource(ws://127.0.0.1:62709) [32mchain[0m=901 [32ml2[0m=32c63f..4ceb97:0 [32ml1[0m=3a6349..dec8dd:0
    system.go:462:              [32mINFO [0m[12-20|23:58:16.780] Received next L1 block                   [32mmode[0m=indexing [32mchainId[0m=901 [32mnextL1[0m=482c43..4eda3f:1
    l1_traversal_managed.go:119: [32mINFO [0m[12-20|23:58:16.782] Derivation continued with next L1 block  [32mcurrent[0m=3a6349..dec8dd:0 [32mnext[0m=482c43..4eda3f:1
    base_batch_stage.go:127:    [32mINFO [0m[12-20|23:58:16.782] Advancing bq origin                      [32morigin[0m=482c43..4eda3f:1 [32moriginBehind[0m=false
    system.go:237:              [32mINFO [0m[12-20|23:58:16.782] Exhausted L1 data                        [32mmode[0m=indexing [32mchainId[0m=901 [32mderivedFrom[0m=482c43..4eda3f:1 [32mderived[0m=32c63f..4ceb97:0
    node.go:372:                [32mINFO [0m[12-20|23:58:16.782] Node completed syncing                   [32msyncnode[0m=syncnode-901-1 [32mendpoint[0m=RPCSyncSource(ws://127.0.0.1:62709) [32mchain[0m=901 [32ml2[0m=32c63f..4ceb97:0 [32ml1[0m=482c43..4eda3f:1
    sequencer.go:272:           [32mINFO [0m[12-20|23:58:16.951] Sequencer sealed block                   [32mpayloadID[0m=0x03748283156da1ff [32mblock[0m=6d7d0a..d18eee:9 [32mparent[0m=947ce0..b26db1:8 [32mtxs[0m=1 [32mtime[0m=1,766,255,297
    node.go:788:                [32mINFO [0m[12-20|23:58:16.951] Publishing signed execution payload on p2p [32mid[0m=6d7d0a..d18eee:9
    payload_success.go:89:      [32mINFO [0m[12-20|23:58:16.953] Inserted new L2 unsafe block             [32mhash[0m=6d7d0a..d18eee [32mnumber[0m=9 [32mbuild_time[0m=949.747ms [32minsert_time[0m=2.356ms [32mtotal_time[0m=952.103ms [32mmgas[0m=0.046 [32mmgasps[0m=0.048
    sequencer.go:341:           [32mINFO [0m[12-20|23:58:16.954] Sequencer inserted block                 [32mblock[0m=6d7d0a..d18eee:9 [32mparent[0m=947ce0..b26db1:8
    driver.go:263:              [32mINFO [0m[12-20|23:58:16.954] Scheduled sequencer action               [32mdelta[0m=45.685ms
    sequencer.go:521:           [32mINFO [0m[12-20|23:58:17.001] Started sequencing new block             [32mparent[0m=6d7d0a..d18eee:9 [32ml1Origin[0m=3a6349..dec8dd:0
    driver.go:263:              [32mINFO [0m[12-20|23:58:17.002] Scheduled sequencer action               [32mdelta[0m=947.75ms
    driver.go:344:              [32mINFO [0m[12-20|23:58:17.220] Added L2 block to local state            [32mblock[0m=6d7d0a..d18eee:9 [32mtx_count[0m=1 [32mtime[0m=1,766,255,297
    txmgr.go:682:               [32mINFO [0m[12-20|23:58:17.228] Publishing transaction                   [32mservice[0m=batcher [32mtx[0m=0x636141927d59e65a2ce7ad791cdb136006cade6f409f3caf165416900be60897 [32mnonce[0m=0 [32mgasTipCap[0m=1 [32mgasFeeCap[0m=1,750,000,001 [32mgasLimit[0m=23820
    txmgr.go:888:               [32mINFO [0m[12-20|23:58:17.228] bumping gas price for transaction        [32mservice[0m=batcher [32mtx[0m=0x636141927d59e65a2ce7ad791cdb136006cade6f409f3caf165416900be60897 [32mnonce[0m=0 [32mgasTipCap[0m=1 [32mgasFeeCap[0m=1,750,000,001 [32mgasLimit[0m=23820
    txmgr.go:717:               [32mINFO [0m[12-20|23:58:17.231] Transaction successfully published       [32mservice[0m=batcher [32mtx[0m=0xc3a338e614124182729692d46f5b9f0d3c44483bd52ea898f2c63c51257255be [32mnonce[0m=0 [32mgasTipCap[0m=2 [32mgasFeeCap[0m=1,925,000,002 [32mgasLimit[0m=24158 [32mtx[0m=c3a338..7255be
    l1_accessor.go:174:         [32mINFO [0m[12-20|23:58:17.534] Latest L1 block signal is the same as the tip [32mservice[0m=l1-processor [32mref[0m=482c43..4eda3f:1
    sequencer.go:272:           [32mINFO [0m[12-20|23:58:17.951] Sequencer sealed block                   [32mpayloadID[0m=0x03957df3e2cf7ca1 [32mblock[0m=c76185..b22b28:10 [32mparent[0m=6d7d0a..d18eee:9 [32mtxs[0m=1 [32mtime[0m=1,766,255,298
    node.go:788:                [32mINFO [0m[12-20|23:58:17.951] Publishing signed execution payload on p2p [32mid[0m=c76185..b22b28:10
    payload_success.go:89:      [32mINFO [0m[12-20|23:58:17.952] Inserted new L2 unsafe block             [32mhash[0m=c76185..b22b28 [32mnumber[0m=10 [32mbuild_time[0m=949.327ms [32minsert_time[0m="932.666µs" [32mtotal_time[0m=950.260ms [32mmgas[0m=0.046 [32mmgasps[0m=0.048
    sequencer.go:341:           [32mINFO [0m[12-20|23:58:17.952] Sequencer inserted block                 [32mblock[0m=c76185..b22b28:10 [32mparent[0m=6d7d0a..d18eee:9
    driver.go:263:              [32mINFO [0m[12-20|23:58:17.952] Scheduled sequencer action               [32mdelta[0m=47.837ms
    sequencer.go:521:           [32mINFO [0m[12-20|23:58:18.001] Started sequencing new block             [32mparent[0m=c76185..b22b28:10 [32ml1Origin[0m=3a6349..dec8dd:0
    driver.go:263:              [32mINFO [0m[12-20|23:58:18.001] Scheduled sequencer action               [32mdelta[0m=948.137ms
    driver.go:344:              [32mINFO [0m[12-20|23:58:18.219] Added L2 block to local state            [32mblock[0m=c76185..b22b28:10 [32mtx_count[0m=1 [32mtime[0m=1,766,255,298
    status.go:126:              [32mINFO [0m[12-20|23:58:18.675] New L1 safe block                        [32ml1_safe[0m=3a6349..dec8dd:0
    status.go:133:              [32mINFO [0m[12-20|23:58:18.675] New L1 finalized block                   [32ml1_finalized[0m=3a6349..dec8dd:0
    system.go:237:              [32mINFO [0m[12-20|23:58:18.676] Exhausted L1 data                        [32mmode[0m=indexing [32mchainId[0m=901 [32mderivedFrom[0m=482c43..4eda3f:1 [32mderived[0m=32c63f..4ceb97:0
    node.go:372:                [32mINFO [0m[12-20|23:58:18.676] Node completed syncing                   [32msyncnode[0m=syncnode-901-1 [32mendpoint[0m=RPCSyncSource(ws://127.0.0.1:62709) [32mchain[0m=901 [32ml2[0m=32c63f..4ceb97:0 [32ml1[0m=482c43..4eda3f:1
    sequencer.go:272:           [32mINFO [0m[12-20|23:58:18.952] Sequencer sealed block                   [32mpayloadID[0m=0x03e78a378b82864c [32mblock[0m=a964a1..1d3b18:11 [32mparent[0m=c76185..b22b28:10 [32mtxs[0m=1 [32mtime[0m=1,766,255,299
    node.go:788:                [32mINFO [0m[12-20|23:58:18.952] Publishing signed execution payload on p2p [32mid[0m=a964a1..1d3b18:11
    payload_success.go:89:      [32mINFO [0m[12-20|23:58:18.956] Inserted new L2 unsafe block             [32mhash[0m=a964a1..1d3b18 [32mnumber[0m=11 [32mbuild_time[0m=951.036ms [32minsert_time[0m=3.555ms     [32mtotal_time[0m=954.592ms [32mmgas[0m=0.046 [32mmgasps[0m=0.048
    sequencer.go:341:           [32mINFO [0m[12-20|23:58:18.956] Sequencer inserted block                 [32mblock[0m=a964a1..1d3b18:11 [32mparent[0m=c76185..b22b28:10
    driver.go:263:              [32mINFO [0m[12-20|23:58:18.956] Scheduled sequencer action               [32mdelta[0m=43.46ms
    sequencer.go:521:           [32mINFO [0m[12-20|23:58:19.000] Started sequencing new block             [32mparent[0m=a964a1..1d3b18:11 [32ml1Origin[0m=3a6349..dec8dd:0
    driver.go:263:              [32mINFO [0m[12-20|23:58:19.003] Scheduled sequencer action               [32mdelta[0m=946.487ms
    driver.go:344:              [32mINFO [0m[12-20|23:58:19.221] Added L2 block to local state            [32mblock[0m=a964a1..1d3b18:11 [32mtx_count[0m=1 [32mtime[0m=1,766,255,299
    txmgr.go:682:               [32mINFO [0m[12-20|23:58:19.231] Publishing transaction                   [32mservice[0m=batcher [32mtx[0m=0xc3a338e614124182729692d46f5b9f0d3c44483bd52ea898f2c63c51257255be [32mnonce[0m=0 [32mgasTipCap[0m=2 [32mgasFeeCap[0m=1,925,000,002 [32mgasLimit[0m=24158
    sequencer.go:272:           [32mINFO [0m[12-20|23:58:19.951] Sequencer sealed block                   [32mpayloadID[0m=0x0376d08c035a58b0 [32mblock[0m=56970c..0d6633:12 [32mparent[0m=a964a1..1d3b18:11 [32mtxs[0m=1 [32mtime[0m=1,766,255,300
    node.go:788:                [32mINFO [0m[12-20|23:58:19.951] Publishing signed execution payload on p2p [32mid[0m=56970c..0d6633:12
    payload_success.go:89:      [32mINFO [0m[12-20|23:58:19.952] Inserted new L2 unsafe block             [32mhash[0m=56970c..0d6633 [32mnumber[0m=12 [32mbuild_time[0m=949.239ms [32minsert_time[0m=1.07ms      [32mtotal_time[0m=950.309ms [32mmgas[0m=0.046 [32mmgasps[0m=0.048
    sequencer.go:341:           [32mINFO [0m[12-20|23:58:19.952] Sequencer inserted block                 [32mblock[0m=56970c..0d6633:12 [32mparent[0m=a964a1..1d3b18:11
    driver.go:263:              [32mINFO [0m[12-20|23:58:19.952] Scheduled sequencer action               [32mdelta[0m=47.39ms
    sequencer.go:521:           [32mINFO [0m[12-20|23:58:20.000] Started sequencing new block             [32mparent[0m=56970c..0d6633:12 [32ml1Origin[0m=3a6349..dec8dd:0
    driver.go:263:              [32mINFO [0m[12-20|23:58:20.001] Scheduled sequencer action               [32mdelta[0m=948.268ms
    txmgr.go:871:               [32mINFO [0m[12-20|23:58:20.032] Transaction confirmed                    [32mservice[0m=batcher [32mtx[0m=c3a338..7255be [32mblock[0m=719f3d..b2a33b:2 [32meffectiveGasPrice[0m=766,826,508
    txmgr.go:792:               [32mINFO [0m[12-20|23:58:20.032] Transaction receipt not found            [32mservice[0m=batcher [32mtx[0m=0x636141927d59e65a2ce7ad791cdb136006cade6f409f3caf165416900be60897 [32mnonce[0m=0 [32mgasTipCap[0m=1 [32mgasFeeCap[0m=1,750,000,001 [32mgasLimit[0m=23820 [32merr[0m="context canceled"
    txmgr.go:792:               [32mINFO [0m[12-20|23:58:20.032] Transaction receipt not found            [32mservice[0m=batcher [32mtx[0m=0x636141927d59e65a2ce7ad791cdb136006cade6f409f3caf165416900be60897 [32mnonce[0m=0 [32mgasTipCap[0m=1 [32mgasFeeCap[0m=1,750,000,001 [32mgasLimit[0m=23820 [32merr[0m="context canceled"
    txmgr.go:845:               [31mERROR[0m[12-20|23:58:20.032] Unable to fetch tip                      [31mservice[0m=batcher [31merr[0m="Post \"http://127.0.0.1:62699\": context canceled"
    txmgr.go:792:               [32mINFO [0m[12-20|23:58:20.032] Transaction receipt not found            [32mservice[0m=batcher [32mtx[0m=0xc3a338e614124182729692d46f5b9f0d3c44483bd52ea898f2c63c51257255be [32mnonce[0m=0 [32mgasTipCap[0m=2 [32mgasFeeCap[0m=1,925,000,002 [32mgasLimit[0m=24158 [32merr[0m="context canceled"
    driver.go:582:              [32mINFO [0m[12-20|23:58:20.032] Handling receipt                         [32mid[0m=257929..f9d7a9:0
    driver.go:1063:             [32mINFO [0m[12-20|23:58:20.032] Transaction confirmed                    [32mtx_id[0m=257929546a89dee5beee3e8355f9d7a9:0 [32mtx[0m=c3a338..7255be [32mblock[0m=719f3d..b2a33b:2
    channel.go:80:              [32mINFO [0m[12-20|23:58:20.032] Channel is fully submitted               [32mid[0m=257929..f9d7a9    [32mmin_inclusion_block[0m=2 [32mmax_inclusion_block[0m=2
    txmgr.go:682:               [32mINFO [0m[12-20|23:58:20.033] Publishing transaction                   [32mservice[0m=batcher [32mtx[0m=0x945a4daedfe31b21397c54eaf36d3de26a4e08c87967fad546e229c65882459b [32mnonce[0m=1 [32mgasTipCap[0m=1 [32mgasFeeCap[0m=1,533,653,013 [32mgasLimit[0m=23770
    channel_manager.go:355:     [32mINFO [0m[12-20|23:58:20.034] Created channel                          [32mid[0m=051871..dcda2d    [32ml1Head[0m=719f3d..b2a33b:2 [32mblocks_pending[0m=4 [32ml1OriginLastSubmittedChannel[0m=3a6349..dec8dd:0 [32mbatch_type[0m=1 [32mcompression_algo[0m=brotli [32mtarget_num_frames[0m=1 [32mmax_frame_size[0m=119,999 [32muse_blobs[0m=false
    txmgr.go:717:               [32mINFO [0m[12-20|23:58:20.035] Transaction successfully published       [32mservice[0m=batcher [32mtx[0m=0x945a4daedfe31b21397c54eaf36d3de26a4e08c87967fad546e229c65882459b [32mnonce[0m=1 [32mgasTipCap[0m=1 [32mgasFeeCap[0m=1,533,653,013 [32mgasLimit[0m=23770 [32mtx[0m=945a4d..82459b
    channel_manager.go:461:     [32mINFO [0m[12-20|23:58:20.039] Channel closed                           [32mid[0m=051871..dcda2d    [32mblocks_pending[0m=0 [32mnum_frames[0m=1 [32minput_bytes[0m=50 [32moutput_bytes[0m=78 [32moldest_l1_origin[0m=3a6349..dec8dd:0 [32ml1_origin[0m=000000..000000:0 [32moldest_l2[0m=947ce0..b26db1:8 [32mlatest_l2[0m=a964a1..1d3b18:11 [32mfull_reason[0m="channel full: max channel duration reached" [32mcompr_ratio[0m=1.560
    driver.go:1027:             [32mINFO [0m[12-20|23:58:20.039] Building Calldata transaction candidate  [32msize[0m=79
    system.go:237:              [32mINFO [0m[12-20|23:58:20.043] Exhausted L1 data                        [32mmode[0m=indexing [32mchainId[0m=901 [32mderivedFrom[0m=482c43..4eda3f:1 [32mderived[0m=32c63f..4ceb97:0
    node.go:372:                [32mINFO [0m[12-20|23:58:20.043] Node completed syncing                   [32msyncnode[0m=syncnode-901-1 [32mendpoint[0m=RPCSyncSource(ws://127.0.0.1:62709) [32mchain[0m=901 [32ml2[0m=32c63f..4ceb97:0 [32ml1[0m=482c43..4eda3f:1
    system.go:462:              [32mINFO [0m[12-20|23:58:20.044] Received next L1 block                   [32mmode[0m=indexing [32mchainId[0m=901 [32mnextL1[0m=719f3d..b2a33b:2
    l1_traversal_managed.go:119: [32mINFO [0m[12-20|23:58:20.045] Derivation continued with next L1 block  [32mcurrent[0m=482c43..4eda3f:1 [32mnext[0m=719f3d..b2a33b:2
    base_batch_stage.go:127:    [32mINFO [0m[12-20|23:58:20.045] Advancing bq origin                      [32morigin[0m=719f3d..b2a33b:2 [32moriginBehind[0m=false
    channel_assembler.go:99:    [32mINFO [0m[12-20|23:58:20.045] created new channel                      [32mstage[0m=channel [32morigin[0m=719f3d..b2a33b:2
    channel_in_reader.go:122:   [32mINFO [0m[12-20|23:58:20.045] decoded span batch from channel          [32mbatch_type[0m=SpanBatch [32mbatch_timestamp[0m=1,766,255,289 [32mparent_check[0m=0x32c63f42847d5b4c305e72f1cc43fbcacc86ad07 [32morigin_check[0m=0x3a63497fd2945f408b883ca729b8dd02ca9d25df [32mstart_epoch_number[0m=0 [32mend_epoch_number[0m=0 [32mblock_count[0m=6 [32mtxs[0m=0 [32mcompression_algo[0m=brotli [32mstage_origin[0m=719f3d..b2a33b:2
    batch_stage.go:142:         [32mINFO [0m[12-20|23:58:20.045] Found next valid span batch              [32morigin[0m=719f3d..b2a33b:2 [32mepoch[0m=3a6349..dec8dd:0 [32mbatch_type[0m=SpanBatch [32mbatch_timestamp[0m=1,766,255,289 [32mparent_check[0m=0x32c63f42847d5b4c305e72f1cc43fbcacc86ad07 [32morigin_check[0m=0x3a63497fd2945f408b883ca729b8dd02ca9d25df [32mstart_epoch_number[0m=0 [32mend_epoch_number[0m=0 [32mblock_count[0m=6 [32mtxs[0m=0
    attributes_queue.go:134:    [32mINFO [0m[12-20|23:58:20.045] generated attributes in payload queue    [32mtxs[0m=1 [32mtimestamp[0m=1,766,255,289
    attributes_queue.go:134:    [32mINFO [0m[12-20|23:58:20.046] generated attributes in payload queue    [32mtxs[0m=1 [32mtimestamp[0m=1,766,255,290
    safedb.go:103:              [32mINFO [0m[12-20|23:58:20.046] Record safe head                         [32ml2[0m=68b1e7..386de3:1 [32ml1[0m=719f3d..b2a33b:2
    attributes_queue.go:134:    [32mINFO [0m[12-20|23:58:20.053] generated attributes in payload queue    [32mtxs[0m=1 [32mtimestamp[0m=1,766,255,291
    safedb.go:103:              [32mINFO [0m[12-20|23:58:20.053] Record safe head                         [32ml2[0m=75fe7c..68cda3:2 [32ml1[0m=719f3d..b2a33b:2
    attributes_queue.go:134:    [32mINFO [0m[12-20|23:58:20.058] generated attributes in payload queue    [32mtxs[0m=1 [32mtimestamp[0m=1,766,255,292
    safedb.go:103:              [32mINFO [0m[12-20|23:58:20.058] Record safe head                         [32ml2[0m=f5cc32..f32231:3 [32ml1[0m=719f3d..b2a33b:2
    attributes_queue.go:134:    [32mINFO [0m[12-20|23:58:20.063] generated attributes in payload queue    [32mtxs[0m=1 [32mtimestamp[0m=1,766,255,293
    safedb.go:103:              [32mINFO [0m[12-20|23:58:20.063] Record safe head                         [32ml2[0m=730b4d..b01f54:4 [32ml1[0m=719f3d..b2a33b:2
    attributes_queue.go:134:    [32mINFO [0m[12-20|23:58:20.069] generated attributes in payload queue    [32mtxs[0m=1 [32mtimestamp[0m=1,766,255,294
    safedb.go:103:              [32mINFO [0m[12-20|23:58:20.069] Record safe head                         [32ml2[0m=5c2c80..d3a476:5 [32ml1[0m=719f3d..b2a33b:2
    safedb.go:103:              [32mINFO [0m[12-20|23:58:20.074] Record safe head                         [32ml2[0m=9ed7b6..89e819:6 [32ml1[0m=719f3d..b2a33b:2
    system.go:237:              [32mINFO [0m[12-20|23:58:20.079] Exhausted L1 data                        [32mmode[0m=indexing [32mchainId[0m=901 [32mderivedFrom[0m=719f3d..b2a33b:2 [32mderived[0m=9ed7b6..89e819:6
    node.go:372:                [32mINFO [0m[12-20|23:58:20.079] Node completed syncing                   [32msyncnode[0m=syncnode-901-1 [32mendpoint[0m=RPCSyncSource(ws://127.0.0.1:62709) [32mchain[0m=901 [32ml2[0m=9ed7b6..89e819:6 [32ml1[0m=719f3d..b2a33b:2
    driver.go:344:              [32mINFO [0m[12-20|23:58:20.221] Added L2 block to local state            [32mblock[0m=56970c..0d6633:12 [32mtx_count[0m=1 [32mtime[0m=1,766,255,300
    l1_accessor.go:192:         [32mINFO [0m[12-20|23:58:20.534] Updated latest known L1 block            [32mservice[0m=l1-processor [32mref[0m=719f3d..b2a33b:2
    status.go:126:              [32mINFO [0m[12-20|23:58:20.676] New L1 safe block                        [32ml1_safe[0m=3a6349..dec8dd:0
    status.go:133:              [32mINFO [0m[12-20|23:58:20.676] New L1 finalized block                   [32ml1_finalized[0m=3a6349..dec8dd:0
    system.go:237:              [32mINFO [0m[12-20|23:58:20.676] Exhausted L1 data                        [32mmode[0m=indexing [32mchainId[0m=901 [32mderivedFrom[0m=719f3d..b2a33b:2 [32mderived[0m=9ed7b6..89e819:6
    node.go:372:                [32mINFO [0m[12-20|23:58:20.676] Node completed syncing                   [32msyncnode[0m=syncnode-901-1 [32mendpoint[0m=RPCSyncSource(ws://127.0.0.1:62709) [32mchain[0m=901 [32ml2[0m=9ed7b6..89e819:6 [32ml1[0m=719f3d..b2a33b:2
    sequencer.go:272:           [32mINFO [0m[12-20|23:58:20.952] Sequencer sealed block                   [32mpayloadID[0m=0x03ecb3d302a76ac3 [32mblock[0m=972b3e..de700c:13 [32mparent[0m=56970c..0d6633:12 [32mtxs[0m=1 [32mtime[0m=1,766,255,301
    node.go:788:                [32mINFO [0m[12-20|23:58:20.952] Publishing signed execution payload on p2p [32mid[0m=972b3e..de700c:13
    payload_success.go:89:      [32mINFO [0m[12-20|23:58:20.955] Inserted new L2 unsafe block             [32mhash[0m=972b3e..de700c [32mnumber[0m=13 [32mbuild_time[0m=950.822ms [32minsert_time[0m=2.873ms     [32mtotal_time[0m=953.695ms [32mmgas[0m=0.046 [32mmgasps[0m=0.048
    sequencer.go:341:           [32mINFO [0m[12-20|23:58:20.955] Sequencer inserted block                 [32mblock[0m=972b3e..de700c:13 [32mparent[0m=56970c..0d6633:12
    driver.go:263:              [32mINFO [0m[12-20|23:58:20.955] Scheduled sequencer action               [32mdelta[0m=44.603ms
    sequencer.go:521:           [32mINFO [0m[12-20|23:58:21.000] Started sequencing new block             [32mparent[0m=972b3e..de700c:13 [32ml1Origin[0m=3a6349..dec8dd:0
    driver.go:263:              [32mINFO [0m[12-20|23:58:21.002] Scheduled sequencer action               [32mdelta[0m=947.629ms
    driver.go:344:              [32mINFO [0m[12-20|23:58:21.221] Added L2 block to local state            [32mblock[0m=972b3e..de700c:13 [32mtx_count[0m=1 [32mtime[0m=1,766,255,301
    sequencer.go:272:           [32mINFO [0m[12-20|23:58:21.951] Sequencer sealed block                   [32mpayloadID[0m=0x03974567e4c22f93 [32mblock[0m=740ede..6cabdb:14 [32mparent[0m=972b3e..de700c:13 [32mtxs[0m=1 [32mtime[0m=1,766,255,302
    node.go:788:                [32mINFO [0m[12-20|23:58:21.952] Publishing signed execution payload on p2p [32mid[0m=740ede..6cabdb:14
    payload_success.go:89:      [32mINFO [0m[12-20|23:58:21.955] Inserted new L2 unsafe block             [32mhash[0m=740ede..6cabdb [32mnumber[0m=14 [32mbuild_time[0m=950.288ms [32minsert_time[0m=3.271ms     [32mtotal_time[0m=953.560ms [32mmgas[0m=0.046 [32mmgasps[0m=0.048
    sequencer.go:341:           [32mINFO [0m[12-20|23:58:21.955] Sequencer inserted block                 [32mblock[0m=740ede..6cabdb:14 [32mparent[0m=972b3e..de700c:13
    driver.go:263:              [32mINFO [0m[12-20|23:58:21.955] Scheduled sequencer action               [32mdelta[0m=44.266ms
    sequencer.go:521:           [32mINFO [0m[12-20|23:58:22.001] Started sequencing new block             [32mparent[0m=740ede..6cabdb:14 [32ml1Origin[0m=3a6349..dec8dd:0
    driver.go:263:              [32mINFO [0m[12-20|23:58:22.002] Scheduled sequencer action               [32mdelta[0m=947.27ms
    txmgr.go:682:               [32mINFO [0m[12-20|23:58:22.036] Publishing transaction                   [32mservice[0m=batcher [32mtx[0m=0x945a4daedfe31b21397c54eaf36d3de26a4e08c87967fad546e229c65882459b [32mnonce[0m=1 [32mgasTipCap[0m=1 [32mgasFeeCap[0m=1,533,653,013 [32mgasLimit[0m=23770
    driver.go:344:              [32mINFO [0m[12-20|23:58:22.220] Added L2 block to local state            [32mblock[0m=740ede..6cabdb:14 [32mtx_count[0m=1 [32mtime[0m=1,766,255,302
    status.go:133:              [32mINFO [0m[12-20|23:58:22.676] New L1 finalized block                   [32ml1_finalized[0m=3a6349..dec8dd:0
    status.go:126:              [32mINFO [0m[12-20|23:58:22.677] New L1 safe block                        [32ml1_safe[0m=3a6349..dec8dd:0
    system.go:237:              [32mINFO [0m[12-20|23:58:22.677] Exhausted L1 data                        [32mmode[0m=indexing [32mchainId[0m=901 [32mderivedFrom[0m=719f3d..b2a33b:2 [32mderived[0m=9ed7b6..89e819:6
    node.go:372:                [32mINFO [0m[12-20|23:58:22.677] Node completed syncing                   [32msyncnode[0m=syncnode-901-1 [32mendpoint[0m=RPCSyncSource(ws://127.0.0.1:62709) [32mchain[0m=901 [32ml2[0m=9ed7b6..89e819:6 [32ml1[0m=719f3d..b2a33b:2
    sequencer.go:272:           [32mINFO [0m[12-20|23:58:22.952] Sequencer sealed block                   [32mpayloadID[0m=0x031fdef8eb8c02b5 [32mblock[0m=92874e..963219:15 [32mparent[0m=740ede..6cabdb:14 [32mtxs[0m=1 [32mtime[0m=1,766,255,303
    node.go:788:                [32mINFO [0m[12-20|23:58:22.952] Publishing signed execution payload on p2p [32mid[0m=92874e..963219:15
    payload_success.go:89:      [32mINFO [0m[12-20|23:58:22.954] Inserted new L2 unsafe block             [32mhash[0m=92874e..963219 [32mnumber[0m=15 [32mbuild_time[0m=950.165ms [32minsert_time[0m=2.422ms     [32mtotal_time[0m=952.588ms [32mmgas[0m=0.046 [32mmgasps[0m=0.048
    sequencer.go:341:           [32mINFO [0m[12-20|23:58:22.954] Sequencer inserted block                 [32mblock[0m=92874e..963219:15 [32mparent[0m=740ede..6cabdb:14
    driver.go:263:              [32mINFO [0m[12-20|23:58:22.954] Scheduled sequencer action               [32mdelta[0m=45.043ms
    sequencer.go:521:           [32mINFO [0m[12-20|23:58:23.000] Started sequencing new block             [32mparent[0m=92874e..963219:15 [32ml1Origin[0m=3a6349..dec8dd:0
    driver.go:263:              [32mINFO [0m[12-20|23:58:23.002] Scheduled sequencer action               [32mdelta[0m=947.755ms
    txmgr.go:682:               [32mINFO [0m[12-20|23:58:23.034] Publishing transaction                   [32mservice[0m=batcher [32mtx[0m=0x945a4daedfe31b21397c54eaf36d3de26a4e08c87967fad546e229c65882459b [32mnonce[0m=1 [32mgasTipCap[0m=1 [32mgasFeeCap[0m=1,533,653,013 [32mgasLimit[0m=23770
    txmgr.go:888:               [32mINFO [0m[12-20|23:58:23.035] bumping gas price for transaction        [32mservice[0m=batcher [32mtx[0m=0x945a4daedfe31b21397c54eaf36d3de26a4e08c87967fad546e229c65882459b [32mnonce[0m=1 [32mgasTipCap[0m=1 [32mgasFeeCap[0m=1,533,653,013 [32mgasLimit[0m=23770
    txmgr.go:717:               [32mINFO [0m[12-20|23:58:23.038] Transaction successfully published       [32mservice[0m=batcher [32mtx[0m=0x308d782091d8afdb0e3912c4f6376266fd464f3c724f40f087f9725e24c3cb6f [32mnonce[0m=1 [32mgasTipCap[0m=2 [32mgasFeeCap[0m=1,687,018,315 [32mgasLimit[0m=24108 [32mtx[0m=308d78..c3cb6f
    driver.go:344:              [32mINFO [0m[12-20|23:58:23.220] Added L2 block to local state            [32mblock[0m=92874e..963219:15 [32mtx_count[0m=1 [32mtime[0m=1,766,255,303
    l1_accessor.go:174:         [32mINFO [0m[12-20|23:58:23.534] Latest L1 block signal is the same as the tip [32mservice[0m=l1-processor [32mref[0m=719f3d..b2a33b:2
    sequencer.go:272:           [32mINFO [0m[12-20|23:58:23.952] Sequencer sealed block                   [32mpayloadID[0m=0x03aef03f4fa1d3cd [32mblock[0m=4f6af3..19a4b9:16 [32mparent[0m=92874e..963219:15 [32mtxs[0m=1 [32mtime[0m=1,766,255,304
    node.go:788:                [32mINFO [0m[12-20|23:58:23.952] Publishing signed execution payload on p2p [32mid[0m=4f6af3..19a4b9:16
    payload_success.go:89:      [32mINFO [0m[12-20|23:58:23.955] Inserted new L2 unsafe block             [32mhash[0m=4f6af3..19a4b9 [32mnumber[0m=16 [32mbuild_time[0m=950.454ms [32minsert_time[0m=2.879ms     [32mtotal_time[0m=953.334ms [32mmgas[0m=0.046 [32mmgasps[0m=0.048
    sequencer.go:341:           [32mINFO [0m[12-20|23:58:23.955] Sequencer inserted block                 [32mblock[0m=4f6af3..19a4b9:16 [32mparent[0m=92874e..963219:15
    driver.go:263:              [32mINFO [0m[12-20|23:58:23.955] Scheduled sequencer action               [32mdelta[0m=44.69ms
    sequencer.go:521:           [32mINFO [0m[12-20|23:58:24.001] Started sequencing new block             [32mparent[0m=4f6af3..19a4b9:16 [32ml1Origin[0m=3a6349..dec8dd:0
    driver.go:263:              [32mINFO [0m[12-20|23:58:24.003] Scheduled sequencer action               [32mdelta[0m=946.826ms
    driver.go:344:              [32mINFO [0m[12-20|23:58:24.220] Added L2 block to local state            [32mblock[0m=4f6af3..19a4b9:16 [32mtx_count[0m=1 [32mtime[0m=1,766,255,304
    status.go:133:              [32mINFO [0m[12-20|23:58:24.676] New L1 finalized block                   [32ml1_finalized[0m=3a6349..dec8dd:0
    status.go:126:              [32mINFO [0m[12-20|23:58:24.677] New L1 safe block                        [32ml1_safe[0m=3a6349..dec8dd:0
    system.go:237:              [32mINFO [0m[12-20|23:58:24.677] Exhausted L1 data                        [32mmode[0m=indexing [32mchainId[0m=901 [32mderivedFrom[0m=719f3d..b2a33b:2 [32mderived[0m=9ed7b6..89e819:6
    node.go:372:                [32mINFO [0m[12-20|23:58:24.677] Node completed syncing                   [32msyncnode[0m=syncnode-901-1 [32mendpoint[0m=RPCSyncSource(ws://127.0.0.1:62709) [32mchain[0m=901 [32ml2[0m=9ed7b6..89e819:6 [32ml1[0m=719f3d..b2a33b:2
    sequencer.go:272:           [32mINFO [0m[12-20|23:58:24.951] Sequencer sealed block                   [32mpayloadID[0m=0x03776779d599b592 [32mblock[0m=cbeabf..77fd65:17 [32mparent[0m=4f6af3..19a4b9:16 [32mtxs[0m=1 [32mtime[0m=1,766,255,305
    node.go:788:                [32mINFO [0m[12-20|23:58:24.952] Publishing signed execution payload on p2p [32mid[0m=cbeabf..77fd65:17
    payload_success.go:89:      [32mINFO [0m[12-20|23:58:24.954] Inserted new L2 unsafe block             [32mhash[0m=cbeabf..77fd65 [32mnumber[0m=17 [32mbuild_time[0m=949.740ms [32minsert_time[0m=2.778ms     [32mtotal_time[0m=952.518ms [32mmgas[0m=0.046 [32mmgasps[0m=0.048
    sequencer.go:341:           [32mINFO [0m[12-20|23:58:24.954] Sequencer inserted block                 [32mblock[0m=cbeabf..77fd65:17 [32mparent[0m=4f6af3..19a4b9:16
    driver.go:263:              [32mINFO [0m[12-20|23:58:24.955] Scheduled sequencer action               [32mdelta[0m=44.919ms
    sequencer.go:521:           [32mINFO [0m[12-20|23:58:25.001] Started sequencing new block             [32mparent[0m=cbeabf..77fd65:17 [32ml1Origin[0m=3a6349..dec8dd:0
    driver.go:263:              [32mINFO [0m[12-20|23:58:25.002] Scheduled sequencer action               [32mdelta[0m=947.128ms
    txmgr.go:682:               [32mINFO [0m[12-20|23:58:25.038] Publishing transaction                   [32mservice[0m=batcher [32mtx[0m=0x308d782091d8afdb0e3912c4f6376266fd464f3c724f40f087f9725e24c3cb6f [32mnonce[0m=1 [32mgasTipCap[0m=2 [32mgasFeeCap[0m=1,687,018,315 [32mgasLimit[0m=24108
    driver.go:344:              [32mINFO [0m[12-20|23:58:25.220] Added L2 block to local state            [32mblock[0m=cbeabf..77fd65:17 [32mtx_count[0m=1 [32mtime[0m=1,766,255,305
    sequencer.go:272:           [32mINFO [0m[12-20|23:58:25.951] Sequencer sealed block                   [32mpayloadID[0m=0x0362adc9a2a32918 [32mblock[0m=c59e82..461f56:18 [32mparent[0m=cbeabf..77fd65:17 [32mtxs[0m=1 [32mtime[0m=1,766,255,306
    node.go:788:                [32mINFO [0m[12-20|23:58:25.951] Publishing signed execution payload on p2p [32mid[0m=c59e82..461f56:18
    payload_success.go:89:      [32mINFO [0m[12-20|23:58:25.954] Inserted new L2 unsafe block             [32mhash[0m=c59e82..461f56 [32mnumber[0m=18 [32mbuild_time[0m=949.720ms [32minsert_time[0m=3.162ms     [32mtotal_time[0m=952.882ms [32mmgas[0m=0.046 [32mmgasps[0m=0.048
    sequencer.go:341:           [32mINFO [0m[12-20|23:58:25.954] Sequencer inserted block                 [32mblock[0m=c59e82..461f56:18 [32mparent[0m=cbeabf..77fd65:17
    driver.go:263:              [32mINFO [0m[12-20|23:58:25.955] Scheduled sequencer action               [32mdelta[0m=44.814ms
    sequencer.go:521:           [32mINFO [0m[12-20|23:58:26.001] Started sequencing new block             [32mparent[0m=c59e82..461f56:18 [32ml1Origin[0m=3a6349..dec8dd:0
    driver.go:263:              [32mINFO [0m[12-20|23:58:26.003] Scheduled sequencer action               [32mdelta[0m=946.597ms
    txmgr.go:682:               [32mINFO [0m[12-20|23:58:26.034] Publishing transaction                   [32mservice[0m=batcher [32mtx[0m=0x308d782091d8afdb0e3912c4f6376266fd464f3c724f40f087f9725e24c3cb6f [32mnonce[0m=1 [32mgasTipCap[0m=2 [32mgasFeeCap[0m=1,687,018,315 [32mgasLimit[0m=24108
    txmgr.go:888:               [32mINFO [0m[12-20|23:58:26.034] bumping gas price for transaction        [32mservice[0m=batcher [32mtx[0m=0x308d782091d8afdb0e3912c4f6376266fd464f3c724f40f087f9725e24c3cb6f [32mnonce[0m=1 [32mgasTipCap[0m=2 [32mgasFeeCap[0m=1,687,018,315 [32mgasLimit[0m=24108
    txmgr.go:871:               [32mINFO [0m[12-20|23:58:26.040] Transaction confirmed                    [32mservice[0m=batcher [32mtx[0m=308d78..c3cb6f [32mblock[0m=fd23db..0bdc54:3 [32meffectiveGasPrice[0m=671,125,708
    txmgr.go:792:               [32mINFO [0m[12-20|23:58:26.040] Transaction receipt not found            [32mservice[0m=batcher [32mtx[0m=0x6b2e4b35f558deebde6b8a57b87b4d6a8946b17141b09ecf014e47e2bbcb9490 [32mnonce[0m=1 [32mgasTipCap[0m=3 [32mgasFeeCap[0m=1,855,720,147 [32mgasLimit[0m=24108 [32merr[0m="context canceled"
    txmgr.go:792:               [32mINFO [0m[12-20|23:58:26.040] Transaction receipt not found            [32mservice[0m=batcher [32mtx[0m=0x945a4daedfe31b21397c54eaf36d3de26a4e08c87967fad546e229c65882459b [32mnonce[0m=1 [32mgasTipCap[0m=1 [32mgasFeeCap[0m=1,533,653,013 [32mgasLimit[0m=23770 [32merr[0m="context canceled"
    txmgr.go:845:               [31mERROR[0m[12-20|23:58:26.040] Unable to fetch tip                      [31mservice[0m=batcher [31merr[0m="context canceled"
    txmgr.go:792:               [32mINFO [0m[12-20|23:58:26.040] Transaction receipt not found            [32mservice[0m=batcher [32mtx[0m=0x945a4daedfe31b21397c54eaf36d3de26a4e08c87967fad546e229c65882459b [32mnonce[0m=1 [32mgasTipCap[0m=1 [32mgasFeeCap[0m=1,533,653,013 [32mgasLimit[0m=23770 [32merr[0m="context canceled"
    txmgr.go:792:               [32mINFO [0m[12-20|23:58:26.040] Transaction receipt not found            [32mservice[0m=batcher [32mtx[0m=0x308d782091d8afdb0e3912c4f6376266fd464f3c724f40f087f9725e24c3cb6f [32mnonce[0m=1 [32mgasTipCap[0m=2 [32mgasFeeCap[0m=1,687,018,315 [32mgasLimit[0m=24108 [32merr[0m="context canceled"
    driver.go:582:              [32mINFO [0m[12-20|23:58:26.040] Handling receipt                         [32mid[0m=45a2c9..a24475:0
    driver.go:1063:             [32mINFO [0m[12-20|23:58:26.040] Transaction confirmed                    [32mtx_id[0m=45a2c934b544332d56daa840a1a24475:0 [32mtx[0m=308d78..c3cb6f [32mblock[0m=fd23db..0bdc54:3
    channel.go:80:              [32mINFO [0m[12-20|23:58:26.040] Channel is fully submitted               [32mid[0m=45a2c9..a24475    [32mmin_inclusion_block[0m=3 [32mmax_inclusion_block[0m=3
    txmgr.go:682:               [32mINFO [0m[12-20|23:58:26.041] Publishing transaction                   [32mservice[0m=batcher [32mtx[0m=0xa17c32c5c40d79ed22d809da32ea2cb418312f05507b441aeedf2453aedfd9a0 [32mnonce[0m=2 [32mgasTipCap[0m=2 [32mgasFeeCap[0m=1,342,251,414 [32mgasLimit[0m=23800
    channel_manager.go:355:     [32mINFO [0m[12-20|23:58:26.042] Created channel                          [32mid[0m=bb35bb..bf9c57    [32ml1Head[0m=fd23db..0bdc54:3 [32mblocks_pending[0m=6 [32ml1OriginLastSubmittedChannel[0m=3a6349..dec8dd:0 [32mbatch_type[0m=1 [32mcompression_algo[0m=brotli [32mtarget_num_frames[0m=1 [32mmax_frame_size[0m=119,999 [32muse_blobs[0m=false
    txmgr.go:717:               [32mINFO [0m[12-20|23:58:26.042] Transaction successfully published       [32mservice[0m=batcher [32mtx[0m=0xa17c32c5c40d79ed22d809da32ea2cb418312f05507b441aeedf2453aedfd9a0 [32mnonce[0m=2 [32mgasTipCap[0m=2 [32mgasFeeCap[0m=1,342,251,414 [32mgasLimit[0m=23800 [32mtx[0m=a17c32..dfd9a0
    channel_manager.go:461:     [32mINFO [0m[12-20|23:58:26.048] Channel closed                           [32mid[0m=bb35bb..bf9c57    [32mblocks_pending[0m=0 [32mnum_frames[0m=1 [32minput_bytes[0m=52 [32moutput_bytes[0m=80 [32moldest_l1_origin[0m=3a6349..dec8dd:0 [32ml1_origin[0m=000000..000000:0 [32moldest_l2[0m=56970c..0d6633:12 [32mlatest_l2[0m=cbeabf..77fd65:17 [32mfull_reason[0m="channel full: max channel duration reached" [32mcompr_ratio[0m=1.538
    driver.go:1027:             [32mINFO [0m[12-20|23:58:26.048] Building Calldata transaction candidate  [32msize[0m=81
    system.go:237:              [32mINFO [0m[12-20|23:58:26.049] Exhausted L1 data                        [32mmode[0m=indexing [32mchainId[0m=901 [32mderivedFrom[0m=719f3d..b2a33b:2 [32mderived[0m=9ed7b6..89e819:6
    node.go:372:                [32mINFO [0m[12-20|23:58:26.049] Node completed syncing                   [32msyncnode[0m=syncnode-901-1 [32mendpoint[0m=RPCSyncSource(ws://127.0.0.1:62709) [32mchain[0m=901 [32ml2[0m=9ed7b6..89e819:6 [32ml1[0m=719f3d..b2a33b:2
    driver.go:344:              [32mINFO [0m[12-20|23:58:26.221] Added L2 block to local state            [32mblock[0m=c59e82..461f56:18 [32mtx_count[0m=1 [32mtime[0m=1,766,255,306
    l1_accessor.go:192:         [32mINFO [0m[12-20|23:58:26.534] Updated latest known L1 block            [32mservice[0m=l1-processor [32mref[0m=fd23db..0bdc54:3
    status.go:133:              [32mINFO [0m[12-20|23:58:26.676] New L1 finalized block                   [32ml1_finalized[0m=3a6349..dec8dd:0
    status.go:126:              [32mINFO [0m[12-20|23:58:26.676] New L1 safe block                        [32ml1_safe[0m=3a6349..dec8dd:0
    system.go:237:              [32mINFO [0m[12-20|23:58:26.677] Exhausted L1 data                        [32mmode[0m=indexing [32mchainId[0m=901 [32mderivedFrom[0m=719f3d..b2a33b:2 [32mderived[0m=9ed7b6..89e819:6
    node.go:372:                [32mINFO [0m[12-20|23:58:26.677] Node completed syncing                   [32msyncnode[0m=syncnode-901-1 [32mendpoint[0m=RPCSyncSource(ws://127.0.0.1:62709) [32mchain[0m=901 [32ml2[0m=9ed7b6..89e819:6 [32ml1[0m=719f3d..b2a33b:2
    sequencer.go:272:           [32mINFO [0m[12-20|23:58:26.952] Sequencer sealed block                   [32mpayloadID[0m=0x03a30980ce1eb771 [32mblock[0m=8ff429..eaf8fc:19 [32mparent[0m=c59e82..461f56:18 [32mtxs[0m=1 [32mtime[0m=1,766,255,307
    node.go:788:                [32mINFO [0m[12-20|23:58:26.952] Publishing signed execution payload on p2p [32mid[0m=8ff429..eaf8fc:19
    payload_success.go:89:      [32mINFO [0m[12-20|23:58:26.954] Inserted new L2 unsafe block             [32mhash[0m=8ff429..eaf8fc [32mnumber[0m=19 [32mbuild_time[0m=949.644ms [32minsert_time[0m=2.676ms     [32mtotal_time[0m=952.320ms [32mmgas[0m=0.046 [32mmgasps[0m=0.048
    sequencer.go:341:           [32mINFO [0m[12-20|23:58:26.954] Sequencer inserted block                 [32mblock[0m=8ff429..eaf8fc:19 [32mparent[0m=c59e82..461f56:18
    driver.go:263:              [32mINFO [0m[12-20|23:58:26.955] Scheduled sequencer action               [32mdelta[0m=44.882ms
    sequencer.go:521:           [32mINFO [0m[12-20|23:58:27.000] Started sequencing new block             [32mparent[0m=8ff429..eaf8fc:19 [32ml1Origin[0m=482c43..4eda3f:1
    driver.go:263:              [32mINFO [0m[12-20|23:58:27.002] Scheduled sequencer action               [32mdelta[0m=947.156ms
    driver.go:344:              [32mINFO [0m[12-20|23:58:27.220] Added L2 block to local state            [32mblock[0m=8ff429..eaf8fc:19 [32mtx_count[0m=1 [32mtime[0m=1,766,255,307
    sequencer.go:272:           [32mINFO [0m[12-20|23:58:27.952] Sequencer sealed block                   [32mpayloadID[0m=0x0381ae03b69bdb43 [32mblock[0m=f8f9db..b0f2b0:20 [32mparent[0m=8ff429..eaf8fc:19 [32mtxs[0m=1 [32mtime[0m=1,766,255,308
    node.go:788:                [32mINFO [0m[12-20|23:58:27.952] Publishing signed execution payload on p2p [32mid[0m=f8f9db..b0f2b0:20
    payload_success.go:89:      [32mINFO [0m[12-20|23:58:27.954] Inserted new L2 unsafe block             [32mhash[0m=f8f9db..b0f2b0 [32mnumber[0m=20 [32mbuild_time[0m=950.103ms [32minsert_time[0m=2.652ms     [32mtotal_time[0m=952.756ms [32mmgas[0m=0.054 [32mmgasps[0m=0.057
    sequencer.go:341:           [32mINFO [0m[12-20|23:58:27.954] Sequencer inserted block                 [32mblock[0m=f8f9db..b0f2b0:20 [32mparent[0m=8ff429..eaf8fc:19
    driver.go:263:              [32mINFO [0m[12-20|23:58:27.955] Scheduled sequencer action               [32mdelta[0m=44.945ms
    sequencer.go:521:           [32mINFO [0m[12-20|23:58:28.000] Started sequencing new block             [32mparent[0m=f8f9db..b0f2b0:20 [32ml1Origin[0m=482c43..4eda3f:1
    driver.go:263:              [32mINFO [0m[12-20|23:58:28.002] Scheduled sequencer action               [32mdelta[0m=947.173ms
    txmgr.go:682:               [32mINFO [0m[12-20|23:58:28.043] Publishing transaction                   [32mservice[0m=batcher [32mtx[0m=0xa17c32c5c40d79ed22d809da32ea2cb418312f05507b441aeedf2453aedfd9a0 [32mnonce[0m=2 [32mgasTipCap[0m=2 [32mgasFeeCap[0m=1,342,251,414 [32mgasLimit[0m=23800
    driver.go:344:              [32mINFO [0m[12-20|23:58:28.220] Added L2 block to local state            [32mblock[0m=f8f9db..b0f2b0:20 [32mtx_count[0m=1 [32mtime[0m=1,766,255,308
    status.go:126:              [32mINFO [0m[12-20|23:58:28.676] New L1 safe block                        [32ml1_safe[0m=3a6349..dec8dd:0
    status.go:133:              [32mINFO [0m[12-20|23:58:28.676] New L1 finalized block                   [32ml1_finalized[0m=3a6349..dec8dd:0
    system.go:237:              [32mINFO [0m[12-20|23:58:28.677] Exhausted L1 data                        [32mmode[0m=indexing [32mchainId[0m=901 [32mderivedFrom[0m=719f3d..b2a33b:2 [32mderived[0m=9ed7b6..89e819:6
    node.go:372:                [32mINFO [0m[12-20|23:58:28.677] Node completed syncing                   [32msyncnode[0m=syncnode-901-1 [32mendpoint[0m=RPCSyncSource(ws://127.0.0.1:62709) [32mchain[0m=901 [32ml2[0m=9ed7b6..89e819:6 [32ml1[0m=719f3d..b2a33b:2
    sequencer.go:272:           [32mINFO [0m[12-20|23:58:28.951] Sequencer sealed block                   [32mpayloadID[0m=0x03c6ff2faab77b53 [32mblock[0m=3f9e67..9e5477:21 [32mparent[0m=f8f9db..b0f2b0:20 [32mtxs[0m=1 [32mtime[0m=1,766,255,309
    node.go:788:                [32mINFO [0m[12-20|23:58:28.952] Publishing signed execution payload on p2p [32mid[0m=3f9e67..9e5477:21
    payload_success.go:89:      [32mINFO [0m[12-20|23:58:28.954] Inserted new L2 unsafe block             [32mhash[0m=3f9e67..9e5477 [32mnumber[0m=21 [32mbuild_time[0m=950.108ms [32minsert_time[0m=2.507ms     [32mtotal_time[0m=952.616ms [32mmgas[0m=0.046 [32mmgasps[0m=0.048
    sequencer.go:341:           [32mINFO [0m[12-20|23:58:28.954] Sequencer inserted block                 [32mblock[0m=3f9e67..9e5477:21 [32mparent[0m=f8f9db..b0f2b0:20
    driver.go:263:              [32mINFO [0m[12-20|23:58:28.954] Scheduled sequencer action               [32mdelta[0m=45.026ms
    sequencer.go:521:           [32mINFO [0m[12-20|23:58:29.000] Started sequencing new block             [32mparent[0m=3f9e67..9e5477:21 [32ml1Origin[0m=482c43..4eda3f:1
    driver.go:263:              [32mINFO [0m[12-20|23:58:29.003] Scheduled sequencer action               [32mdelta[0m=946.924ms
    txmgr.go:682:               [32mINFO [0m[12-20|23:58:29.042] Publishing transaction                   [32mservice[0m=batcher [32mtx[0m=0xa17c32c5c40d79ed22d809da32ea2cb418312f05507b441aeedf2453aedfd9a0 [32mnonce[0m=2 [32mgasTipCap[0m=2 [32mgasFeeCap[0m=1,342,251,414 [32mgasLimit[0m=23800
    txmgr.go:888:               [32mINFO [0m[12-20|23:58:29.042] bumping gas price for transaction        [32mservice[0m=batcher [32mtx[0m=0xa17c32c5c40d79ed22d809da32ea2cb418312f05507b441aeedf2453aedfd9a0 [32mnonce[0m=2 [32mgasTipCap[0m=2 [32mgasFeeCap[0m=1,342,251,414 [32mgasLimit[0m=23800
    txmgr.go:717:               [32mINFO [0m[12-20|23:58:29.045] Transaction successfully published       [32mservice[0m=batcher [32mtx[0m=0x90f6b97dc68f6f146846626a93dcfbf5f338c77882c37bfacee304c43d7d8c74 [32mnonce[0m=2 [32mgasTipCap[0m=3 [32mgasFeeCap[0m=1,476,476,556 [32mgasLimit[0m=24138 [32mtx[0m=90f6b9..7d8c74
    driver.go:344:              [32mINFO [0m[12-20|23:58:29.220] Added L2 block to local state            [32mblock[0m=3f9e67..9e5477:21 [32mtx_count[0m=1 [32mtime[0m=1,766,255,309
    l1_accessor.go:174:         [32mINFO [0m[12-20|23:58:29.534] Latest L1 block signal is the same as the tip [32mservice[0m=l1-processor [32mref[0m=fd23db..0bdc54:3
    sequencer.go:272:           [32mINFO [0m[12-20|23:58:29.951] Sequencer sealed block                   [32mpayloadID[0m=0x030c4d016a43baf3 [32mblock[0m=deaefb..a37d14:22 [32mparent[0m=3f9e67..9e5477:21 [32mtxs[0m=1 [32mtime[0m=1,766,255,310
    node.go:788:                [32mINFO [0m[12-20|23:58:29.952] Publishing signed execution payload on p2p [32mid[0m=deaefb..a37d14:22
    payload_success.go:89:      [32mINFO [0m[12-20|23:58:29.954] Inserted new L2 unsafe block             [32mhash[0m=deaefb..a37d14 [32mnumber[0m=22 [32mbuild_time[0m=949.850ms [32minsert_time[0m=2.642ms     [32mtotal_time[0m=952.493ms [32mmgas[0m=0.046 [32mmgasps[0m=0.048
    sequencer.go:341:           [32mINFO [0m[12-20|23:58:29.954] Sequencer inserted block                 [32mblock[0m=deaefb..a37d14:22 [32mparent[0m=3f9e67..9e5477:21
    driver.go:263:              [32mINFO [0m[12-20|23:58:29.954] Scheduled sequencer action               [32mdelta[0m=45.091ms
    sequencer.go:521:           [32mINFO [0m[12-20|23:58:30.000] Started sequencing new block             [32mparent[0m=deaefb..a37d14:22 [32ml1Origin[0m=482c43..4eda3f:1
    driver.go:263:              [32mINFO [0m[12-20|23:58:30.007] Scheduled sequencer action               [32mdelta[0m=942.269ms
    driver.go:344:              [32mINFO [0m[12-20|23:58:30.220] Added L2 block to local state            [32mblock[0m=deaefb..a37d14:22 [32mtx_count[0m=1 [32mtime[0m=1,766,255,310
    status.go:133:              [32mINFO [0m[12-20|23:58:30.675] New L1 finalized block                   [32ml1_finalized[0m=3a6349..dec8dd:0
    status.go:126:              [32mINFO [0m[12-20|23:58:30.675] New L1 safe block                        [32ml1_safe[0m=3a6349..dec8dd:0
    system.go:237:              [32mINFO [0m[12-20|23:58:30.676] Exhausted L1 data                        [32mmode[0m=indexing [32mchainId[0m=901 [32mderivedFrom[0m=719f3d..b2a33b:2 [32mderived[0m=9ed7b6..89e819:6
    node.go:372:                [32mINFO [0m[12-20|23:58:30.676] Node completed syncing                   [32msyncnode[0m=syncnode-901-1 [32mendpoint[0m=RPCSyncSource(ws://127.0.0.1:62709) [32mchain[0m=901 [32ml2[0m=9ed7b6..89e819:6 [32ml1[0m=719f3d..b2a33b:2
    sequencer.go:272:           [32mINFO [0m[12-20|23:58:30.951] Sequencer sealed block                   [32mpayloadID[0m=0x034f9ea50dc8800c [32mblock[0m=cb5b29..31ed57:23 [32mparent[0m=deaefb..a37d14:22 [32mtxs[0m=1 [32mtime[0m=1,766,255,311
    node.go:788:                [32mINFO [0m[12-20|23:58:30.951] Publishing signed execution payload on p2p [32mid[0m=cb5b29..31ed57:23
    payload_success.go:89:      [32mINFO [0m[12-20|23:58:30.955] Inserted new L2 unsafe block             [32mhash[0m=cb5b29..31ed57 [32mnumber[0m=23 [32mbuild_time[0m=950.059ms [32minsert_time[0m=3.157ms     [32mtotal_time[0m=953.216ms [32mmgas[0m=0.046 [32mmgasps[0m=0.048
    sequencer.go:341:           [32mINFO [0m[12-20|23:58:30.955] Sequencer inserted block                 [32mblock[0m=cb5b29..31ed57:23 [32mparent[0m=deaefb..a37d14:22
    driver.go:263:              [32mINFO [0m[12-20|23:58:30.955] Scheduled sequencer action               [32mdelta[0m=44.658ms
    sequencer.go:521:           [32mINFO [0m[12-20|23:58:31.000] Started sequencing new block             [32mparent[0m=cb5b29..31ed57:23 [32ml1Origin[0m=482c43..4eda3f:1
    driver.go:263:              [32mINFO [0m[12-20|23:58:31.002] Scheduled sequencer action               [32mdelta[0m=947.387ms
    txmgr.go:682:               [32mINFO [0m[12-20|23:58:31.045] Publishing transaction                   [32mservice[0m=batcher [32mtx[0m=0x90f6b97dc68f6f146846626a93dcfbf5f338c77882c37bfacee304c43d7d8c74 [32mnonce[0m=2 [32mgasTipCap[0m=3 [32mgasFeeCap[0m=1,476,476,556 [32mgasLimit[0m=24138
    driver.go:344:              [32mINFO [0m[12-20|23:58:31.220] Added L2 block to local state            [32mblock[0m=cb5b29..31ed57:23 [32mtx_count[0m=1 [32mtime[0m=1,766,255,311
    sequencer.go:272:           [32mINFO [0m[12-20|23:58:31.951] Sequencer sealed block                   [32mpayloadID[0m=0x03b496d9c160870a [32mblock[0m=74172a..03d8da:24 [32mparent[0m=cb5b29..31ed57:23 [32mtxs[0m=1 [32mtime[0m=1,766,255,312
    node.go:788:                [32mINFO [0m[12-20|23:58:31.951] Publishing signed execution payload on p2p [32mid[0m=74172a..03d8da:24
    payload_success.go:89:      [32mINFO [0m[12-20|23:58:31.954] Inserted new L2 unsafe block             [32mhash[0m=74172a..03d8da [32mnumber[0m=24 [32mbuild_time[0m=950.006ms [32minsert_time[0m=2.637ms     [32mtotal_time[0m=952.644ms [32mmgas[0m=0.046 [32mmgasps[0m=0.048
    sequencer.go:341:           [32mINFO [0m[12-20|23:58:31.954] Sequencer inserted block                 [32mblock[0m=74172a..03d8da:24 [32mparent[0m=cb5b29..31ed57:23
    driver.go:263:              [32mINFO [0m[12-20|23:58:31.954] Scheduled sequencer action               [32mdelta[0m=45.257ms
    sequencer.go:521:           [32mINFO [0m[12-20|23:58:32.000] Started sequencing new block             [32mparent[0m=74172a..03d8da:24 [32ml1Origin[0m=482c43..4eda3f:1
    driver.go:263:              [32mINFO [0m[12-20|23:58:32.003] Scheduled sequencer action               [32mdelta[0m=946.66ms
    txmgr.go:682:               [32mINFO [0m[12-20|23:58:32.042] Publishing transaction                   [32mservice[0m=batcher [32mtx[0m=0x90f6b97dc68f6f146846626a93dcfbf5f338c77882c37bfacee304c43d7d8c74 [32mnonce[0m=2 [32mgasTipCap[0m=3 [32mgasFeeCap[0m=1,476,476,556 [32mgasLimit[0m=24138
    txmgr.go:888:               [32mINFO [0m[12-20|23:58:32.042] bumping gas price for transaction        [32mservice[0m=batcher [32mtx[0m=0x90f6b97dc68f6f146846626a93dcfbf5f338c77882c37bfacee304c43d7d8c74 [32mnonce[0m=2 [32mgasTipCap[0m=3 [32mgasFeeCap[0m=1,476,476,556 [32mgasLimit[0m=24138
    txmgr.go:871:               [32mINFO [0m[12-20|23:58:32.047] Transaction confirmed                    [32mservice[0m=batcher [32mtx[0m=90f6b9..7d8c74 [32mblock[0m=bdfb70..368231:4 [32meffectiveGasPrice[0m=587,368,325
    txmgr.go:792:               [32mINFO [0m[12-20|23:58:32.047] Transaction receipt not found            [32mservice[0m=batcher [32mtx[0m=0x2183494aa77048e42bfd061e11d00cfaca1b5f619a14b73c215dd1a1fad01e4f [32mnonce[0m=2 [32mgasTipCap[0m=4 [32mgasFeeCap[0m=1,624,124,212 [32mgasLimit[0m=24138 [32merr[0m="context canceled"
    txmgr.go:792:               [32mINFO [0m[12-20|23:58:32.047] Transaction receipt not found            [32mservice[0m=batcher [32mtx[0m=0xa17c32c5c40d79ed22d809da32ea2cb418312f05507b441aeedf2453aedfd9a0 [32mnonce[0m=2 [32mgasTipCap[0m=2 [32mgasFeeCap[0m=1,342,251,414 [32mgasLimit[0m=23800 [32merr[0m="context canceled"
    txmgr.go:792:               [32mINFO [0m[12-20|23:58:32.047] Transaction receipt not found            [32mservice[0m=batcher [32mtx[0m=0xa17c32c5c40d79ed22d809da32ea2cb418312f05507b441aeedf2453aedfd9a0 [32mnonce[0m=2 [32mgasTipCap[0m=2 [32mgasFeeCap[0m=1,342,251,414 [32mgasLimit[0m=23800 [32merr[0m="context canceled"
    txmgr.go:845:               [31mERROR[0m[12-20|23:58:32.047] Unable to fetch tip                      [31mservice[0m=batcher [31merr[0m="Post \"http://127.0.0.1:62699\": context canceled"
    txmgr.go:792:               [32mINFO [0m[12-20|23:58:32.047] Transaction receipt not found            [32mservice[0m=batcher [32mtx[0m=0x90f6b97dc68f6f146846626a93dcfbf5f338c77882c37bfacee304c43d7d8c74 [32mnonce[0m=2 [32mgasTipCap[0m=3 [32mgasFeeCap[0m=1,476,476,556 [32mgasLimit[0m=24138 [32merr[0m="context canceled"
    driver.go:582:              [32mINFO [0m[12-20|23:58:32.047] Handling receipt                         [32mid[0m=051871..dcda2d:0
    driver.go:1063:             [32mINFO [0m[12-20|23:58:32.047] Transaction confirmed                    [32mtx_id[0m=051871e80802aacda5b86a3c65dcda2d:0 [32mtx[0m=90f6b9..7d8c74 [32mblock[0m=bdfb70..368231:4
    channel.go:80:              [32mINFO [0m[12-20|23:58:32.047] Channel is fully submitted               [32mid[0m=051871..dcda2d    [32mmin_inclusion_block[0m=4 [32mmax_inclusion_block[0m=4
    txmgr.go:682:               [32mINFO [0m[12-20|23:58:32.050] Publishing transaction                   [32mservice[0m=batcher [32mtx[0m=0xc3abe9dceedd4640b2b49bea9610e7018edaab9db920d8628286454b2edc2d78 [32mnonce[0m=3 [32mgasTipCap[0m=2 [32mgasFeeCap[0m=1,174,736,646 [32mgasLimit[0m=23790
    channel_manager.go:355:     [32mINFO [0m[12-20|23:58:32.052] Created channel                          [32mid[0m=b28318..cffcc8    [32ml1Head[0m=bdfb70..368231:4 [32mblocks_pending[0m=6 [32ml1OriginLastSubmittedChannel[0m=3a6349..dec8dd:0 [32mbatch_type[0m=1 [32mcompression_algo[0m=brotli [32mtarget_num_frames[0m=1 [32mmax_frame_size[0m=119,999 [32muse_blobs[0m=false
    txmgr.go:717:               [32mINFO [0m[12-20|23:58:32.053] Transaction successfully published       [32mservice[0m=batcher [32mtx[0m=0xc3abe9dceedd4640b2b49bea9610e7018edaab9db920d8628286454b2edc2d78 [32mnonce[0m=3 [32mgasTipCap[0m=2 [32mgasFeeCap[0m=1,174,736,646 [32mgasLimit[0m=23790 [32mtx[0m=c3abe9..dc2d78
    system.go:237:              [32mINFO [0m[12-20|23:58:32.054] Exhausted L1 data                        [32mmode[0m=indexing [32mchainId[0m=901 [32mderivedFrom[0m=719f3d..b2a33b:2 [32mderived[0m=9ed7b6..89e819:6
    node.go:372:                [32mINFO [0m[12-20|23:58:32.054] Node completed syncing                   [32msyncnode[0m=syncnode-901-1 [32mendpoint[0m=RPCSyncSource(ws://127.0.0.1:62709) [32mchain[0m=901 [32ml2[0m=9ed7b6..89e819:6 [32ml1[0m=719f3d..b2a33b:2
    channel_manager.go:461:     [32mINFO [0m[12-20|23:58:32.058] Channel closed                           [32mid[0m=b28318..cffcc8    [32mblocks_pending[0m=0 [32mnum_frames[0m=1 [32minput_bytes[0m=52 [32moutput_bytes[0m=80 [32moldest_l1_origin[0m=482c43..4eda3f:1 [32ml1_origin[0m=482c43..4eda3f:1 [32moldest_l2[0m=c59e82..461f56:18 [32mlatest_l2[0m=cb5b29..31ed57:23 [32mfull_reason[0m="channel full: max channel duration reached" [32mcompr_ratio[0m=1.538
    driver.go:1027:             [32mINFO [0m[12-20|23:58:32.058] Building Calldata transaction candidate  [32msize[0m=81
    driver.go:344:              [32mINFO [0m[12-20|23:58:32.220] Added L2 block to local state            [32mblock[0m=74172a..03d8da:24 [32mtx_count[0m=1 [32mtime[0m=1,766,255,312
    l1_accessor.go:192:         [32mINFO [0m[12-20|23:58:32.534] Updated latest known L1 block            [32mservice[0m=l1-processor [32mref[0m=bdfb70..368231:4
    status.go:126:              [32mINFO [0m[12-20|23:58:32.676] New L1 safe block                        [32ml1_safe[0m=3a6349..dec8dd:0
    status.go:133:              [32mINFO [0m[12-20|23:58:32.676] New L1 finalized block                   [32ml1_finalized[0m=3a6349..dec8dd:0
    system.go:237:              [32mINFO [0m[12-20|23:58:32.677] Exhausted L1 data                        [32mmode[0m=indexing [32mchainId[0m=901 [32mderivedFrom[0m=719f3d..b2a33b:2 [32mderived[0m=9ed7b6..89e819:6
    node.go:372:                [32mINFO [0m[12-20|23:58:32.677] Node completed syncing                   [32msyncnode[0m=syncnode-901-1 [32mendpoint[0m=RPCSyncSource(ws://127.0.0.1:62709) [32mchain[0m=901 [32ml2[0m=9ed7b6..89e819:6 [32ml1[0m=719f3d..b2a33b:2
    sequencer.go:272:           [32mINFO [0m[12-20|23:58:32.952] Sequencer sealed block                   [32mpayloadID[0m=0x03efbd0d236d1646 [32mblock[0m=48ccca..e253e8:25 [32mparent[0m=74172a..03d8da:24 [32mtxs[0m=1 [32mtime[0m=1,766,255,313
    node.go:788:                [32mINFO [0m[12-20|23:58:32.952] Publishing signed execution payload on p2p [32mid[0m=48ccca..e253e8:25
    payload_success.go:89:      [32mINFO [0m[12-20|23:58:32.954] Inserted new L2 unsafe block             [32mhash[0m=48ccca..e253e8 [32mnumber[0m=25 [32mbuild_time[0m=950.574ms [32minsert_time[0m=2.559ms     [32mtotal_time[0m=953.134ms [32mmgas[0m=0.046 [32mmgasps[0m=0.048
    sequencer.go:341:           [32mINFO [0m[12-20|23:58:32.955] Sequencer inserted block                 [32mblock[0m=48ccca..e253e8:25 [32mparent[0m=74172a..03d8da:24
    driver.go:263:              [32mINFO [0m[12-20|23:58:32.955] Scheduled sequencer action               [32mdelta[0m=44.781ms
    sequencer.go:521:           [32mINFO [0m[12-20|23:58:33.001] Started sequencing new block             [32mparent[0m=48ccca..e253e8:25 [32ml1Origin[0m=719f3d..b2a33b:2
    driver.go:263:              [32mINFO [0m[12-20|23:58:33.003] Scheduled sequencer action               [32mdelta[0m=946.966ms
    driver.go:344:              [32mINFO [0m[12-20|23:58:33.220] Added L2 block to local state            [32mblock[0m=48ccca..e253e8:25 [32mtx_count[0m=1 [32mtime[0m=1,766,255,313
    sequencer.go:272:           [32mINFO [0m[12-20|23:58:33.951] Sequencer sealed block                   [32mpayloadID[0m=0x03341197fe881664 [32mblock[0m=7412fd..38b922:26 [32mparent[0m=48ccca..e253e8:25 [32mtxs[0m=1 [32mtime[0m=1,766,255,314
    node.go:788:                [32mINFO [0m[12-20|23:58:33.951] Publishing signed execution payload on p2p [32mid[0m=7412fd..38b922:26
    payload_success.go:89:      [32mINFO [0m[12-20|23:58:33.954] Inserted new L2 unsafe block             [32mhash[0m=7412fd..38b922 [32mnumber[0m=26 [32mbuild_time[0m=949.362ms [32minsert_time[0m=2.439ms     [32mtotal_time[0m=951.801ms [32mmgas[0m=0.054 [32mmgasps[0m=0.057
    sequencer.go:341:           [32mINFO [0m[12-20|23:58:33.954] Sequencer inserted block                 [32mblock[0m=7412fd..38b922:26 [32mparent[0m=48ccca..e253e8:25
    driver.go:263:              [32mINFO [0m[12-20|23:58:33.954] Scheduled sequencer action               [32mdelta[0m=45.654ms
    sequencer.go:521:           [32mINFO [0m[12-20|23:58:34.001] Started sequencing new block             [32mparent[0m=7412fd..38b922:26 [32ml1Origin[0m=719f3d..b2a33b:2
    driver.go:263:              [32mINFO [0m[12-20|23:58:34.002] Scheduled sequencer action               [32mdelta[0m=947.468ms
    txmgr.go:682:               [32mINFO [0m[12-20|23:58:34.053] Publishing transaction                   [32mservice[0m=batcher [32mtx[0m=0xc3abe9dceedd4640b2b49bea9610e7018edaab9db920d8628286454b2edc2d78 [32mnonce[0m=3 [32mgasTipCap[0m=2 [32mgasFeeCap[0m=1,174,736,646 [32mgasLimit[0m=23790
    driver.go:344:              [32mINFO [0m[12-20|23:58:34.220] Added L2 block to local state            [32mblock[0m=7412fd..38b922:26 [32mtx_count[0m=1 [32mtime[0m=1,766,255,314
    status.go:133:              [32mINFO [0m[12-20|23:58:34.676] New L1 finalized block                   [32ml1_finalized[0m=3a6349..dec8dd:0
    status.go:126:              [32mINFO [0m[12-20|23:58:34.676] New L1 safe block                        [32ml1_safe[0m=3a6349..dec8dd:0
    system.go:237:              [32mINFO [0m[12-20|23:58:34.677] Exhausted L1 data                        [32mmode[0m=indexing [32mchainId[0m=901 [32mderivedFrom[0m=719f3d..b2a33b:2 [32mderived[0m=9ed7b6..89e819:6
    node.go:372:                [32mINFO [0m[12-20|23:58:34.677] Node completed syncing                   [32msyncnode[0m=syncnode-901-1 [32mendpoint[0m=RPCSyncSource(ws://127.0.0.1:62709) [32mchain[0m=901 [32ml2[0m=9ed7b6..89e819:6 [32ml1[0m=719f3d..b2a33b:2
    sequencer.go:272:           [32mINFO [0m[12-20|23:58:34.951] Sequencer sealed block                   [32mpayloadID[0m=0x03f7842d1ab1aa23 [32mblock[0m=226214..5c4c14:27 [32mparent[0m=7412fd..38b922:26 [32mtxs[0m=1 [32mtime[0m=1,766,255,315
    node.go:788:                [32mINFO [0m[12-20|23:58:34.951] Publishing signed execution payload on p2p [32mid[0m=226214..5c4c14:27
    payload_success.go:89:      [32mINFO [0m[12-20|23:58:34.954] Inserted new L2 unsafe block             [32mhash[0m=226214..5c4c14 [32mnumber[0m=27 [32mbuild_time[0m=949.763ms [32minsert_time[0m=2.785ms     [32mtotal_time[0m=952.548ms [32mmgas[0m=0.046 [32mmgasps[0m=0.048
    sequencer.go:341:           [32mINFO [0m[12-20|23:58:34.954] Sequencer inserted block                 [32mblock[0m=226214..5c4c14:27 [32mparent[0m=7412fd..38b922:26
    driver.go:263:              [32mINFO [0m[12-20|23:58:34.954] Scheduled sequencer action               [32mdelta[0m=45.26ms
    sequencer.go:521:           [32mINFO [0m[12-20|23:58:35.001] Started sequencing new block             [32mparent[0m=226214..5c4c14:27 [32ml1Origin[0m=719f3d..b2a33b:2
    driver.go:263:              [32mINFO [0m[12-20|23:58:35.003] Scheduled sequencer action               [32mdelta[0m=946.526ms
    txmgr.go:682:               [32mINFO [0m[12-20|23:58:35.050] Publishing transaction                   [32mservice[0m=batcher [32mtx[0m=0xc3abe9dceedd4640b2b49bea9610e7018edaab9db920d8628286454b2edc2d78 [32mnonce[0m=3 [32mgasTipCap[0m=2 [32mgasFeeCap[0m=1,174,736,646 [32mgasLimit[0m=23790
    txmgr.go:888:               [32mINFO [0m[12-20|23:58:35.050] bumping gas price for transaction        [32mservice[0m=batcher [32mtx[0m=0xc3abe9dceedd4640b2b49bea9610e7018edaab9db920d8628286454b2edc2d78 [32mnonce[0m=3 [32mgasTipCap[0m=2 [32mgasFeeCap[0m=1,174,736,646 [32mgasLimit[0m=23790
    txmgr.go:717:               [32mINFO [0m[12-20|23:58:35.054] Transaction successfully published       [32mservice[0m=batcher [32mtx[0m=0x1b920c8471b6fd12f7bf35d3e9245729d925dc06bb0b5dd7a877c7fef248751b [32mnonce[0m=3 [32mgasTipCap[0m=3 [32mgasFeeCap[0m=1,292,210,311 [32mgasLimit[0m=24128 [32mtx[0m=1b920c..48751b
    driver.go:344:              [32mINFO [0m[12-20|23:58:35.220] Added L2 block to local state            [32mblock[0m=226214..5c4c14:27 [32mtx_count[0m=1 [32mtime[0m=1,766,255,315
    l1_accessor.go:174:         [32mINFO [0m[12-20|23:58:35.534] Latest L1 block signal is the same as the tip [32mservice[0m=l1-processor [32mref[0m=bdfb70..368231:4
    sequencer.go:272:           [32mINFO [0m[12-20|23:58:35.952] Sequencer sealed block                   [32mpayloadID[0m=0x03ff3d4b5dc768d5 [32mblock[0m=d16a43..3cf795:28 [32mparent[0m=226214..5c4c14:27 [32mtxs[0m=1 [32mtime[0m=1,766,255,316
    node.go:788:                [32mINFO [0m[12-20|23:58:35.952] Publishing signed execution payload on p2p [32mid[0m=d16a43..3cf795:28
    payload_success.go:89:      [32mINFO [0m[12-20|23:58:35.955] Inserted new L2 unsafe block             [32mhash[0m=d16a43..3cf795 [32mnumber[0m=28 [32mbuild_time[0m=949.841ms [32minsert_time[0m=2.837ms     [32mtotal_time[0m=952.678ms [32mmgas[0m=0.046 [32mmgasps[0m=0.048
    sequencer.go:341:           [32mINFO [0m[12-20|23:58:35.955] Sequencer inserted block                 [32mblock[0m=d16a43..3cf795:28 [32mparent[0m=226214..5c4c14:27
    driver.go:263:              [32mINFO [0m[12-20|23:58:35.955] Scheduled sequencer action               [32mdelta[0m=44.686ms
    sequencer.go:521:           [32mINFO [0m[12-20|23:58:36.001] Started sequencing new block             [32mparent[0m=d16a43..3cf795:28 [32ml1Origin[0m=719f3d..b2a33b:2
    driver.go:263:              [32mINFO [0m[12-20|23:58:36.003] Scheduled sequencer action               [32mdelta[0m=946.538ms
    driver.go:344:              [32mINFO [0m[12-20|23:58:36.220] Added L2 block to local state            [32mblock[0m=d16a43..3cf795:28 [32mtx_count[0m=1 [32mtime[0m=1,766,255,316
    status.go:126:              [32mINFO [0m[12-20|23:58:36.676] New L1 safe block                        [32ml1_safe[0m=3a6349..dec8dd:0
    status.go:133:              [32mINFO [0m[12-20|23:58:36.676] New L1 finalized block                   [32ml1_finalized[0m=3a6349..dec8dd:0
    system.go:237:              [32mINFO [0m[12-20|23:58:36.677] Exhausted L1 data                        [32mmode[0m=indexing [32mchainId[0m=901 [32mderivedFrom[0m=719f3d..b2a33b:2 [32mderived[0m=9ed7b6..89e819:6
    node.go:372:                [32mINFO [0m[12-20|23:58:36.677] Node completed syncing                   [32msyncnode[0m=syncnode-901-1 [32mendpoint[0m=RPCSyncSource(ws://127.0.0.1:62709) [32mchain[0m=901 [32ml2[0m=9ed7b6..89e819:6 [32ml1[0m=719f3d..b2a33b:2
    sequencer.go:272:           [32mINFO [0m[12-20|23:58:36.951] Sequencer sealed block                   [32mpayloadID[0m=0x03c754e85e173f9a [32mblock[0m=496763..47169c:29 [32mparent[0m=d16a43..3cf795:28 [32mtxs[0m=1 [32mtime[0m=1,766,255,317
    node.go:788:                [32mINFO [0m[12-20|23:58:36.951] Publishing signed execution payload on p2p [32mid[0m=496763..47169c:29
    payload_success.go:89:      [32mINFO [0m[12-20|23:58:36.954] Inserted new L2 unsafe block             [32mhash[0m=496763..47169c [32mnumber[0m=29 [32mbuild_time[0m=948.895ms [32minsert_time[0m=2.817ms     [32mtotal_time[0m=951.712ms [32mmgas[0m=0.046 [32mmgasps[0m=0.048
    sequencer.go:341:           [32mINFO [0m[12-20|23:58:36.954] Sequencer inserted block                 [32mblock[0m=496763..47169c:29 [32mparent[0m=d16a43..3cf795:28
    driver.go:263:              [32mINFO [0m[12-20|23:58:36.954] Scheduled sequencer action               [32mdelta[0m=45.384ms
    sequencer.go:521:           [32mINFO [0m[12-20|23:58:37.001] Started sequencing new block             [32mparent[0m=496763..47169c:29 [32ml1Origin[0m=719f3d..b2a33b:2
    driver.go:263:              [32mINFO [0m[12-20|23:58:37.002] Scheduled sequencer action               [32mdelta[0m=947.05ms
    txmgr.go:682:               [32mINFO [0m[12-20|23:58:37.054] Publishing transaction                   [32mservice[0m=batcher [32mtx[0m=0x1b920c8471b6fd12f7bf35d3e9245729d925dc06bb0b5dd7a877c7fef248751b [32mnonce[0m=3 [32mgasTipCap[0m=3 [32mgasFeeCap[0m=1,292,210,311 [32mgasLimit[0m=24128
    driver.go:344:              [32mINFO [0m[12-20|23:58:37.220] Added L2 block to local state            [32mblock[0m=496763..47169c:29 [32mtx_count[0m=1 [32mtime[0m=1,766,255,317
    sequencer.go:272:           [32mINFO [0m[12-20|23:58:37.952] Sequencer sealed block                   [32mpayloadID[0m=0x03da42e6ada730d0 [32mblock[0m=b58b13..1497f6:30 [32mparent[0m=496763..47169c:29 [32mtxs[0m=1 [32mtime[0m=1,766,255,318
    node.go:788:                [32mINFO [0m[12-20|23:58:37.952] Publishing signed execution payload on p2p [32mid[0m=b58b13..1497f6:30
    payload_success.go:89:      [32mINFO [0m[12-20|23:58:37.960] Inserted new L2 unsafe block             [32mhash[0m=b58b13..1497f6 [32mnumber[0m=30 [32mbuild_time[0m=949.757ms [32minsert_time[0m=8.792ms     [32mtotal_time[0m=958.550ms [32mmgas[0m=0.046 [32mmgasps[0m=0.048
    sequencer.go:341:           [32mINFO [0m[12-20|23:58:37.961] Sequencer inserted block                 [32mblock[0m=b58b13..1497f6:30 [32mparent[0m=496763..47169c:29
    driver.go:263:              [32mINFO [0m[12-20|23:58:37.961] Scheduled sequencer action               [32mdelta[0m=38.815ms
    sequencer.go:521:           [32mINFO [0m[12-20|23:58:38.001] Started sequencing new block             [32mparent[0m=b58b13..1497f6:30 [32ml1Origin[0m=719f3d..b2a33b:2
    driver.go:263:              [32mINFO [0m[12-20|23:58:38.002] Scheduled sequencer action               [32mdelta[0m=947.098ms
    txmgr.go:871:               [32mINFO [0m[12-20|23:58:38.006] Transaction confirmed                    [32mservice[0m=batcher [32mtx[0m=1b920c..48751b [32mblock[0m=7aa9be..9cb7b2:5 [32meffectiveGasPrice[0m=514,064,236
    txmgr.go:792:               [32mINFO [0m[12-20|23:58:38.006] Transaction receipt not found            [32mservice[0m=batcher [32mtx[0m=0xc3abe9dceedd4640b2b49bea9610e7018edaab9db920d8628286454b2edc2d78 [32mnonce[0m=3 [32mgasTipCap[0m=2 [32mgasFeeCap[0m=1,174,736,646 [32mgasLimit[0m=23790 [32merr[0m="context canceled"
    txmgr.go:792:               [32mINFO [0m[12-20|23:58:38.006] Transaction receipt not found            [32mservice[0m=batcher [32mtx[0m=0xc3abe9dceedd4640b2b49bea9610e7018edaab9db920d8628286454b2edc2d78 [32mnonce[0m=3 [32mgasTipCap[0m=2 [32mgasFeeCap[0m=1,174,736,646 [32mgasLimit[0m=23790 [32merr[0m="context canceled"
    txmgr.go:845:               [31mERROR[0m[12-20|23:58:38.006] Unable to fetch tip                      [31mservice[0m=batcher [31merr[0m="Post \"http://127.0.0.1:62699\": context canceled"
    txmgr.go:792:               [32mINFO [0m[12-20|23:58:38.006] Transaction receipt not found            [32mservice[0m=batcher [32mtx[0m=0x1b920c8471b6fd12f7bf35d3e9245729d925dc06bb0b5dd7a877c7fef248751b [32mnonce[0m=3 [32mgasTipCap[0m=3 [32mgasFeeCap[0m=1,292,210,311 [32mgasLimit[0m=24128 [32merr[0m="context canceled"
    driver.go:582:              [32mINFO [0m[12-20|23:58:38.006] Handling receipt                         [32mid[0m=bb35bb..bf9c57:0
    driver.go:1063:             [32mINFO [0m[12-20|23:58:38.006] Transaction confirmed                    [32mtx_id[0m=bb35bba06d7f9e124c78156669bf9c57:0 [32mtx[0m=1b920c..48751b [32mblock[0m=7aa9be..9cb7b2:5
    channel.go:80:              [32mINFO [0m[12-20|23:58:38.006] Channel is fully submitted               [32mid[0m=bb35bb..bf9c57    [32mmin_inclusion_block[0m=5 [32mmax_inclusion_block[0m=5
    txmgr.go:682:               [32mINFO [0m[12-20|23:58:38.008] Publishing transaction                   [32mservice[0m=batcher [32mtx[0m=0x1656b09433600cdd038e7e5b9060c0546b38538c3f4c71c5726594714080e017 [32mnonce[0m=4 [32mgasTipCap[0m=3 [32mgasFeeCap[0m=1,028,128,469 [32mgasLimit[0m=23850
    channel_manager.go:355:     [32mINFO [0m[12-20|23:58:38.008] Created channel                          [32mid[0m=60639e..7fec84    [32ml1Head[0m=7aa9be..9cb7b2:5 [32mblocks_pending[0m=6 [32ml1OriginLastSubmittedChannel[0m=482c43..4eda3f:1 [32mbatch_type[0m=1 [32mcompression_algo[0m=brotli [32mtarget_num_frames[0m=1 [32mmax_frame_size[0m=119,999 [32muse_blobs[0m=false
    txmgr.go:717:               [32mINFO [0m[12-20|23:58:38.009] Transaction successfully published       [32mservice[0m=batcher [32mtx[0m=0x1656b09433600cdd038e7e5b9060c0546b38538c3f4c71c5726594714080e017 [32mnonce[0m=4 [32mgasTipCap[0m=3 [32mgasFeeCap[0m=1,028,128,469 [32mgasLimit[0m=23850 [32mtx[0m=1656b0..80e017
    channel_manager.go:461:     [32mINFO [0m[12-20|23:58:38.011] Channel closed                           [32mid[0m=60639e..7fec84    [32mblocks_pending[0m=0 [32mnum_frames[0m=1 [32minput_bytes[0m=52 [32moutput_bytes[0m=80 [32moldest_l1_origin[0m=482c43..4eda3f:1 [32ml1_origin[0m=719f3d..b2a33b:2 [32moldest_l2[0m=74172a..03d8da:24 [32mlatest_l2[0m=496763..47169c:29 [32mfull_reason[0m="channel full: max channel duration reached" [32mcompr_ratio[0m=1.538
    driver.go:1027:             [32mINFO [0m[12-20|23:58:38.011] Building Calldata transaction candidate  [32msize[0m=81
    system.go:237:              [32mINFO [0m[12-20|23:58:38.073] Exhausted L1 data                        [32mmode[0m=indexing [32mchainId[0m=901 [32mderivedFrom[0m=719f3d..b2a33b:2 [32mderived[0m=9ed7b6..89e819:6
    node.go:372:                [32mINFO [0m[12-20|23:58:38.073] Node completed syncing                   [32msyncnode[0m=syncnode-901-1 [32mendpoint[0m=RPCSyncSource(ws://127.0.0.1:62709) [32mchain[0m=901 [32ml2[0m=9ed7b6..89e819:6 [32ml1[0m=719f3d..b2a33b:2
    driver.go:344:              [32mINFO [0m[12-20|23:58:38.219] Added L2 block to local state            [32mblock[0m=b58b13..1497f6:30 [32mtx_count[0m=1 [32mtime[0m=1,766,255,318
    l1_accessor.go:192:         [32mINFO [0m[12-20|23:58:38.534] Updated latest known L1 block            [32mservice[0m=l1-processor [32mref[0m=7aa9be..9cb7b2:5
    status.go:133:              [32mINFO [0m[12-20|23:58:38.676] New L1 finalized block                   [32ml1_finalized[0m=3a6349..dec8dd:0
    status.go:126:              [32mINFO [0m[12-20|23:58:38.676] New L1 safe block                        [32ml1_safe[0m=3a6349..dec8dd:0
    system.go:237:              [32mINFO [0m[12-20|23:58:38.677] Exhausted L1 data                        [32mmode[0m=indexing [32mchainId[0m=901 [32mderivedFrom[0m=719f3d..b2a33b:2 [32mderived[0m=9ed7b6..89e819:6
    node.go:372:                [32mINFO [0m[12-20|23:58:38.677] Node completed syncing                   [32msyncnode[0m=syncnode-901-1 [32mendpoint[0m=RPCSyncSource(ws://127.0.0.1:62709) [32mchain[0m=901 [32ml2[0m=9ed7b6..89e819:6 [32ml1[0m=719f3d..b2a33b:2
    system.go:462:              [32mINFO [0m[12-20|23:58:38.678] Received next L1 block                   [32mmode[0m=indexing [32mchainId[0m=901 [32mnextL1[0m=fd23db..0bdc54:3
    l1_traversal_managed.go:119: [32mINFO [0m[12-20|23:58:38.680] Derivation continued with next L1 block  [32mcurrent[0m=719f3d..b2a33b:2 [32mnext[0m=fd23db..0bdc54:3
    base_batch_stage.go:127:    [32mINFO [0m[12-20|23:58:38.680] Advancing bq origin                      [32morigin[0m=fd23db..0bdc54:3 [32moriginBehind[0m=false
    channel_assembler.go:99:    [32mINFO [0m[12-20|23:58:38.681] created new channel                      [32mstage[0m=channel [32morigin[0m=fd23db..0bdc54:3
    channel_in_reader.go:122:   [32mINFO [0m[12-20|23:58:38.681] decoded span batch from channel          [32mbatch_type[0m=SpanBatch [32mbatch_timestamp[0m=1,766,255,295 [32mparent_check[0m=0x9ed7b6587e1e8485a606a450d930b4d10f3be258 [32morigin_check[0m=0x3a63497fd2945f408b883ca729b8dd02ca9d25df [32mstart_epoch_number[0m=0 [32mend_epoch_number[0m=0 [32mblock_count[0m=1 [32mtxs[0m=0 [32mcompression_algo[0m=brotli [32mstage_origin[0m=fd23db..0bdc54:3
    batch_stage.go:142:         [32mINFO [0m[12-20|23:58:38.681] Found next valid span batch              [32morigin[0m=fd23db..0bdc54:3 [32mepoch[0m=3a6349..dec8dd:0 [32mbatch_type[0m=SpanBatch [32mbatch_timestamp[0m=1,766,255,295 [32mparent_check[0m=0x9ed7b6587e1e8485a606a450d930b4d10f3be258 [32morigin_check[0m=0x3a63497fd2945f408b883ca729b8dd02ca9d25df [32mstart_epoch_number[0m=0 [32mend_epoch_number[0m=0 [32mblock_count[0m=1 [32mtxs[0m=0
    attributes_queue.go:134:    [32mINFO [0m[12-20|23:58:38.681] generated attributes in payload queue    [32mtxs[0m=1 [32mtimestamp[0m=1,766,255,295
    safedb.go:103:              [32mINFO [0m[12-20|23:58:38.682] Record safe head                         [32ml2[0m=c07f5f..2a989b:7 [32ml1[0m=fd23db..0bdc54:3
    system.go:237:              [32mINFO [0m[12-20|23:58:38.687] Exhausted L1 data                        [32mmode[0m=indexing [32mchainId[0m=901 [32mderivedFrom[0m=fd23db..0bdc54:3 [32mderived[0m=c07f5f..2a989b:7
    node.go:372:                [32mINFO [0m[12-20|23:58:38.687] Node completed syncing                   [32msyncnode[0m=syncnode-901-1 [32mendpoint[0m=RPCSyncSource(ws://127.0.0.1:62709) [32mchain[0m=901 [32ml2[0m=c07f5f..2a989b:7 [32ml1[0m=fd23db..0bdc54:3
    sequencer.go:272:           [32mINFO [0m[12-20|23:58:38.951] Sequencer sealed block                   [32mpayloadID[0m=0x03bbb3d0396ce91d [32mblock[0m=972a1a..d13847:31 [32mparent[0m=b58b13..1497f6:30 [32mtxs[0m=1 [32mtime[0m=1,766,255,319
    node.go:788:                [32mINFO [0m[12-20|23:58:38.952] Publishing signed execution payload on p2p [32mid[0m=972a1a..d13847:31
    payload_success.go:89:      [32mINFO [0m[12-20|23:58:38.954] Inserted new L2 unsafe block             [32mhash[0m=972a1a..d13847 [32mnumber[0m=31 [32mbuild_time[0m=950.052ms [32minsert_time[0m=2.844ms     [32mtotal_time[0m=952.896ms [32mmgas[0m=0.046 [32mmgasps[0m=0.048
    sequencer.go:341:           [32mINFO [0m[12-20|23:58:38.955] Sequencer inserted block                 [32mblock[0m=972a1a..d13847:31 [32mparent[0m=b58b13..1497f6:30
    driver.go:263:              [32mINFO [0m[12-20|23:58:38.955] Scheduled sequencer action               [32mdelta[0m=44.784ms
    sequencer.go:521:           [32mINFO [0m[12-20|23:58:39.000] Started sequencing new block             [32mparent[0m=972a1a..d13847:31 [32ml1Origin[0m=fd23db..0bdc54:3
    driver.go:263:              [32mINFO [0m[12-20|23:58:39.003] Scheduled sequencer action               [32mdelta[0m=947.001ms
    driver.go:344:              [32mINFO [0m[12-20|23:58:39.220] Added L2 block to local state            [32mblock[0m=972a1a..d13847:31 [32mtx_count[0m=1 [32mtime[0m=1,766,255,319
    sequencer.go:272:           [32mINFO [0m[12-20|23:58:39.952] Sequencer sealed block                   [32mpayloadID[0m=0x039080836aa06a40 [32mblock[0m=c9e603..1555aa:32 [32mparent[0m=972a1a..d13847:31 [32mtxs[0m=1 [32mtime[0m=1,766,255,320
    node.go:788:                [32mINFO [0m[12-20|23:58:39.952] Publishing signed execution payload on p2p [32mid[0m=c9e603..1555aa:32
    payload_success.go:89:      [32mINFO [0m[12-20|23:58:39.954] Inserted new L2 unsafe block             [32mhash[0m=c9e603..1555aa [32mnumber[0m=32 [32mbuild_time[0m=949.915ms [32minsert_time[0m=2.612ms     [32mtotal_time[0m=952.527ms [32mmgas[0m=0.054 [32mmgasps[0m=0.057
    sequencer.go:341:           [32mINFO [0m[12-20|23:58:39.954] Sequencer inserted block                 [32mblock[0m=c9e603..1555aa:32 [32mparent[0m=972a1a..d13847:31
    driver.go:263:              [32mINFO [0m[12-20|23:58:39.955] Scheduled sequencer action               [32mdelta[0m=44.956ms
    sequencer.go:521:           [32mINFO [0m[12-20|23:58:40.001] Started sequencing new block             [32mparent[0m=c9e603..1555aa:32 [32ml1Origin[0m=fd23db..0bdc54:3
    driver.go:263:              [32mINFO [0m[12-20|23:58:40.003] Scheduled sequencer action               [32mdelta[0m=946.672ms
    txmgr.go:682:               [32mINFO [0m[12-20|23:58:40.009] Publishing transaction                   [32mservice[0m=batcher [32mtx[0m=0x1656b09433600cdd038e7e5b9060c0546b38538c3f4c71c5726594714080e017 [32mnonce[0m=4 [32mgasTipCap[0m=3 [32mgasFeeCap[0m=1,028,128,469 [32mgasLimit[0m=23850
    driver.go:344:              [32mINFO [0m[12-20|23:58:40.220] Added L2 block to local state            [32mblock[0m=c9e603..1555aa:32 [32mtx_count[0m=1 [32mtime[0m=1,766,255,320
    status.go:133:              [32mINFO [0m[12-20|23:58:40.676] New L1 finalized block                   [32ml1_finalized[0m=3a6349..dec8dd:0
    status.go:126:              [32mINFO [0m[12-20|23:58:40.676] New L1 safe block                        [32ml1_safe[0m=3a6349..dec8dd:0
    system.go:237:              [32mINFO [0m[12-20|23:58:40.677] Exhausted L1 data                        [32mmode[0m=indexing [32mchainId[0m=901 [32mderivedFrom[0m=fd23db..0bdc54:3 [32mderived[0m=c07f5f..2a989b:7
    node.go:372:                [32mINFO [0m[12-20|23:58:40.677] Node completed syncing                   [32msyncnode[0m=syncnode-901-1 [32mendpoint[0m=RPCSyncSource(ws://127.0.0.1:62709) [32mchain[0m=901 [32ml2[0m=c07f5f..2a989b:7 [32ml1[0m=fd23db..0bdc54:3
    sequencer.go:272:           [32mINFO [0m[12-20|23:58:40.951] Sequencer sealed block                   [32mpayloadID[0m=0x03d1746a0601a62b [32mblock[0m=5542b8..aacef4:33 [32mparent[0m=c9e603..1555aa:32 [32mtxs[0m=1 [32mtime[0m=1,766,255,321
    node.go:788:                [32mINFO [0m[12-20|23:58:40.952] Publishing signed execution payload on p2p [32mid[0m=5542b8..aacef4:33
    payload_success.go:89:      [32mINFO [0m[12-20|23:58:40.954] Inserted new L2 unsafe block             [32mhash[0m=5542b8..aacef4 [32mnumber[0m=33 [32mbuild_time[0m=949.868ms [32minsert_time[0m=2.413ms     [32mtotal_time[0m=952.281ms [32mmgas[0m=0.046 [32mmgasps[0m=0.048
    sequencer.go:341:           [32mINFO [0m[12-20|23:58:40.954] Sequencer inserted block                 [32mblock[0m=5542b8..aacef4:33 [32mparent[0m=c9e603..1555aa:32
    driver.go:263:              [32mINFO [0m[12-20|23:58:40.954] Scheduled sequencer action               [32mdelta[0m=45.216ms
    sequencer.go:521:           [32mINFO [0m[12-20|23:58:41.001] Started sequencing new block             [32mparent[0m=5542b8..aacef4:33 [32ml1Origin[0m=fd23db..0bdc54:3
    driver.go:263:              [32mINFO [0m[12-20|23:58:41.002] Scheduled sequencer action               [32mdelta[0m=947.305ms
    txmgr.go:682:               [32mINFO [0m[12-20|23:58:41.008] Publishing transaction                   [32mservice[0m=batcher [32mtx[0m=0x1656b09433600cdd038e7e5b9060c0546b38538c3f4c71c5726594714080e017 [32mnonce[0m=4 [32mgasTipCap[0m=3 [32mgasFeeCap[0m=1,028,128,469 [32mgasLimit[0m=23850
    txmgr.go:888:               [32mINFO [0m[12-20|23:58:41.008] bumping gas price for transaction        [32mservice[0m=batcher [32mtx[0m=0x1656b09433600cdd038e7e5b9060c0546b38538c3f4c71c5726594714080e017 [32mnonce[0m=4 [32mgasTipCap[0m=3 [32mgasFeeCap[0m=1,028,128,469 [32mgasLimit[0m=23850
    txmgr.go:717:               [32mINFO [0m[12-20|23:58:41.011] Transaction successfully published       [32mservice[0m=batcher [32mtx[0m=0xcb981116c34d699ee64c7f78b268b004770f0f224de33393fdb275e25a4445b1 [32mnonce[0m=4 [32mgasTipCap[0m=4 [32mgasFeeCap[0m=1,130,941,316 [32mgasLimit[0m=24188 [32mtx[0m=cb9811..4445b1
    driver.go:344:              [32mINFO [0m[12-20|23:58:41.220] Added L2 block to local state            [32mblock[0m=5542b8..aacef4:33 [32mtx_count[0m=1 [32mtime[0m=1,766,255,321
    l1_accessor.go:174:         [32mINFO [0m[12-20|23:58:41.534] Latest L1 block signal is the same as the tip [32mservice[0m=l1-processor [32mref[0m=7aa9be..9cb7b2:5
    sequencer.go:272:           [32mINFO [0m[12-20|23:58:41.951] Sequencer sealed block                   [32mpayloadID[0m=0x03991562054952a0 [32mblock[0m=5e5c66..22681c:34 [32mparent[0m=5542b8..aacef4:33 [32mtxs[0m=1 [32mtime[0m=1,766,255,322
    node.go:788:                [32mINFO [0m[12-20|23:58:41.952] Publishing signed execution payload on p2p [32mid[0m=5e5c66..22681c:34
    payload_success.go:89:      [32mINFO [0m[12-20|23:58:41.954] Inserted new L2 unsafe block             [32mhash[0m=5e5c66..22681c [32mnumber[0m=34 [32mbuild_time[0m=949.798ms [32minsert_time[0m=2.764ms     [32mtotal_time[0m=952.563ms [32mmgas[0m=0.046 [32mmgasps[0m=0.048
    sequencer.go:341:           [32mINFO [0m[12-20|23:58:41.954] Sequencer inserted block                 [32mblock[0m=5e5c66..22681c:34 [32mparent[0m=5542b8..aacef4:33
    driver.go:263:              [32mINFO [0m[12-20|23:58:41.955] Scheduled sequencer action               [32mdelta[0m=44.793ms
    sequencer.go:521:           [32mINFO [0m[12-20|23:58:42.000] Started sequencing new block             [32mparent[0m=5e5c66..22681c:34 [32ml1Origin[0m=fd23db..0bdc54:3
    driver.go:263:              [32mINFO [0m[12-20|23:58:42.002] Scheduled sequencer action               [32mdelta[0m=947.69ms
    driver.go:344:              [32mINFO [0m[12-20|23:58:42.220] Added L2 block to local state            [32mblock[0m=5e5c66..22681c:34 [32mtx_count[0m=1 [32mtime[0m=1,766,255,322
    status.go:126:              [32mINFO [0m[12-20|23:58:42.675] New L1 safe block                        [32ml1_safe[0m=3a6349..dec8dd:0
    status.go:133:              [32mINFO [0m[12-20|23:58:42.675] New L1 finalized block                   [32ml1_finalized[0m=3a6349..dec8dd:0
    system.go:237:              [32mINFO [0m[12-20|23:58:42.676] Exhausted L1 data                        [32mmode[0m=indexing [32mchainId[0m=901 [32mderivedFrom[0m=fd23db..0bdc54:3 [32mderived[0m=c07f5f..2a989b:7
    node.go:372:                [32mINFO [0m[12-20|23:58:42.676] Node completed syncing                   [32msyncnode[0m=syncnode-901-1 [32mendpoint[0m=RPCSyncSource(ws://127.0.0.1:62709) [32mchain[0m=901 [32ml2[0m=c07f5f..2a989b:7 [32ml1[0m=fd23db..0bdc54:3
    sequencer.go:272:           [32mINFO [0m[12-20|23:58:42.951] Sequencer sealed block                   [32mpayloadID[0m=0x038bc5a500b845be [32mblock[0m=8abe29..abde3f:35 [32mparent[0m=5e5c66..22681c:34 [32mtxs[0m=1 [32mtime[0m=1,766,255,323
    node.go:788:                [32mINFO [0m[12-20|23:58:42.952] Publishing signed execution payload on p2p [32mid[0m=8abe29..abde3f:35
    payload_success.go:89:      [32mINFO [0m[12-20|23:58:42.954] Inserted new L2 unsafe block             [32mhash[0m=8abe29..abde3f [32mnumber[0m=35 [32mbuild_time[0m=950.476ms [32minsert_time[0m=2.555ms     [32mtotal_time[0m=953.031ms [32mmgas[0m=0.046 [32mmgasps[0m=0.048
    sequencer.go:341:           [32mINFO [0m[12-20|23:58:42.954] Sequencer inserted block                 [32mblock[0m=8abe29..abde3f:35 [32mparent[0m=5e5c66..22681c:34
    driver.go:263:              [32mINFO [0m[12-20|23:58:42.955] Scheduled sequencer action               [32mdelta[0m=44.99ms
    sequencer.go:521:           [32mINFO [0m[12-20|23:58:43.001] Started sequencing new block             [32mparent[0m=8abe29..abde3f:35 [32ml1Origin[0m=fd23db..0bdc54:3
    driver.go:263:              [32mINFO [0m[12-20|23:58:43.003] Scheduled sequencer action               [32mdelta[0m=946.924ms
    txmgr.go:682:               [32mINFO [0m[12-20|23:58:43.012] Publishing transaction                   [32mservice[0m=batcher [32mtx[0m=0xcb981116c34d699ee64c7f78b268b004770f0f224de33393fdb275e25a4445b1 [32mnonce[0m=4 [32mgasTipCap[0m=4 [32mgasFeeCap[0m=1,130,941,316 [32mgasLimit[0m=24188
    driver.go:344:              [32mINFO [0m[12-20|23:58:43.220] Added L2 block to local state            [32mblock[0m=8abe29..abde3f:35 [32mtx_count[0m=1 [32mtime[0m=1,766,255,323
    sequencer.go:272:           [32mINFO [0m[12-20|23:58:43.951] Sequencer sealed block                   [32mpayloadID[0m=0x038d484d9c90c313 [32mblock[0m=115782..a800a1:36 [32mparent[0m=8abe29..abde3f:35 [32mtxs[0m=1 [32mtime[0m=1,766,255,324
    node.go:788:                [32mINFO [0m[12-20|23:58:43.951] Publishing signed execution payload on p2p [32mid[0m=115782..a800a1:36
    payload_success.go:89:      [32mINFO [0m[12-20|23:58:43.954] Inserted new L2 unsafe block             [32mhash[0m=115782..a800a1 [32mnumber[0m=36 [32mbuild_time[0m=949.555ms [32minsert_time[0m=2.973ms     [32mtotal_time[0m=952.528ms [32mmgas[0m=0.046 [32mmgasps[0m=0.048
    sequencer.go:341:           [32mINFO [0m[12-20|23:58:43.954] Sequencer inserted block                 [32mblock[0m=115782..a800a1:36 [32mparent[0m=8abe29..abde3f:35
    driver.go:263:              [32mINFO [0m[12-20|23:58:43.955] Scheduled sequencer action               [32mdelta[0m=44.844ms
    sequencer.go:521:           [32mINFO [0m[12-20|23:58:44.001] Started sequencing new block             [32mparent[0m=115782..a800a1:36 [32ml1Origin[0m=fd23db..0bdc54:3
    driver.go:263:              [32mINFO [0m[12-20|23:58:44.003] Scheduled sequencer action               [32mdelta[0m=946.853ms
    txmgr.go:682:               [32mINFO [0m[12-20|23:58:44.008] Publishing transaction                   [32mservice[0m=batcher [32mtx[0m=0xcb981116c34d699ee64c7f78b268b004770f0f224de33393fdb275e25a4445b1 [32mnonce[0m=4 [32mgasTipCap[0m=4 [32mgasFeeCap[0m=1,130,941,316 [32mgasLimit[0m=24188
    txmgr.go:888:               [32mINFO [0m[12-20|23:58:44.008] bumping gas price for transaction        [32mservice[0m=batcher [32mtx[0m=0xcb981116c34d699ee64c7f78b268b004770f0f224de33393fdb275e25a4445b1 [32mnonce[0m=4 [32mgasTipCap[0m=4 [32mgasFeeCap[0m=1,130,941,316 [32mgasLimit[0m=24188
    txmgr.go:871:               [32mINFO [0m[12-20|23:58:44.013] Transaction confirmed                    [32mservice[0m=batcher [32mtx[0m=cb9811..4445b1 [32mblock[0m=8c1e88..2fecd2:6 [32meffectiveGasPrice[0m=449,908,621
    txmgr.go:792:               [32mINFO [0m[12-20|23:58:44.013] Transaction receipt not found            [32mservice[0m=batcher [32mtx[0m=0x1656b09433600cdd038e7e5b9060c0546b38538c3f4c71c5726594714080e017 [32mnonce[0m=4 [32mgasTipCap[0m=3 [32mgasFeeCap[0m=1,028,128,469 [32mgasLimit[0m=23850 [32merr[0m="context canceled"
    txmgr.go:845:               [31mERROR[0m[12-20|23:58:44.013] Unable to fetch tip                      [31mservice[0m=batcher [31merr[0m="Post \"http://127.0.0.1:62699\": context canceled"
    txmgr.go:792:               [32mINFO [0m[12-20|23:58:44.013] Transaction receipt not found            [32mservice[0m=batcher [32mtx[0m=0xcb981116c34d699ee64c7f78b268b004770f0f224de33393fdb275e25a4445b1 [32mnonce[0m=4 [32mgasTipCap[0m=4 [32mgasFeeCap[0m=1,130,941,316 [32mgasLimit[0m=24188 [32merr[0m="context canceled"
    txmgr.go:792:               [32mINFO [0m[12-20|23:58:44.013] Transaction receipt not found            [32mservice[0m=batcher [32mtx[0m=0x1656b09433600cdd038e7e5b9060c0546b38538c3f4c71c5726594714080e017 [32mnonce[0m=4 [32mgasTipCap[0m=3 [32mgasFeeCap[0m=1,028,128,469 [32mgasLimit[0m=23850 [32merr[0m="context canceled"
    txmgr.go:792:               [32mINFO [0m[12-20|23:58:44.013] Transaction receipt not found            [32mservice[0m=batcher [32mtx[0m=0x197e043cfaa2baec30d5ac448108d5856da43d450e587e43d65377d1b1e731a6 [32mnonce[0m=4 [32mgasTipCap[0m=5 [32mgasFeeCap[0m=1,244,035,448 [32mgasLimit[0m=24188 [32merr[0m="context canceled"
    driver.go:582:              [32mINFO [0m[12-20|23:58:44.013] Handling receipt                         [32mid[0m=b28318..cffcc8:0
    driver.go:1063:             [32mINFO [0m[12-20|23:58:44.013] Transaction confirmed                    [32mtx_id[0m=b2831889438920299210ce07d1cffcc8:0 [32mtx[0m=cb9811..4445b1 [32mblock[0m=8c1e88..2fecd2:6
    channel.go:80:              [32mINFO [0m[12-20|23:58:44.013] Channel is fully submitted               [32mid[0m=b28318..cffcc8    [32mmin_inclusion_block[0m=6 [32mmax_inclusion_block[0m=6
    txmgr.go:682:               [32mINFO [0m[12-20|23:58:44.014] Publishing transaction                   [32mservice[0m=batcher [32mtx[0m=0x5a0ef9043d44588c3bade528326177874b51e6b83e97ec6ff518c3a8e4f57065 [32mnonce[0m=5 [32mgasTipCap[0m=3 [32mgasFeeCap[0m=899,817,237 [32mgasLimit[0m=23880
    txmgr.go:717:               [32mINFO [0m[12-20|23:58:44.015] Transaction successfully published       [32mservice[0m=batcher [32mtx[0m=0x5a0ef9043d44588c3bade528326177874b51e6b83e97ec6ff518c3a8e4f57065 [32mnonce[0m=5 [32mgasTipCap[0m=3 [32mgasFeeCap[0m=899,817,237 [32mgasLimit[0m=23880 [32mtx[0m=5a0ef9..f57065
    channel_manager.go:355:     [32mINFO [0m[12-20|23:58:44.015] Created channel                          [32mid[0m=825c67..450378    [32ml1Head[0m=8c1e88..2fecd2:6 [32mblocks_pending[0m=6 [32ml1OriginLastSubmittedChannel[0m=719f3d..b2a33b:2 [32mbatch_type[0m=1 [32mcompression_algo[0m=brotli [32mtarget_num_frames[0m=1 [32mmax_frame_size[0m=119,999 [32muse_blobs[0m=false
    channel_manager.go:461:     [32mINFO [0m[12-20|23:58:44.022] Channel closed                           [32mid[0m=825c67..450378    [32mblocks_pending[0m=0 [32mnum_frames[0m=1 [32minput_bytes[0m=52 [32moutput_bytes[0m=80 [32moldest_l1_origin[0m=719f3d..b2a33b:2 [32ml1_origin[0m=fd23db..0bdc54:3 [32moldest_l2[0m=b58b13..1497f6:30 [32mlatest_l2[0m=8abe29..abde3f:35 [32mfull_reason[0m="channel full: max channel duration reached" [32mcompr_ratio[0m=1.538
    driver.go:1027:             [32mINFO [0m[12-20|23:58:44.022] Building Calldata transaction candidate  [32msize[0m=81
    system.go:237:              [32mINFO [0m[12-20|23:58:44.081] Exhausted L1 data                        [32mmode[0m=indexing [32mchainId[0m=901 [32mderivedFrom[0m=fd23db..0bdc54:3 [32mderived[0m=c07f5f..2a989b:7
    node.go:372:                [32mINFO [0m[12-20|23:58:44.081] Node completed syncing                   [32msyncnode[0m=syncnode-901-1 [32mendpoint[0m=RPCSyncSource(ws://127.0.0.1:62709) [32mchain[0m=901 [32ml2[0m=c07f5f..2a989b:7 [32ml1[0m=fd23db..0bdc54:3
    driver.go:344:              [32mINFO [0m[12-20|23:58:44.219] Added L2 block to local state            [32mblock[0m=115782..a800a1:36 [32mtx_count[0m=1 [32mtime[0m=1,766,255,324
    l1_accessor.go:192:         [32mINFO [0m[12-20|23:58:44.534] Updated latest known L1 block            [32mservice[0m=l1-processor [32mref[0m=8c1e88..2fecd2:6
    status.go:126:              [32mINFO [0m[12-20|23:58:44.676] New L1 safe block                        [32ml1_safe[0m=3a6349..dec8dd:0
    status.go:133:              [32mINFO [0m[12-20|23:58:44.676] New L1 finalized block                   [32ml1_finalized[0m=3a6349..dec8dd:0
    system.go:237:              [32mINFO [0m[12-20|23:58:44.677] Exhausted L1 data                        [32mmode[0m=indexing [32mchainId[0m=901 [32mderivedFrom[0m=fd23db..0bdc54:3 [32mderived[0m=c07f5f..2a989b:7
    node.go:372:                [32mINFO [0m[12-20|23:58:44.677] Node completed syncing                   [32msyncnode[0m=syncnode-901-1 [32mendpoint[0m=RPCSyncSource(ws://127.0.0.1:62709) [32mchain[0m=901 [32ml2[0m=c07f5f..2a989b:7 [32ml1[0m=fd23db..0bdc54:3
    system.go:462:              [32mINFO [0m[12-20|23:58:44.678] Received next L1 block                   [32mmode[0m=indexing [32mchainId[0m=901 [32mnextL1[0m=bdfb70..368231:4
    l1_traversal_managed.go:119: [32mINFO [0m[12-20|23:58:44.679] Derivation continued with next L1 block  [32mcurrent[0m=fd23db..0bdc54:3 [32mnext[0m=bdfb70..368231:4
    base_batch_stage.go:127:    [32mINFO [0m[12-20|23:58:44.679] Advancing bq origin                      [32morigin[0m=bdfb70..368231:4 [32moriginBehind[0m=false
    channel_assembler.go:99:    [32mINFO [0m[12-20|23:58:44.680] created new channel                      [32mstage[0m=channel [32morigin[0m=bdfb70..368231:4
    channel_in_reader.go:122:   [32mINFO [0m[12-20|23:58:44.680] decoded span batch from channel          [32mbatch_type[0m=SpanBatch [32mbatch_timestamp[0m=1,766,255,296 [32mparent_check[0m=0xc07f5fa367db03edcd0c6fb23802072e8adde4e8 [32morigin_check[0m=0x3a63497fd2945f408b883ca729b8dd02ca9d25df [32mstart_epoch_number[0m=0 [32mend_epoch_number[0m=0 [32mblock_count[0m=4 [32mtxs[0m=0 [32mcompression_algo[0m=brotli [32mstage_origin[0m=bdfb70..368231:4
    batch_stage.go:142:         [32mINFO [0m[12-20|23:58:44.680] Found next valid span batch              [32morigin[0m=bdfb70..368231:4 [32mepoch[0m=3a6349..dec8dd:0 [32mbatch_type[0m=SpanBatch [32mbatch_timestamp[0m=1,766,255,296 [32mparent_check[0m=0xc07f5fa367db03edcd0c6fb23802072e8adde4e8 [32morigin_check[0m=0x3a63497fd2945f408b883ca729b8dd02ca9d25df [32mstart_epoch_number[0m=0 [32mend_epoch_number[0m=0 [32mblock_count[0m=4 [32mtxs[0m=0
    attributes_queue.go:134:    [32mINFO [0m[12-20|23:58:44.680] generated attributes in payload queue    [32mtxs[0m=1 [32mtimestamp[0m=1,766,255,296
    attributes_queue.go:134:    [32mINFO [0m[12-20|23:58:44.681] generated attributes in payload queue    [32mtxs[0m=1 [32mtimestamp[0m=1,766,255,297
    safedb.go:103:              [32mINFO [0m[12-20|23:58:44.681] Record safe head                         [32ml2[0m=947ce0..b26db1:8 [32ml1[0m=bdfb70..368231:4
    attributes_queue.go:134:    [32mINFO [0m[12-20|23:58:44.688] generated attributes in payload queue    [32mtxs[0m=1 [32mtimestamp[0m=1,766,255,298
    safedb.go:103:              [32mINFO [0m[12-20|23:58:44.688] Record safe head                         [32ml2[0m=6d7d0a..d18eee:9 [32ml1[0m=bdfb70..368231:4
    attributes_queue.go:134:    [32mINFO [0m[12-20|23:58:44.693] generated attributes in payload queue    [32mtxs[0m=1 [32mtimestamp[0m=1,766,255,299
    safedb.go:103:              [32mINFO [0m[12-20|23:58:44.693] Record safe head                         [32ml2[0m=c76185..b22b28:10 [32ml1[0m=bdfb70..368231:4
    safedb.go:103:              [32mINFO [0m[12-20|23:58:44.698] Record safe head                         [32ml2[0m=a964a1..1d3b18:11 [32ml1[0m=bdfb70..368231:4
    system.go:237:              [32mINFO [0m[12-20|23:58:44.702] Exhausted L1 data                        [32mmode[0m=indexing [32mchainId[0m=901 [32mderivedFrom[0m=bdfb70..368231:4 [32mderived[0m=a964a1..1d3b18:11
    node.go:372:                [32mINFO [0m[12-20|23:58:44.702] Node completed syncing                   [32msyncnode[0m=syncnode-901-1 [32mendpoint[0m=RPCSyncSource(ws://127.0.0.1:62709) [32mchain[0m=901 [32ml2[0m=a964a1..1d3b18:11 [32ml1[0m=bdfb70..368231:4
    sequencer.go:272:           [32mINFO [0m[12-20|23:58:44.951] Sequencer sealed block                   [32mpayloadID[0m=0x03e57665b25a3b3d [32mblock[0m=907713..6f6cbb:37 [32mparent[0m=115782..a800a1:36 [32mtxs[0m=1 [32mtime[0m=1,766,255,325
    node.go:788:                [32mINFO [0m[12-20|23:58:44.952] Publishing signed execution payload on p2p [32mid[0m=907713..6f6cbb:37
    payload_success.go:89:      [32mINFO [0m[12-20|23:58:44.954] Inserted new L2 unsafe block             [32mhash[0m=907713..6f6cbb [32mnumber[0m=37 [32mbuild_time[0m=949.746ms [32minsert_time[0m=2.578ms     [32mtotal_time[0m=952.325ms [32mmgas[0m=0.046 [32mmgasps[0m=0.048
    sequencer.go:341:           [32mINFO [0m[12-20|23:58:44.954] Sequencer inserted block                 [32mblock[0m=907713..6f6cbb:37 [32mparent[0m=115782..a800a1:36
    driver.go:263:              [32mINFO [0m[12-20|23:58:44.954] Scheduled sequencer action               [32mdelta[0m=45.171ms
    sequencer.go:521:           [32mINFO [0m[12-20|23:58:45.000] Started sequencing new block             [32mparent[0m=907713..6f6cbb:37 [32ml1Origin[0m=bdfb70..368231:4
    driver.go:263:              [32mINFO [0m[12-20|23:58:45.002] Scheduled sequencer action               [32mdelta[0m=947.726ms
    driver.go:344:              [32mINFO [0m[12-20|23:58:45.219] Added L2 block to local state            [32mblock[0m=907713..6f6cbb:37 [32mtx_count[0m=1 [32mtime[0m=1,766,255,325
    sequencer.go:272:           [32mINFO [0m[12-20|23:58:45.951] Sequencer sealed block                   [32mpayloadID[0m=0x03c51aeaeed664db [32mblock[0m=2b94fe..09a052:38 [32mparent[0m=907713..6f6cbb:37 [32mtxs[0m=1 [32mtime[0m=1,766,255,326
    node.go:788:                [32mINFO [0m[12-20|23:58:45.951] Publishing signed execution payload on p2p [32mid[0m=2b94fe..09a052:38
    payload_success.go:89:      [32mINFO [0m[12-20|23:58:45.954] Inserted new L2 unsafe block             [32mhash[0m=2b94fe..09a052 [32mnumber[0m=38 [32mbuild_time[0m=950.300ms [32minsert_time[0m=2.843ms     [32mtotal_time[0m=953.144ms [32mmgas[0m=0.054 [32mmgasps[0m=0.057
    sequencer.go:341:           [32mINFO [0m[12-20|23:58:45.954] Sequencer inserted block                 [32mblock[0m=2b94fe..09a052:38 [32mparent[0m=907713..6f6cbb:37
    driver.go:263:              [32mINFO [0m[12-20|23:58:45.955] Scheduled sequencer action               [32mdelta[0m=44.994ms
    sequencer.go:521:           [32mINFO [0m[12-20|23:58:46.001] Started sequencing new block             [32mparent[0m=2b94fe..09a052:38 [32ml1Origin[0m=bdfb70..368231:4
    driver.go:263:              [32mINFO [0m[12-20|23:58:46.003] Scheduled sequencer action               [32mdelta[0m=946.88ms
    txmgr.go:682:               [32mINFO [0m[12-20|23:58:46.016] Publishing transaction                   [32mservice[0m=batcher [32mtx[0m=0x5a0ef9043d44588c3bade528326177874b51e6b83e97ec6ff518c3a8e4f57065 [32mnonce[0m=5 [32mgasTipCap[0m=3 [32mgasFeeCap[0m=899,817,237 [32mgasLimit[0m=23880
    driver.go:344:              [32mINFO [0m[12-20|23:58:46.218] Added L2 block to local state            [32mblock[0m=2b94fe..09a052:38 [32mtx_count[0m=1 [32mtime[0m=1,766,255,326
    status.go:133:              [32mINFO [0m[12-20|23:58:46.676] New L1 finalized block                   [32ml1_finalized[0m=3a6349..dec8dd:0
    status.go:126:              [32mINFO [0m[12-20|23:58:46.676] New L1 safe block                        [32ml1_safe[0m=3a6349..dec8dd:0
    system.go:237:              [32mINFO [0m[12-20|23:58:46.676] Exhausted L1 data                        [32mmode[0m=indexing [32mchainId[0m=901 [32mderivedFrom[0m=bdfb70..368231:4 [32mderived[0m=a964a1..1d3b18:11
    node.go:372:                [32mINFO [0m[12-20|23:58:46.677] Node completed syncing                   [32msyncnode[0m=syncnode-901-1 [32mendpoint[0m=RPCSyncSource(ws://127.0.0.1:62709) [32mchain[0m=901 [32ml2[0m=a964a1..1d3b18:11 [32ml1[0m=bdfb70..368231:4
    sequencer.go:272:           [32mINFO [0m[12-20|23:58:46.951] Sequencer sealed block                   [32mpayloadID[0m=0x03fdd9b021aa0290 [32mblock[0m=7e7469..82d308:39 [32mparent[0m=2b94fe..09a052:38 [32mtxs[0m=1 [32mtime[0m=1,766,255,327
    node.go:788:                [32mINFO [0m[12-20|23:58:46.952] Publishing signed execution payload on p2p [32mid[0m=7e7469..82d308:39
    payload_success.go:89:      [32mINFO [0m[12-20|23:58:46.954] Inserted new L2 unsafe block             [32mhash[0m=7e7469..82d308 [32mnumber[0m=39 [32mbuild_time[0m=949.687ms [32minsert_time[0m=2.772ms     [32mtotal_time[0m=952.459ms [32mmgas[0m=0.046 [32mmgasps[0m=0.048
    sequencer.go:341:           [32mINFO [0m[12-20|23:58:46.954] Sequencer inserted block                 [32mblock[0m=7e7469..82d308:39 [32mparent[0m=2b94fe..09a052:38
    driver.go:263:              [32mINFO [0m[12-20|23:58:46.955] Scheduled sequencer action               [32mdelta[0m=44.883ms
    sequencer.go:521:           [32mINFO [0m[12-20|23:58:47.001] Started sequencing new block             [32mparent[0m=7e7469..82d308:39 [32ml1Origin[0m=bdfb70..368231:4
    driver.go:263:              [32mINFO [0m[12-20|23:58:47.002] Scheduled sequencer action               [32mdelta[0m=947.316ms
    txmgr.go:682:               [32mINFO [0m[12-20|23:58:47.014] Publishing transaction                   [32mservice[0m=batcher [32mtx[0m=0x5a0ef9043d44588c3bade528326177874b51e6b83e97ec6ff518c3a8e4f57065 [32mnonce[0m=5 [32mgasTipCap[0m=3 [32mgasFeeCap[0m=899,817,237 [32mgasLimit[0m=23880
    txmgr.go:888:               [32mINFO [0m[12-20|23:58:47.014] bumping gas price for transaction        [32mservice[0m=batcher [32mtx[0m=0x5a0ef9043d44588c3bade528326177874b51e6b83e97ec6ff518c3a8e4f57065 [32mnonce[0m=5 [32mgasTipCap[0m=3 [32mgasFeeCap[0m=899,817,237 [32mgasLimit[0m=23880
    txmgr.go:717:               [32mINFO [0m[12-20|23:58:47.017] Transaction successfully published       [32mservice[0m=batcher [32mtx[0m=0x3158a585fec7a87f1fc6b9e9546f1f108faef2ff4da4bc7f48bbb43ab6a04c37 [32mnonce[0m=5 [32mgasTipCap[0m=4 [32mgasFeeCap[0m=989,798,961 [32mgasLimit[0m=24218 [32mtx[0m=3158a5..a04c37
    driver.go:344:              [32mINFO [0m[12-20|23:58:47.219] Added L2 block to local state            [32mblock[0m=7e7469..82d308:39 [32mtx_count[0m=1 [32mtime[0m=1,766,255,327
    l1_accessor.go:174:         [32mINFO [0m[12-20|23:58:47.534] Latest L1 block signal is the same as the tip [32mservice[0m=l1-processor [32mref[0m=8c1e88..2fecd2:6
    sequencer.go:272:           [32mINFO [0m[12-20|23:58:47.951] Sequencer sealed block                   [32mpayloadID[0m=0x035016e3a945cc92 [32mblock[0m=e3ac16..094388:40 [32mparent[0m=7e7469..82d308:39 [32mtxs[0m=1 [32mtime[0m=1,766,255,328
    node.go:788:                [32mINFO [0m[12-20|23:58:47.951] Publishing signed execution payload on p2p [32mid[0m=e3ac16..094388:40
    payload_success.go:89:      [32mINFO [0m[12-20|23:58:47.954] Inserted new L2 unsafe block             [32mhash[0m=e3ac16..094388 [32mnumber[0m=40 [32mbuild_time[0m=949.482ms [32minsert_time[0m=2.607ms     [32mtotal_time[0m=952.090ms [32mmgas[0m=0.046 [32mmgasps[0m=0.048
    sequencer.go:341:           [32mINFO [0m[12-20|23:58:47.954] Sequencer inserted block                 [32mblock[0m=e3ac16..094388:40 [32mparent[0m=7e7469..82d308:39
    driver.go:263:              [32mINFO [0m[12-20|23:58:47.954] Scheduled sequencer action               [32mdelta[0m=45.419ms
    sequencer.go:521:           [32mINFO [0m[12-20|23:58:48.001] Started sequencing new block             [32mparent[0m=e3ac16..094388:40 [32ml1Origin[0m=bdfb70..368231:4
    driver.go:263:              [32mINFO [0m[12-20|23:58:48.003] Scheduled sequencer action               [32mdelta[0m=946.921ms
    driver.go:344:              [32mINFO [0m[12-20|23:58:48.219] Added L2 block to local state            [32mblock[0m=e3ac16..094388:40 [32mtx_count[0m=1 [32mtime[0m=1,766,255,328
    status.go:133:              [32mINFO [0m[12-20|23:58:48.676] New L1 finalized block                   [32ml1_finalized[0m=3a6349..dec8dd:0
    status.go:126:              [32mINFO [0m[12-20|23:58:48.676] New L1 safe block                        [32ml1_safe[0m=3a6349..dec8dd:0
    system.go:237:              [32mINFO [0m[12-20|23:58:48.676] Exhausted L1 data                        [32mmode[0m=indexing [32mchainId[0m=901 [32mderivedFrom[0m=bdfb70..368231:4 [32mderived[0m=a964a1..1d3b18:11
    node.go:372:                [32mINFO [0m[12-20|23:58:48.676] Node completed syncing                   [32msyncnode[0m=syncnode-901-1 [32mendpoint[0m=RPCSyncSource(ws://127.0.0.1:62709) [32mchain[0m=901 [32ml2[0m=a964a1..1d3b18:11 [32ml1[0m=bdfb70..368231:4
    sequencer.go:272:           [32mINFO [0m[12-20|23:58:48.951] Sequencer sealed block                   [32mpayloadID[0m=0x03e12334670f1e21 [32mblock[0m=4aea36..313d71:41 [32mparent[0m=e3ac16..094388:40 [32mtxs[0m=1 [32mtime[0m=1,766,255,329
    node.go:788:                [32mINFO [0m[12-20|23:58:48.952] Publishing signed execution payload on p2p [32mid[0m=4aea36..313d71:41
    payload_success.go:89:      [32mINFO [0m[12-20|23:58:48.954] Inserted new L2 unsafe block             [32mhash[0m=4aea36..313d71 [32mnumber[0m=41 [32mbuild_time[0m=949.696ms [32minsert_time[0m=2.617ms     [32mtotal_time[0m=952.314ms [32mmgas[0m=0.046 [32mmgasps[0m=0.048
    sequencer.go:341:           [32mINFO [0m[12-20|23:58:48.954] Sequencer inserted block                 [32mblock[0m=4aea36..313d71:41 [32mparent[0m=e3ac16..094388:40
    driver.go:263:              [32mINFO [0m[12-20|23:58:48.954] Scheduled sequencer action               [32mdelta[0m=45.072ms
    sequencer.go:521:           [32mINFO [0m[12-20|23:58:49.001] Started sequencing new block             [32mparent[0m=4aea36..313d71:41 [32ml1Origin[0m=bdfb70..368231:4
    driver.go:263:              [32mINFO [0m[12-20|23:58:49.003] Scheduled sequencer action               [32mdelta[0m=946.94ms
    txmgr.go:682:               [32mINFO [0m[12-20|23:58:49.018] Publishing transaction                   [32mservice[0m=batcher [32mtx[0m=0x3158a585fec7a87f1fc6b9e9546f1f108faef2ff4da4bc7f48bbb43ab6a04c37 [32mnonce[0m=5 [32mgasTipCap[0m=4 [32mgasFeeCap[0m=989,798,961 [32mgasLimit[0m=24218
    driver.go:344:              [32mINFO [0m[12-20|23:58:49.220] Added L2 block to local state            [32mblock[0m=4aea36..313d71:41 [32mtx_count[0m=1 [32mtime[0m=1,766,255,329
    sequencer.go:272:           [32mINFO [0m[12-20|23:58:49.951] Sequencer sealed block                   [32mpayloadID[0m=0x03837a99bb245fd0 [32mblock[0m=e14864..879feb:42 [32mparent[0m=4aea36..313d71:41 [32mtxs[0m=1 [32mtime[0m=1,766,255,330
    node.go:788:                [32mINFO [0m[12-20|23:58:49.951] Publishing signed execution payload on p2p [32mid[0m=e14864..879feb:42
    payload_success.go:89:      [32mINFO [0m[12-20|23:58:49.953] Inserted new L2 unsafe block             [32mhash[0m=e14864..879feb [32mnumber[0m=42 [32mbuild_time[0m=949.169ms [32minsert_time[0m=2.534ms     [32mtotal_time[0m=951.703ms [32mmgas[0m=0.046 [32mmgasps[0m=0.048
    sequencer.go:341:           [32mINFO [0m[12-20|23:58:49.954] Sequencer inserted block                 [32mblock[0m=e14864..879feb:42 [32mparent[0m=4aea36..313d71:41
    driver.go:263:              [32mINFO [0m[12-20|23:58:49.954] Scheduled sequencer action               [32mdelta[0m=45.73ms
    sequencer.go:521:           [32mINFO [0m[12-20|23:58:50.001] Started sequencing new block             [32mparent[0m=e14864..879feb:42 [32ml1Origin[0m=bdfb70..368231:4
    driver.go:263:              [32mINFO [0m[12-20|23:58:50.003] Scheduled sequencer action               [32mdelta[0m=946.715ms
    txmgr.go:682:               [32mINFO [0m[12-20|23:58:50.014] Publishing transaction                   [32mservice[0m=batcher [32mtx[0m=0x3158a585fec7a87f1fc6b9e9546f1f108faef2ff4da4bc7f48bbb43ab6a04c37 [32mnonce[0m=5 [32mgasTipCap[0m=4 [32mgasFeeCap[0m=989,798,961 [32mgasLimit[0m=24218
    txmgr.go:888:               [32mINFO [0m[12-20|23:58:50.014] bumping gas price for transaction        [32mservice[0m=batcher [32mtx[0m=0x3158a585fec7a87f1fc6b9e9546f1f108faef2ff4da4bc7f48bbb43ab6a04c37 [32mnonce[0m=5 [32mgasTipCap[0m=4 [32mgasFeeCap[0m=989,798,961 [32mgasLimit[0m=24218
    txmgr.go:871:               [32mINFO [0m[12-20|23:58:50.019] Transaction confirmed                    [32mservice[0m=batcher [32mtx[0m=3158a5..a04c37 [32mblock[0m=b9aad8..dacd32:7 [32meffectiveGasPrice[0m=393,759,989
    txmgr.go:792:               [32mINFO [0m[12-20|23:58:50.019] Transaction receipt not found            [32mservice[0m=batcher [32mtx[0m=0x5a0ef9043d44588c3bade528326177874b51e6b83e97ec6ff518c3a8e4f57065 [32mnonce[0m=5 [32mgasTipCap[0m=3 [32mgasFeeCap[0m=899,817,237 [32mgasLimit[0m=23880 [32merr[0m="context canceled"
    txmgr.go:792:               [32mINFO [0m[12-20|23:58:50.019] Transaction receipt not found            [32mservice[0m=batcher [32mtx[0m=0x5a0ef9043d44588c3bade528326177874b51e6b83e97ec6ff518c3a8e4f57065 [32mnonce[0m=5 [32mgasTipCap[0m=3 [32mgasFeeCap[0m=899,817,237 [32mgasLimit[0m=23880 [32merr[0m="context canceled"
    txmgr.go:792:               [32mINFO [0m[12-20|23:58:50.019] Transaction receipt not found            [32mservice[0m=batcher [32mtx[0m=0x11ae341eb26630fc7d50df02b92e02d3f943f914f93e2792332f6ffd9fb1a227 [32mnonce[0m=5 [32mgasTipCap[0m=5 [32mgasFeeCap[0m=1,088,778,858 [32mgasLimit[0m=24218 [32merr[0m="context canceled"
    txmgr.go:853:               [33mWARN [0m[12-20|23:58:50.019] Unable to fetch blob base fee            [33mservice[0m=batcher [33merr[0m="Post \"http://127.0.0.1:62699\": context canceled"
    txmgr.go:871:               [32mINFO [0m[12-20|23:58:50.019] Transaction confirmed                    [32mservice[0m=batcher [32mtx[0m=3158a5..a04c37 [32mblock[0m=b9aad8..dacd32:7 [32meffectiveGasPrice[0m=393,759,989
    driver.go:582:              [32mINFO [0m[12-20|23:58:50.019] Handling receipt                         [32mid[0m=60639e..7fec84:0
    driver.go:1063:             [32mINFO [0m[12-20|23:58:50.019] Transaction confirmed                    [32mtx_id[0m=60639e49d079a008a5d495b9ca7fec84:0 [32mtx[0m=3158a5..a04c37 [32mblock[0m=b9aad8..dacd32:7
    channel.go:80:              [32mINFO [0m[12-20|23:58:50.019] Channel is fully submitted               [32mid[0m=60639e..7fec84    [32mmin_inclusion_block[0m=7 [32mmax_inclusion_block[0m=7
    txmgr.go:682:               [32mINFO [0m[12-20|23:58:50.020] Publishing transaction                   [32mservice[0m=batcher [32mtx[0m=0x96ea772485839e1fda02ad8fc4fc3ce48982c546723fc800e5925f3ad817cf24 [32mnonce[0m=6 [32mgasTipCap[0m=4 [32mgasFeeCap[0m=787,519,974 [32mgasLimit[0m=23880
    txmgr.go:717:               [32mINFO [0m[12-20|23:58:50.021] Transaction successfully published       [32mservice[0m=batcher [32mtx[0m=0x96ea772485839e1fda02ad8fc4fc3ce48982c546723fc800e5925f3ad817cf24 [32mnonce[0m=6 [32mgasTipCap[0m=4 [32mgasFeeCap[0m=787,519,974 [32mgasLimit[0m=23880 [32mtx[0m=96ea77..17cf24
    channel_manager.go:355:     [32mINFO [0m[12-20|23:58:50.021] Created channel                          [32mid[0m=f90b9d..a6b64b    [32ml1Head[0m=b9aad8..dacd32:7 [32mblocks_pending[0m=6 [32ml1OriginLastSubmittedChannel[0m=fd23db..0bdc54:3 [32mbatch_type[0m=1 [32mcompression_algo[0m=brotli [32mtarget_num_frames[0m=1 [32mmax_frame_size[0m=119,999 [32muse_blobs[0m=false
    channel_manager.go:461:     [32mINFO [0m[12-20|23:58:50.023] Channel closed                           [32mid[0m=f90b9d..a6b64b    [32mblocks_pending[0m=0 [32mnum_frames[0m=1 [32minput_bytes[0m=52 [32moutput_bytes[0m=80 [32moldest_l1_origin[0m=fd23db..0bdc54:3 [32ml1_origin[0m=bdfb70..368231:4 [32moldest_l2[0m=115782..a800a1:36 [32mlatest_l2[0m=4aea36..313d71:41 [32mfull_reason[0m="channel full: max channel duration reached" [32mcompr_ratio[0m=1.538
    driver.go:1027:             [32mINFO [0m[12-20|23:58:50.023] Building Calldata transaction candidate  [32msize[0m=81
    system.go:237:              [32mINFO [0m[12-20|23:58:50.082] Exhausted L1 data                        [32mmode[0m=indexing [32mchainId[0m=901 [32mderivedFrom[0m=bdfb70..368231:4 [32mderived[0m=a964a1..1d3b18:11
    node.go:372:                [32mINFO [0m[12-20|23:58:50.083] Node completed syncing                   [32msyncnode[0m=syncnode-901-1 [32mendpoint[0m=RPCSyncSource(ws://127.0.0.1:62709) [32mchain[0m=901 [32ml2[0m=a964a1..1d3b18:11 [32ml1[0m=bdfb70..368231:4
    driver.go:344:              [32mINFO [0m[12-20|23:58:50.220] Added L2 block to local state            [32mblock[0m=e14864..879feb:42 [32mtx_count[0m=1 [32mtime[0m=1,766,255,330
    l1_accessor.go:192:         [32mINFO [0m[12-20|23:58:50.534] Updated latest known L1 block            [32mservice[0m=l1-processor [32mref[0m=b9aad8..dacd32:7
    status.go:133:              [32mINFO [0m[12-20|23:58:50.675] New L1 finalized block                   [32ml1_finalized[0m=3a6349..dec8dd:0
    status.go:126:              [32mINFO [0m[12-20|23:58:50.675] New L1 safe block                        [32ml1_safe[0m=3a6349..dec8dd:0
    system.go:237:              [32mINFO [0m[12-20|23:58:50.676] Exhausted L1 data                        [32mmode[0m=indexing [32mchainId[0m=901 [32mderivedFrom[0m=bdfb70..368231:4 [32mderived[0m=a964a1..1d3b18:11
    node.go:372:                [32mINFO [0m[12-20|23:58:50.676] Node completed syncing                   [32msyncnode[0m=syncnode-901-1 [32mendpoint[0m=RPCSyncSource(ws://127.0.0.1:62709) [32mchain[0m=901 [32ml2[0m=a964a1..1d3b18:11 [32ml1[0m=bdfb70..368231:4
    system.go:462:              [32mINFO [0m[12-20|23:58:50.677] Received next L1 block                   [32mmode[0m=indexing [32mchainId[0m=901 [32mnextL1[0m=7aa9be..9cb7b2:5
    l1_traversal_managed.go:119: [32mINFO [0m[12-20|23:58:50.678] Derivation continued with next L1 block  [32mcurrent[0m=bdfb70..368231:4 [32mnext[0m=7aa9be..9cb7b2:5
    base_batch_stage.go:127:    [32mINFO [0m[12-20|23:58:50.678] Advancing bq origin                      [32morigin[0m=7aa9be..9cb7b2:5 [32moriginBehind[0m=false
    channel_assembler.go:99:    [32mINFO [0m[12-20|23:58:50.679] created new channel                      [32mstage[0m=channel [32morigin[0m=7aa9be..9cb7b2:5
    channel_in_reader.go:122:   [32mINFO [0m[12-20|23:58:50.679] decoded span batch from channel          [32mbatch_type[0m=SpanBatch [32mbatch_timestamp[0m=1,766,255,300 [32mparent_check[0m=0xa964a1ad79f7e2d997a3fb34da8445a99bb10072 [32morigin_check[0m=0x3a63497fd2945f408b883ca729b8dd02ca9d25df [32mstart_epoch_number[0m=0 [32mend_epoch_number[0m=0 [32mblock_count[0m=6 [32mtxs[0m=0 [32mcompression_algo[0m=brotli [32mstage_origin[0m=7aa9be..9cb7b2:5
    batch_stage.go:142:         [32mINFO [0m[12-20|23:58:50.679] Found next valid span batch              [32morigin[0m=7aa9be..9cb7b2:5 [32mepoch[0m=3a6349..dec8dd:0 [32mbatch_type[0m=SpanBatch [32mbatch_timestamp[0m=1,766,255,300 [32mparent_check[0m=0xa964a1ad79f7e2d997a3fb34da8445a99bb10072 [32morigin_check[0m=0x3a63497fd2945f408b883ca729b8dd02ca9d25df [32mstart_epoch_number[0m=0 [32mend_epoch_number[0m=0 [32mblock_count[0m=6 [32mtxs[0m=0
    attributes_queue.go:134:    [32mINFO [0m[12-20|23:58:50.679] generated attributes in payload queue    [32mtxs[0m=1 [32mtimestamp[0m=1,766,255,300
    attributes_queue.go:134:    [32mINFO [0m[12-20|23:58:50.680] generated attributes in payload queue    [32mtxs[0m=1 [32mtimestamp[0m=1,766,255,301
    safedb.go:103:              [32mINFO [0m[12-20|23:58:50.680] Record safe head                         [32ml2[0m=56970c..0d6633:12 [32ml1[0m=7aa9be..9cb7b2:5
    attributes_queue.go:134:    [32mINFO [0m[12-20|23:58:50.686] generated attributes in payload queue    [32mtxs[0m=1 [32mtimestamp[0m=1,766,255,302
    safedb.go:103:              [32mINFO [0m[12-20|23:58:50.686] Record safe head                         [32ml2[0m=972b3e..de700c:13 [32ml1[0m=7aa9be..9cb7b2:5
    attributes_queue.go:134:    [32mINFO [0m[12-20|23:58:50.691] generated attributes in payload queue    [32mtxs[0m=1 [32mtimestamp[0m=1,766,255,303
    safedb.go:103:              [32mINFO [0m[12-20|23:58:50.691] Record safe head                         [32ml2[0m=740ede..6cabdb:14 [32ml1[0m=7aa9be..9cb7b2:5
    attributes_queue.go:134:    [32mINFO [0m[12-20|23:58:50.696] generated attributes in payload queue    [32mtxs[0m=1 [32mtimestamp[0m=1,766,255,304
    safedb.go:103:              [32mINFO [0m[12-20|23:58:50.696] Record safe head                         [32ml2[0m=92874e..963219:15 [32ml1[0m=7aa9be..9cb7b2:5
    attributes_queue.go:134:    [32mINFO [0m[12-20|23:58:50.701] generated attributes in payload queue    [32mtxs[0m=1 [32mtimestamp[0m=1,766,255,305
    safedb.go:103:              [32mINFO [0m[12-20|23:58:50.701] Record safe head                         [32ml2[0m=4f6af3..19a4b9:16 [32ml1[0m=7aa9be..9cb7b2:5
    safedb.go:103:              [32mINFO [0m[12-20|23:58:50.707] Record safe head                         [32ml2[0m=cbeabf..77fd65:17 [32ml1[0m=7aa9be..9cb7b2:5
    system.go:237:              [32mINFO [0m[12-20|23:58:50.712] Exhausted L1 data                        [32mmode[0m=indexing [32mchainId[0m=901 [32mderivedFrom[0m=7aa9be..9cb7b2:5 [32mderived[0m=cbeabf..77fd65:17
    node.go:372:                [32mINFO [0m[12-20|23:58:50.712] Node completed syncing                   [32msyncnode[0m=syncnode-901-1 [32mendpoint[0m=RPCSyncSource(ws://127.0.0.1:62709) [32mchain[0m=901 [32ml2[0m=cbeabf..77fd65:17 [32ml1[0m=7aa9be..9cb7b2:5
    sequencer.go:272:           [32mINFO [0m[12-20|23:58:50.952] Sequencer sealed block                   [32mpayloadID[0m=0x032e6b8de55b14c3 [32mblock[0m=c92912..a4dc12:43 [32mparent[0m=e14864..879feb:42 [32mtxs[0m=1 [32mtime[0m=1,766,255,331
    node.go:788:                [32mINFO [0m[12-20|23:58:50.952] Publishing signed execution payload on p2p [32mid[0m=c92912..a4dc12:43
    payload_success.go:89:      [32mINFO [0m[12-20|23:58:50.954] Inserted new L2 unsafe block             [32mhash[0m=c92912..a4dc12 [32mnumber[0m=43 [32mbuild_time[0m=949.863ms [32minsert_time[0m=2.721ms     [32mtotal_time[0m=952.584ms [32mmgas[0m=0.046 [32mmgasps[0m=0.048
    sequencer.go:341:           [32mINFO [0m[12-20|23:58:50.954] Sequencer inserted block                 [32mblock[0m=c92912..a4dc12:43 [32mparent[0m=e14864..879feb:42
    driver.go:263:              [32mINFO [0m[12-20|23:58:50.955] Scheduled sequencer action               [32mdelta[0m=44.831ms
    sequencer.go:521:           [32mINFO [0m[12-20|23:58:51.000] Started sequencing new block             [32mparent[0m=c92912..a4dc12:43 [32ml1Origin[0m=7aa9be..9cb7b2:5
    driver.go:263:              [32mINFO [0m[12-20|23:58:51.002] Scheduled sequencer action               [32mdelta[0m=947.936ms
    driver.go:344:              [32mINFO [0m[12-20|23:58:51.220] Added L2 block to local state            [32mblock[0m=c92912..a4dc12:43 [32mtx_count[0m=1 [32mtime[0m=1,766,255,331
    sequencer.go:272:           [32mINFO [0m[12-20|23:58:51.951] Sequencer sealed block                   [32mpayloadID[0m=0x03bc00b60001babb [32mblock[0m=c513f6..d7bf0c:44 [32mparent[0m=c92912..a4dc12:43 [32mtxs[0m=1 [32mtime[0m=1,766,255,332
    node.go:788:                [32mINFO [0m[12-20|23:58:51.952] Publishing signed execution payload on p2p [32mid[0m=c513f6..d7bf0c:44
    payload_success.go:89:      [32mINFO [0m[12-20|23:58:51.954] Inserted new L2 unsafe block             [32mhash[0m=c513f6..d7bf0c [32mnumber[0m=44 [32mbuild_time[0m=950.742ms [32minsert_time[0m=2.493ms     [32mtotal_time[0m=953.235ms [32mmgas[0m=0.054 [32mmgasps[0m=0.057
    sequencer.go:341:           [32mINFO [0m[12-20|23:58:51.954] Sequencer inserted block                 [32mblock[0m=c513f6..d7bf0c:44 [32mparent[0m=c92912..a4dc12:43
    driver.go:263:              [32mINFO [0m[12-20|23:58:51.954] Scheduled sequencer action               [32mdelta[0m=45.16ms
    sequencer.go:521:           [32mINFO [0m[12-20|23:58:52.001] Started sequencing new block             [32mparent[0m=c513f6..d7bf0c:44 [32ml1Origin[0m=7aa9be..9cb7b2:5
    driver.go:263:              [32mINFO [0m[12-20|23:58:52.003] Scheduled sequencer action               [32mdelta[0m=946.716ms
    txmgr.go:682:               [32mINFO [0m[12-20|23:58:52.022] Publishing transaction                   [32mservice[0m=batcher [32mtx[0m=0x96ea772485839e1fda02ad8fc4fc3ce48982c546723fc800e5925f3ad817cf24 [32mnonce[0m=6 [32mgasTipCap[0m=4 [32mgasFeeCap[0m=787,519,974 [32mgasLimit[0m=23880
    driver.go:344:              [32mINFO [0m[12-20|23:58:52.221] Added L2 block to local state            [32mblock[0m=c513f6..d7bf0c:44 [32mtx_count[0m=1 [32mtime[0m=1,766,255,332
    status.go:126:              [32mINFO [0m[12-20|23:58:52.675] New L1 safe block                        [32ml1_safe[0m=3a6349..dec8dd:0
    status.go:133:              [32mINFO [0m[12-20|23:58:52.676] New L1 finalized block                   [32ml1_finalized[0m=3a6349..dec8dd:0
    system.go:237:              [32mINFO [0m[12-20|23:58:52.676] Exhausted L1 data                        [32mmode[0m=indexing [32mchainId[0m=901 [32mderivedFrom[0m=7aa9be..9cb7b2:5 [32mderived[0m=cbeabf..77fd65:17
    node.go:372:                [32mINFO [0m[12-20|23:58:52.676] Node completed syncing                   [32msyncnode[0m=syncnode-901-1 [32mendpoint[0m=RPCSyncSource(ws://127.0.0.1:62709) [32mchain[0m=901 [32ml2[0m=cbeabf..77fd65:17 [32ml1[0m=7aa9be..9cb7b2:5
    sequencer.go:272:           [32mINFO [0m[12-20|23:58:52.952] Sequencer sealed block                   [32mpayloadID[0m=0x034b131af82f031e [32mblock[0m=595d2f..689a4d:45 [32mparent[0m=c513f6..d7bf0c:44 [32mtxs[0m=1 [32mtime[0m=1,766,255,333
    node.go:788:                [32mINFO [0m[12-20|23:58:52.952] Publishing signed execution payload on p2p [32mid[0m=595d2f..689a4d:45
    payload_success.go:89:      [32mINFO [0m[12-20|23:58:52.955] Inserted new L2 unsafe block             [32mhash[0m=595d2f..689a4d [32mnumber[0m=45 [32mbuild_time[0m=949.734ms [32minsert_time[0m=2.870ms     [32mtotal_time[0m=952.605ms [32mmgas[0m=0.046 [32mmgasps[0m=0.048
    sequencer.go:341:           [32mINFO [0m[12-20|23:58:52.955] Sequencer inserted block                 [32mblock[0m=595d2f..689a4d:45 [32mparent[0m=c513f6..d7bf0c:44
    driver.go:263:              [32mINFO [0m[12-20|23:58:52.955] Scheduled sequencer action               [32mdelta[0m=44.621ms
    sequencer.go:521:           [32mINFO [0m[12-20|23:58:53.001] Started sequencing new block             [32mparent[0m=595d2f..689a4d:45 [32ml1Origin[0m=7aa9be..9cb7b2:5
    driver.go:263:              [32mINFO [0m[12-20|23:58:53.003] Scheduled sequencer action               [32mdelta[0m=946.847ms
    txmgr.go:682:               [32mINFO [0m[12-20|23:58:53.021] Publishing transaction                   [32mservice[0m=batcher [32mtx[0m=0x96ea772485839e1fda02ad8fc4fc3ce48982c546723fc800e5925f3ad817cf24 [32mnonce[0m=6 [32mgasTipCap[0m=4 [32mgasFeeCap[0m=787,519,974 [32mgasLimit[0m=23880
    txmgr.go:888:               [32mINFO [0m[12-20|23:58:53.021] bumping gas price for transaction        [32mservice[0m=batcher [32mtx[0m=0x96ea772485839e1fda02ad8fc4fc3ce48982c546723fc800e5925f3ad817cf24 [32mnonce[0m=6 [32mgasTipCap[0m=4 [32mgasFeeCap[0m=787,519,974 [32mgasLimit[0m=23880
    txmgr.go:717:               [32mINFO [0m[12-20|23:58:53.024] Transaction successfully published       [32mservice[0m=batcher [32mtx[0m=0x0f7a04fba1ad71d2711b3fd475b10a175273c7de03a7423c1a43fbe05a09642e [32mnonce[0m=6 [32mgasTipCap[0m=5 [32mgasFeeCap[0m=866,271,972 [32mgasLimit[0m=24218 [32mtx[0m=0f7a04..09642e
    driver.go:344:              [32mINFO [0m[12-20|23:58:53.221] Added L2 block to local state            [32mblock[0m=595d2f..689a4d:45 [32mtx_count[0m=1 [32mtime[0m=1,766,255,333
    l1_accessor.go:174:         [32mINFO [0m[12-20|23:58:53.534] Latest L1 block signal is the same as the tip [32mservice[0m=l1-processor [32mref[0m=b9aad8..dacd32:7
    sequencer.go:272:           [32mINFO [0m[12-20|23:58:53.952] Sequencer sealed block                   [32mpayloadID[0m=0x038ccd72cb856362 [32mblock[0m=9cc92b..d7f7e9:46 [32mparent[0m=595d2f..689a4d:45 [32mtxs[0m=1 [32mtime[0m=1,766,255,334
    node.go:788:                [32mINFO [0m[12-20|23:58:53.952] Publishing signed execution payload on p2p [32mid[0m=9cc92b..d7f7e9:46
    payload_success.go:89:      [32mINFO [0m[12-20|23:58:53.961] Inserted new L2 unsafe block             [32mhash[0m=9cc92b..d7f7e9 [32mnumber[0m=46 [32mbuild_time[0m=949.993ms [32minsert_time[0m=9.347ms     [32mtotal_time[0m=959.340ms [32mmgas[0m=0.046 [32mmgasps[0m=0.048
    sequencer.go:341:           [32mINFO [0m[12-20|23:58:53.961] Sequencer inserted block                 [32mblock[0m=9cc92b..d7f7e9:46 [32mparent[0m=595d2f..689a4d:45
    driver.go:263:              [32mINFO [0m[12-20|23:58:53.961] Scheduled sequencer action               [32mdelta[0m=38.078ms
    sequencer.go:521:           [32mINFO [0m[12-20|23:58:54.001] Started sequencing new block             [32mparent[0m=9cc92b..d7f7e9:46 [32ml1Origin[0m=7aa9be..9cb7b2:5
    driver.go:263:              [32mINFO [0m[12-20|23:58:54.002] Scheduled sequencer action               [32mdelta[0m=947.197ms
    driver.go:344:              [32mINFO [0m[12-20|23:58:54.220] Added L2 block to local state            [32mblock[0m=9cc92b..d7f7e9:46 [32mtx_count[0m=1 [32mtime[0m=1,766,255,334
    status.go:126:              [32mINFO [0m[12-20|23:58:54.675] New L1 safe block                        [32ml1_safe[0m=3a6349..dec8dd:0
    status.go:133:              [32mINFO [0m[12-20|23:58:54.675] New L1 finalized block                   [32ml1_finalized[0m=3a6349..dec8dd:0
    system.go:237:              [32mINFO [0m[12-20|23:58:54.675] Exhausted L1 data                        [32mmode[0m=indexing [32mchainId[0m=901 [32mderivedFrom[0m=7aa9be..9cb7b2:5 [32mderived[0m=cbeabf..77fd65:17
    node.go:372:                [32mINFO [0m[12-20|23:58:54.676] Node completed syncing                   [32msyncnode[0m=syncnode-901-1 [32mendpoint[0m=RPCSyncSource(ws://127.0.0.1:62709) [32mchain[0m=901 [32ml2[0m=cbeabf..77fd65:17 [32ml1[0m=7aa9be..9cb7b2:5
    sequencer.go:272:           [32mINFO [0m[12-20|23:58:54.952] Sequencer sealed block                   [32mpayloadID[0m=0x03bf2ec86603d24f [32mblock[0m=9fa2ac..040b55:47 [32mparent[0m=9cc92b..d7f7e9:46 [32mtxs[0m=1 [32mtime[0m=1,766,255,335
    node.go:788:                [32mINFO [0m[12-20|23:58:54.952] Publishing signed execution payload on p2p [32mid[0m=9fa2ac..040b55:47
    payload_success.go:89:      [32mINFO [0m[12-20|23:58:54.954] Inserted new L2 unsafe block             [32mhash[0m=9fa2ac..040b55 [32mnumber[0m=47 [32mbuild_time[0m=949.941ms [32minsert_time[0m=2.486ms     [32mtotal_time[0m=952.428ms [32mmgas[0m=0.046 [32mmgasps[0m=0.048
    sequencer.go:341:           [32mINFO [0m[12-20|23:58:54.954] Sequencer inserted block                 [32mblock[0m=9fa2ac..040b55:47 [32mparent[0m=9cc92b..d7f7e9:46
    driver.go:263:              [32mINFO [0m[12-20|23:58:54.954] Scheduled sequencer action               [32mdelta[0m=45.077ms
    sequencer.go:521:           [32mINFO [0m[12-20|23:58:55.000] Started sequencing new block             [32mparent[0m=9fa2ac..040b55:47 [32ml1Origin[0m=7aa9be..9cb7b2:5
    driver.go:263:              [32mINFO [0m[12-20|23:58:55.002] Scheduled sequencer action               [32mdelta[0m=947.112ms
    txmgr.go:682:               [32mINFO [0m[12-20|23:58:55.024] Publishing transaction                   [32mservice[0m=batcher [32mtx[0m=0x0f7a04fba1ad71d2711b3fd475b10a175273c7de03a7423c1a43fbe05a09642e [32mnonce[0m=6 [32mgasTipCap[0m=5 [32mgasFeeCap[0m=866,271,972 [32mgasLimit[0m=24218
    driver.go:344:              [32mINFO [0m[12-20|23:58:55.220] Added L2 block to local state            [32mblock[0m=9fa2ac..040b55:47 [32mtx_count[0m=1 [32mtime[0m=1,766,255,335
    sequencer.go:272:           [32mINFO [0m[12-20|23:58:55.951] Sequencer sealed block                   [32mpayloadID[0m=0x03eaae832765e978 [32mblock[0m=38a0a1..9a0ec8:48 [32mparent[0m=9fa2ac..040b55:47 [32mtxs[0m=1 [32mtime[0m=1,766,255,336
    node.go:788:                [32mINFO [0m[12-20|23:58:55.952] Publishing signed execution payload on p2p [32mid[0m=38a0a1..9a0ec8:48
    payload_success.go:89:      [32mINFO [0m[12-20|23:58:55.954] Inserted new L2 unsafe block             [32mhash[0m=38a0a1..9a0ec8 [32mnumber[0m=48 [32mbuild_time[0m=949.979ms [32minsert_time[0m=2.888ms     [32mtotal_time[0m=952.867ms [32mmgas[0m=0.046 [32mmgasps[0m=0.048
    sequencer.go:341:           [32mINFO [0m[12-20|23:58:55.955] Sequencer inserted block                 [32mblock[0m=38a0a1..9a0ec8:48 [32mparent[0m=9fa2ac..040b55:47
    driver.go:263:              [32mINFO [0m[12-20|23:58:55.955] Scheduled sequencer action               [32mdelta[0m=44.759ms
    sequencer.go:521:           [32mINFO [0m[12-20|23:58:56.000] Started sequencing new block             [32mparent[0m=38a0a1..9a0ec8:48 [32ml1Origin[0m=7aa9be..9cb7b2:5
    driver.go:263:              [32mINFO [0m[12-20|23:58:56.003] Scheduled sequencer action               [32mdelta[0m=946.418ms
    txmgr.go:682:               [32mINFO [0m[12-20|23:58:56.022] Publishing transaction                   [32mservice[0m=batcher [32mtx[0m=0x0f7a04fba1ad71d2711b3fd475b10a175273c7de03a7423c1a43fbe05a09642e [32mnonce[0m=6 [32mgasTipCap[0m=5 [32mgasFeeCap[0m=866,271,972 [32mgasLimit[0m=24218
    txmgr.go:888:               [32mINFO [0m[12-20|23:58:56.022] bumping gas price for transaction        [32mservice[0m=batcher [32mtx[0m=0x0f7a04fba1ad71d2711b3fd475b10a175273c7de03a7423c1a43fbe05a09642e [32mnonce[0m=6 [32mgasTipCap[0m=5 [32mgasFeeCap[0m=866,271,972 [32mgasLimit[0m=24218
    txmgr.go:871:               [32mINFO [0m[12-20|23:58:56.025] Transaction confirmed                    [32mservice[0m=batcher [32mtx[0m=0f7a04..09642e [32mblock[0m=88bbb9..e7cc3d:8 [32meffectiveGasPrice[0m=344,618,888
    txmgr.go:792:               [32mINFO [0m[12-20|23:58:56.025] Transaction receipt not found            [32mservice[0m=batcher [32mtx[0m=0x96ea772485839e1fda02ad8fc4fc3ce48982c546723fc800e5925f3ad817cf24 [32mnonce[0m=6 [32mgasTipCap[0m=4 [32mgasFeeCap[0m=787,519,974 [32mgasLimit[0m=23880 [32merr[0m="context canceled"
    txmgr.go:792:               [32mINFO [0m[12-20|23:58:56.025] Transaction receipt not found            [32mservice[0m=batcher [32mtx[0m=0x96ea772485839e1fda02ad8fc4fc3ce48982c546723fc800e5925f3ad817cf24 [32mnonce[0m=6 [32mgasTipCap[0m=4 [32mgasFeeCap[0m=787,519,974 [32mgasLimit[0m=23880 [32merr[0m="context canceled"
    txmgr.go:845:               [31mERROR[0m[12-20|23:58:56.025] Unable to fetch tip                      [31mservice[0m=batcher [31merr[0m="Post \"http://127.0.0.1:62699\": context canceled"
    txmgr.go:792:               [32mINFO [0m[12-20|23:58:56.025] Transaction receipt not found            [32mservice[0m=batcher [32mtx[0m=0x0f7a04fba1ad71d2711b3fd475b10a175273c7de03a7423c1a43fbe05a09642e [32mnonce[0m=6 [32mgasTipCap[0m=5 [32mgasFeeCap[0m=866,271,972 [32mgasLimit[0m=24218 [32merr[0m="context canceled"
    txmgr.go:792:               [32mINFO [0m[12-20|23:58:56.025] Transaction receipt not found            [32mservice[0m=batcher [32mtx[0m=0xa4364430ba45f3b234cffcd269011b3edddd796a132c43c66925e88f20e99f35 [32mnonce[0m=6 [32mgasTipCap[0m=6 [32mgasFeeCap[0m=952,899,170 [32mgasLimit[0m=24218 [32merr[0m="context canceled"
    driver.go:582:              [32mINFO [0m[12-20|23:58:56.026] Handling receipt                         [32mid[0m=825c67..450378:0
    driver.go:1063:             [32mINFO [0m[12-20|23:58:56.026] Transaction confirmed                    [32mtx_id[0m=825c670e7a539e50ae434733f8450378:0 [32mtx[0m=0f7a04..09642e [32mblock[0m=88bbb9..e7cc3d:8
    channel.go:80:              [32mINFO [0m[12-20|23:58:56.026] Channel is fully submitted               [32mid[0m=825c67..450378    [32mmin_inclusion_block[0m=8 [32mmax_inclusion_block[0m=8
    txmgr.go:682:               [32mINFO [0m[12-20|23:58:56.027] Publishing transaction                   [32mservice[0m=batcher [32mtx[0m=0x72898669f3066ff63658ed36f778fd2350a19208dad0b21a88e18aabe711b6b1 [32mnonce[0m=7 [32mgasTipCap[0m=4 [32mgasFeeCap[0m=689,237,770 [32mgasLimit[0m=23880
    channel_manager.go:355:     [32mINFO [0m[12-20|23:58:56.027] Created channel                          [32mid[0m=946fc0..23d492    [32ml1Head[0m=88bbb9..e7cc3d:8 [32mblocks_pending[0m=6 [32ml1OriginLastSubmittedChannel[0m=bdfb70..368231:4 [32mbatch_type[0m=1 [32mcompression_algo[0m=brotli [32mtarget_num_frames[0m=1 [32mmax_frame_size[0m=119,999 [32muse_blobs[0m=false
    txmgr.go:717:               [32mINFO [0m[12-20|23:58:56.027] Transaction successfully published       [32mservice[0m=batcher [32mtx[0m=0x72898669f3066ff63658ed36f778fd2350a19208dad0b21a88e18aabe711b6b1 [32mnonce[0m=7 [32mgasTipCap[0m=4 [32mgasFeeCap[0m=689,237,770 [32mgasLimit[0m=23880 [32mtx[0m=728986..11b6b1
    channel_manager.go:461:     [32mINFO [0m[12-20|23:58:56.030] Channel closed                           [32mid[0m=946fc0..23d492    [32mblocks_pending[0m=0 [32mnum_frames[0m=1 [32minput_bytes[0m=52 [32moutput_bytes[0m=80 [32moldest_l1_origin[0m=bdfb70..368231:4 [32ml1_origin[0m=7aa9be..9cb7b2:5 [32moldest_l2[0m=e14864..879feb:42 [32mlatest_l2[0m=9fa2ac..040b55:47 [32mfull_reason[0m="channel full: max channel duration reached" [32mcompr_ratio[0m=1.538
    driver.go:1027:             [32mINFO [0m[12-20|23:58:56.030] Building Calldata transaction candidate  [32msize[0m=81
    system.go:237:              [32mINFO [0m[12-20|23:58:56.101] Exhausted L1 data                        [32mmode[0m=indexing [32mchainId[0m=901 [32mderivedFrom[0m=7aa9be..9cb7b2:5 [32mderived[0m=cbeabf..77fd65:17
    node.go:372:                [32mINFO [0m[12-20|23:58:56.101] Node completed syncing                   [32msyncnode[0m=syncnode-901-1 [32mendpoint[0m=RPCSyncSource(ws://127.0.0.1:62709) [32mchain[0m=901 [32ml2[0m=cbeabf..77fd65:17 [32ml1[0m=7aa9be..9cb7b2:5
    driver.go:344:              [32mINFO [0m[12-20|23:58:56.220] Added L2 block to local state            [32mblock[0m=38a0a1..9a0ec8:48 [32mtx_count[0m=1 [32mtime[0m=1,766,255,336
    l1_accessor.go:192:         [32mINFO [0m[12-20|23:58:56.534] Updated latest known L1 block            [32mservice[0m=l1-processor [32mref[0m=88bbb9..e7cc3d:8
    status.go:133:              [32mINFO [0m[12-20|23:58:56.676] New L1 finalized block                   [32ml1_finalized[0m=3a6349..dec8dd:0
    status.go:126:              [32mINFO [0m[12-20|23:58:56.676] New L1 safe block                        [32ml1_safe[0m=3a6349..dec8dd:0
    system.go:237:              [32mINFO [0m[12-20|23:58:56.677] Exhausted L1 data                        [32mmode[0m=indexing [32mchainId[0m=901 [32mderivedFrom[0m=7aa9be..9cb7b2:5 [32mderived[0m=cbeabf..77fd65:17
    node.go:372:                [32mINFO [0m[12-20|23:58:56.677] Node completed syncing                   [32msyncnode[0m=syncnode-901-1 [32mendpoint[0m=RPCSyncSource(ws://127.0.0.1:62709) [32mchain[0m=901 [32ml2[0m=cbeabf..77fd65:17 [32ml1[0m=7aa9be..9cb7b2:5
    system.go:462:              [32mINFO [0m[12-20|23:58:56.678] Received next L1 block                   [32mmode[0m=indexing [32mchainId[0m=901 [32mnextL1[0m=8c1e88..2fecd2:6
    l1_traversal_managed.go:119: [32mINFO [0m[12-20|23:58:56.679] Derivation continued with next L1 block  [32mcurrent[0m=7aa9be..9cb7b2:5 [32mnext[0m=8c1e88..2fecd2:6
    base_batch_stage.go:127:    [32mINFO [0m[12-20|23:58:56.679] Advancing bq origin                      [32morigin[0m=8c1e88..2fecd2:6 [32moriginBehind[0m=false
    channel_assembler.go:99:    [32mINFO [0m[12-20|23:58:56.679] created new channel                      [32mstage[0m=channel [32morigin[0m=8c1e88..2fecd2:6
    channel_in_reader.go:122:   [32mINFO [0m[12-20|23:58:56.679] decoded span batch from channel          [32mbatch_type[0m=SpanBatch [32mbatch_timestamp[0m=1,766,255,306 [32mparent_check[0m=0xcbeabfd96bdfd628494c0f602829789235fdf9cb [32morigin_check[0m=0x482c431200861e30972266b5dba49d9557a4dbee [32mstart_epoch_number[0m=0 [32mend_epoch_number[0m=1 [32mblock_count[0m=6 [32mtxs[0m=0 [32mcompression_algo[0m=brotli [32mstage_origin[0m=8c1e88..2fecd2:6
    batch_stage.go:142:         [32mINFO [0m[12-20|23:58:56.679] Found next valid span batch              [32morigin[0m=8c1e88..2fecd2:6 [32mepoch[0m=3a6349..dec8dd:0 [32mbatch_type[0m=SpanBatch [32mbatch_timestamp[0m=1,766,255,306 [32mparent_check[0m=0xcbeabfd96bdfd628494c0f602829789235fdf9cb [32morigin_check[0m=0x482c431200861e30972266b5dba49d9557a4dbee [32mstart_epoch_number[0m=0 [32mend_epoch_number[0m=1 [32mblock_count[0m=6 [32mtxs[0m=0
    attributes_queue.go:134:    [32mINFO [0m[12-20|23:58:56.679] generated attributes in payload queue    [32mtxs[0m=1 [32mtimestamp[0m=1,766,255,306
    attributes_queue.go:134:    [32mINFO [0m[12-20|23:58:56.680] generated attributes in payload queue    [32mtxs[0m=1 [32mtimestamp[0m=1,766,255,307
    safedb.go:103:              [32mINFO [0m[12-20|23:58:56.681] Record safe head                         [32ml2[0m=c59e82..461f56:18 [32ml1[0m=8c1e88..2fecd2:6
    attributes_queue.go:134:    [32mINFO [0m[12-20|23:58:56.686] generated attributes in payload queue    [32mtxs[0m=1 [32mtimestamp[0m=1,766,255,308
    safedb.go:103:              [32mINFO [0m[12-20|23:58:56.686] Record safe head                         [32ml2[0m=8ff429..eaf8fc:19 [32ml1[0m=8c1e88..2fecd2:6
    attributes_queue.go:134:    [32mINFO [0m[12-20|23:58:56.691] generated attributes in payload queue    [32mtxs[0m=1 [32mtimestamp[0m=1,766,255,309
    safedb.go:103:              [32mINFO [0m[12-20|23:58:56.691] Record safe head                         [32ml2[0m=f8f9db..b0f2b0:20 [32ml1[0m=8c1e88..2fecd2:6
    attributes_queue.go:134:    [32mINFO [0m[12-20|23:58:56.696] generated attributes in payload queue    [32mtxs[0m=1 [32mtimestamp[0m=1,766,255,310
    safedb.go:103:              [32mINFO [0m[12-20|23:58:56.696] Record safe head                         [32ml2[0m=3f9e67..9e5477:21 [32ml1[0m=8c1e88..2fecd2:6
    attributes_queue.go:134:    [32mINFO [0m[12-20|23:58:56.701] generated attributes in payload queue    [32mtxs[0m=1 [32mtimestamp[0m=1,766,255,311
    safedb.go:103:              [32mINFO [0m[12-20|23:58:56.701] Record safe head                         [32ml2[0m=deaefb..a37d14:22 [32ml1[0m=8c1e88..2fecd2:6
    safedb.go:103:              [32mINFO [0m[12-20|23:58:56.706] Record safe head                         [32ml2[0m=cb5b29..31ed57:23 [32ml1[0m=8c1e88..2fecd2:6
    system.go:237:              [32mINFO [0m[12-20|23:58:56.710] Exhausted L1 data                        [32mmode[0m=indexing [32mchainId[0m=901 [32mderivedFrom[0m=8c1e88..2fecd2:6 [32mderived[0m=cb5b29..31ed57:23
    node.go:372:                [32mINFO [0m[12-20|23:58:56.711] Node completed syncing                   [32msyncnode[0m=syncnode-901-1 [32mendpoint[0m=RPCSyncSource(ws://127.0.0.1:62709) [32mchain[0m=901 [32ml2[0m=cb5b29..31ed57:23 [32ml1[0m=8c1e88..2fecd2:6
    sequencer.go:272:           [32mINFO [0m[12-20|23:58:56.952] Sequencer sealed block                   [32mpayloadID[0m=0x03e8df19bb18c3ed [32mblock[0m=893e06..8ed462:49 [32mparent[0m=38a0a1..9a0ec8:48 [32mtxs[0m=1 [32mtime[0m=1,766,255,337
    node.go:788:                [32mINFO [0m[12-20|23:58:56.952] Publishing signed execution payload on p2p [32mid[0m=893e06..8ed462:49
    payload_success.go:89:      [32mINFO [0m[12-20|23:58:56.955] Inserted new L2 unsafe block             [32mhash[0m=893e06..8ed462 [32mnumber[0m=49 [32mbuild_time[0m=950.479ms [32minsert_time[0m=2.719ms     [32mtotal_time[0m=953.198ms [32mmgas[0m=0.046 [32mmgasps[0m=0.048
    sequencer.go:341:           [32mINFO [0m[12-20|23:58:56.955] Sequencer inserted block                 [32mblock[0m=893e06..8ed462:49 [32mparent[0m=38a0a1..9a0ec8:48
    driver.go:263:              [32mINFO [0m[12-20|23:58:56.955] Scheduled sequencer action               [32mdelta[0m=44.636ms
    sequencer.go:521:           [32mINFO [0m[12-20|23:58:57.001] Started sequencing new block             [32mparent[0m=893e06..8ed462:49 [32ml1Origin[0m=8c1e88..2fecd2:6
    driver.go:263:              [32mINFO [0m[12-20|23:58:57.003] Scheduled sequencer action               [32mdelta[0m=946.129ms
    driver.go:344:              [32mINFO [0m[12-20|23:58:57.220] Added L2 block to local state            [32mblock[0m=893e06..8ed462:49 [32mtx_count[0m=1 [32mtime[0m=1,766,255,337
    sequencer.go:272:           [32mINFO [0m[12-20|23:58:57.951] Sequencer sealed block                   [32mpayloadID[0m=0x03a93ca090fd4fb2 [32mblock[0m=6d9385..cbc0d9:50 [32mparent[0m=893e06..8ed462:49 [32mtxs[0m=1 [32mtime[0m=1,766,255,338
    node.go:788:                [32mINFO [0m[12-20|23:58:57.952] Publishing signed execution payload on p2p [32mid[0m=6d9385..cbc0d9:50
    payload_success.go:89:      [32mINFO [0m[12-20|23:58:57.954] Inserted new L2 unsafe block             [32mhash[0m=6d9385..cbc0d9 [32mnumber[0m=50 [32mbuild_time[0m=949.205ms [32minsert_time[0m=2.758ms     [32mtotal_time[0m=951.964ms [32mmgas[0m=0.054 [32mmgasps[0m=0.057
    sequencer.go:341:           [32mINFO [0m[12-20|23:58:57.954] Sequencer inserted block                 [32mblock[0m=6d9385..cbc0d9:50 [32mparent[0m=893e06..8ed462:49
    driver.go:263:              [32mINFO [0m[12-20|23:58:57.955] Scheduled sequencer action               [32mdelta[0m=44.958ms
    sequencer.go:521:           [32mINFO [0m[12-20|23:58:58.001] Started sequencing new block             [32mparent[0m=6d9385..cbc0d9:50 [32ml1Origin[0m=8c1e88..2fecd2:6
    driver.go:263:              [32mINFO [0m[12-20|23:58:58.003] Scheduled sequencer action               [32mdelta[0m=946.672ms
    txmgr.go:682:               [32mINFO [0m[12-20|23:58:58.029] Publishing transaction                   [32mservice[0m=batcher [32mtx[0m=0x72898669f3066ff63658ed36f778fd2350a19208dad0b21a88e18aabe711b6b1 [32mnonce[0m=7 [32mgasTipCap[0m=4 [32mgasFeeCap[0m=689,237,770 [32mgasLimit[0m=23880
    driver.go:344:              [32mINFO [0m[12-20|23:58:58.220] Added L2 block to local state            [32mblock[0m=6d9385..cbc0d9:50 [32mtx_count[0m=1 [32mtime[0m=1,766,255,338
    status.go:126:              [32mINFO [0m[12-20|23:58:58.676] New L1 safe block                        [32ml1_safe[0m=3a6349..dec8dd:0
    status.go:133:              [32mINFO [0m[12-20|23:58:58.676] New L1 finalized block                   [32ml1_finalized[0m=3a6349..dec8dd:0
    system.go:237:              [32mINFO [0m[12-20|23:58:58.677] Exhausted L1 data                        [32mmode[0m=indexing [32mchainId[0m=901 [32mderivedFrom[0m=8c1e88..2fecd2:6 [32mderived[0m=cb5b29..31ed57:23
    node.go:372:                [32mINFO [0m[12-20|23:58:58.677] Node completed syncing                   [32msyncnode[0m=syncnode-901-1 [32mendpoint[0m=RPCSyncSource(ws://127.0.0.1:62709) [32mchain[0m=901 [32ml2[0m=cb5b29..31ed57:23 [32ml1[0m=8c1e88..2fecd2:6
    sequencer.go:272:           [32mINFO [0m[12-20|23:58:58.951] Sequencer sealed block                   [32mpayloadID[0m=0x03d7fc1c135058ea [32mblock[0m=3e1391..070de4:51 [32mparent[0m=6d9385..cbc0d9:50 [32mtxs[0m=1 [32mtime[0m=1,766,255,339
    node.go:788:                [32mINFO [0m[12-20|23:58:58.951] Publishing signed execution payload on p2p [32mid[0m=3e1391..070de4:51
    payload_success.go:89:      [32mINFO [0m[12-20|23:58:58.953] Inserted new L2 unsafe block             [32mhash[0m=3e1391..070de4 [32mnumber[0m=51 [32mbuild_time[0m=948.683ms [32minsert_time[0m=2.394ms     [32mtotal_time[0m=951.077ms [32mmgas[0m=0.046 [32mmgasps[0m=0.048
    sequencer.go:341:           [32mINFO [0m[12-20|23:58:58.953] Sequencer inserted block                 [32mblock[0m=3e1391..070de4:51 [32mparent[0m=6d9385..cbc0d9:50
    driver.go:263:              [32mINFO [0m[12-20|23:58:58.953] Scheduled sequencer action               [32mdelta[0m=46.003ms
    sequencer.go:521:           [32mINFO [0m[12-20|23:58:59.001] Started sequencing new block             [32mparent[0m=3e1391..070de4:51 [32ml1Origin[0m=8c1e88..2fecd2:6
    driver.go:263:              [32mINFO [0m[12-20|23:58:59.003] Scheduled sequencer action               [32mdelta[0m=946.56ms
    txmgr.go:682:               [32mINFO [0m[12-20|23:58:59.027] Publishing transaction                   [32mservice[0m=batcher [32mtx[0m=0x72898669f3066ff63658ed36f778fd2350a19208dad0b21a88e18aabe711b6b1 [32mnonce[0m=7 [32mgasTipCap[0m=4 [32mgasFeeCap[0m=689,237,770 [32mgasLimit[0m=23880
    txmgr.go:888:               [32mINFO [0m[12-20|23:58:59.027] bumping gas price for transaction        [32mservice[0m=batcher [32mtx[0m=0x72898669f3066ff63658ed36f778fd2350a19208dad0b21a88e18aabe711b6b1 [32mnonce[0m=7 [32mgasTipCap[0m=4 [32mgasFeeCap[0m=689,237,770 [32mgasLimit[0m=23880
    txmgr.go:717:               [32mINFO [0m[12-20|23:58:59.031] Transaction successfully published       [32mservice[0m=batcher [32mtx[0m=0xc8d38c8a15a9c692e35c2b8be2f53958778a5587d9a65a408aa4c59e8b55d0d0 [32mnonce[0m=7 [32mgasTipCap[0m=5 [32mgasFeeCap[0m=758,161,547 [32mgasLimit[0m=24218 [32mtx[0m=c8d38c..55d0d0
    driver.go:344:              [32mINFO [0m[12-20|23:58:59.220] Added L2 block to local state            [32mblock[0m=3e1391..070de4:51 [32mtx_count[0m=1 [32mtime[0m=1,766,255,339
    l1_accessor.go:174:         [32mINFO [0m[12-20|23:58:59.534] Latest L1 block signal is the same as the tip [32mservice[0m=l1-processor [32mref[0m=88bbb9..e7cc3d:8
    sequencer.go:272:           [32mINFO [0m[12-20|23:58:59.951] Sequencer sealed block                   [32mpayloadID[0m=0x03d5457e19389ea8 [32mblock[0m=5aebf5..773072:52 [32mparent[0m=3e1391..070de4:51 [32mtxs[0m=1 [32mtime[0m=1,766,255,340
    node.go:788:                [32mINFO [0m[12-20|23:58:59.951] Publishing signed execution payload on p2p [32mid[0m=5aebf5..773072:52
    payload_success.go:89:      [32mINFO [0m[12-20|23:58:59.954] Inserted new L2 unsafe block             [32mhash[0m=5aebf5..773072 [32mnumber[0m=52 [32mbuild_time[0m=949.280ms [32minsert_time[0m=2.966ms     [32mtotal_time[0m=952.247ms [32mmgas[0m=0.046 [32mmgasps[0m=0.048
    sequencer.go:341:           [32mINFO [0m[12-20|23:58:59.954] Sequencer inserted block                 [32mblock[0m=5aebf5..773072:52 [32mparent[0m=3e1391..070de4:51
    driver.go:263:              [32mINFO [0m[12-20|23:58:59.955] Scheduled sequencer action               [32mdelta[0m=44.847ms
    sequencer.go:521:           [32mINFO [0m[12-20|23:59:00.001] Started sequencing new block             [32mparent[0m=5aebf5..773072:52 [32ml1Origin[0m=8c1e88..2fecd2:6
    driver.go:263:              [32mINFO [0m[12-20|23:59:00.003] Scheduled sequencer action               [32mdelta[0m=946.207ms
    driver.go:344:              [32mINFO [0m[12-20|23:59:00.220] Added L2 block to local state            [32mblock[0m=5aebf5..773072:52 [32mtx_count[0m=1 [32mtime[0m=1,766,255,340
    status.go:133:              [32mINFO [0m[12-20|23:59:00.676] New L1 finalized block                   [32ml1_finalized[0m=3a6349..dec8dd:0
    status.go:126:              [32mINFO [0m[12-20|23:59:00.676] New L1 safe block                        [32ml1_safe[0m=3a6349..dec8dd:0
    system.go:237:              [32mINFO [0m[12-20|23:59:00.677] Exhausted L1 data                        [32mmode[0m=indexing [32mchainId[0m=901 [32mderivedFrom[0m=8c1e88..2fecd2:6 [32mderived[0m=cb5b29..31ed57:23
    node.go:372:                [32mINFO [0m[12-20|23:59:00.677] Node completed syncing                   [32msyncnode[0m=syncnode-901-1 [32mendpoint[0m=RPCSyncSource(ws://127.0.0.1:62709) [32mchain[0m=901 [32ml2[0m=cb5b29..31ed57:23 [32ml1[0m=8c1e88..2fecd2:6
    sequencer.go:272:           [32mINFO [0m[12-20|23:59:00.951] Sequencer sealed block                   [32mpayloadID[0m=0x03331ffc05ff6338 [32mblock[0m=f37793..5aaff4:53 [32mparent[0m=5aebf5..773072:52 [32mtxs[0m=1 [32mtime[0m=1,766,255,341
    node.go:788:                [32mINFO [0m[12-20|23:59:00.952] Publishing signed execution payload on p2p [32mid[0m=f37793..5aaff4:53
    payload_success.go:89:      [32mINFO [0m[12-20|23:59:00.955] Inserted new L2 unsafe block             [32mhash[0m=f37793..5aaff4 [32mnumber[0m=53 [32mbuild_time[0m=949.201ms [32minsert_time[0m=3.221ms     [32mtotal_time[0m=952.422ms [32mmgas[0m=0.046 [32mmgasps[0m=0.048
    sequencer.go:341:           [32mINFO [0m[12-20|23:59:00.955] Sequencer inserted block                 [32mblock[0m=f37793..5aaff4:53 [32mparent[0m=5aebf5..773072:52
    driver.go:263:              [32mINFO [0m[12-20|23:59:00.955] Scheduled sequencer action               [32mdelta[0m=44.406ms
    sequencer.go:521:           [32mINFO [0m[12-20|23:59:01.001] Started sequencing new block             [32mparent[0m=f37793..5aaff4:53 [32ml1Origin[0m=8c1e88..2fecd2:6
    driver.go:263:              [32mINFO [0m[12-20|23:59:01.003] Scheduled sequencer action               [32mdelta[0m=946.795ms
    txmgr.go:682:               [32mINFO [0m[12-20|23:59:01.031] Publishing transaction                   [32mservice[0m=batcher [32mtx[0m=0xc8d38c8a15a9c692e35c2b8be2f53958778a5587d9a65a408aa4c59e8b55d0d0 [32mnonce[0m=7 [32mgasTipCap[0m=5 [32mgasFeeCap[0m=758,161,547 [32mgasLimit[0m=24218
    driver.go:344:              [32mINFO [0m[12-20|23:59:01.220] Added L2 block to local state            [32mblock[0m=f37793..5aaff4:53 [32mtx_count[0m=1 [32mtime[0m=1,766,255,341
    sequencer.go:272:           [32mINFO [0m[12-20|23:59:01.952] Sequencer sealed block                   [32mpayloadID[0m=0x03c16bee3ff51906 [32mblock[0m=d77e9a..793b11:54 [32mparent[0m=f37793..5aaff4:53 [32mtxs[0m=1 [32mtime[0m=1,766,255,342
    node.go:788:                [32mINFO [0m[12-20|23:59:01.952] Publishing signed execution payload on p2p [32mid[0m=d77e9a..793b11:54
    payload_success.go:89:      [32mINFO [0m[12-20|23:59:01.956] Inserted new L2 unsafe block             [32mhash[0m=d77e9a..793b11 [32mnumber[0m=54 [32mbuild_time[0m=950.018ms [32minsert_time[0m=4.388ms     [32mtotal_time[0m=954.406ms [32mmgas[0m=0.046 [32mmgasps[0m=0.048
    sequencer.go:341:           [32mINFO [0m[12-20|23:59:01.956] Sequencer inserted block                 [32mblock[0m=d77e9a..793b11:54 [32mparent[0m=f37793..5aaff4:53
    driver.go:263:              [32mINFO [0m[12-20|23:59:01.959] Scheduled sequencer action               [32mdelta[0m=40.54ms
    sequencer.go:521:           [32mINFO [0m[12-20|23:59:02.001] Started sequencing new block             [32mparent[0m=d77e9a..793b11:54 [32ml1Origin[0m=8c1e88..2fecd2:6
    driver.go:263:              [32mINFO [0m[12-20|23:59:02.003] Scheduled sequencer action               [32mdelta[0m=946.132ms
    system.go:237:              [32mINFO [0m[12-20|23:59:02.005] Exhausted L1 data                        [32mmode[0m=indexing [32mchainId[0m=901 [32mderivedFrom[0m=8c1e88..2fecd2:6 [32mderived[0m=cb5b29..31ed57:23
    node.go:372:                [32mINFO [0m[12-20|23:59:02.005] Node completed syncing                   [32msyncnode[0m=syncnode-901-1 [32mendpoint[0m=RPCSyncSource(ws://127.0.0.1:62709) [32mchain[0m=901 [32ml2[0m=cb5b29..31ed57:23 [32ml1[0m=8c1e88..2fecd2:6
    txmgr.go:682:               [32mINFO [0m[12-20|23:59:02.028] Publishing transaction                   [32mservice[0m=batcher [32mtx[0m=0xc8d38c8a15a9c692e35c2b8be2f53958778a5587d9a65a408aa4c59e8b55d0d0 [32mnonce[0m=7 [32mgasTipCap[0m=5 [32mgasFeeCap[0m=758,161,547 [32mgasLimit[0m=24218
    txmgr.go:888:               [32mINFO [0m[12-20|23:59:02.028] bumping gas price for transaction        [32mservice[0m=batcher [32mtx[0m=0xc8d38c8a15a9c692e35c2b8be2f53958778a5587d9a65a408aa4c59e8b55d0d0 [32mnonce[0m=7 [32mgasTipCap[0m=5 [32mgasFeeCap[0m=758,161,547 [32mgasLimit[0m=24218
    txmgr.go:871:               [32mINFO [0m[12-20|23:59:02.032] Transaction confirmed                    [32mservice[0m=batcher [32mtx[0m=c8d38c..55d0d0 [32mblock[0m=e3d367..b6f50c:9 [32meffectiveGasPrice[0m=301,610,645
    txmgr.go:792:               [32mINFO [0m[12-20|23:59:02.033] Transaction receipt not found            [32mservice[0m=batcher [32mtx[0m=0x72898669f3066ff63658ed36f778fd2350a19208dad0b21a88e18aabe711b6b1 [32mnonce[0m=7 [32mgasTipCap[0m=4 [32mgasFeeCap[0m=689,237,770 [32mgasLimit[0m=23880 [32merr[0m="context canceled"
    txmgr.go:792:               [32mINFO [0m[12-20|23:59:02.033] Transaction receipt not found            [32mservice[0m=batcher [32mtx[0m=0x72898669f3066ff63658ed36f778fd2350a19208dad0b21a88e18aabe711b6b1 [32mnonce[0m=7 [32mgasTipCap[0m=4 [32mgasFeeCap[0m=689,237,770 [32mgasLimit[0m=23880 [32merr[0m="context canceled"
    txmgr.go:853:               [33mWARN [0m[12-20|23:59:02.033] Unable to fetch blob base fee            [33mservice[0m=batcher [33merr[0m="Post \"http://127.0.0.1:62699\": context canceled"
    txmgr.go:871:               [32mINFO [0m[12-20|23:59:02.033] Transaction confirmed                    [32mservice[0m=batcher [32mtx[0m=c8d38c..55d0d0 [32mblock[0m=e3d367..b6f50c:9 [32meffectiveGasPrice[0m=301,610,645
    driver.go:582:              [32mINFO [0m[12-20|23:59:02.033] Handling receipt                         [32mid[0m=f90b9d..a6b64b:0
    driver.go:1063:             [32mINFO [0m[12-20|23:59:02.033] Transaction confirmed                    [32mtx_id[0m=f90b9d5c01c8185292c6fe579ea6b64b:0 [32mtx[0m=c8d38c..55d0d0 [32mblock[0m=e3d367..b6f50c:9
    channel.go:80:              [32mINFO [0m[12-20|23:59:02.033] Channel is fully submitted               [32mid[0m=f90b9d..a6b64b    [32mmin_inclusion_block[0m=9 [32mmax_inclusion_block[0m=9
    txmgr.go:682:               [32mINFO [0m[12-20|23:59:02.034] Publishing transaction                   [32mservice[0m=batcher [32mtx[0m=0x38bcbf893f44211c4016a072f25408e6a626ff2c93865fa735a43a9f7454db74 [32mnonce[0m=8 [32mgasTipCap[0m=5 [32mgasFeeCap[0m=603,221,285 [32mgasLimit[0m=23880
    channel_manager.go:355:     [32mINFO [0m[12-20|23:59:02.035] Created channel                          [32mid[0m=69f73e..ce193f    [32ml1Head[0m=e3d367..b6f50c:9 [32mblocks_pending[0m=6 [32ml1OriginLastSubmittedChannel[0m=7aa9be..9cb7b2:5 [32mbatch_type[0m=1 [32mcompression_algo[0m=brotli [32mtarget_num_frames[0m=1 [32mmax_frame_size[0m=119,999 [32muse_blobs[0m=false
    txmgr.go:717:               [32mINFO [0m[12-20|23:59:02.035] Transaction successfully published       [32mservice[0m=batcher [32mtx[0m=0x38bcbf893f44211c4016a072f25408e6a626ff2c93865fa735a43a9f7454db74 [32mnonce[0m=8 [32mgasTipCap[0m=5 [32mgasFeeCap[0m=603,221,285 [32mgasLimit[0m=23880 [32mtx[0m=38bcbf..54db74
    channel_manager.go:461:     [32mINFO [0m[12-20|23:59:02.038] Channel closed                           [32mid[0m=69f73e..ce193f    [32mblocks_pending[0m=0 [32mnum_frames[0m=1 [32minput_bytes[0m=52 [32moutput_bytes[0m=80 [32moldest_l1_origin[0m=7aa9be..9cb7b2:5 [32ml1_origin[0m=8c1e88..2fecd2:6 [32moldest_l2[0m=38a0a1..9a0ec8:48 [32mlatest_l2[0m=f37793..5aaff4:53 [32mfull_reason[0m="channel full: max channel duration reached" [32mcompr_ratio[0m=1.538
    driver.go:1027:             [32mINFO [0m[12-20|23:59:02.038] Building Calldata transaction candidate  [32msize[0m=81
    driver.go:344:              [32mINFO [0m[12-20|23:59:02.220] Added L2 block to local state            [32mblock[0m=d77e9a..793b11:54 [32mtx_count[0m=1 [32mtime[0m=1,766,255,342
    l1_accessor.go:192:         [32mINFO [0m[12-20|23:59:02.534] Updated latest known L1 block            [32mservice[0m=l1-processor [32mref[0m=e3d367..b6f50c:9
    status.go:133:              [32mINFO [0m[12-20|23:59:02.676] New L1 finalized block                   [32ml1_finalized[0m=3a6349..dec8dd:0
    status.go:126:              [32mINFO [0m[12-20|23:59:02.676] New L1 safe block                        [32ml1_safe[0m=3a6349..dec8dd:0
    system.go:237:              [32mINFO [0m[12-20|23:59:02.677] Exhausted L1 data                        [32mmode[0m=indexing [32mchainId[0m=901 [32mderivedFrom[0m=8c1e88..2fecd2:6 [32mderived[0m=cb5b29..31ed57:23
    node.go:372:                [32mINFO [0m[12-20|23:59:02.677] Node completed syncing                   [32msyncnode[0m=syncnode-901-1 [32mendpoint[0m=RPCSyncSource(ws://127.0.0.1:62709) [32mchain[0m=901 [32ml2[0m=cb5b29..31ed57:23 [32ml1[0m=8c1e88..2fecd2:6
    system.go:462:              [32mINFO [0m[12-20|23:59:02.678] Received next L1 block                   [32mmode[0m=indexing [32mchainId[0m=901 [32mnextL1[0m=b9aad8..dacd32:7
    l1_traversal_managed.go:119: [32mINFO [0m[12-20|23:59:02.679] Derivation continued with next L1 block  [32mcurrent[0m=8c1e88..2fecd2:6 [32mnext[0m=b9aad8..dacd32:7
    base_batch_stage.go:127:    [32mINFO [0m[12-20|23:59:02.679] Advancing bq origin                      [32morigin[0m=b9aad8..dacd32:7 [32moriginBehind[0m=false
    channel_assembler.go:99:    [32mINFO [0m[12-20|23:59:02.680] created new channel                      [32mstage[0m=channel [32morigin[0m=b9aad8..dacd32:7
    channel_in_reader.go:122:   [32mINFO [0m[12-20|23:59:02.680] decoded span batch from channel          [32mbatch_type[0m=SpanBatch [32mbatch_timestamp[0m=1,766,255,312 [32mparent_check[0m=0xcb5b291e6f3ee5b3c4e91e1eaa9e3148bebaed78 [32morigin_check[0m=0x719f3ddee8a9e66cc0a624b16f7a089968b71a8c [32mstart_epoch_number[0m=1 [32mend_epoch_number[0m=2 [32mblock_count[0m=6 [32mtxs[0m=0 [32mcompression_algo[0m=brotli [32mstage_origin[0m=b9aad8..dacd32:7
    batch_stage.go:142:         [32mINFO [0m[12-20|23:59:02.680] Found next valid span batch              [32morigin[0m=b9aad8..dacd32:7 [32mepoch[0m=482c43..4eda3f:1 [32mbatch_type[0m=SpanBatch [32mbatch_timestamp[0m=1,766,255,312 [32mparent_check[0m=0xcb5b291e6f3ee5b3c4e91e1eaa9e3148bebaed78 [32morigin_check[0m=0x719f3ddee8a9e66cc0a624b16f7a089968b71a8c [32mstart_epoch_number[0m=1 [32mend_epoch_number[0m=2 [32mblock_count[0m=6 [32mtxs[0m=0
    attributes_queue.go:134:    [32mINFO [0m[12-20|23:59:02.680] generated attributes in payload queue    [32mtxs[0m=1 [32mtimestamp[0m=1,766,255,312
    attributes_queue.go:134:    [32mINFO [0m[12-20|23:59:02.681] generated attributes in payload queue    [32mtxs[0m=1 [32mtimestamp[0m=1,766,255,313
    safedb.go:103:              [32mINFO [0m[12-20|23:59:02.681] Record safe head                         [32ml2[0m=74172a..03d8da:24 [32ml1[0m=b9aad8..dacd32:7
    attributes_queue.go:134:    [32mINFO [0m[12-20|23:59:02.688] generated attributes in payload queue    [32mtxs[0m=1 [32mtimestamp[0m=1,766,255,314
    safedb.go:103:              [32mINFO [0m[12-20|23:59:02.688] Record safe head                         [32ml2[0m=48ccca..e253e8:25 [32ml1[0m=b9aad8..dacd32:7
    attributes_queue.go:134:    [32mINFO [0m[12-20|23:59:02.693] generated attributes in payload queue    [32mtxs[0m=1 [32mtimestamp[0m=1,766,255,315
    safedb.go:103:              [32mINFO [0m[12-20|23:59:02.693] Record safe head                         [32ml2[0m=7412fd..38b922:26 [32ml1[0m=b9aad8..dacd32:7
    attributes_queue.go:134:    [32mINFO [0m[12-20|23:59:02.698] generated attributes in payload queue    [32mtxs[0m=1 [32mtimestamp[0m=1,766,255,316
    safedb.go:103:              [32mINFO [0m[12-20|23:59:02.698] Record safe head                         [32ml2[0m=226214..5c4c14:27 [32ml1[0m=b9aad8..dacd32:7
    attributes_queue.go:134:    [32mINFO [0m[12-20|23:59:02.704] generated attributes in payload queue    [32mtxs[0m=1 [32mtimestamp[0m=1,766,255,317
    safedb.go:103:              [32mINFO [0m[12-20|23:59:02.704] Record safe head                         [32ml2[0m=d16a43..3cf795:28 [32ml1[0m=b9aad8..dacd32:7
    safedb.go:103:              [32mINFO [0m[12-20|23:59:02.709] Record safe head                         [32ml2[0m=496763..47169c:29 [32ml1[0m=b9aad8..dacd32:7
    system.go:237:              [32mINFO [0m[12-20|23:59:02.713] Exhausted L1 data                        [32mmode[0m=indexing [32mchainId[0m=901 [32mderivedFrom[0m=b9aad8..dacd32:7 [32mderived[0m=496763..47169c:29
    node.go:372:                [32mINFO [0m[12-20|23:59:02.713] Node completed syncing                   [32msyncnode[0m=syncnode-901-1 [32mendpoint[0m=RPCSyncSource(ws://127.0.0.1:62709) [32mchain[0m=901 [32ml2[0m=496763..47169c:29 [32ml1[0m=b9aad8..dacd32:7
    sequencer.go:272:           [32mINFO [0m[12-20|23:59:02.951] Sequencer sealed block                   [32mpayloadID[0m=0x032705f4621c5aea [32mblock[0m=5f5e21..efc323:55 [32mparent[0m=d77e9a..793b11:54 [32mtxs[0m=1 [32mtime[0m=1,766,255,343
    node.go:788:                [32mINFO [0m[12-20|23:59:02.952] Publishing signed execution payload on p2p [32mid[0m=5f5e21..efc323:55
    payload_success.go:89:      [32mINFO [0m[12-20|23:59:02.955] Inserted new L2 unsafe block             [32mhash[0m=5f5e21..efc323 [32mnumber[0m=55 [32mbuild_time[0m=949.099ms [32minsert_time[0m=3.041ms     [32mtotal_time[0m=952.141ms [32mmgas[0m=0.046 [32mmgasps[0m=0.048
    sequencer.go:341:           [32mINFO [0m[12-20|23:59:02.955] Sequencer inserted block                 [32mblock[0m=5f5e21..efc323:55 [32mparent[0m=d77e9a..793b11:54
    driver.go:263:              [32mINFO [0m[12-20|23:59:02.955] Scheduled sequencer action               [32mdelta[0m=44.729ms
    sequencer.go:521:           [32mINFO [0m[12-20|23:59:03.001] Started sequencing new block             [32mparent[0m=5f5e21..efc323:55 [32ml1Origin[0m=b9aad8..dacd32:7
    driver.go:263:              [32mINFO [0m[12-20|23:59:03.003] Scheduled sequencer action               [32mdelta[0m=946.605ms
    driver.go:344:              [32mINFO [0m[12-20|23:59:03.220] Added L2 block to local state            [32mblock[0m=5f5e21..efc323:55 [32mtx_count[0m=1 [32mtime[0m=1,766,255,343
    sequencer.go:272:           [32mINFO [0m[12-20|23:59:03.952] Sequencer sealed block                   [32mpayloadID[0m=0x039dcd6a7657dada [32mblock[0m=00fe76..d3e5a5:56 [32mparent[0m=5f5e21..efc323:55 [32mtxs[0m=1 [32mtime[0m=1,766,255,344
    node.go:788:                [32mINFO [0m[12-20|23:59:03.952] Publishing signed execution payload on p2p [32mid[0m=00fe76..d3e5a5:56
    payload_success.go:89:      [32mINFO [0m[12-20|23:59:03.955] Inserted new L2 unsafe block             [32mhash[0m=00fe76..d3e5a5 [32mnumber[0m=56 [32mbuild_time[0m=949.874ms [32minsert_time[0m=3.453ms     [32mtotal_time[0m=953.327ms [32mmgas[0m=0.054 [32mmgasps[0m=0.057
    sequencer.go:341:           [32mINFO [0m[12-20|23:59:03.956] Sequencer inserted block                 [32mblock[0m=00fe76..d3e5a5:56 [32mparent[0m=5f5e21..efc323:55
    driver.go:263:              [32mINFO [0m[12-20|23:59:03.956] Scheduled sequencer action               [32mdelta[0m=43.796ms
    sequencer.go:521:           [32mINFO [0m[12-20|23:59:04.001] Started sequencing new block             [32mparent[0m=00fe76..d3e5a5:56 [32ml1Origin[0m=b9aad8..dacd32:7
    driver.go:263:              [32mINFO [0m[12-20|23:59:04.003] Scheduled sequencer action               [32mdelta[0m=946.745ms
    txmgr.go:682:               [32mINFO [0m[12-20|23:59:04.036] Publishing transaction                   [32mservice[0m=batcher [32mtx[0m=0x38bcbf893f44211c4016a072f25408e6a626ff2c93865fa735a43a9f7454db74 [32mnonce[0m=8 [32mgasTipCap[0m=5 [32mgasFeeCap[0m=603,221,285 [32mgasLimit[0m=23880
    driver.go:344:              [32mINFO [0m[12-20|23:59:04.220] Added L2 block to local state            [32mblock[0m=00fe76..d3e5a5:56 [32mtx_count[0m=1 [32mtime[0m=1,766,255,344
    status.go:133:              [32mINFO [0m[12-20|23:59:04.676] New L1 finalized block                   [32ml1_finalized[0m=3a6349..dec8dd:0
    status.go:126:              [32mINFO [0m[12-20|23:59:04.676] New L1 safe block                        [32ml1_safe[0m=3a6349..dec8dd:0
    system.go:237:              [32mINFO [0m[12-20|23:59:04.677] Exhausted L1 data                        [32mmode[0m=indexing [32mchainId[0m=901 [32mderivedFrom[0m=b9aad8..dacd32:7 [32mderived[0m=496763..47169c:29
    node.go:372:                [32mINFO [0m[12-20|23:59:04.677] Node completed syncing                   [32msyncnode[0m=syncnode-901-1 [32mendpoint[0m=RPCSyncSource(ws://127.0.0.1:62709) [32mchain[0m=901 [32ml2[0m=496763..47169c:29 [32ml1[0m=b9aad8..dacd32:7
    sequencer.go:272:           [32mINFO [0m[12-20|23:59:04.952] Sequencer sealed block                   [32mpayloadID[0m=0x03672e68ef599aef [32mblock[0m=a758c4..c2a32e:57 [32mparent[0m=00fe76..d3e5a5:56 [32mtxs[0m=1 [32mtime[0m=1,766,255,345
    node.go:788:                [32mINFO [0m[12-20|23:59:04.952] Publishing signed execution payload on p2p [32mid[0m=a758c4..c2a32e:57
    payload_success.go:89:      [32mINFO [0m[12-20|23:59:04.954] Inserted new L2 unsafe block             [32mhash[0m=a758c4..c2a32e [32mnumber[0m=57 [32mbuild_time[0m=949.576ms [32minsert_time[0m=2.741ms     [32mtotal_time[0m=952.318ms [32mmgas[0m=0.046 [32mmgasps[0m=0.048
    sequencer.go:341:           [32mINFO [0m[12-20|23:59:04.954] Sequencer inserted block                 [32mblock[0m=a758c4..c2a32e:57 [32mparent[0m=00fe76..d3e5a5:56
    driver.go:263:              [32mINFO [0m[12-20|23:59:04.955] Scheduled sequencer action               [32mdelta[0m=44.879ms
    sequencer.go:521:           [32mINFO [0m[12-20|23:59:05.001] Started sequencing new block             [32mparent[0m=a758c4..c2a32e:57 [32ml1Origin[0m=b9aad8..dacd32:7
    driver.go:263:              [32mINFO [0m[12-20|23:59:05.003] Scheduled sequencer action               [32mdelta[0m=946.614ms
    txmgr.go:682:               [32mINFO [0m[12-20|23:59:05.035] Publishing transaction                   [32mservice[0m=batcher [32mtx[0m=0x38bcbf893f44211c4016a072f25408e6a626ff2c93865fa735a43a9f7454db74 [32mnonce[0m=8 [32mgasTipCap[0m=5 [32mgasFeeCap[0m=603,221,285 [32mgasLimit[0m=23880
    txmgr.go:888:               [32mINFO [0m[12-20|23:59:05.035] bumping gas price for transaction        [32mservice[0m=batcher [32mtx[0m=0x38bcbf893f44211c4016a072f25408e6a626ff2c93865fa735a43a9f7454db74 [32mnonce[0m=8 [32mgasTipCap[0m=5 [32mgasFeeCap[0m=603,221,285 [32mgasLimit[0m=23880
    txmgr.go:717:               [32mINFO [0m[12-20|23:59:05.039] Transaction successfully published       [32mservice[0m=batcher [32mtx[0m=0xa4e7ec59de006002741127b7b065faf1cfa7e4006a81a07aa3c3855023955e92 [32mnonce[0m=8 [32mgasTipCap[0m=6 [32mgasFeeCap[0m=663,543,414 [32mgasLimit[0m=24218 [32mtx[0m=a4e7ec..955e92
    driver.go:344:              [32mINFO [0m[12-20|23:59:05.220] Added L2 block to local state            [32mblock[0m=a758c4..c2a32e:57 [32mtx_count[0m=1 [32mtime[0m=1,766,255,345
    l1_accessor.go:174:         [32mINFO [0m[12-20|23:59:05.534] Latest L1 block signal is the same as the tip [32mservice[0m=l1-processor [32mref[0m=e3d367..b6f50c:9
    sequencer.go:272:           [32mINFO [0m[12-20|23:59:05.951] Sequencer sealed block                   [32mpayloadID[0m=0x036e3f16ea1a9169 [32mblock[0m=c856e6..e2538f:58 [32mparent[0m=a758c4..c2a32e:57 [32mtxs[0m=1 [32mtime[0m=1,766,255,346
    node.go:788:                [32mINFO [0m[12-20|23:59:05.952] Publishing signed execution payload on p2p [32mid[0m=c856e6..e2538f:58
    payload_success.go:89:      [32mINFO [0m[12-20|23:59:05.954] Inserted new L2 unsafe block             [32mhash[0m=c856e6..e2538f [32mnumber[0m=58 [32mbuild_time[0m=949.425ms [32minsert_time[0m=2.594ms     [32mtotal_time[0m=952.019ms [32mmgas[0m=0.046 [32mmgasps[0m=0.048
    sequencer.go:341:           [32mINFO [0m[12-20|23:59:05.954] Sequencer inserted block                 [32mblock[0m=c856e6..e2538f:58 [32mparent[0m=a758c4..c2a32e:57
    driver.go:263:              [32mINFO [0m[12-20|23:59:05.954] Scheduled sequencer action               [32mdelta[0m=45.058ms
    sequencer.go:521:           [32mINFO [0m[12-20|23:59:06.001] Started sequencing new block             [32mparent[0m=c856e6..e2538f:58 [32ml1Origin[0m=b9aad8..dacd32:7
    driver.go:263:              [32mINFO [0m[12-20|23:59:06.003] Scheduled sequencer action               [32mdelta[0m=946.798ms
    driver.go:344:              [32mINFO [0m[12-20|23:59:06.220] Added L2 block to local state            [32mblock[0m=c856e6..e2538f:58 [32mtx_count[0m=1 [32mtime[0m=1,766,255,346
    status.go:126:              [32mINFO [0m[12-20|23:59:06.675] New L1 safe block                        [32ml1_safe[0m=3a6349..dec8dd:0
    status.go:133:              [32mINFO [0m[12-20|23:59:06.675] New L1 finalized block                   [32ml1_finalized[0m=3a6349..dec8dd:0
    system.go:237:              [32mINFO [0m[12-20|23:59:06.676] Exhausted L1 data                        [32mmode[0m=indexing [32mchainId[0m=901 [32mderivedFrom[0m=b9aad8..dacd32:7 [32mderived[0m=496763..47169c:29
    node.go:372:                [32mINFO [0m[12-20|23:59:06.676] Node completed syncing                   [32msyncnode[0m=syncnode-901-1 [32mendpoint[0m=RPCSyncSource(ws://127.0.0.1:62709) [32mchain[0m=901 [32ml2[0m=496763..47169c:29 [32ml1[0m=b9aad8..dacd32:7
    sequencer.go:272:           [32mINFO [0m[12-20|23:59:06.951] Sequencer sealed block                   [32mpayloadID[0m=0x030577d1b49b3c47 [32mblock[0m=995a91..7daaaa:59 [32mparent[0m=c856e6..e2538f:58 [32mtxs[0m=1 [32mtime[0m=1,766,255,347
    node.go:788:                [32mINFO [0m[12-20|23:59:06.952] Publishing signed execution payload on p2p [32mid[0m=995a91..7daaaa:59
    payload_success.go:89:      [32mINFO [0m[12-20|23:59:06.954] Inserted new L2 unsafe block             [32mhash[0m=995a91..7daaaa [32mnumber[0m=59 [32mbuild_time[0m=949.645ms [32minsert_time[0m=2.488ms     [32mtotal_time[0m=952.134ms [32mmgas[0m=0.046 [32mmgasps[0m=0.048
    sequencer.go:341:           [32mINFO [0m[12-20|23:59:06.954] Sequencer inserted block                 [32mblock[0m=995a91..7daaaa:59 [32mparent[0m=c856e6..e2538f:58
    driver.go:263:              [32mINFO [0m[12-20|23:59:06.954] Scheduled sequencer action               [32mdelta[0m=45.159ms
    sequencer.go:521:           [32mINFO [0m[12-20|23:59:07.000] Started sequencing new block             [32mparent[0m=995a91..7daaaa:59 [32ml1Origin[0m=b9aad8..dacd32:7
    driver.go:263:              [32mINFO [0m[12-20|23:59:07.001] Scheduled sequencer action               [32mdelta[0m=948.038ms
    txmgr.go:682:               [32mINFO [0m[12-20|23:59:07.039] Publishing transaction                   [32mservice[0m=batcher [32mtx[0m=0xa4e7ec59de006002741127b7b065faf1cfa7e4006a81a07aa3c3855023955e92 [32mnonce[0m=8 [32mgasTipCap[0m=6 [32mgasFeeCap[0m=663,543,414 [32mgasLimit[0m=24218
    driver.go:344:              [32mINFO [0m[12-20|23:59:07.220] Added L2 block to local state            [32mblock[0m=995a91..7daaaa:59 [32mtx_count[0m=1 [32mtime[0m=1,766,255,347
    sequencer.go:272:           [32mINFO [0m[12-20|23:59:07.952] Sequencer sealed block                   [32mpayloadID[0m=0x03b75af8ad9fa196 [32mblock[0m=9535f0..0d509c:60 [32mparent[0m=995a91..7daaaa:59 [32mtxs[0m=1 [32mtime[0m=1,766,255,348
    node.go:788:                [32mINFO [0m[12-20|23:59:07.952] Publishing signed execution payload on p2p [32mid[0m=9535f0..0d509c:60
    payload_success.go:89:      [32mINFO [0m[12-20|23:59:07.955] Inserted new L2 unsafe block             [32mhash[0m=9535f0..0d509c [32mnumber[0m=60 [32mbuild_time[0m=950.799ms [32minsert_time[0m=3.167ms     [32mtotal_time[0m=953.967ms [32mmgas[0m=0.046 [32mmgasps[0m=0.048
    sequencer.go:341:           [32mINFO [0m[12-20|23:59:07.955] Sequencer inserted block                 [32mblock[0m=9535f0..0d509c:60 [32mparent[0m=995a91..7daaaa:59
    driver.go:263:              [32mINFO [0m[12-20|23:59:07.955] Scheduled sequencer action               [32mdelta[0m=44.429ms
    sequencer.go:521:           [32mINFO [0m[12-20|23:59:08.000] Started sequencing new block             [32mparent[0m=9535f0..0d509c:60 [32ml1Origin[0m=b9aad8..dacd32:7
    driver.go:263:              [32mINFO [0m[12-20|23:59:08.003] Scheduled sequencer action               [32mdelta[0m=946.297ms
    system.go:237:              [32mINFO [0m[12-20|23:59:08.020] Exhausted L1 data                        [32mmode[0m=indexing [32mchainId[0m=901 [32mderivedFrom[0m=b9aad8..dacd32:7 [32mderived[0m=496763..47169c:29
    node.go:372:                [32mINFO [0m[12-20|23:59:08.020] Node completed syncing                   [32msyncnode[0m=syncnode-901-1 [32mendpoint[0m=RPCSyncSource(ws://127.0.0.1:62709) [32mchain[0m=901 [32ml2[0m=496763..47169c:29 [32ml1[0m=b9aad8..dacd32:7
    txmgr.go:682:               [32mINFO [0m[12-20|23:59:08.034] Publishing transaction                   [32mservice[0m=batcher [32mtx[0m=0xa4e7ec59de006002741127b7b065faf1cfa7e4006a81a07aa3c3855023955e92 [32mnonce[0m=8 [32mgasTipCap[0m=6 [32mgasFeeCap[0m=663,543,414 [32mgasLimit[0m=24218
    txmgr.go:888:               [32mINFO [0m[12-20|23:59:08.035] bumping gas price for transaction        [32mservice[0m=batcher [32mtx[0m=0xa4e7ec59de006002741127b7b065faf1cfa7e4006a81a07aa3c3855023955e92 [32mnonce[0m=8 [32mgasTipCap[0m=6 [32mgasFeeCap[0m=663,543,414 [32mgasLimit[0m=24218
    txmgr.go:871:               [32mINFO [0m[12-20|23:59:08.040] Transaction confirmed                    [32mservice[0m=batcher [32mtx[0m=a4e7ec..955e92 [32mblock[0m=0a987e..cb6566:10 [32meffectiveGasPrice[0m=263,969,867
    txmgr.go:792:               [32mINFO [0m[12-20|23:59:08.040] Transaction receipt not found            [32mservice[0m=batcher [32mtx[0m=0x38bcbf893f44211c4016a072f25408e6a626ff2c93865fa735a43a9f7454db74 [32mnonce[0m=8 [32mgasTipCap[0m=5 [32mgasFeeCap[0m=603,221,285 [32mgasLimit[0m=23880 [32merr[0m="context canceled"
    txmgr.go:792:               [32mINFO [0m[12-20|23:59:08.040] Transaction receipt not found            [32mservice[0m=batcher [32mtx[0m=0x38bcbf893f44211c4016a072f25408e6a626ff2c93865fa735a43a9f7454db74 [32mnonce[0m=8 [32mgasTipCap[0m=5 [32mgasFeeCap[0m=603,221,285 [32mgasLimit[0m=23880 [32merr[0m="context canceled"
    txmgr.go:845:               [31mERROR[0m[12-20|23:59:08.040] Unable to fetch tip                      [31mservice[0m=batcher [31merr[0m="Post \"http://127.0.0.1:62699\": context canceled"
    txmgr.go:792:               [32mINFO [0m[12-20|23:59:08.040] Transaction receipt not found            [32mservice[0m=batcher [32mtx[0m=0xa4e7ec59de006002741127b7b065faf1cfa7e4006a81a07aa3c3855023955e92 [32mnonce[0m=8 [32mgasTipCap[0m=6 [32mgasFeeCap[0m=663,543,414 [32mgasLimit[0m=24218 [32merr[0m="context canceled"
    txmgr.go:792:               [32mINFO [0m[12-20|23:59:08.040] Transaction receipt not found            [32mservice[0m=batcher [32mtx[0m=0x1329caf9c3a4be92f12c06bba0f763fd961330977b9aa1439dc138f6080882ae [32mnonce[0m=8 [32mgasTipCap[0m=7 [32mgasFeeCap[0m=729,897,756 [32mgasLimit[0m=24218 [32merr[0m="context canceled"
    driver.go:582:              [32mINFO [0m[12-20|23:59:08.041] Handling receipt                         [32mid[0m=946fc0..23d492:0
    driver.go:1063:             [32mINFO [0m[12-20|23:59:08.041] Transaction confirmed                    [32mtx_id[0m=946fc00a9fcdb8d021d1c0feb723d492:0 [32mtx[0m=a4e7ec..955e92 [32mblock[0m=0a987e..cb6566:10
    channel.go:80:              [32mINFO [0m[12-20|23:59:08.041] Channel is fully submitted               [32mid[0m=946fc0..23d492    [32mmin_inclusion_block[0m=10 [32mmax_inclusion_block[0m=10
    txmgr.go:682:               [32mINFO [0m[12-20|23:59:08.042] Publishing transaction                   [32mservice[0m=batcher [32mtx[0m=0x61d45528e30511af53eebf3fa056cb0c15e9076a1b45be88c71d6894c1240d1d [32mnonce[0m=9 [32mgasTipCap[0m=5 [32mgasFeeCap[0m=527,939,727 [32mgasLimit[0m=23880
    channel_manager.go:355:     [32mINFO [0m[12-20|23:59:08.043] Created channel                          [32mid[0m=a1bb5f..4c7e9e    [32ml1Head[0m=0a987e..cb6566:10 [32mblocks_pending[0m=6 [32ml1OriginLastSubmittedChannel[0m=8c1e88..2fecd2:6 [32mbatch_type[0m=1 [32mcompression_algo[0m=brotli [32mtarget_num_frames[0m=1 [32mmax_frame_size[0m=119,999 [32muse_blobs[0m=false
    txmgr.go:717:               [32mINFO [0m[12-20|23:59:08.043] Transaction successfully published       [32mservice[0m=batcher [32mtx[0m=0x61d45528e30511af53eebf3fa056cb0c15e9076a1b45be88c71d6894c1240d1d [32mnonce[0m=9 [32mgasTipCap[0m=5 [32mgasFeeCap[0m=527,939,727 [32mgasLimit[0m=23880 [32mtx[0m=61d455..240d1d
    channel_manager.go:461:     [32mINFO [0m[12-20|23:59:08.045] Channel closed                           [32mid[0m=a1bb5f..4c7e9e    [32mblocks_pending[0m=0 [32mnum_frames[0m=1 [32minput_bytes[0m=52 [32moutput_bytes[0m=80 [32moldest_l1_origin[0m=8c1e88..2fecd2:6 [32ml1_origin[0m=b9aad8..dacd32:7 [32moldest_l2[0m=d77e9a..793b11:54 [32mlatest_l2[0m=995a91..7daaaa:59 [32mfull_reason[0m="channel full: max channel duration reached" [32mcompr_ratio[0m=1.538
    driver.go:1027:             [32mINFO [0m[12-20|23:59:08.045] Building Calldata transaction candidate  [32msize[0m=81
    driver.go:344:              [32mINFO [0m[12-20|23:59:08.221] Added L2 block to local state            [32mblock[0m=9535f0..0d509c:60 [32mtx_count[0m=1 [32mtime[0m=1,766,255,348
    l1_accessor.go:192:         [32mINFO [0m[12-20|23:59:08.534] Updated latest known L1 block            [32mservice[0m=l1-processor [32mref[0m=0a987e..cb6566:10
    status.go:126:              [32mINFO [0m[12-20|23:59:08.676] New L1 safe block                        [32ml1_safe[0m=3a6349..dec8dd:0
    status.go:133:              [32mINFO [0m[12-20|23:59:08.676] New L1 finalized block                   [32ml1_finalized[0m=3a6349..dec8dd:0
    system.go:237:              [32mINFO [0m[12-20|23:59:08.677] Exhausted L1 data                        [32mmode[0m=indexing [32mchainId[0m=901 [32mderivedFrom[0m=b9aad8..dacd32:7 [32mderived[0m=496763..47169c:29
    node.go:372:                [32mINFO [0m[12-20|23:59:08.677] Node completed syncing                   [32msyncnode[0m=syncnode-901-1 [32mendpoint[0m=RPCSyncSource(ws://127.0.0.1:62709) [32mchain[0m=901 [32ml2[0m=496763..47169c:29 [32ml1[0m=b9aad8..dacd32:7
    system.go:462:              [32mINFO [0m[12-20|23:59:08.678] Received next L1 block                   [32mmode[0m=indexing [32mchainId[0m=901 [32mnextL1[0m=88bbb9..e7cc3d:8
    l1_traversal_managed.go:119: [32mINFO [0m[12-20|23:59:08.679] Derivation continued with next L1 block  [32mcurrent[0m=b9aad8..dacd32:7 [32mnext[0m=88bbb9..e7cc3d:8
    base_batch_stage.go:127:    [32mINFO [0m[12-20|23:59:08.679] Advancing bq origin                      [32morigin[0m=88bbb9..e7cc3d:8 [32moriginBehind[0m=false
    channel_assembler.go:99:    [32mINFO [0m[12-20|23:59:08.679] created new channel                      [32mstage[0m=channel [32morigin[0m=88bbb9..e7cc3d:8
    channel_in_reader.go:122:   [32mINFO [0m[12-20|23:59:08.679] decoded span batch from channel          [32mbatch_type[0m=SpanBatch [32mbatch_timestamp[0m=1,766,255,318 [32mparent_check[0m=0x496763b45650c48daa67cae8d224bd87571bbe61 [32morigin_check[0m=0xfd23db28c79288766f77ef3feb5b708c31dac72d [32mstart_epoch_number[0m=2 [32mend_epoch_number[0m=3 [32mblock_count[0m=6 [32mtxs[0m=0 [32mcompression_algo[0m=brotli [32mstage_origin[0m=88bbb9..e7cc3d:8
    batch_stage.go:142:         [32mINFO [0m[12-20|23:59:08.679] Found next valid span batch              [32morigin[0m=88bbb9..e7cc3d:8 [32mepoch[0m=719f3d..b2a33b:2 [32mbatch_type[0m=SpanBatch [32mbatch_timestamp[0m=1,766,255,318 [32mparent_check[0m=0x496763b45650c48daa67cae8d224bd87571bbe61 [32morigin_check[0m=0xfd23db28c79288766f77ef3feb5b708c31dac72d [32mstart_epoch_number[0m=2 [32mend_epoch_number[0m=3 [32mblock_count[0m=6 [32mtxs[0m=0
    attributes_queue.go:134:    [32mINFO [0m[12-20|23:59:08.680] generated attributes in payload queue    [32mtxs[0m=1 [32mtimestamp[0m=1,766,255,318
    attributes_queue.go:134:    [32mINFO [0m[12-20|23:59:08.681] generated attributes in payload queue    [32mtxs[0m=1 [32mtimestamp[0m=1,766,255,319
    safedb.go:103:              [32mINFO [0m[12-20|23:59:08.681] Record safe head                         [32ml2[0m=b58b13..1497f6:30 [32ml1[0m=88bbb9..e7cc3d:8
    attributes_queue.go:134:    [32mINFO [0m[12-20|23:59:08.689] generated attributes in payload queue    [32mtxs[0m=1 [32mtimestamp[0m=1,766,255,320
    safedb.go:103:              [32mINFO [0m[12-20|23:59:08.689] Record safe head                         [32ml2[0m=972a1a..d13847:31 [32ml1[0m=88bbb9..e7cc3d:8
    attributes_queue.go:134:    [32mINFO [0m[12-20|23:59:08.694] generated attributes in payload queue    [32mtxs[0m=1 [32mtimestamp[0m=1,766,255,321
    safedb.go:103:              [32mINFO [0m[12-20|23:59:08.694] Record safe head                         [32ml2[0m=c9e603..1555aa:32 [32ml1[0m=88bbb9..e7cc3d:8
    attributes_queue.go:134:    [32mINFO [0m[12-20|23:59:08.700] generated attributes in payload queue    [32mtxs[0m=1 [32mtimestamp[0m=1,766,255,322
    safedb.go:103:              [32mINFO [0m[12-20|23:59:08.700] Record safe head                         [32ml2[0m=5542b8..aacef4:33 [32ml1[0m=88bbb9..e7cc3d:8
    attributes_queue.go:134:    [32mINFO [0m[12-20|23:59:08.706] generated attributes in payload queue    [32mtxs[0m=1 [32mtimestamp[0m=1,766,255,323
    safedb.go:103:              [32mINFO [0m[12-20|23:59:08.706] Record safe head                         [32ml2[0m=5e5c66..22681c:34 [32ml1[0m=88bbb9..e7cc3d:8
    safedb.go:103:              [32mINFO [0m[12-20|23:59:08.711] Record safe head                         [32ml2[0m=8abe29..abde3f:35 [32ml1[0m=88bbb9..e7cc3d:8
    system.go:237:              [32mINFO [0m[12-20|23:59:08.715] Exhausted L1 data                        [32mmode[0m=indexing [32mchainId[0m=901 [32mderivedFrom[0m=88bbb9..e7cc3d:8 [32mderived[0m=8abe29..abde3f:35
    node.go:372:                [32mINFO [0m[12-20|23:59:08.716] Node completed syncing                   [32msyncnode[0m=syncnode-901-1 [32mendpoint[0m=RPCSyncSource(ws://127.0.0.1:62709) [32mchain[0m=901 [32ml2[0m=8abe29..abde3f:35 [32ml1[0m=88bbb9..e7cc3d:8
    sequencer.go:272:           [32mINFO [0m[12-20|23:59:08.951] Sequencer sealed block                   [32mpayloadID[0m=0x03f068a6151ff5fa [32mblock[0m=f3a752..5b0874:61 [32mparent[0m=9535f0..0d509c:60 [32mtxs[0m=1 [32mtime[0m=1,766,255,349
    node.go:788:                [32mINFO [0m[12-20|23:59:08.952] Publishing signed execution payload on p2p [32mid[0m=f3a752..5b0874:61
    payload_success.go:89:      [32mINFO [0m[12-20|23:59:08.954] Inserted new L2 unsafe block             [32mhash[0m=f3a752..5b0874 [32mnumber[0m=61 [32mbuild_time[0m=949.596ms [32minsert_time[0m=2.762ms     [32mtotal_time[0m=952.359ms [32mmgas[0m=0.046 [32mmgasps[0m=0.048
    sequencer.go:341:           [32mINFO [0m[12-20|23:59:08.954] Sequencer inserted block                 [32mblock[0m=f3a752..5b0874:61 [32mparent[0m=9535f0..0d509c:60
    driver.go:263:              [32mINFO [0m[12-20|23:59:08.955] Scheduled sequencer action               [32mdelta[0m=44.973ms
    sequencer.go:521:           [32mINFO [0m[12-20|23:59:09.000] Started sequencing new block             [32mparent[0m=f3a752..5b0874:61 [32ml1Origin[0m=88bbb9..e7cc3d:8
    driver.go:263:              [32mINFO [0m[12-20|23:59:09.003] Scheduled sequencer action               [32mdelta[0m=946.908ms
    driver.go:344:              [32mINFO [0m[12-20|23:59:09.221] Added L2 block to local state            [32mblock[0m=f3a752..5b0874:61 [32mtx_count[0m=1 [32mtime[0m=1,766,255,349
    sequencer.go:272:           [32mINFO [0m[12-20|23:59:09.951] Sequencer sealed block                   [32mpayloadID[0m=0x03421d2b7734b4c8 [32mblock[0m=bce7ac..d23694:62 [32mparent[0m=f3a752..5b0874:61 [32mtxs[0m=1 [32mtime[0m=1,766,255,350
    node.go:788:                [32mINFO [0m[12-20|23:59:09.952] Publishing signed execution payload on p2p [32mid[0m=bce7ac..d23694:62
    payload_success.go:89:      [32mINFO [0m[12-20|23:59:09.954] Inserted new L2 unsafe block             [32mhash[0m=bce7ac..d23694 [32mnumber[0m=62 [32mbuild_time[0m=949.856ms [32minsert_time[0m=2.326ms     [32mtotal_time[0m=952.183ms [32mmgas[0m=0.054 [32mmgasps[0m=0.057
    sequencer.go:341:           [32mINFO [0m[12-20|23:59:09.954] Sequencer inserted block                 [32mblock[0m=bce7ac..d23694:62 [32mparent[0m=f3a752..5b0874:61
    driver.go:263:              [32mINFO [0m[12-20|23:59:09.954] Scheduled sequencer action               [32mdelta[0m=45.371ms
    sequencer.go:521:           [32mINFO [0m[12-20|23:59:10.000] Started sequencing new block             [32mparent[0m=bce7ac..d23694:62 [32ml1Origin[0m=88bbb9..e7cc3d:8
    driver.go:263:              [32mINFO [0m[12-20|23:59:10.002] Scheduled sequencer action               [32mdelta[0m=947.066ms
    txmgr.go:682:               [32mINFO [0m[12-20|23:59:10.044] Publishing transaction                   [32mservice[0m=batcher [32mtx[0m=0x61d45528e30511af53eebf3fa056cb0c15e9076a1b45be88c71d6894c1240d1d [32mnonce[0m=9 [32mgasTipCap[0m=5 [32mgasFeeCap[0m=527,939,727 [32mgasLimit[0m=23880
    driver.go:344:              [32mINFO [0m[12-20|23:59:10.220] Added L2 block to local state            [32mblock[0m=bce7ac..d23694:62 [32mtx_count[0m=1 [32mtime[0m=1,766,255,350
    status.go:126:              [32mINFO [0m[12-20|23:59:10.676] New L1 safe block                        [32ml1_safe[0m=3a6349..dec8dd:0
    status.go:133:              [32mINFO [0m[12-20|23:59:10.676] New L1 finalized block                   [32ml1_finalized[0m=3a6349..dec8dd:0
    system.go:237:              [32mINFO [0m[12-20|23:59:10.676] Exhausted L1 data                        [32mmode[0m=indexing [32mchainId[0m=901 [32mderivedFrom[0m=88bbb9..e7cc3d:8 [32mderived[0m=8abe29..abde3f:35
    node.go:372:                [32mINFO [0m[12-20|23:59:10.676] Node completed syncing                   [32msyncnode[0m=syncnode-901-1 [32mendpoint[0m=RPCSyncSource(ws://127.0.0.1:62709) [32mchain[0m=901 [32ml2[0m=8abe29..abde3f:35 [32ml1[0m=88bbb9..e7cc3d:8
    sequencer.go:272:           [32mINFO [0m[12-20|23:59:10.951] Sequencer sealed block                   [32mpayloadID[0m=0x03cb5e266fa252dd [32mblock[0m=838443..ee38f5:63 [32mparent[0m=bce7ac..d23694:62 [32mtxs[0m=1 [32mtime[0m=1,766,255,351
    node.go:788:                [32mINFO [0m[12-20|23:59:10.952] Publishing signed execution payload on p2p [32mid[0m=838443..ee38f5:63
    payload_success.go:89:      [32mINFO [0m[12-20|23:59:10.954] Inserted new L2 unsafe block             [32mhash[0m=838443..ee38f5 [32mnumber[0m=63 [32mbuild_time[0m=949.813ms [32minsert_time[0m=2.492ms     [32mtotal_time[0m=952.306ms [32mmgas[0m=0.046 [32mmgasps[0m=0.048
    sequencer.go:341:           [32mINFO [0m[12-20|23:59:10.954] Sequencer inserted block                 [32mblock[0m=838443..ee38f5:63 [32mparent[0m=bce7ac..d23694:62
    driver.go:263:              [32mINFO [0m[12-20|23:59:10.954] Scheduled sequencer action               [32mdelta[0m=45.276ms
    sequencer.go:521:           [32mINFO [0m[12-20|23:59:11.000] Started sequencing new block             [32mparent[0m=838443..ee38f5:63 [32ml1Origin[0m=88bbb9..e7cc3d:8
    driver.go:263:              [32mINFO [0m[12-20|23:59:11.002] Scheduled sequencer action               [32mdelta[0m=947.272ms
    txmgr.go:682:               [32mINFO [0m[12-20|23:59:11.042] Publishing transaction                   [32mservice[0m=batcher [32mtx[0m=0x61d45528e30511af53eebf3fa056cb0c15e9076a1b45be88c71d6894c1240d1d [32mnonce[0m=9 [32mgasTipCap[0m=5 [32mgasFeeCap[0m=527,939,727 [32mgasLimit[0m=23880
    txmgr.go:888:               [32mINFO [0m[12-20|23:59:11.042] bumping gas price for transaction        [32mservice[0m=batcher [32mtx[0m=0x61d45528e30511af53eebf3fa056cb0c15e9076a1b45be88c71d6894c1240d1d [32mnonce[0m=9 [32mgasTipCap[0m=5 [32mgasFeeCap[0m=527,939,727 [32mgasLimit[0m=23880
    txmgr.go:717:               [32mINFO [0m[12-20|23:59:11.045] Transaction successfully published       [32mservice[0m=batcher [32mtx[0m=0x7bebafb2cfda98512e029ef67b33eb9a263361e682856538d66bca2c8a30785d [32mnonce[0m=9 [32mgasTipCap[0m=6 [32mgasFeeCap[0m=580,733,700 [32mgasLimit[0m=24218 [32mtx[0m=7bebaf..30785d
    driver.go:344:              [32mINFO [0m[12-20|23:59:11.220] Added L2 block to local state            [32mblock[0m=838443..ee38f5:63 [32mtx_count[0m=1 [32mtime[0m=1,766,255,351
    l1_accessor.go:174:         [32mINFO [0m[12-20|23:59:11.534] Latest L1 block signal is the same as the tip [32mservice[0m=l1-processor [32mref[0m=0a987e..cb6566:10
    sequencer.go:272:           [32mINFO [0m[12-20|23:59:11.951] Sequencer sealed block                   [32mpayloadID[0m=0x031d68e2ecce5f6d [32mblock[0m=7396ba..341cf0:64 [32mparent[0m=838443..ee38f5:63 [32mtxs[0m=1 [32mtime[0m=1,766,255,352
    node.go:788:                [32mINFO [0m[12-20|23:59:11.951] Publishing signed execution payload on p2p [32mid[0m=7396ba..341cf0:64
    payload_success.go:89:      [32mINFO [0m[12-20|23:59:11.954] Inserted new L2 unsafe block             [32mhash[0m=7396ba..341cf0 [32mnumber[0m=64 [32mbuild_time[0m=949.780ms [32minsert_time[0m=2.560ms     [32mtotal_time[0m=952.340ms [32mmgas[0m=0.046 [32mmgasps[0m=0.048
    sequencer.go:341:           [32mINFO [0m[12-20|23:59:11.954] Sequencer inserted block                 [32mblock[0m=7396ba..341cf0:64 [32mparent[0m=838443..ee38f5:63
    driver.go:263:              [32mINFO [0m[12-20|23:59:11.954] Scheduled sequencer action               [32mdelta[0m=45.553ms
    sequencer.go:521:           [32mINFO [0m[12-20|23:59:12.000] Started sequencing new block             [32mparent[0m=7396ba..341cf0:64 [32ml1Origin[0m=88bbb9..e7cc3d:8
    driver.go:263:              [32mINFO [0m[12-20|23:59:12.003] Scheduled sequencer action               [32mdelta[0m=946.879ms
    driver.go:344:              [32mINFO [0m[12-20|23:59:12.220] Added L2 block to local state            [32mblock[0m=7396ba..341cf0:64 [32mtx_count[0m=1 [32mtime[0m=1,766,255,352
    status.go:133:              [32mINFO [0m[12-20|23:59:12.675] New L1 finalized block                   [32ml1_finalized[0m=3a6349..dec8dd:0
    status.go:126:              [32mINFO [0m[12-20|23:59:12.676] New L1 safe block                        [32ml1_safe[0m=3a6349..dec8dd:0
    system.go:237:              [32mINFO [0m[12-20|23:59:12.676] Exhausted L1 data                        [32mmode[0m=indexing [32mchainId[0m=901 [32mderivedFrom[0m=88bbb9..e7cc3d:8 [32mderived[0m=8abe29..abde3f:35
    node.go:372:                [32mINFO [0m[12-20|23:59:12.676] Node completed syncing                   [32msyncnode[0m=syncnode-901-1 [32mendpoint[0m=RPCSyncSource(ws://127.0.0.1:62709) [32mchain[0m=901 [32ml2[0m=8abe29..abde3f:35 [32ml1[0m=88bbb9..e7cc3d:8
    sequencer.go:272:           [32mINFO [0m[12-20|23:59:12.951] Sequencer sealed block                   [32mpayloadID[0m=0x03380cfa953bc00f [32mblock[0m=7ba203..a6a820:65 [32mparent[0m=7396ba..341cf0:64 [32mtxs[0m=1 [32mtime[0m=1,766,255,353
    node.go:788:                [32mINFO [0m[12-20|23:59:12.951] Publishing signed execution payload on p2p [32mid[0m=7ba203..a6a820:65
    payload_success.go:89:      [32mINFO [0m[12-20|23:59:12.954] Inserted new L2 unsafe block             [32mhash[0m=7ba203..a6a820 [32mnumber[0m=65 [32mbuild_time[0m=949.854ms [32minsert_time[0m=2.810ms     [32mtotal_time[0m=952.665ms [32mmgas[0m=0.046 [32mmgasps[0m=0.048
    sequencer.go:341:           [32mINFO [0m[12-20|23:59:12.954] Sequencer inserted block                 [32mblock[0m=7ba203..a6a820:65 [32mparent[0m=7396ba..341cf0:64
    driver.go:263:              [32mINFO [0m[12-20|23:59:12.954] Scheduled sequencer action               [32mdelta[0m=45.11ms
    sequencer.go:521:           [32mINFO [0m[12-20|23:59:13.000] Started sequencing new block             [32mparent[0m=7ba203..a6a820:65 [32ml1Origin[0m=88bbb9..e7cc3d:8
    driver.go:263:              [32mINFO [0m[12-20|23:59:13.002] Scheduled sequencer action               [32mdelta[0m=947.608ms
    txmgr.go:682:               [32mINFO [0m[12-20|23:59:13.045] Publishing transaction                   [32mservice[0m=batcher [32mtx[0m=0x7bebafb2cfda98512e029ef67b33eb9a263361e682856538d66bca2c8a30785d [32mnonce[0m=9 [32mgasTipCap[0m=6 [32mgasFeeCap[0m=580,733,700 [32mgasLimit[0m=24218
    driver.go:344:              [32mINFO [0m[12-20|23:59:13.220] Added L2 block to local state            [32mblock[0m=7ba203..a6a820:65 [32mtx_count[0m=1 [32mtime[0m=1,766,255,353
    sequencer.go:272:           [32mINFO [0m[12-20|23:59:13.951] Sequencer sealed block                   [32mpayloadID[0m=0x03218376780771a4 [32mblock[0m=e6dc79..82fe4b:66 [32mparent[0m=7ba203..a6a820:65 [32mtxs[0m=1 [32mtime[0m=1,766,255,354
    node.go:788:                [32mINFO [0m[12-20|23:59:13.951] Publishing signed execution payload on p2p [32mid[0m=e6dc79..82fe4b:66
    payload_success.go:89:      [32mINFO [0m[12-20|23:59:13.954] Inserted new L2 unsafe block             [32mhash[0m=e6dc79..82fe4b [32mnumber[0m=66 [32mbuild_time[0m=950.009ms [32minsert_time[0m=2.852ms     [32mtotal_time[0m=952.862ms [32mmgas[0m=0.046 [32mmgasps[0m=0.048
    sequencer.go:341:           [32mINFO [0m[12-20|23:59:13.954] Sequencer inserted block                 [32mblock[0m=e6dc79..82fe4b:66 [32mparent[0m=7ba203..a6a820:65
    driver.go:263:              [32mINFO [0m[12-20|23:59:13.954] Scheduled sequencer action               [32mdelta[0m=45.184ms
    sequencer.go:521:           [32mINFO [0m[12-20|23:59:14.000] Started sequencing new block             [32mparent[0m=e6dc79..82fe4b:66 [32ml1Origin[0m=88bbb9..e7cc3d:8
    driver.go:263:              [32mINFO [0m[12-20|23:59:14.002] Scheduled sequencer action               [32mdelta[0m=947.518ms
    system.go:237:              [32mINFO [0m[12-20|23:59:14.031] Exhausted L1 data                        [32mmode[0m=indexing [32mchainId[0m=901 [32mderivedFrom[0m=88bbb9..e7cc3d:8 [32mderived[0m=8abe29..abde3f:35
    node.go:372:                [32mINFO [0m[12-20|23:59:14.031] Node completed syncing                   [32msyncnode[0m=syncnode-901-1 [32mendpoint[0m=RPCSyncSource(ws://127.0.0.1:62709) [32mchain[0m=901 [32ml2[0m=8abe29..abde3f:35 [32ml1[0m=88bbb9..e7cc3d:8
    txmgr.go:682:               [32mINFO [0m[12-20|23:59:14.043] Publishing transaction                   [32mservice[0m=batcher [32mtx[0m=0x7bebafb2cfda98512e029ef67b33eb9a263361e682856538d66bca2c8a30785d [32mnonce[0m=9 [32mgasTipCap[0m=6 [32mgasFeeCap[0m=580,733,700 [32mgasLimit[0m=24218
    txmgr.go:888:               [32mINFO [0m[12-20|23:59:14.043] bumping gas price for transaction        [32mservice[0m=batcher [32mtx[0m=0x7bebafb2cfda98512e029ef67b33eb9a263361e682856538d66bca2c8a30785d [32mnonce[0m=9 [32mgasTipCap[0m=6 [32mgasFeeCap[0m=580,733,700 [32mgasLimit[0m=24218
    txmgr.go:871:               [32mINFO [0m[12-20|23:59:14.047] Transaction confirmed                    [32mservice[0m=batcher [32mtx[0m=7bebaf..30785d [32mblock[0m=951bef..83e30b:11 [32meffectiveGasPrice[0m=231,026,681
    txmgr.go:792:               [32mINFO [0m[12-20|23:59:14.047] Transaction receipt not found            [32mservice[0m=batcher [32mtx[0m=0x61d45528e30511af53eebf3fa056cb0c15e9076a1b45be88c71d6894c1240d1d [32mnonce[0m=9 [32mgasTipCap[0m=5 [32mgasFeeCap[0m=527,939,727 [32mgasLimit[0m=23880 [32merr[0m="context canceled"
    txmgr.go:792:               [32mINFO [0m[12-20|23:59:14.047] Transaction receipt not found            [32mservice[0m=batcher [32mtx[0m=0x61d45528e30511af53eebf3fa056cb0c15e9076a1b45be88c71d6894c1240d1d [32mnonce[0m=9 [32mgasTipCap[0m=5 [32mgasFeeCap[0m=527,939,727 [32mgasLimit[0m=23880 [32merr[0m="context canceled"
    txmgr.go:853:               [33mWARN [0m[12-20|23:59:14.047] Unable to fetch blob base fee            [33mservice[0m=batcher [33merr[0m="Post \"http://127.0.0.1:62699\": context canceled"
    txmgr.go:871:               [32mINFO [0m[12-20|23:59:14.047] Transaction confirmed                    [32mservice[0m=batcher [32mtx[0m=7bebaf..30785d [32mblock[0m=951bef..83e30b:11 [32meffectiveGasPrice[0m=231,026,681
    driver.go:582:              [32mINFO [0m[12-20|23:59:14.047] Handling receipt                         [32mid[0m=69f73e..ce193f:0
    driver.go:1063:             [32mINFO [0m[12-20|23:59:14.048] Transaction confirmed                    [32mtx_id[0m=69f73e4f5091d4c55cd0c19e40ce193f:0 [32mtx[0m=7bebaf..30785d [32mblock[0m=951bef..83e30b:11
    channel.go:80:              [32mINFO [0m[12-20|23:59:14.048] Channel is fully submitted               [32mid[0m=69f73e..ce193f    [32mmin_inclusion_block[0m=11 [32mmax_inclusion_block[0m=11
    txmgr.go:682:               [32mINFO [0m[12-20|23:59:14.049] Publishing transaction                   [32mservice[0m=batcher [32mtx[0m=0xfb257eef5832849da6e3dc976ae25f08e47878c52c7a0fc742b45d9a53a23dc3 [32mnonce[0m=10 [32mgasTipCap[0m=6 [32mgasFeeCap[0m=462,053,356 [32mgasLimit[0m=23880
    channel_manager.go:355:     [32mINFO [0m[12-20|23:59:14.049] Created channel                          [32mid[0m=684102..f47092    [32ml1Head[0m=951bef..83e30b:11 [32mblocks_pending[0m=6 [32ml1OriginLastSubmittedChannel[0m=b9aad8..dacd32:7 [32mbatch_type[0m=1 [32mcompression_algo[0m=brotli [32mtarget_num_frames[0m=1 [32mmax_frame_size[0m=119,999 [32muse_blobs[0m=false
    txmgr.go:717:               [32mINFO [0m[12-20|23:59:14.050] Transaction successfully published       [32mservice[0m=batcher [32mtx[0m=0xfb257eef5832849da6e3dc976ae25f08e47878c52c7a0fc742b45d9a53a23dc3 [32mnonce[0m=10 [32mgasTipCap[0m=6 [32mgasFeeCap[0m=462,053,356 [32mgasLimit[0m=23880 [32mtx[0m=fb257e..a23dc3
    channel_manager.go:461:     [32mINFO [0m[12-20|23:59:14.054] Channel closed                           [32mid[0m=684102..f47092    [32mblocks_pending[0m=0 [32mnum_frames[0m=1 [32minput_bytes[0m=52 [32moutput_bytes[0m=80 [32moldest_l1_origin[0m=b9aad8..dacd32:7 [32ml1_origin[0m=88bbb9..e7cc3d:8 [32moldest_l2[0m=9535f0..0d509c:60 [32mlatest_l2[0m=7ba203..a6a820:65 [32mfull_reason[0m="channel full: max channel duration reached" [32mcompr_ratio[0m=1.538
    driver.go:1027:             [32mINFO [0m[12-20|23:59:14.055] Building Calldata transaction candidate  [32msize[0m=81
    driver.go:344:              [32mINFO [0m[12-20|23:59:14.220] Added L2 block to local state            [32mblock[0m=e6dc79..82fe4b:66 [32mtx_count[0m=1 [32mtime[0m=1,766,255,354
    l1_accessor.go:192:         [32mINFO [0m[12-20|23:59:14.534] Updated latest known L1 block            [32mservice[0m=l1-processor [32mref[0m=951bef..83e30b:11
    status.go:126:              [32mINFO [0m[12-20|23:59:14.676] New L1 safe block                        [32ml1_safe[0m=3a6349..dec8dd:0
    status.go:133:              [32mINFO [0m[12-20|23:59:14.676] New L1 finalized block                   [32ml1_finalized[0m=3a6349..dec8dd:0
    system.go:237:              [32mINFO [0m[12-20|23:59:14.676] Exhausted L1 data                        [32mmode[0m=indexing [32mchainId[0m=901 [32mderivedFrom[0m=88bbb9..e7cc3d:8 [32mderived[0m=8abe29..abde3f:35
    node.go:372:                [32mINFO [0m[12-20|23:59:14.677] Node completed syncing                   [32msyncnode[0m=syncnode-901-1 [32mendpoint[0m=RPCSyncSource(ws://127.0.0.1:62709) [32mchain[0m=901 [32ml2[0m=8abe29..abde3f:35 [32ml1[0m=88bbb9..e7cc3d:8
    system.go:462:              [32mINFO [0m[12-20|23:59:14.678] Received next L1 block                   [32mmode[0m=indexing [32mchainId[0m=901 [32mnextL1[0m=e3d367..b6f50c:9
    l1_traversal_managed.go:119: [32mINFO [0m[12-20|23:59:14.679] Derivation continued with next L1 block  [32mcurrent[0m=88bbb9..e7cc3d:8 [32mnext[0m=e3d367..b6f50c:9
    base_batch_stage.go:127:    [32mINFO [0m[12-20|23:59:14.679] Advancing bq origin                      [32morigin[0m=e3d367..b6f50c:9 [32moriginBehind[0m=false
    channel_assembler.go:99:    [32mINFO [0m[12-20|23:59:14.679] created new channel                      [32mstage[0m=channel [32morigin[0m=e3d367..b6f50c:9
    channel_in_reader.go:122:   [32mINFO [0m[12-20|23:59:14.679] decoded span batch from channel          [32mbatch_type[0m=SpanBatch [32mbatch_timestamp[0m=1,766,255,324 [32mparent_check[0m=0x8abe29303c6ca030805d8df6513ca03da4588eee [32morigin_check[0m=0xbdfb70c88473ffb62c1f82eb1002e6b475c304bf [32mstart_epoch_number[0m=3 [32mend_epoch_number[0m=4 [32mblock_count[0m=6 [32mtxs[0m=0 [32mcompression_algo[0m=brotli [32mstage_origin[0m=e3d367..b6f50c:9
    batch_stage.go:142:         [32mINFO [0m[12-20|23:59:14.679] Found next valid span batch              [32morigin[0m=e3d367..b6f50c:9 [32mepoch[0m=fd23db..0bdc54:3 [32mbatch_type[0m=SpanBatch [32mbatch_timestamp[0m=1,766,255,324 [32mparent_check[0m=0x8abe29303c6ca030805d8df6513ca03da4588eee [32morigin_check[0m=0xbdfb70c88473ffb62c1f82eb1002e6b475c304bf [32mstart_epoch_number[0m=3 [32mend_epoch_number[0m=4 [32mblock_count[0m=6 [32mtxs[0m=0
    attributes_queue.go:134:    [32mINFO [0m[12-20|23:59:14.680] generated attributes in payload queue    [32mtxs[0m=1 [32mtimestamp[0m=1,766,255,324
    attributes_queue.go:134:    [32mINFO [0m[12-20|23:59:14.681] generated attributes in payload queue    [32mtxs[0m=1 [32mtimestamp[0m=1,766,255,325
    safedb.go:103:              [32mINFO [0m[12-20|23:59:14.681] Record safe head                         [32ml2[0m=115782..a800a1:36 [32ml1[0m=e3d367..b6f50c:9
    attributes_queue.go:134:    [32mINFO [0m[12-20|23:59:14.686] generated attributes in payload queue    [32mtxs[0m=1 [32mtimestamp[0m=1,766,255,326
    safedb.go:103:              [32mINFO [0m[12-20|23:59:14.686] Record safe head                         [32ml2[0m=907713..6f6cbb:37 [32ml1[0m=e3d367..b6f50c:9
    attributes_queue.go:134:    [32mINFO [0m[12-20|23:59:14.691] generated attributes in payload queue    [32mtxs[0m=1 [32mtimestamp[0m=1,766,255,327
    safedb.go:103:              [32mINFO [0m[12-20|23:59:14.691] Record safe head                         [32ml2[0m=2b94fe..09a052:38 [32ml1[0m=e3d367..b6f50c:9
    attributes_queue.go:134:    [32mINFO [0m[12-20|23:59:14.696] generated attributes in payload queue    [32mtxs[0m=1 [32mtimestamp[0m=1,766,255,328
    safedb.go:103:              [32mINFO [0m[12-20|23:59:14.696] Record safe head                         [32ml2[0m=7e7469..82d308:39 [32ml1[0m=e3d367..b6f50c:9
    attributes_queue.go:134:    [32mINFO [0m[12-20|23:59:14.701] generated attributes in payload queue    [32mtxs[0m=1 [32mtimestamp[0m=1,766,255,329
    safedb.go:103:              [32mINFO [0m[12-20|23:59:14.701] Record safe head                         [32ml2[0m=e3ac16..094388:40 [32ml1[0m=e3d367..b6f50c:9
    safedb.go:103:              [32mINFO [0m[12-20|23:59:14.706] Record safe head                         [32ml2[0m=4aea36..313d71:41 [32ml1[0m=e3d367..b6f50c:9
    system.go:237:              [32mINFO [0m[12-20|23:59:14.711] Exhausted L1 data                        [32mmode[0m=indexing [32mchainId[0m=901 [32mderivedFrom[0m=e3d367..b6f50c:9 [32mderived[0m=4aea36..313d71:41
    node.go:372:                [32mINFO [0m[12-20|23:59:14.711] Node completed syncing                   [32msyncnode[0m=syncnode-901-1 [32mendpoint[0m=RPCSyncSource(ws://127.0.0.1:62709) [32mchain[0m=901 [32ml2[0m=4aea36..313d71:41 [32ml1[0m=e3d367..b6f50c:9
    sequencer.go:272:           [32mINFO [0m[12-20|23:59:14.951] Sequencer sealed block                   [32mpayloadID[0m=0x033545e063c55694 [32mblock[0m=c1c340..a8ce8e:67 [32mparent[0m=e6dc79..82fe4b:66 [32mtxs[0m=1 [32mtime[0m=1,766,255,355
    node.go:788:                [32mINFO [0m[12-20|23:59:14.951] Publishing signed execution payload on p2p [32mid[0m=c1c340..a8ce8e:67
    payload_success.go:89:      [32mINFO [0m[12-20|23:59:14.954] Inserted new L2 unsafe block             [32mhash[0m=c1c340..a8ce8e [32mnumber[0m=67 [32mbuild_time[0m=949.963ms [32minsert_time[0m=2.746ms     [32mtotal_time[0m=952.709ms [32mmgas[0m=0.046 [32mmgasps[0m=0.048
    sequencer.go:341:           [32mINFO [0m[12-20|23:59:14.954] Sequencer inserted block                 [32mblock[0m=c1c340..a8ce8e:67 [32mparent[0m=e6dc79..82fe4b:66
    driver.go:263:              [32mINFO [0m[12-20|23:59:14.954] Scheduled sequencer action               [32mdelta[0m=45.445ms
    sequencer.go:521:           [32mINFO [0m[12-20|23:59:15.001] Started sequencing new block             [32mparent[0m=c1c340..a8ce8e:67 [32ml1Origin[0m=e3d367..b6f50c:9
    driver.go:263:              [32mINFO [0m[12-20|23:59:15.003] Scheduled sequencer action               [32mdelta[0m=946.737ms
    driver.go:344:              [32mINFO [0m[12-20|23:59:15.220] Added L2 block to local state            [32mblock[0m=c1c340..a8ce8e:67 [32mtx_count[0m=1 [32mtime[0m=1,766,255,355
    sequencer.go:272:           [32mINFO [0m[12-20|23:59:15.951] Sequencer sealed block                   [32mpayloadID[0m=0x0312cd9123b85e8c [32mblock[0m=a845a1..ae242f:68 [32mparent[0m=c1c340..a8ce8e:67 [32mtxs[0m=1 [32mtime[0m=1,766,255,356
    node.go:788:                [32mINFO [0m[12-20|23:59:15.952] Publishing signed execution payload on p2p [32mid[0m=a845a1..ae242f:68
    payload_success.go:89:      [32mINFO [0m[12-20|23:59:15.954] Inserted new L2 unsafe block             [32mhash[0m=a845a1..ae242f [32mnumber[0m=68 [32mbuild_time[0m=949.618ms [32minsert_time[0m=2.461ms     [32mtotal_time[0m=952.079ms [32mmgas[0m=0.054 [32mmgasps[0m=0.057
    sequencer.go:341:           [32mINFO [0m[12-20|23:59:15.954] Sequencer inserted block                 [32mblock[0m=a845a1..ae242f:68 [32mparent[0m=c1c340..a8ce8e:67
    driver.go:263:              [32mINFO [0m[12-20|23:59:15.954] Scheduled sequencer action               [32mdelta[0m=45.219ms
    sequencer.go:521:           [32mINFO [0m[12-20|23:59:16.000] Started sequencing new block             [32mparent[0m=a845a1..ae242f:68 [32ml1Origin[0m=e3d367..b6f50c:9
    driver.go:263:              [32mINFO [0m[12-20|23:59:16.002] Scheduled sequencer action               [32mdelta[0m=947.108ms
    txmgr.go:682:               [32mINFO [0m[12-20|23:59:16.050] Publishing transaction                   [32mservice[0m=batcher [32mtx[0m=0xfb257eef5832849da6e3dc976ae25f08e47878c52c7a0fc742b45d9a53a23dc3 [32mnonce[0m=10 [32mgasTipCap[0m=6 [32mgasFeeCap[0m=462,053,356 [32mgasLimit[0m=23880
    driver.go:344:              [32mINFO [0m[12-20|23:59:16.220] Added L2 block to local state            [32mblock[0m=a845a1..ae242f:68 [32mtx_count[0m=1 [32mtime[0m=1,766,255,356
    status.go:133:              [32mINFO [0m[12-20|23:59:16.676] New L1 finalized block                   [32ml1_finalized[0m=3a6349..dec8dd:0
    status.go:126:              [32mINFO [0m[12-20|23:59:16.676] New L1 safe block                        [32ml1_safe[0m=482c43..4eda3f:1
    system.go:237:              [32mINFO [0m[12-20|23:59:16.677] Exhausted L1 data                        [32mmode[0m=indexing [32mchainId[0m=901 [32mderivedFrom[0m=e3d367..b6f50c:9 [32mderived[0m=4aea36..313d71:41
    node.go:372:                [32mINFO [0m[12-20|23:59:16.677] Node completed syncing                   [32msyncnode[0m=syncnode-901-1 [32mendpoint[0m=RPCSyncSource(ws://127.0.0.1:62709) [32mchain[0m=901 [32ml2[0m=4aea36..313d71:41 [32ml1[0m=e3d367..b6f50c:9
    sequencer.go:272:           [32mINFO [0m[12-20|23:59:16.952] Sequencer sealed block                   [32mpayloadID[0m=0x03d9d429683eae77 [32mblock[0m=45e5e7..b418a1:69 [32mparent[0m=a845a1..ae242f:68 [32mtxs[0m=1 [32mtime[0m=1,766,255,357
    node.go:788:                [32mINFO [0m[12-20|23:59:16.952] Publishing signed execution payload on p2p [32mid[0m=45e5e7..b418a1:69
    payload_success.go:89:      [32mINFO [0m[12-20|23:59:16.954] Inserted new L2 unsafe block             [32mhash[0m=45e5e7..b418a1 [32mnumber[0m=69 [32mbuild_time[0m=950.164ms [32minsert_time[0m=2.428ms     [32mtotal_time[0m=952.593ms [32mmgas[0m=0.046 [32mmgasps[0m=0.048
    sequencer.go:341:           [32mINFO [0m[12-20|23:59:16.954] Sequencer inserted block                 [32mblock[0m=45e5e7..b418a1:69 [32mparent[0m=a845a1..ae242f:68
    driver.go:263:              [32mINFO [0m[12-20|23:59:16.954] Scheduled sequencer action               [32mdelta[0m=45.17ms
    sequencer.go:521:           [32mINFO [0m[12-20|23:59:17.001] Started sequencing new block             [32mparent[0m=45e5e7..b418a1:69 [32ml1Origin[0m=e3d367..b6f50c:9
    driver.go:263:              [32mINFO [0m[12-20|23:59:17.003] Scheduled sequencer action               [32mdelta[0m=946.759ms
    txmgr.go:682:               [32mINFO [0m[12-20|23:59:17.050] Publishing transaction                   [32mservice[0m=batcher [32mtx[0m=0xfb257eef5832849da6e3dc976ae25f08e47878c52c7a0fc742b45d9a53a23dc3 [32mnonce[0m=10 [32mgasTipCap[0m=6 [32mgasFeeCap[0m=462,053,356 [32mgasLimit[0m=23880
    txmgr.go:888:               [32mINFO [0m[12-20|23:59:17.050] bumping gas price for transaction        [32mservice[0m=batcher [32mtx[0m=0xfb257eef5832849da6e3dc976ae25f08e47878c52c7a0fc742b45d9a53a23dc3 [32mnonce[0m=10 [32mgasTipCap[0m=6 [32mgasFeeCap[0m=462,053,356 [32mgasLimit[0m=23880
    txmgr.go:717:               [32mINFO [0m[12-20|23:59:17.053] Transaction successfully published       [32mservice[0m=batcher [32mtx[0m=0x0d3e21a337b259ce3500d916fedc9ece314fc90c6aff769589642ed4fed0db75 [32mnonce[0m=10 [32mgasTipCap[0m=7 [32mgasFeeCap[0m=508,258,692 [32mgasLimit[0m=24218 [32mtx[0m=0d3e21..d0db75
    driver.go:344:              [32mINFO [0m[12-20|23:59:17.220] Added L2 block to local state            [32mblock[0m=45e5e7..b418a1:69 [32mtx_count[0m=1 [32mtime[0m=1,766,255,357
    l1_accessor.go:174:         [32mINFO [0m[12-20|23:59:17.534] Latest L1 block signal is the same as the tip [32mservice[0m=l1-processor [32mref[0m=951bef..83e30b:11
    sequencer.go:272:           [32mINFO [0m[12-20|23:59:17.952] Sequencer sealed block                   [32mpayloadID[0m=0x034642da1ffa9bfc [32mblock[0m=fb9ada..1e1188:70 [32mparent[0m=45e5e7..b418a1:69 [32mtxs[0m=1 [32mtime[0m=1,766,255,358
    node.go:788:                [32mINFO [0m[12-20|23:59:17.952] Publishing signed execution payload on p2p [32mid[0m=fb9ada..1e1188:70
    payload_success.go:89:      [32mINFO [0m[12-20|23:59:17.954] Inserted new L2 unsafe block             [32mhash[0m=fb9ada..1e1188 [32mnumber[0m=70 [32mbuild_time[0m=949.588ms [32minsert_time[0m=2.666ms     [32mtotal_time[0m=952.254ms [32mmgas[0m=0.046 [32mmgasps[0m=0.048
    sequencer.go:341:           [32mINFO [0m[12-20|23:59:17.954] Sequencer inserted block                 [32mblock[0m=fb9ada..1e1188:70 [32mparent[0m=45e5e7..b418a1:69
    driver.go:263:              [32mINFO [0m[12-20|23:59:17.955] Scheduled sequencer action               [32mdelta[0m=44.979ms
    sequencer.go:521:           [32mINFO [0m[12-20|23:59:18.001] Started sequencing new block             [32mparent[0m=fb9ada..1e1188:70 [32ml1Origin[0m=e3d367..b6f50c:9
    driver.go:263:              [32mINFO [0m[12-20|23:59:18.003] Scheduled sequencer action               [32mdelta[0m=946.702ms
    driver.go:344:              [32mINFO [0m[12-20|23:59:18.220] Added L2 block to local state            [32mblock[0m=fb9ada..1e1188:70 [32mtx_count[0m=1 [32mtime[0m=1,766,255,358
    status.go:133:              [32mINFO [0m[12-20|23:59:18.676] New L1 finalized block                   [32ml1_finalized[0m=3a6349..dec8dd:0
    status.go:126:              [32mINFO [0m[12-20|23:59:18.676] New L1 safe block                        [32ml1_safe[0m=482c43..4eda3f:1
    system.go:237:              [32mINFO [0m[12-20|23:59:18.676] Exhausted L1 data                        [32mmode[0m=indexing [32mchainId[0m=901 [32mderivedFrom[0m=e3d367..b6f50c:9 [32mderived[0m=4aea36..313d71:41
    node.go:372:                [32mINFO [0m[12-20|23:59:18.677] Node completed syncing                   [32msyncnode[0m=syncnode-901-1 [32mendpoint[0m=RPCSyncSource(ws://127.0.0.1:62709) [32mchain[0m=901 [32ml2[0m=4aea36..313d71:41 [32ml1[0m=e3d367..b6f50c:9
    sequencer.go:272:           [32mINFO [0m[12-20|23:59:18.951] Sequencer sealed block                   [32mpayloadID[0m=0x03386e3200f0c20c [32mblock[0m=6f114b..8711e3:71 [32mparent[0m=fb9ada..1e1188:70 [32mtxs[0m=1 [32mtime[0m=1,766,255,359
    node.go:788:                [32mINFO [0m[12-20|23:59:18.952] Publishing signed execution payload on p2p [32mid[0m=6f114b..8711e3:71
    payload_success.go:89:      [32mINFO [0m[12-20|23:59:18.954] Inserted new L2 unsafe block             [32mhash[0m=6f114b..8711e3 [32mnumber[0m=71 [32mbuild_time[0m=949.551ms [32minsert_time[0m=2.670ms     [32mtotal_time[0m=952.221ms [32mmgas[0m=0.046 [32mmgasps[0m=0.048
    sequencer.go:341:           [32mINFO [0m[12-20|23:59:18.954] Sequencer inserted block                 [32mblock[0m=6f114b..8711e3:71 [32mparent[0m=fb9ada..1e1188:70
    driver.go:263:              [32mINFO [0m[12-20|23:59:18.955] Scheduled sequencer action               [32mdelta[0m=44.986ms
    sequencer.go:521:           [32mINFO [0m[12-20|23:59:19.001] Started sequencing new block             [32mparent[0m=6f114b..8711e3:71 [32ml1Origin[0m=e3d367..b6f50c:9
    driver.go:263:              [32mINFO [0m[12-20|23:59:19.003] Scheduled sequencer action               [32mdelta[0m=946.658ms
    txmgr.go:682:               [32mINFO [0m[12-20|23:59:19.053] Publishing transaction                   [32mservice[0m=batcher [32mtx[0m=0x0d3e21a337b259ce3500d916fedc9ece314fc90c6aff769589642ed4fed0db75 [32mnonce[0m=10 [32mgasTipCap[0m=7 [32mgasFeeCap[0m=508,258,692 [32mgasLimit[0m=24218
    driver.go:344:              [32mINFO [0m[12-20|23:59:19.220] Added L2 block to local state            [32mblock[0m=6f114b..8711e3:71 [32mtx_count[0m=1 [32mtime[0m=1,766,255,359
    sequencer.go:272:           [32mINFO [0m[12-20|23:59:19.951] Sequencer sealed block                   [32mpayloadID[0m=0x03f35947c9074364 [32mblock[0m=2b801a..1d7b74:72 [32mparent[0m=6f114b..8711e3:71 [32mtxs[0m=1 [32mtime[0m=1,766,255,360
    node.go:788:                [32mINFO [0m[12-20|23:59:19.951] Publishing signed execution payload on p2p [32mid[0m=2b801a..1d7b74:72
    payload_success.go:89:      [32mINFO [0m[12-20|23:59:19.954] Inserted new L2 unsafe block             [32mhash[0m=2b801a..1d7b74 [32mnumber[0m=72 [32mbuild_time[0m=949.254ms [32minsert_time[0m=2.716ms     [32mtotal_time[0m=951.971ms [32mmgas[0m=0.046 [32mmgasps[0m=0.048
    sequencer.go:341:           [32mINFO [0m[12-20|23:59:19.954] Sequencer inserted block                 [32mblock[0m=2b801a..1d7b74:72 [32mparent[0m=6f114b..8711e3:71
    driver.go:263:              [32mINFO [0m[12-20|23:59:19.954] Scheduled sequencer action               [32mdelta[0m=45.18ms
    sequencer.go:521:           [32mINFO [0m[12-20|23:59:20.000] Started sequencing new block             [32mparent[0m=2b801a..1d7b74:72 [32ml1Origin[0m=e3d367..b6f50c:9
    driver.go:263:              [32mINFO [0m[12-20|23:59:20.003] Scheduled sequencer action               [32mdelta[0m=946.488ms
    txmgr.go:871:               [32mINFO [0m[12-20|23:59:20.006] Transaction confirmed                    [32mservice[0m=batcher [32mtx[0m=0d3e21..d0db75 [32mblock[0m=e9dc62..536b35:12 [32meffectiveGasPrice[0m=202,194,819
    txmgr.go:792:               [32mINFO [0m[12-20|23:59:20.007] Transaction receipt not found            [32mservice[0m=batcher [32mtx[0m=0xfb257eef5832849da6e3dc976ae25f08e47878c52c7a0fc742b45d9a53a23dc3 [32mnonce[0m=10 [32mgasTipCap[0m=6 [32mgasFeeCap[0m=462,053,356 [32mgasLimit[0m=23880 [32merr[0m="context canceled"
    txmgr.go:792:               [32mINFO [0m[12-20|23:59:20.007] Transaction receipt not found            [32mservice[0m=batcher [32mtx[0m=0xfb257eef5832849da6e3dc976ae25f08e47878c52c7a0fc742b45d9a53a23dc3 [32mnonce[0m=10 [32mgasTipCap[0m=6 [32mgasFeeCap[0m=462,053,356 [32mgasLimit[0m=23880 [32merr[0m="context canceled"
    txmgr.go:853:               [33mWARN [0m[12-20|23:59:20.007] Unable to fetch blob base fee            [33mservice[0m=batcher [33merr[0m="Post \"http://127.0.0.1:62699\": context canceled"
    txmgr.go:871:               [32mINFO [0m[12-20|23:59:20.007] Transaction confirmed                    [32mservice[0m=batcher [32mtx[0m=0d3e21..d0db75 [32mblock[0m=e9dc62..536b35:12 [32meffectiveGasPrice[0m=202,194,819
    driver.go:582:              [32mINFO [0m[12-20|23:59:20.007] Handling receipt                         [32mid[0m=a1bb5f..4c7e9e:0
    driver.go:1063:             [32mINFO [0m[12-20|23:59:20.007] Transaction confirmed                    [32mtx_id[0m=a1bb5f27e361e567d243f725804c7e9e:0 [32mtx[0m=0d3e21..d0db75 [32mblock[0m=e9dc62..536b35:12
    channel.go:80:              [32mINFO [0m[12-20|23:59:20.007] Channel is fully submitted               [32mid[0m=a1bb5f..4c7e9e    [32mmin_inclusion_block[0m=12 [32mmax_inclusion_block[0m=12
    txmgr.go:682:               [32mINFO [0m[12-20|23:59:20.009] Publishing transaction                   [32mservice[0m=batcher [32mtx[0m=0xa287a981a1a1067a6915241cfed1106ecefea0a59ea34c202b49995807bc43b5 [32mnonce[0m=11 [32mgasTipCap[0m=6 [32mgasFeeCap[0m=404,389,630 [32mgasLimit[0m=23850
    channel_manager.go:355:     [32mINFO [0m[12-20|23:59:20.010] Created channel                          [32mid[0m=59a8ec..73beaf    [32ml1Head[0m=e9dc62..536b35:12 [32mblocks_pending[0m=6 [32ml1OriginLastSubmittedChannel[0m=88bbb9..e7cc3d:8 [32mbatch_type[0m=1 [32mcompression_algo[0m=brotli [32mtarget_num_frames[0m=1 [32mmax_frame_size[0m=119,999 [32muse_blobs[0m=false
    txmgr.go:717:               [32mINFO [0m[12-20|23:59:20.010] Transaction successfully published       [32mservice[0m=batcher [32mtx[0m=0xa287a981a1a1067a6915241cfed1106ecefea0a59ea34c202b49995807bc43b5 [32mnonce[0m=11 [32mgasTipCap[0m=6 [32mgasFeeCap[0m=404,389,630 [32mgasLimit[0m=23850 [32mtx[0m=a287a9..bc43b5
    channel_manager.go:461:     [32mINFO [0m[12-20|23:59:20.013] Channel closed                           [32mid[0m=59a8ec..73beaf    [32mblocks_pending[0m=0 [32mnum_frames[0m=1 [32minput_bytes[0m=52 [32moutput_bytes[0m=80 [32moldest_l1_origin[0m=88bbb9..e7cc3d:8 [32ml1_origin[0m=e3d367..b6f50c:9 [32moldest_l2[0m=e6dc79..82fe4b:66 [32mlatest_l2[0m=6f114b..8711e3:71 [32mfull_reason[0m="channel full: max channel duration reached" [32mcompr_ratio[0m=1.538
    driver.go:1027:             [32mINFO [0m[12-20|23:59:20.013] Building Calldata transaction candidate  [32msize[0m=81
    system.go:237:              [32mINFO [0m[12-20|23:59:20.047] Exhausted L1 data                        [32mmode[0m=indexing [32mchainId[0m=901 [32mderivedFrom[0m=e3d367..b6f50c:9 [32mderived[0m=4aea36..313d71:41
    node.go:372:                [32mINFO [0m[12-20|23:59:20.048] Node completed syncing                   [32msyncnode[0m=syncnode-901-1 [32mendpoint[0m=RPCSyncSource(ws://127.0.0.1:62709) [32mchain[0m=901 [32ml2[0m=4aea36..313d71:41 [32ml1[0m=e3d367..b6f50c:9
    driver.go:344:              [32mINFO [0m[12-20|23:59:20.220] Added L2 block to local state            [32mblock[0m=2b801a..1d7b74:72 [32mtx_count[0m=1 [32mtime[0m=1,766,255,360
    l1_accessor.go:192:         [32mINFO [0m[12-20|23:59:20.534] Updated latest known L1 block            [32mservice[0m=l1-processor [32mref[0m=e9dc62..536b35:12
    status.go:133:              [32mINFO [0m[12-20|23:59:20.675] New L1 finalized block                   [32ml1_finalized[0m=3a6349..dec8dd:0
    status.go:126:              [32mINFO [0m[12-20|23:59:20.675] New L1 safe block                        [32ml1_safe[0m=482c43..4eda3f:1
    system.go:237:              [32mINFO [0m[12-20|23:59:20.676] Exhausted L1 data                        [32mmode[0m=indexing [32mchainId[0m=901 [32mderivedFrom[0m=e3d367..b6f50c:9 [32mderived[0m=4aea36..313d71:41
    node.go:372:                [32mINFO [0m[12-20|23:59:20.676] Node completed syncing                   [32msyncnode[0m=syncnode-901-1 [32mendpoint[0m=RPCSyncSource(ws://127.0.0.1:62709) [32mchain[0m=901 [32ml2[0m=4aea36..313d71:41 [32ml1[0m=e3d367..b6f50c:9
    system.go:462:              [32mINFO [0m[12-20|23:59:20.677] Received next L1 block                   [32mmode[0m=indexing [32mchainId[0m=901 [32mnextL1[0m=0a987e..cb6566:10
    l1_traversal_managed.go:119: [32mINFO [0m[12-20|23:59:20.678] Derivation continued with next L1 block  [32mcurrent[0m=e3d367..b6f50c:9 [32mnext[0m=0a987e..cb6566:10
    base_batch_stage.go:127:    [32mINFO [0m[12-20|23:59:20.678] Advancing bq origin                      [32morigin[0m=0a987e..cb6566:10 [32moriginBehind[0m=false
    channel_assembler.go:99:    [32mINFO [0m[12-20|23:59:20.678] created new channel                      [32mstage[0m=channel [32morigin[0m=0a987e..cb6566:10
    channel_in_reader.go:122:   [32mINFO [0m[12-20|23:59:20.678] decoded span batch from channel          [32mbatch_type[0m=SpanBatch [32mbatch_timestamp[0m=1,766,255,330 [32mparent_check[0m=0x4aea36d6a9e52ae5743189c3e82734ab334898de [32morigin_check[0m=0x7aa9bec9d752e4a9bc6a7da6ac564d3c95031f3d [32mstart_epoch_number[0m=4 [32mend_epoch_number[0m=5 [32mblock_count[0m=6 [32mtxs[0m=0 [32mcompression_algo[0m=brotli [32mstage_origin[0m=0a987e..cb6566:10
    batch_stage.go:142:         [32mINFO [0m[12-20|23:59:20.678] Found next valid span batch              [32morigin[0m=0a987e..cb6566:10 [32mepoch[0m=bdfb70..368231:4 [32mbatch_type[0m=SpanBatch [32mbatch_timestamp[0m=1,766,255,330 [32mparent_check[0m=0x4aea36d6a9e52ae5743189c3e82734ab334898de [32morigin_check[0m=0x7aa9bec9d752e4a9bc6a7da6ac564d3c95031f3d [32mstart_epoch_number[0m=4 [32mend_epoch_number[0m=5 [32mblock_count[0m=6 [32mtxs[0m=0
    attributes_queue.go:134:    [32mINFO [0m[12-20|23:59:20.678] generated attributes in payload queue    [32mtxs[0m=1 [32mtimestamp[0m=1,766,255,330
    attributes_queue.go:134:    [32mINFO [0m[12-20|23:59:20.679] generated attributes in payload queue    [32mtxs[0m=1 [32mtimestamp[0m=1,766,255,331
    safedb.go:103:              [32mINFO [0m[12-20|23:59:20.679] Record safe head                         [32ml2[0m=e14864..879feb:42 [32ml1[0m=0a987e..cb6566:10
    attributes_queue.go:134:    [32mINFO [0m[12-20|23:59:20.686] generated attributes in payload queue    [32mtxs[0m=1 [32mtimestamp[0m=1,766,255,332
    safedb.go:103:              [32mINFO [0m[12-20|23:59:20.686] Record safe head                         [32ml2[0m=c92912..a4dc12:43 [32ml1[0m=0a987e..cb6566:10
    attributes_queue.go:134:    [32mINFO [0m[12-20|23:59:20.691] generated attributes in payload queue    [32mtxs[0m=1 [32mtimestamp[0m=1,766,255,333
    safedb.go:103:              [32mINFO [0m[12-20|23:59:20.691] Record safe head                         [32ml2[0m=c513f6..d7bf0c:44 [32ml1[0m=0a987e..cb6566:10
    attributes_queue.go:134:    [32mINFO [0m[12-20|23:59:20.696] generated attributes in payload queue    [32mtxs[0m=1 [32mtimestamp[0m=1,766,255,334
    safedb.go:103:              [32mINFO [0m[12-20|23:59:20.696] Record safe head                         [32ml2[0m=595d2f..689a4d:45 [32ml1[0m=0a987e..cb6566:10
    attributes_queue.go:134:    [32mINFO [0m[12-20|23:59:20.701] generated attributes in payload queue    [32mtxs[0m=1 [32mtimestamp[0m=1,766,255,335
    safedb.go:103:              [32mINFO [0m[12-20|23:59:20.701] Record safe head                         [32ml2[0m=9cc92b..d7f7e9:46 [32ml1[0m=0a987e..cb6566:10
    safedb.go:103:              [32mINFO [0m[12-20|23:59:20.706] Record safe head                         [32ml2[0m=9fa2ac..040b55:47 [32ml1[0m=0a987e..cb6566:10
    system.go:237:              [32mINFO [0m[12-20|23:59:20.710] Exhausted L1 data                        [32mmode[0m=indexing [32mchainId[0m=901 [32mderivedFrom[0m=0a987e..cb6566:10 [32mderived[0m=9fa2ac..040b55:47
    node.go:372:                [32mINFO [0m[12-20|23:59:20.711] Node completed syncing                   [32msyncnode[0m=syncnode-901-1 [32mendpoint[0m=RPCSyncSource(ws://127.0.0.1:62709) [32mchain[0m=901 [32ml2[0m=9fa2ac..040b55:47 [32ml1[0m=0a987e..cb6566:10
    sequencer.go:272:           [32mINFO [0m[12-20|23:59:20.951] Sequencer sealed block                   [32mpayloadID[0m=0x0367d483962e83cc [32mblock[0m=c75cec..6a56be:73 [32mparent[0m=2b801a..1d7b74:72 [32mtxs[0m=1 [32mtime[0m=1,766,255,361
    node.go:788:                [32mINFO [0m[12-20|23:59:20.952] Publishing signed execution payload on p2p [32mid[0m=c75cec..6a56be:73
    payload_success.go:89:      [32mINFO [0m[12-20|23:59:20.954] Inserted new L2 unsafe block             [32mhash[0m=c75cec..6a56be [32mnumber[0m=73 [32mbuild_time[0m=950.162ms [32minsert_time[0m=2.710ms     [32mtotal_time[0m=952.873ms [32mmgas[0m=0.046 [32mmgasps[0m=0.048
    sequencer.go:341:           [32mINFO [0m[12-20|23:59:20.954] Sequencer inserted block                 [32mblock[0m=c75cec..6a56be:73 [32mparent[0m=2b801a..1d7b74:72
    driver.go:263:              [32mINFO [0m[12-20|23:59:20.955] Scheduled sequencer action               [32mdelta[0m=45.002ms
    sequencer.go:521:           [32mINFO [0m[12-20|23:59:21.001] Started sequencing new block             [32mparent[0m=c75cec..6a56be:73 [32ml1Origin[0m=0a987e..cb6566:10
    driver.go:263:              [32mINFO [0m[12-20|23:59:21.003] Scheduled sequencer action               [32mdelta[0m=946.647ms
    driver.go:344:              [32mINFO [0m[12-20|23:59:21.220] Added L2 block to local state            [32mblock[0m=c75cec..6a56be:73 [32mtx_count[0m=1 [32mtime[0m=1,766,255,361
    sequencer.go:272:           [32mINFO [0m[12-20|23:59:21.951] Sequencer sealed block                   [32mpayloadID[0m=0x03ca88c768556bb1 [32mblock[0m=12862c..1b4908:74 [32mparent[0m=c75cec..6a56be:73 [32mtxs[0m=1 [32mtime[0m=1,766,255,362
    node.go:788:                [32mINFO [0m[12-20|23:59:21.952] Publishing signed execution payload on p2p [32mid[0m=12862c..1b4908:74
    payload_success.go:89:      [32mINFO [0m[12-20|23:59:21.955] Inserted new L2 unsafe block             [32mhash[0m=12862c..1b4908 [32mnumber[0m=74 [32mbuild_time[0m=949.484ms [32minsert_time[0m=3.434ms     [32mtotal_time[0m=952.918ms [32mmgas[0m=0.054 [32mmgasps[0m=0.057
    sequencer.go:341:           [32mINFO [0m[12-20|23:59:21.955] Sequencer inserted block                 [32mblock[0m=12862c..1b4908:74 [32mparent[0m=c75cec..6a56be:73
    driver.go:263:              [32mINFO [0m[12-20|23:59:21.955] Scheduled sequencer action               [32mdelta[0m=44.258ms
    sequencer.go:521:           [32mINFO [0m[12-20|23:59:22.001] Started sequencing new block             [32mparent[0m=12862c..1b4908:74 [32ml1Origin[0m=0a987e..cb6566:10
    driver.go:263:              [32mINFO [0m[12-20|23:59:22.003] Scheduled sequencer action               [32mdelta[0m=946.575ms
    txmgr.go:682:               [32mINFO [0m[12-20|23:59:22.011] Publishing transaction                   [32mservice[0m=batcher [32mtx[0m=0xa287a981a1a1067a6915241cfed1106ecefea0a59ea34c202b49995807bc43b5 [32mnonce[0m=11 [32mgasTipCap[0m=6 [32mgasFeeCap[0m=404,389,630 [32mgasLimit[0m=23850
    driver.go:344:              [32mINFO [0m[12-20|23:59:22.220] Added L2 block to local state            [32mblock[0m=12862c..1b4908:74 [32mtx_count[0m=1 [32mtime[0m=1,766,255,362
    status.go:133:              [32mINFO [0m[12-20|23:59:22.676] New L1 finalized block                   [32ml1_finalized[0m=3a6349..dec8dd:0
    status.go:126:              [32mINFO [0m[12-20|23:59:22.676] New L1 safe block                        [32ml1_safe[0m=719f3d..b2a33b:2
    system.go:237:              [32mINFO [0m[12-20|23:59:22.676] Exhausted L1 data                        [32mmode[0m=indexing [32mchainId[0m=901 [32mderivedFrom[0m=0a987e..cb6566:10 [32mderived[0m=9fa2ac..040b55:47
    node.go:372:                [32mINFO [0m[12-20|23:59:22.677] Node completed syncing                   [32msyncnode[0m=syncnode-901-1 [32mendpoint[0m=RPCSyncSource(ws://127.0.0.1:62709) [32mchain[0m=901 [32ml2[0m=9fa2ac..040b55:47 [32ml1[0m=0a987e..cb6566:10
    sequencer.go:272:           [32mINFO [0m[12-20|23:59:22.952] Sequencer sealed block                   [32mpayloadID[0m=0x03dbf84e766e3089 [32mblock[0m=6cbd31..f76990:75 [32mparent[0m=12862c..1b4908:74 [32mtxs[0m=1 [32mtime[0m=1,766,255,363
    node.go:788:                [32mINFO [0m[12-20|23:59:22.952] Publishing signed execution payload on p2p [32mid[0m=6cbd31..f76990:75
    payload_success.go:89:      [32mINFO [0m[12-20|23:59:22.954] Inserted new L2 unsafe block             [32mhash[0m=6cbd31..f76990 [32mnumber[0m=75 [32mbuild_time[0m=949.557ms [32minsert_time[0m=2.44ms      [32mtotal_time[0m=951.997ms [32mmgas[0m=0.046 [32mmgasps[0m=0.048
    sequencer.go:341:           [32mINFO [0m[12-20|23:59:22.954] Sequencer inserted block                 [32mblock[0m=6cbd31..f76990:75 [32mparent[0m=12862c..1b4908:74
    driver.go:263:              [32mINFO [0m[12-20|23:59:22.954] Scheduled sequencer action               [32mdelta[0m=45.098ms
    sequencer.go:521:           [32mINFO [0m[12-20|23:59:23.000] Started sequencing new block             [32mparent[0m=6cbd31..f76990:75 [32ml1Origin[0m=0a987e..cb6566:10
    driver.go:263:              [32mINFO [0m[12-20|23:59:23.002] Scheduled sequencer action               [32mdelta[0m=947.891ms
    txmgr.go:682:               [32mINFO [0m[12-20|23:59:23.010] Publishing transaction                   [32mservice[0m=batcher [32mtx[0m=0xa287a981a1a1067a6915241cfed1106ecefea0a59ea34c202b49995807bc43b5 [32mnonce[0m=11 [32mgasTipCap[0m=6 [32mgasFeeCap[0m=404,389,630 [32mgasLimit[0m=23850
    txmgr.go:888:               [32mINFO [0m[12-20|23:59:23.010] bumping gas price for transaction        [32mservice[0m=batcher [32mtx[0m=0xa287a981a1a1067a6915241cfed1106ecefea0a59ea34c202b49995807bc43b5 [32mnonce[0m=11 [32mgasTipCap[0m=6 [32mgasFeeCap[0m=404,389,630 [32mgasLimit[0m=23850
    txmgr.go:717:               [32mINFO [0m[12-20|23:59:23.013] Transaction successfully published       [32mservice[0m=batcher [32mtx[0m=0xff3243c67973f6f045b16a1d6b129b268b58e33126b2900d189914c0ecd5b72f [32mnonce[0m=11 [32mgasTipCap[0m=7 [32mgasFeeCap[0m=444,828,593 [32mgasLimit[0m=24188 [32mtx[0m=ff3243..d5b72f
    driver.go:344:              [32mINFO [0m[12-20|23:59:23.219] Added L2 block to local state            [32mblock[0m=6cbd31..f76990:75 [32mtx_count[0m=1 [32mtime[0m=1,766,255,363
    l1_accessor.go:174:         [32mINFO [0m[12-20|23:59:23.534] Latest L1 block signal is the same as the tip [32mservice[0m=l1-processor [32mref[0m=e9dc62..536b35:12
    sequencer.go:272:           [32mINFO [0m[12-20|23:59:23.951] Sequencer sealed block                   [32mpayloadID[0m=0x032df2a14071c2c8 [32mblock[0m=bfea4f..a0156e:76 [32mparent[0m=6cbd31..f76990:75 [32mtxs[0m=1 [32mtime[0m=1,766,255,364
    node.go:788:                [32mINFO [0m[12-20|23:59:23.952] Publishing signed execution payload on p2p [32mid[0m=bfea4f..a0156e:76
    payload_success.go:89:      [32mINFO [0m[12-20|23:59:23.954] Inserted new L2 unsafe block             [32mhash[0m=bfea4f..a0156e [32mnumber[0m=76 [32mbuild_time[0m=950.592ms [32minsert_time[0m=2.826ms     [32mtotal_time[0m=953.418ms [32mmgas[0m=0.046 [32mmgasps[0m=0.048
    sequencer.go:341:           [32mINFO [0m[12-20|23:59:23.954] Sequencer inserted block                 [32mblock[0m=bfea4f..a0156e:76 [32mparent[0m=6cbd31..f76990:75
    driver.go:263:              [32mINFO [0m[12-20|23:59:23.955] Scheduled sequencer action               [32mdelta[0m=44.881ms
    sequencer.go:521:           [32mINFO [0m[12-20|23:59:24.001] Started sequencing new block             [32mparent[0m=bfea4f..a0156e:76 [32ml1Origin[0m=0a987e..cb6566:10
    driver.go:263:              [32mINFO [0m[12-20|23:59:24.003] Scheduled sequencer action               [32mdelta[0m=946.634ms
    driver.go:344:              [32mINFO [0m[12-20|23:59:24.220] Added L2 block to local state            [32mblock[0m=bfea4f..a0156e:76 [32mtx_count[0m=1 [32mtime[0m=1,766,255,364
    status.go:133:              [32mINFO [0m[12-20|23:59:24.676] New L1 finalized block                   [32ml1_finalized[0m=3a6349..dec8dd:0
    status.go:126:              [32mINFO [0m[12-20|23:59:24.676] New L1 safe block                        [32ml1_safe[0m=719f3d..b2a33b:2
    system.go:237:              [32mINFO [0m[12-20|23:59:24.676] Exhausted L1 data                        [32mmode[0m=indexing [32mchainId[0m=901 [32mderivedFrom[0m=0a987e..cb6566:10 [32mderived[0m=9fa2ac..040b55:47
    node.go:372:                [32mINFO [0m[12-20|23:59:24.677] Node completed syncing                   [32msyncnode[0m=syncnode-901-1 [32mendpoint[0m=RPCSyncSource(ws://127.0.0.1:62709) [32mchain[0m=901 [32ml2[0m=9fa2ac..040b55:47 [32ml1[0m=0a987e..cb6566:10
    sequencer.go:272:           [32mINFO [0m[12-20|23:59:24.951] Sequencer sealed block                   [32mpayloadID[0m=0x03b985bfd005b6a3 [32mblock[0m=6777ae..429205:77 [32mparent[0m=bfea4f..a0156e:76 [32mtxs[0m=1 [32mtime[0m=1,766,255,365
    node.go:788:                [32mINFO [0m[12-20|23:59:24.952] Publishing signed execution payload on p2p [32mid[0m=6777ae..429205:77
    payload_success.go:89:      [32mINFO [0m[12-20|23:59:24.954] Inserted new L2 unsafe block             [32mhash[0m=6777ae..429205 [32mnumber[0m=77 [32mbuild_time[0m=949.482ms [32minsert_time[0m=2.730ms     [32mtotal_time[0m=952.212ms [32mmgas[0m=0.046 [32mmgasps[0m=0.048
    sequencer.go:341:           [32mINFO [0m[12-20|23:59:24.954] Sequencer inserted block                 [32mblock[0m=6777ae..429205:77 [32mparent[0m=bfea4f..a0156e:76
    driver.go:263:              [32mINFO [0m[12-20|23:59:24.954] Scheduled sequencer action               [32mdelta[0m=45.019ms
    sequencer.go:521:           [32mINFO [0m[12-20|23:59:25.001] Started sequencing new block             [32mparent[0m=6777ae..429205:77 [32ml1Origin[0m=0a987e..cb6566:10
    driver.go:263:              [32mINFO [0m[12-20|23:59:25.003] Scheduled sequencer action               [32mdelta[0m=946.658ms
    txmgr.go:682:               [32mINFO [0m[12-20|23:59:25.013] Publishing transaction                   [32mservice[0m=batcher [32mtx[0m=0xff3243c67973f6f045b16a1d6b129b268b58e33126b2900d189914c0ecd5b72f [32mnonce[0m=11 [32mgasTipCap[0m=7 [32mgasFeeCap[0m=444,828,593 [32mgasLimit[0m=24188
    driver.go:344:              [32mINFO [0m[12-20|23:59:25.220] Added L2 block to local state            [32mblock[0m=6777ae..429205:77 [32mtx_count[0m=1 [32mtime[0m=1,766,255,365
    sequencer.go:272:           [32mINFO [0m[12-20|23:59:25.952] Sequencer sealed block                   [32mpayloadID[0m=0x03a6d6a651a9ee43 [32mblock[0m=2d9587..e23141:78 [32mparent[0m=6777ae..429205:77 [32mtxs[0m=1 [32mtime[0m=1,766,255,366
    node.go:788:                [32mINFO [0m[12-20|23:59:25.952] Publishing signed execution payload on p2p [32mid[0m=2d9587..e23141:78
    payload_success.go:89:      [32mINFO [0m[12-20|23:59:25.954] Inserted new L2 unsafe block             [32mhash[0m=2d9587..e23141 [32mnumber[0m=78 [32mbuild_time[0m=949.636ms [32minsert_time[0m=2.753ms     [32mtotal_time[0m=952.389ms [32mmgas[0m=0.046 [32mmgasps[0m=0.048
    sequencer.go:341:           [32mINFO [0m[12-20|23:59:25.954] Sequencer inserted block                 [32mblock[0m=2d9587..e23141:78 [32mparent[0m=6777ae..429205:77
    driver.go:263:              [32mINFO [0m[12-20|23:59:25.955] Scheduled sequencer action               [32mdelta[0m=44.872ms
    sequencer.go:521:           [32mINFO [0m[12-20|23:59:26.001] Started sequencing new block             [32mparent[0m=2d9587..e23141:78 [32ml1Origin[0m=0a987e..cb6566:10
    driver.go:263:              [32mINFO [0m[12-20|23:59:26.003] Scheduled sequencer action               [32mdelta[0m=946.302ms
    txmgr.go:682:               [32mINFO [0m[12-20|23:59:26.010] Publishing transaction                   [32mservice[0m=batcher [32mtx[0m=0xff3243c67973f6f045b16a1d6b129b268b58e33126b2900d189914c0ecd5b72f [32mnonce[0m=11 [32mgasTipCap[0m=7 [32mgasFeeCap[0m=444,828,593 [32mgasLimit[0m=24188
    txmgr.go:888:               [32mINFO [0m[12-20|23:59:26.010] bumping gas price for transaction        [32mservice[0m=batcher [32mtx[0m=0xff3243c67973f6f045b16a1d6b129b268b58e33126b2900d189914c0ecd5b72f [32mnonce[0m=11 [32mgasTipCap[0m=7 [32mgasFeeCap[0m=444,828,593 [32mgasLimit[0m=24188
    txmgr.go:871:               [32mINFO [0m[12-20|23:59:26.014] Transaction confirmed                    [32mservice[0m=batcher [32mtx[0m=ff3243..d5b72f [32mblock[0m=1fac1f..e7169c:13 [32meffectiveGasPrice[0m=176,961,179
    txmgr.go:792:               [32mINFO [0m[12-20|23:59:26.014] Transaction receipt not found            [32mservice[0m=batcher [32mtx[0m=0xa287a981a1a1067a6915241cfed1106ecefea0a59ea34c202b49995807bc43b5 [32mnonce[0m=11 [32mgasTipCap[0m=6 [32mgasFeeCap[0m=404,389,630 [32mgasLimit[0m=23850 [32merr[0m="context canceled"
    txmgr.go:792:               [32mINFO [0m[12-20|23:59:26.014] Transaction receipt not found            [32mservice[0m=batcher [32mtx[0m=0xa287a981a1a1067a6915241cfed1106ecefea0a59ea34c202b49995807bc43b5 [32mnonce[0m=11 [32mgasTipCap[0m=6 [32mgasFeeCap[0m=404,389,630 [32mgasLimit[0m=23850 [32merr[0m="context canceled"
    txmgr.go:845:               [31mERROR[0m[12-20|23:59:26.014] Unable to fetch tip                      [31mservice[0m=batcher [31merr[0m="Post \"http://127.0.0.1:62699\": context canceled"
    txmgr.go:792:               [32mINFO [0m[12-20|23:59:26.014] Transaction receipt not found            [32mservice[0m=batcher [32mtx[0m=0xff3243c67973f6f045b16a1d6b129b268b58e33126b2900d189914c0ecd5b72f [32mnonce[0m=11 [32mgasTipCap[0m=7 [32mgasFeeCap[0m=444,828,593 [32mgasLimit[0m=24188 [32merr[0m="context canceled"
    txmgr.go:792:               [32mINFO [0m[12-20|23:59:26.014] Transaction receipt not found            [32mservice[0m=batcher [32mtx[0m=0x2c7eed54bf0ba52a05348a47c90021db132e2f0746a2799c8fa46c2c9a7478b8 [32mnonce[0m=11 [32mgasTipCap[0m=8 [32mgasFeeCap[0m=489,311,453 [32mgasLimit[0m=24188 [32merr[0m="context canceled"
    driver.go:582:              [32mINFO [0m[12-20|23:59:26.014] Handling receipt                         [32mid[0m=684102..f47092:0
    driver.go:1063:             [32mINFO [0m[12-20|23:59:26.014] Transaction confirmed                    [32mtx_id[0m=6841022ab197725eb19a9a6f2ef47092:0 [32mtx[0m=ff3243..d5b72f [32mblock[0m=1fac1f..e7169c:13
    channel.go:80:              [32mINFO [0m[12-20|23:59:26.014] Channel is fully submitted               [32mid[0m=684102..f47092    [32mmin_inclusion_block[0m=13 [32mmax_inclusion_block[0m=13
    txmgr.go:682:               [32mINFO [0m[12-20|23:59:26.016] Publishing transaction                   [32mservice[0m=batcher [32mtx[0m=0xb3053740dd8fa62b9892b4d7c57f3342df6ad10e09b83829a842f68f7d3fefbf [32mnonce[0m=12 [32mgasTipCap[0m=7 [32mgasFeeCap[0m=353,922,351 [32mgasLimit[0m=23880
    channel_manager.go:355:     [32mINFO [0m[12-20|23:59:26.016] Created channel                          [32mid[0m=48b4df..f49ba3    [32ml1Head[0m=1fac1f..e7169c:13 [32mblocks_pending[0m=6 [32ml1OriginLastSubmittedChannel[0m=e3d367..b6f50c:9 [32mbatch_type[0m=1 [32mcompression_algo[0m=brotli [32mtarget_num_frames[0m=1 [32mmax_frame_size[0m=119,999 [32muse_blobs[0m=false
    txmgr.go:717:               [32mINFO [0m[12-20|23:59:26.017] Transaction successfully published       [32mservice[0m=batcher [32mtx[0m=0xb3053740dd8fa62b9892b4d7c57f3342df6ad10e09b83829a842f68f7d3fefbf [32mnonce[0m=12 [32mgasTipCap[0m=7 [32mgasFeeCap[0m=353,922,351 [32mgasLimit[0m=23880 [32mtx[0m=b30537..3fefbf
    channel_manager.go:461:     [32mINFO [0m[12-20|23:59:26.019] Channel closed                           [32mid[0m=48b4df..f49ba3    [32mblocks_pending[0m=0 [32mnum_frames[0m=1 [32minput_bytes[0m=52 [32moutput_bytes[0m=80 [32moldest_l1_origin[0m=e3d367..b6f50c:9 [32ml1_origin[0m=0a987e..cb6566:10 [32moldest_l2[0m=2b801a..1d7b74:72 [32mlatest_l2[0m=6777ae..429205:77 [32mfull_reason[0m="channel full: max channel duration reached" [32mcompr_ratio[0m=1.538
    driver.go:1027:             [32mINFO [0m[12-20|23:59:26.019] Building Calldata transaction candidate  [32msize[0m=81
    system.go:237:              [32mINFO [0m[12-20|23:59:26.056] Exhausted L1 data                        [32mmode[0m=indexing [32mchainId[0m=901 [32mderivedFrom[0m=0a987e..cb6566:10 [32mderived[0m=9fa2ac..040b55:47
    node.go:372:                [32mINFO [0m[12-20|23:59:26.056] Node completed syncing                   [32msyncnode[0m=syncnode-901-1 [32mendpoint[0m=RPCSyncSource(ws://127.0.0.1:62709) [32mchain[0m=901 [32ml2[0m=9fa2ac..040b55:47 [32ml1[0m=0a987e..cb6566:10
    driver.go:344:              [32mINFO [0m[12-20|23:59:26.220] Added L2 block to local state            [32mblock[0m=2d9587..e23141:78 [32mtx_count[0m=1 [32mtime[0m=1,766,255,366
    l1_accessor.go:192:         [32mINFO [0m[12-20|23:59:26.534] Updated latest known L1 block            [32mservice[0m=l1-processor [32mref[0m=1fac1f..e7169c:13
    status.go:133:              [32mINFO [0m[12-20|23:59:26.676] New L1 finalized block                   [32ml1_finalized[0m=3a6349..dec8dd:0
    status.go:126:              [32mINFO [0m[12-20|23:59:26.676] New L1 safe block                        [32ml1_safe[0m=719f3d..b2a33b:2
    system.go:237:              [32mINFO [0m[12-20|23:59:26.676] Exhausted L1 data                        [32mmode[0m=indexing [32mchainId[0m=901 [32mderivedFrom[0m=0a987e..cb6566:10 [32mderived[0m=9fa2ac..040b55:47
    node.go:372:                [32mINFO [0m[12-20|23:59:26.677] Node completed syncing                   [32msyncnode[0m=syncnode-901-1 [32mendpoint[0m=RPCSyncSource(ws://127.0.0.1:62709) [32mchain[0m=901 [32ml2[0m=9fa2ac..040b55:47 [32ml1[0m=0a987e..cb6566:10
    system.go:462:              [32mINFO [0m[12-20|23:59:26.678] Received next L1 block                   [32mmode[0m=indexing [32mchainId[0m=901 [32mnextL1[0m=951bef..83e30b:11
    l1_traversal_managed.go:119: [32mINFO [0m[12-20|23:59:26.679] Derivation continued with next L1 block  [32mcurrent[0m=0a987e..cb6566:10 [32mnext[0m=951bef..83e30b:11
    base_batch_stage.go:127:    [32mINFO [0m[12-20|23:59:26.679] Advancing bq origin                      [32morigin[0m=951bef..83e30b:11 [32moriginBehind[0m=false
    channel_assembler.go:99:    [32mINFO [0m[12-20|23:59:26.679] created new channel                      [32mstage[0m=channel [32morigin[0m=951bef..83e30b:11
    channel_in_reader.go:122:   [32mINFO [0m[12-20|23:59:26.680] decoded span batch from channel          [32mbatch_type[0m=SpanBatch [32mbatch_timestamp[0m=1,766,255,336 [32mparent_check[0m=0x9fa2acf9fb168da0bac9416c79842c74b9a3c4db [32morigin_check[0m=0x8c1e88b39649df31840b9ece2315f5b18b9d28bf [32mstart_epoch_number[0m=5 [32mend_epoch_number[0m=6 [32mblock_count[0m=6 [32mtxs[0m=0 [32mcompression_algo[0m=brotli [32mstage_origin[0m=951bef..83e30b:11
    batch_stage.go:142:         [32mINFO [0m[12-20|23:59:26.680] Found next valid span batch              [32morigin[0m=951bef..83e30b:11 [32mepoch[0m=7aa9be..9cb7b2:5 [32mbatch_type[0m=SpanBatch [32mbatch_timestamp[0m=1,766,255,336 [32mparent_check[0m=0x9fa2acf9fb168da0bac9416c79842c74b9a3c4db [32morigin_check[0m=0x8c1e88b39649df31840b9ece2315f5b18b9d28bf [32mstart_epoch_number[0m=5 [32mend_epoch_number[0m=6 [32mblock_count[0m=6 [32mtxs[0m=0
    attributes_queue.go:134:    [32mINFO [0m[12-20|23:59:26.680] generated attributes in payload queue    [32mtxs[0m=1 [32mtimestamp[0m=1,766,255,336
    attributes_queue.go:134:    [32mINFO [0m[12-20|23:59:26.681] generated attributes in payload queue    [32mtxs[0m=1 [32mtimestamp[0m=1,766,255,337
    safedb.go:103:              [32mINFO [0m[12-20|23:59:26.681] Record safe head                         [32ml2[0m=38a0a1..9a0ec8:48 [32ml1[0m=951bef..83e30b:11
    attributes_queue.go:134:    [32mINFO [0m[12-20|23:59:26.687] generated attributes in payload queue    [32mtxs[0m=1 [32mtimestamp[0m=1,766,255,338
    safedb.go:103:              [32mINFO [0m[12-20|23:59:26.687] Record safe head                         [32ml2[0m=893e06..8ed462:49 [32ml1[0m=951bef..83e30b:11
    attributes_queue.go:134:    [32mINFO [0m[12-20|23:59:26.691] generated attributes in payload queue    [32mtxs[0m=1 [32mtimestamp[0m=1,766,255,339
    safedb.go:103:              [32mINFO [0m[12-20|23:59:26.691] Record safe head                         [32ml2[0m=6d9385..cbc0d9:50 [32ml1[0m=951bef..83e30b:11
    attributes_queue.go:134:    [32mINFO [0m[12-20|23:59:26.696] generated attributes in payload queue    [32mtxs[0m=1 [32mtimestamp[0m=1,766,255,340
    safedb.go:103:              [32mINFO [0m[12-20|23:59:26.696] Record safe head                         [32ml2[0m=3e1391..070de4:51 [32ml1[0m=951bef..83e30b:11
    attributes_queue.go:134:    [32mINFO [0m[12-20|23:59:26.702] generated attributes in payload queue    [32mtxs[0m=1 [32mtimestamp[0m=1,766,255,341
    safedb.go:103:              [32mINFO [0m[12-20|23:59:26.702] Record safe head                         [32ml2[0m=5aebf5..773072:52 [32ml1[0m=951bef..83e30b:11
    safedb.go:103:              [32mINFO [0m[12-20|23:59:26.708] Record safe head                         [32ml2[0m=f37793..5aaff4:53 [32ml1[0m=951bef..83e30b:11
    system.go:237:              [32mINFO [0m[12-20|23:59:26.713] Exhausted L1 data                        [32mmode[0m=indexing [32mchainId[0m=901 [32mderivedFrom[0m=951bef..83e30b:11 [32mderived[0m=f37793..5aaff4:53
    node.go:372:                [32mINFO [0m[12-20|23:59:26.713] Node completed syncing                   [32msyncnode[0m=syncnode-901-1 [32mendpoint[0m=RPCSyncSource(ws://127.0.0.1:62709) [32mchain[0m=901 [32ml2[0m=f37793..5aaff4:53 [32ml1[0m=951bef..83e30b:11
    sequencer.go:272:           [32mINFO [0m[12-20|23:59:26.952] Sequencer sealed block                   [32mpayloadID[0m=0x037b59626018675c [32mblock[0m=417147..aa83ca:79 [32mparent[0m=2d9587..e23141:78 [32mtxs[0m=1 [32mtime[0m=1,766,255,367
    node.go:788:                [32mINFO [0m[12-20|23:59:26.952] Publishing signed execution payload on p2p [32mid[0m=417147..aa83ca:79
    payload_success.go:89:      [32mINFO [0m[12-20|23:59:26.955] Inserted new L2 unsafe block             [32mhash[0m=417147..aa83ca [32mnumber[0m=79 [32mbuild_time[0m=949.178ms [32minsert_time[0m=2.987ms     [32mtotal_time[0m=952.165ms [32mmgas[0m=0.046 [32mmgasps[0m=0.048
    sequencer.go:341:           [32mINFO [0m[12-20|23:59:26.955] Sequencer inserted block                 [32mblock[0m=417147..aa83ca:79 [32mparent[0m=2d9587..e23141:78
    driver.go:263:              [32mINFO [0m[12-20|23:59:26.955] Scheduled sequencer action               [32mdelta[0m=44.657ms
    sequencer.go:521:           [32mINFO [0m[12-20|23:59:27.001] Started sequencing new block             [32mparent[0m=417147..aa83ca:79 [32ml1Origin[0m=951bef..83e30b:11
    driver.go:263:              [32mINFO [0m[12-20|23:59:27.003] Scheduled sequencer action               [32mdelta[0m=946.566ms
    driver.go:344:              [32mINFO [0m[12-20|23:59:27.220] Added L2 block to local state            [32mblock[0m=417147..aa83ca:79 [32mtx_count[0m=1 [32mtime[0m=1,766,255,367
    sequencer.go:272:           [32mINFO [0m[12-20|23:59:27.951] Sequencer sealed block                   [32mpayloadID[0m=0x037d3da52768ffcb [32mblock[0m=ad7a96..26aa25:80 [32mparent[0m=417147..aa83ca:79 [32mtxs[0m=1 [32mtime[0m=1,766,255,368
    node.go:788:                [32mINFO [0m[12-20|23:59:27.952] Publishing signed execution payload on p2p [32mid[0m=ad7a96..26aa25:80
    payload_success.go:89:      [32mINFO [0m[12-20|23:59:27.954] Inserted new L2 unsafe block             [32mhash[0m=ad7a96..26aa25 [32mnumber[0m=80 [32mbuild_time[0m=949.540ms [32minsert_time[0m=2.495ms     [32mtotal_time[0m=952.036ms [32mmgas[0m=0.054 [32mmgasps[0m=0.057
    sequencer.go:341:           [32mINFO [0m[12-20|23:59:27.954] Sequencer inserted block                 [32mblock[0m=ad7a96..26aa25:80 [32mparent[0m=417147..aa83ca:79
    driver.go:263:              [32mINFO [0m[12-20|23:59:27.954] Scheduled sequencer action               [32mdelta[0m=45.205ms
    sequencer.go:521:           [32mINFO [0m[12-20|23:59:28.001] Started sequencing new block             [32mparent[0m=ad7a96..26aa25:80 [32ml1Origin[0m=951bef..83e30b:11
    driver.go:263:              [32mINFO [0m[12-20|23:59:28.003] Scheduled sequencer action               [32mdelta[0m=946.677ms
    txmgr.go:682:               [32mINFO [0m[12-20|23:59:28.017] Publishing transaction                   [32mservice[0m=batcher [32mtx[0m=0xb3053740dd8fa62b9892b4d7c57f3342df6ad10e09b83829a842f68f7d3fefbf [32mnonce[0m=12 [32mgasTipCap[0m=7 [32mgasFeeCap[0m=353,922,351 [32mgasLimit[0m=23880
    driver.go:344:              [32mINFO [0m[12-20|23:59:28.220] Added L2 block to local state            [32mblock[0m=ad7a96..26aa25:80 [32mtx_count[0m=1 [32mtime[0m=1,766,255,368
    status.go:133:              [32mINFO [0m[12-20|23:59:28.675] New L1 finalized block                   [32ml1_finalized[0m=3a6349..dec8dd:0
    status.go:126:              [32mINFO [0m[12-20|23:59:28.675] New L1 safe block                        [32ml1_safe[0m=fd23db..0bdc54:3
    system.go:237:              [32mINFO [0m[12-20|23:59:28.676] Exhausted L1 data                        [32mmode[0m=indexing [32mchainId[0m=901 [32mderivedFrom[0m=951bef..83e30b:11 [32mderived[0m=f37793..5aaff4:53
    node.go:372:                [32mINFO [0m[12-20|23:59:28.676] Node completed syncing                   [32msyncnode[0m=syncnode-901-1 [32mendpoint[0m=RPCSyncSource(ws://127.0.0.1:62709) [32mchain[0m=901 [32ml2[0m=f37793..5aaff4:53 [32ml1[0m=951bef..83e30b:11
    sequencer.go:272:           [32mINFO [0m[12-20|23:59:28.951] Sequencer sealed block                   [32mpayloadID[0m=0x038cd2d263795d1c [32mblock[0m=051ba7..363c71:81 [32mparent[0m=ad7a96..26aa25:80 [32mtxs[0m=1 [32mtime[0m=1,766,255,369
    node.go:788:                [32mINFO [0m[12-20|23:59:28.952] Publishing signed execution payload on p2p [32mid[0m=051ba7..363c71:81
    payload_success.go:89:      [32mINFO [0m[12-20|23:59:28.955] Inserted new L2 unsafe block             [32mhash[0m=051ba7..363c71 [32mnumber[0m=81 [32mbuild_time[0m=949.516ms [32minsert_time[0m=3.016ms     [32mtotal_time[0m=952.532ms [32mmgas[0m=0.046 [32mmgasps[0m=0.048
    sequencer.go:341:           [32mINFO [0m[12-20|23:59:28.955] Sequencer inserted block                 [32mblock[0m=051ba7..363c71:81 [32mparent[0m=ad7a96..26aa25:80
    driver.go:263:              [32mINFO [0m[12-20|23:59:28.955] Scheduled sequencer action               [32mdelta[0m=44.735ms
    sequencer.go:521:           [32mINFO [0m[12-20|23:59:29.001] Started sequencing new block             [32mparent[0m=051ba7..363c71:81 [32ml1Origin[0m=951bef..83e30b:11
    driver.go:263:              [32mINFO [0m[12-20|23:59:29.003] Scheduled sequencer action               [32mdelta[0m=946.551ms
    txmgr.go:682:               [32mINFO [0m[12-20|23:59:29.016] Publishing transaction                   [32mservice[0m=batcher [32mtx[0m=0xb3053740dd8fa62b9892b4d7c57f3342df6ad10e09b83829a842f68f7d3fefbf [32mnonce[0m=12 [32mgasTipCap[0m=7 [32mgasFeeCap[0m=353,922,351 [32mgasLimit[0m=23880
    txmgr.go:888:               [32mINFO [0m[12-20|23:59:29.016] bumping gas price for transaction        [32mservice[0m=batcher [32mtx[0m=0xb3053740dd8fa62b9892b4d7c57f3342df6ad10e09b83829a842f68f7d3fefbf [32mnonce[0m=12 [32mgasTipCap[0m=7 [32mgasFeeCap[0m=353,922,351 [32mgasLimit[0m=23880
    txmgr.go:717:               [32mINFO [0m[12-20|23:59:29.019] Transaction successfully published       [32mservice[0m=batcher [32mtx[0m=0xd06e0aa0d478e8d5d6759f3be1e0e6328febc542ffa10c043c45a54bb4cfd76b [32mnonce[0m=12 [32mgasTipCap[0m=8 [32mgasFeeCap[0m=389,314,587 [32mgasLimit[0m=24218 [32mtx[0m=d06e0a..cfd76b
    driver.go:344:              [32mINFO [0m[12-20|23:59:29.220] Added L2 block to local state            [32mblock[0m=051ba7..363c71:81 [32mtx_count[0m=1 [32mtime[0m=1,766,255,369
    l1_accessor.go:174:         [32mINFO [0m[12-20|23:59:29.533] Latest L1 block signal is the same as the tip [32mservice[0m=l1-processor [32mref[0m=1fac1f..e7169c:13
    sequencer.go:272:           [32mINFO [0m[12-20|23:59:29.951] Sequencer sealed block                   [32mpayloadID[0m=0x036990f7606e0d15 [32mblock[0m=80cb31..25e7fa:82 [32mparent[0m=051ba7..363c71:81 [32mtxs[0m=1 [32mtime[0m=1,766,255,370
    node.go:788:                [32mINFO [0m[12-20|23:59:29.952] Publishing signed execution payload on p2p [32mid[0m=80cb31..25e7fa:82
    payload_success.go:89:      [32mINFO [0m[12-20|23:59:29.954] Inserted new L2 unsafe block             [32mhash[0m=80cb31..25e7fa [32mnumber[0m=82 [32mbuild_time[0m=949.432ms [32minsert_time[0m=2.407ms     [32mtotal_time[0m=951.839ms [32mmgas[0m=0.046 [32mmgasps[0m=0.048
    sequencer.go:341:           [32mINFO [0m[12-20|23:59:29.954] Sequencer inserted block                 [32mblock[0m=80cb31..25e7fa:82 [32mparent[0m=051ba7..363c71:81
    driver.go:263:              [32mINFO [0m[12-20|23:59:29.954] Scheduled sequencer action               [32mdelta[0m=45.322ms
    sequencer.go:521:           [32mINFO [0m[12-20|23:59:30.001] Started sequencing new block             [32mparent[0m=80cb31..25e7fa:82 [32ml1Origin[0m=951bef..83e30b:11
    driver.go:263:              [32mINFO [0m[12-20|23:59:30.003] Scheduled sequencer action               [32mdelta[0m=946.636ms
    driver.go:344:              [32mINFO [0m[12-20|23:59:30.220] Added L2 block to local state            [32mblock[0m=80cb31..25e7fa:82 [32mtx_count[0m=1 [32mtime[0m=1,766,255,370
    status.go:133:              [32mINFO [0m[12-20|23:59:30.675] New L1 finalized block                   [32ml1_finalized[0m=3a6349..dec8dd:0
    status.go:126:              [32mINFO [0m[12-20|23:59:30.676] New L1 safe block                        [32ml1_safe[0m=fd23db..0bdc54:3
    system.go:237:              [32mINFO [0m[12-20|23:59:30.676] Exhausted L1 data                        [32mmode[0m=indexing [32mchainId[0m=901 [32mderivedFrom[0m=951bef..83e30b:11 [32mderived[0m=f37793..5aaff4:53
    node.go:372:                [32mINFO [0m[12-20|23:59:30.676] Node completed syncing                   [32msyncnode[0m=syncnode-901-1 [32mendpoint[0m=RPCSyncSource(ws://127.0.0.1:62709) [32mchain[0m=901 [32ml2[0m=f37793..5aaff4:53 [32ml1[0m=951bef..83e30b:11
    sequencer.go:272:           [32mINFO [0m[12-20|23:59:30.951] Sequencer sealed block                   [32mpayloadID[0m=0x03daa2dec08f3956 [32mblock[0m=07416f..8be58d:83 [32mparent[0m=80cb31..25e7fa:82 [32mtxs[0m=1 [32mtime[0m=1,766,255,371
    node.go:788:                [32mINFO [0m[12-20|23:59:30.951] Publishing signed execution payload on p2p [32mid[0m=07416f..8be58d:83
    payload_success.go:89:      [32mINFO [0m[12-20|23:59:30.954] Inserted new L2 unsafe block             [32mhash[0m=07416f..8be58d [32mnumber[0m=83 [32mbuild_time[0m=948.700ms [32minsert_time[0m=2.708ms     [32mtotal_time[0m=951.408ms [32mmgas[0m=0.046 [32mmgasps[0m=0.048
    sequencer.go:341:           [32mINFO [0m[12-20|23:59:30.954] Sequencer inserted block                 [32mblock[0m=07416f..8be58d:83 [32mparent[0m=80cb31..25e7fa:82
    driver.go:263:              [32mINFO [0m[12-20|23:59:30.954] Scheduled sequencer action               [32mdelta[0m=45.67ms
    sequencer.go:521:           [32mINFO [0m[12-20|23:59:31.001] Started sequencing new block             [32mparent[0m=07416f..8be58d:83 [32ml1Origin[0m=951bef..83e30b:11
    driver.go:263:              [32mINFO [0m[12-20|23:59:31.003] Scheduled sequencer action               [32mdelta[0m=946.684ms
    txmgr.go:682:               [32mINFO [0m[12-20|23:59:31.019] Publishing transaction                   [32mservice[0m=batcher [32mtx[0m=0xd06e0aa0d478e8d5d6759f3be1e0e6328febc542ffa10c043c45a54bb4cfd76b [32mnonce[0m=12 [32mgasTipCap[0m=8 [32mgasFeeCap[0m=389,314,587 [32mgasLimit[0m=24218
    driver.go:344:              [32mINFO [0m[12-20|23:59:31.220] Added L2 block to local state            [32mblock[0m=07416f..8be58d:83 [32mtx_count[0m=1 [32mtime[0m=1,766,255,371
    sequencer.go:272:           [32mINFO [0m[12-20|23:59:31.951] Sequencer sealed block                   [32mpayloadID[0m=0x03cb2787acbce917 [32mblock[0m=6531fb..269458:84 [32mparent[0m=07416f..8be58d:83 [32mtxs[0m=1 [32mtime[0m=1,766,255,372
    node.go:788:                [32mINFO [0m[12-20|23:59:31.952] Publishing signed execution payload on p2p [32mid[0m=6531fb..269458:84
    payload_success.go:89:      [32mINFO [0m[12-20|23:59:31.955] Inserted new L2 unsafe block             [32mhash[0m=6531fb..269458 [32mnumber[0m=84 [32mbuild_time[0m=949.580ms [32minsert_time[0m=2.943ms     [32mtotal_time[0m=952.524ms [32mmgas[0m=0.046 [32mmgasps[0m=0.048
    sequencer.go:341:           [32mINFO [0m[12-20|23:59:31.955] Sequencer inserted block                 [32mblock[0m=6531fb..269458:84 [32mparent[0m=07416f..8be58d:83
    driver.go:263:              [32mINFO [0m[12-20|23:59:31.955] Scheduled sequencer action               [32mdelta[0m=44.708ms
    sequencer.go:521:           [32mINFO [0m[12-20|23:59:32.000] Started sequencing new block             [32mparent[0m=6531fb..269458:84 [32ml1Origin[0m=951bef..83e30b:11
    driver.go:263:              [32mINFO [0m[12-20|23:59:32.004] Scheduled sequencer action               [32mdelta[0m=945.719ms
    txmgr.go:682:               [32mINFO [0m[12-20|23:59:32.017] Publishing transaction                   [32mservice[0m=batcher [32mtx[0m=0xd06e0aa0d478e8d5d6759f3be1e0e6328febc542ffa10c043c45a54bb4cfd76b [32mnonce[0m=12 [32mgasTipCap[0m=8 [32mgasFeeCap[0m=389,314,587 [32mgasLimit[0m=24218
    txmgr.go:888:               [32mINFO [0m[12-20|23:59:32.017] bumping gas price for transaction        [32mservice[0m=batcher [32mtx[0m=0xd06e0aa0d478e8d5d6759f3be1e0e6328febc542ffa10c043c45a54bb4cfd76b [32mnonce[0m=12 [32mgasTipCap[0m=8 [32mgasFeeCap[0m=389,314,587 [32mgasLimit[0m=24218
    txmgr.go:871:               [32mINFO [0m[12-20|23:59:32.020] Transaction confirmed                    [32mservice[0m=batcher [32mtx[0m=d06e0a..cfd76b [32mblock[0m=e06264..97a7ad:14 [32meffectiveGasPrice[0m=154,876,655
    txmgr.go:792:               [32mINFO [0m[12-20|23:59:32.020] Transaction receipt not found            [32mservice[0m=batcher [32mtx[0m=0xb3053740dd8fa62b9892b4d7c57f3342df6ad10e09b83829a842f68f7d3fefbf [32mnonce[0m=12 [32mgasTipCap[0m=7 [32mgasFeeCap[0m=353,922,351 [32mgasLimit[0m=23880 [32merr[0m="context canceled"
    txmgr.go:792:               [32mINFO [0m[12-20|23:59:32.021] Transaction receipt not found            [32mservice[0m=batcher [32mtx[0m=0xb3053740dd8fa62b9892b4d7c57f3342df6ad10e09b83829a842f68f7d3fefbf [32mnonce[0m=12 [32mgasTipCap[0m=7 [32mgasFeeCap[0m=353,922,351 [32mgasLimit[0m=23880 [32merr[0m="context canceled"
    txmgr.go:792:               [32mINFO [0m[12-20|23:59:32.021] Transaction receipt not found            [32mservice[0m=batcher [32mtx[0m=0xc2dff910cdaeb6a06ebd05d9c0c130cf0f177ab81862f53b855cf1cbff17ee2f [32mnonce[0m=12 [32mgasTipCap[0m=9 [32mgasFeeCap[0m=428,246,046 [32mgasLimit[0m=24218 [32merr[0m="context canceled"
    txmgr.go:845:               [31mERROR[0m[12-20|23:59:32.021] Unable to fetch tip                      [31mservice[0m=batcher [31merr[0m="Post \"http://127.0.0.1:62699\": context canceled"
    txmgr.go:792:               [32mINFO [0m[12-20|23:59:32.021] Transaction receipt not found            [32mservice[0m=batcher [32mtx[0m=0xd06e0aa0d478e8d5d6759f3be1e0e6328febc542ffa10c043c45a54bb4cfd76b [32mnonce[0m=12 [32mgasTipCap[0m=8 [32mgasFeeCap[0m=389,314,587 [32mgasLimit[0m=24218 [32merr[0m="context canceled"
    driver.go:582:              [32mINFO [0m[12-20|23:59:32.021] Handling receipt                         [32mid[0m=59a8ec..73beaf:0
    driver.go:1063:             [32mINFO [0m[12-20|23:59:32.021] Transaction confirmed                    [32mtx_id[0m=59a8ecf7d09ece35b833eae48773beaf:0 [32mtx[0m=d06e0a..cfd76b [32mblock[0m=e06264..97a7ad:14
    channel.go:80:              [32mINFO [0m[12-20|23:59:32.021] Channel is fully submitted               [32mid[0m=59a8ec..73beaf    [32mmin_inclusion_block[0m=14 [32mmax_inclusion_block[0m=14
    txmgr.go:682:               [32mINFO [0m[12-20|23:59:32.022] Publishing transaction                   [32mservice[0m=batcher [32mtx[0m=0x1162fc4b29fae3fadffd18bcf36fd0ec71006cadbc91e67ad3d5b3e69c689558 [32mnonce[0m=13 [32mgasTipCap[0m=7 [32mgasFeeCap[0m=309,753,301 [32mgasLimit[0m=23850
    txmgr.go:717:               [32mINFO [0m[12-20|23:59:32.023] Transaction successfully published       [32mservice[0m=batcher [32mtx[0m=0x1162fc4b29fae3fadffd18bcf36fd0ec71006cadbc91e67ad3d5b3e69c689558 [32mnonce[0m=13 [32mgasTipCap[0m=7 [32mgasFeeCap[0m=309,753,301 [32mgasLimit[0m=23850 [32mtx[0m=1162fc..689558
    channel_manager.go:355:     [32mINFO [0m[12-20|23:59:32.023] Created channel                          [32mid[0m=2f8e93..5996fe    [32ml1Head[0m=e06264..97a7ad:14 [32mblocks_pending[0m=6 [32ml1OriginLastSubmittedChannel[0m=0a987e..cb6566:10 [32mbatch_type[0m=1 [32mcompression_algo[0m=brotli [32mtarget_num_frames[0m=1 [32mmax_frame_size[0m=119,999 [32muse_blobs[0m=false
    channel_manager.go:461:     [32mINFO [0m[12-20|23:59:32.026] Channel closed                           [32mid[0m=2f8e93..5996fe    [32mblocks_pending[0m=0 [32mnum_frames[0m=1 [32minput_bytes[0m=52 [32moutput_bytes[0m=80 [32moldest_l1_origin[0m=0a987e..cb6566:10 [32ml1_origin[0m=951bef..83e30b:11 [32moldest_l2[0m=2d9587..e23141:78 [32mlatest_l2[0m=07416f..8be58d:83 [32mfull_reason[0m="channel full: max channel duration reached" [32mcompr_ratio[0m=1.538
    driver.go:1027:             [32mINFO [0m[12-20|23:59:32.026] Building Calldata transaction candidate  [32msize[0m=81
    system.go:237:              [32mINFO [0m[12-20|23:59:32.073] Exhausted L1 data                        [32mmode[0m=indexing [32mchainId[0m=901 [32mderivedFrom[0m=951bef..83e30b:11 [32mderived[0m=f37793..5aaff4:53
    node.go:372:                [32mINFO [0m[12-20|23:59:32.073] Node completed syncing                   [32msyncnode[0m=syncnode-901-1 [32mendpoint[0m=RPCSyncSource(ws://127.0.0.1:62709) [32mchain[0m=901 [32ml2[0m=f37793..5aaff4:53 [32ml1[0m=951bef..83e30b:11
    driver.go:344:              [32mINFO [0m[12-20|23:59:32.221] Added L2 block to local state            [32mblock[0m=6531fb..269458:84 [32mtx_count[0m=1 [32mtime[0m=1,766,255,372
    l1_accessor.go:192:         [32mINFO [0m[12-20|23:59:32.534] Updated latest known L1 block            [32mservice[0m=l1-processor [32mref[0m=e06264..97a7ad:14
    status.go:133:              [32mINFO [0m[12-20|23:59:32.675] New L1 finalized block                   [32ml1_finalized[0m=3a6349..dec8dd:0
    system.go:237:              [32mINFO [0m[12-20|23:59:32.676] Exhausted L1 data                        [32mmode[0m=indexing [32mchainId[0m=901 [32mderivedFrom[0m=951bef..83e30b:11 [32mderived[0m=f37793..5aaff4:53
    status.go:126:              [32mINFO [0m[12-20|23:59:32.676] New L1 safe block                        [32ml1_safe[0m=fd23db..0bdc54:3
    node.go:372:                [32mINFO [0m[12-20|23:59:32.676] Node completed syncing                   [32msyncnode[0m=syncnode-901-1 [32mendpoint[0m=RPCSyncSource(ws://127.0.0.1:62709) [32mchain[0m=901 [32ml2[0m=f37793..5aaff4:53 [32ml1[0m=951bef..83e30b:11
    system.go:462:              [32mINFO [0m[12-20|23:59:32.677] Received next L1 block                   [32mmode[0m=indexing [32mchainId[0m=901 [32mnextL1[0m=e9dc62..536b35:12
    l1_traversal_managed.go:119: [32mINFO [0m[12-20|23:59:32.679] Derivation continued with next L1 block  [32mcurrent[0m=951bef..83e30b:11 [32mnext[0m=e9dc62..536b35:12
    base_batch_stage.go:127:    [32mINFO [0m[12-20|23:59:32.679] Advancing bq origin                      [32morigin[0m=e9dc62..536b35:12 [32moriginBehind[0m=false
    channel_assembler.go:99:    [32mINFO [0m[12-20|23:59:32.679] created new channel                      [32mstage[0m=channel [32morigin[0m=e9dc62..536b35:12
    channel_in_reader.go:122:   [32mINFO [0m[12-20|23:59:32.679] decoded span batch from channel          [32mbatch_type[0m=SpanBatch [32mbatch_timestamp[0m=1,766,255,342 [32mparent_check[0m=0xf37793c07b076038461f8bc55d773923b661943b [32morigin_check[0m=0xb9aad8c3681cfe133c90f6969264aad6bf8dfc42 [32mstart_epoch_number[0m=6 [32mend_epoch_number[0m=7 [32mblock_count[0m=6 [32mtxs[0m=0 [32mcompression_algo[0m=brotli [32mstage_origin[0m=e9dc62..536b35:12
    batch_stage.go:142:         [32mINFO [0m[12-20|23:59:32.679] Found next valid span batch              [32morigin[0m=e9dc62..536b35:12 [32mepoch[0m=8c1e88..2fecd2:6 [32mbatch_type[0m=SpanBatch [32mbatch_timestamp[0m=1,766,255,342 [32mparent_check[0m=0xf37793c07b076038461f8bc55d773923b661943b [32morigin_check[0m=0xb9aad8c3681cfe133c90f6969264aad6bf8dfc42 [32mstart_epoch_number[0m=6 [32mend_epoch_number[0m=7 [32mblock_count[0m=6 [32mtxs[0m=0
    attributes_queue.go:134:    [32mINFO [0m[12-20|23:59:32.679] generated attributes in payload queue    [32mtxs[0m=1 [32mtimestamp[0m=1,766,255,342
    attributes_queue.go:134:    [32mINFO [0m[12-20|23:59:32.680] generated attributes in payload queue    [32mtxs[0m=1 [32mtimestamp[0m=1,766,255,343
    safedb.go:103:              [32mINFO [0m[12-20|23:59:32.680] Record safe head                         [32ml2[0m=d77e9a..793b11:54 [32ml1[0m=e9dc62..536b35:12
    attributes_queue.go:134:    [32mINFO [0m[12-20|23:59:32.686] generated attributes in payload queue    [32mtxs[0m=1 [32mtimestamp[0m=1,766,255,344
    safedb.go:103:              [32mINFO [0m[12-20|23:59:32.686] Record safe head                         [32ml2[0m=5f5e21..efc323:55 [32ml1[0m=e9dc62..536b35:12
    attributes_queue.go:134:    [32mINFO [0m[12-20|23:59:32.691] generated attributes in payload queue    [32mtxs[0m=1 [32mtimestamp[0m=1,766,255,345
    safedb.go:103:              [32mINFO [0m[12-20|23:59:32.691] Record safe head                         [32ml2[0m=00fe76..d3e5a5:56 [32ml1[0m=e9dc62..536b35:12
    attributes_queue.go:134:    [32mINFO [0m[12-20|23:59:32.695] generated attributes in payload queue    [32mtxs[0m=1 [32mtimestamp[0m=1,766,255,346
    safedb.go:103:              [32mINFO [0m[12-20|23:59:32.696] Record safe head                         [32ml2[0m=a758c4..c2a32e:57 [32ml1[0m=e9dc62..536b35:12
    attributes_queue.go:134:    [32mINFO [0m[12-20|23:59:32.701] generated attributes in payload queue    [32mtxs[0m=1 [32mtimestamp[0m=1,766,255,347
    safedb.go:103:              [32mINFO [0m[12-20|23:59:32.701] Record safe head                         [32ml2[0m=c856e6..e2538f:58 [32ml1[0m=e9dc62..536b35:12
    safedb.go:103:              [32mINFO [0m[12-20|23:59:32.706] Record safe head                         [32ml2[0m=995a91..7daaaa:59 [32ml1[0m=e9dc62..536b35:12
    system.go:237:              [32mINFO [0m[12-20|23:59:32.710] Exhausted L1 data                        [32mmode[0m=indexing [32mchainId[0m=901 [32mderivedFrom[0m=e9dc62..536b35:12 [32mderived[0m=995a91..7daaaa:59
    node.go:372:                [32mINFO [0m[12-20|23:59:32.710] Node completed syncing                   [32msyncnode[0m=syncnode-901-1 [32mendpoint[0m=RPCSyncSource(ws://127.0.0.1:62709) [32mchain[0m=901 [32ml2[0m=995a91..7daaaa:59 [32ml1[0m=e9dc62..536b35:12
    sequencer.go:272:           [32mINFO [0m[12-20|23:59:32.951] Sequencer sealed block                   [32mpayloadID[0m=0x034073ee28ef8bf9 [32mblock[0m=3ee877..fca137:85 [32mparent[0m=6531fb..269458:84 [32mtxs[0m=1 [32mtime[0m=1,766,255,373
    node.go:788:                [32mINFO [0m[12-20|23:59:32.951] Publishing signed execution payload on p2p [32mid[0m=3ee877..fca137:85
    payload_success.go:89:      [32mINFO [0m[12-20|23:59:32.954] Inserted new L2 unsafe block             [32mhash[0m=3ee877..fca137 [32mnumber[0m=85 [32mbuild_time[0m=949.717ms [32minsert_time[0m=2.601ms     [32mtotal_time[0m=952.319ms [32mmgas[0m=0.046 [32mmgasps[0m=0.048
    sequencer.go:341:           [32mINFO [0m[12-20|23:59:32.954] Sequencer inserted block                 [32mblock[0m=3ee877..fca137:85 [32mparent[0m=6531fb..269458:84
    driver.go:263:              [32mINFO [0m[12-20|23:59:32.954] Scheduled sequencer action               [32mdelta[0m=45.318ms
    sequencer.go:521:           [32mINFO [0m[12-20|23:59:33.001] Started sequencing new block             [32mparent[0m=3ee877..fca137:85 [32ml1Origin[0m=e9dc62..536b35:12
    driver.go:263:              [32mINFO [0m[12-20|23:59:33.003] Scheduled sequencer action               [32mdelta[0m=946.881ms
    driver.go:344:              [32mINFO [0m[12-20|23:59:33.220] Added L2 block to local state            [32mblock[0m=3ee877..fca137:85 [32mtx_count[0m=1 [32mtime[0m=1,766,255,373
    sequencer.go:272:           [32mINFO [0m[12-20|23:59:33.951] Sequencer sealed block                   [32mpayloadID[0m=0x03c14aa385cd4140 [32mblock[0m=200f92..0dafb6:86 [32mparent[0m=3ee877..fca137:85 [32mtxs[0m=1 [32mtime[0m=1,766,255,374
    node.go:788:                [32mINFO [0m[12-20|23:59:33.952] Publishing signed execution payload on p2p [32mid[0m=200f92..0dafb6:86
    payload_success.go:89:      [32mINFO [0m[12-20|23:59:33.954] Inserted new L2 unsafe block             [32mhash[0m=200f92..0dafb6 [32mnumber[0m=86 [32mbuild_time[0m=949.483ms [32minsert_time[0m=2.638ms     [32mtotal_time[0m=952.121ms [32mmgas[0m=0.054 [32mmgasps[0m=0.057
    sequencer.go:341:           [32mINFO [0m[12-20|23:59:33.954] Sequencer inserted block                 [32mblock[0m=200f92..0dafb6:86 [32mparent[0m=3ee877..fca137:85
    driver.go:263:              [32mINFO [0m[12-20|23:59:33.954] Scheduled sequencer action               [32mdelta[0m=45.139ms
    sequencer.go:521:           [32mINFO [0m[12-20|23:59:34.001] Started sequencing new block             [32mparent[0m=200f92..0dafb6:86 [32ml1Origin[0m=e9dc62..536b35:12
    driver.go:263:              [32mINFO [0m[12-20|23:59:34.003] Scheduled sequencer action               [32mdelta[0m=946.62ms
    txmgr.go:682:               [32mINFO [0m[12-20|23:59:34.023] Publishing transaction                   [32mservice[0m=batcher [32mtx[0m=0x1162fc4b29fae3fadffd18bcf36fd0ec71006cadbc91e67ad3d5b3e69c689558 [32mnonce[0m=13 [32mgasTipCap[0m=7 [32mgasFeeCap[0m=309,753,301 [32mgasLimit[0m=23850
    driver.go:344:              [32mINFO [0m[12-20|23:59:34.220] Added L2 block to local state            [32mblock[0m=200f92..0dafb6:86 [32mtx_count[0m=1 [32mtime[0m=1,766,255,374
    status.go:133:              [32mINFO [0m[12-20|23:59:34.676] New L1 finalized block                   [32ml1_finalized[0m=3a6349..dec8dd:0
    status.go:126:              [32mINFO [0m[12-20|23:59:34.676] New L1 safe block                        [32ml1_safe[0m=bdfb70..368231:4
    system.go:237:              [32mINFO [0m[12-20|23:59:34.676] Exhausted L1 data                        [32mmode[0m=indexing [32mchainId[0m=901 [32mderivedFrom[0m=e9dc62..536b35:12 [32mderived[0m=995a91..7daaaa:59
    node.go:372:                [32mINFO [0m[12-20|23:59:34.676] Node completed syncing                   [32msyncnode[0m=syncnode-901-1 [32mendpoint[0m=RPCSyncSource(ws://127.0.0.1:62709) [32mchain[0m=901 [32ml2[0m=995a91..7daaaa:59 [32ml1[0m=e9dc62..536b35:12
    sequencer.go:272:           [32mINFO [0m[12-20|23:59:34.951] Sequencer sealed block                   [32mpayloadID[0m=0x03f893153611972b [32mblock[0m=f1dd29..a8a5b6:87 [32mparent[0m=200f92..0dafb6:86 [32mtxs[0m=1 [32mtime[0m=1,766,255,375
    node.go:788:                [32mINFO [0m[12-20|23:59:34.951] Publishing signed execution payload on p2p [32mid[0m=f1dd29..a8a5b6:87
    payload_success.go:89:      [32mINFO [0m[12-20|23:59:34.954] Inserted new L2 unsafe block             [32mhash[0m=f1dd29..a8a5b6 [32mnumber[0m=87 [32mbuild_time[0m=949.162ms [32minsert_time[0m=2.740ms     [32mtotal_time[0m=951.903ms [32mmgas[0m=0.046 [32mmgasps[0m=0.048
    sequencer.go:341:           [32mINFO [0m[12-20|23:59:34.954] Sequencer inserted block                 [32mblock[0m=f1dd29..a8a5b6:87 [32mparent[0m=200f92..0dafb6:86
    driver.go:263:              [32mINFO [0m[12-20|23:59:34.954] Scheduled sequencer action               [32mdelta[0m=45.344ms
    sequencer.go:521:           [32mINFO [0m[12-20|23:59:35.001] Started sequencing new block             [32mparent[0m=f1dd29..a8a5b6:87 [32ml1Origin[0m=e9dc62..536b35:12
    driver.go:263:              [32mINFO [0m[12-20|23:59:35.003] Scheduled sequencer action               [32mdelta[0m=946.47ms
    txmgr.go:682:               [32mINFO [0m[12-20|23:59:35.023] Publishing transaction                   [32mservice[0m=batcher [32mtx[0m=0x1162fc4b29fae3fadffd18bcf36fd0ec71006cadbc91e67ad3d5b3e69c689558 [32mnonce[0m=13 [32mgasTipCap[0m=7 [32mgasFeeCap[0m=309,753,301 [32mgasLimit[0m=23850
    txmgr.go:888:               [32mINFO [0m[12-20|23:59:35.023] bumping gas price for transaction        [32mservice[0m=batcher [32mtx[0m=0x1162fc4b29fae3fadffd18bcf36fd0ec71006cadbc91e67ad3d5b3e69c689558 [32mnonce[0m=13 [32mgasTipCap[0m=7 [32mgasFeeCap[0m=309,753,301 [32mgasLimit[0m=23850
    txmgr.go:717:               [32mINFO [0m[12-20|23:59:35.026] Transaction successfully published       [32mservice[0m=batcher [32mtx[0m=0x96f81bc0c81fe9eae4de845bf0d873d383ccd52e877ebf7a9d13ffa3e4e042e0 [32mnonce[0m=13 [32mgasTipCap[0m=8 [32mgasFeeCap[0m=340,728,632 [32mgasLimit[0m=24188 [32mtx[0m=96f81b..e042e0
    driver.go:344:              [32mINFO [0m[12-20|23:59:35.220] Added L2 block to local state            [32mblock[0m=f1dd29..a8a5b6:87 [32mtx_count[0m=1 [32mtime[0m=1,766,255,375
    l1_accessor.go:174:         [32mINFO [0m[12-20|23:59:35.534] Latest L1 block signal is the same as the tip [32mservice[0m=l1-processor [32mref[0m=e06264..97a7ad:14
    sequencer.go:272:           [32mINFO [0m[12-20|23:59:35.951] Sequencer sealed block                   [32mpayloadID[0m=0x03d901951c7e2f7d [32mblock[0m=205aab..a05ff2:88 [32mparent[0m=f1dd29..a8a5b6:87 [32mtxs[0m=1 [32mtime[0m=1,766,255,376
    node.go:788:                [32mINFO [0m[12-20|23:59:35.952] Publishing signed execution payload on p2p [32mid[0m=205aab..a05ff2:88
    payload_success.go:89:      [32mINFO [0m[12-20|23:59:35.954] Inserted new L2 unsafe block             [32mhash[0m=205aab..a05ff2 [32mnumber[0m=88 [32mbuild_time[0m=949.402ms [32minsert_time[0m=2.602ms     [32mtotal_time[0m=952.005ms [32mmgas[0m=0.046 [32mmgasps[0m=0.048
    sequencer.go:341:           [32mINFO [0m[12-20|23:59:35.954] Sequencer inserted block                 [32mblock[0m=205aab..a05ff2:88 [32mparent[0m=f1dd29..a8a5b6:87
    driver.go:263:              [32mINFO [0m[12-20|23:59:35.954] Scheduled sequencer action               [32mdelta[0m=45.152ms
    sequencer.go:521:           [32mINFO [0m[12-20|23:59:36.001] Started sequencing new block             [32mparent[0m=205aab..a05ff2:88 [32ml1Origin[0m=e9dc62..536b35:12
    driver.go:263:              [32mINFO [0m[12-20|23:59:36.004] Scheduled sequencer action               [32mdelta[0m=945.71ms
    driver.go:344:              [32mINFO [0m[12-20|23:59:36.220] Added L2 block to local state            [32mblock[0m=205aab..a05ff2:88 [32mtx_count[0m=1 [32mtime[0m=1,766,255,376
    status.go:133:              [32mINFO [0m[12-20|23:59:36.675] New L1 finalized block                   [32ml1_finalized[0m=3a6349..dec8dd:0
    system.go:237:              [32mINFO [0m[12-20|23:59:36.676] Exhausted L1 data                        [32mmode[0m=indexing [32mchainId[0m=901 [32mderivedFrom[0m=e9dc62..536b35:12 [32mderived[0m=995a91..7daaaa:59
    status.go:126:              [32mINFO [0m[12-20|23:59:36.676] New L1 safe block                        [32ml1_safe[0m=bdfb70..368231:4
    node.go:372:                [32mINFO [0m[12-20|23:59:36.676] Node completed syncing                   [32msyncnode[0m=syncnode-901-1 [32mendpoint[0m=RPCSyncSource(ws://127.0.0.1:62709) [32mchain[0m=901 [32ml2[0m=995a91..7daaaa:59 [32ml1[0m=e9dc62..536b35:12
    sequencer.go:272:           [32mINFO [0m[12-20|23:59:36.952] Sequencer sealed block                   [32mpayloadID[0m=0x03125bc710b6d2e9 [32mblock[0m=c4c6f4..9d98cd:89 [32mparent[0m=205aab..a05ff2:88 [32mtxs[0m=1 [32mtime[0m=1,766,255,377
    node.go:788:                [32mINFO [0m[12-20|23:59:36.952] Publishing signed execution payload on p2p [32mid[0m=c4c6f4..9d98cd:89
    payload_success.go:89:      [32mINFO [0m[12-20|23:59:36.954] Inserted new L2 unsafe block             [32mhash[0m=c4c6f4..9d98cd [32mnumber[0m=89 [32mbuild_time[0m=948.980ms [32minsert_time[0m=2.733ms     [32mtotal_time[0m=951.713ms [32mmgas[0m=0.046 [32mmgasps[0m=0.048
    sequencer.go:341:           [32mINFO [0m[12-20|23:59:36.954] Sequencer inserted block                 [32mblock[0m=c4c6f4..9d98cd:89 [32mparent[0m=205aab..a05ff2:88
    driver.go:263:              [32mINFO [0m[12-20|23:59:36.955] Scheduled sequencer action               [32mdelta[0m=44.8ms
    sequencer.go:521:           [32mINFO [0m[12-20|23:59:37.001] Started sequencing new block             [32mparent[0m=c4c6f4..9d98cd:89 [32ml1Origin[0m=e9dc62..536b35:12
    driver.go:263:              [32mINFO [0m[12-20|23:59:37.003] Scheduled sequencer action               [32mdelta[0m=946.865ms
    txmgr.go:682:               [32mINFO [0m[12-20|23:59:37.027] Publishing transaction                   [32mservice[0m=batcher [32mtx[0m=0x96f81bc0c81fe9eae4de845bf0d873d383ccd52e877ebf7a9d13ffa3e4e042e0 [32mnonce[0m=13 [32mgasTipCap[0m=8 [32mgasFeeCap[0m=340,728,632 [32mgasLimit[0m=24188
    driver.go:344:              [32mINFO [0m[12-20|23:59:37.220] Added L2 block to local state            [32mblock[0m=c4c6f4..9d98cd:89 [32mtx_count[0m=1 [32mtime[0m=1,766,255,377
    sequencer.go:272:           [32mINFO [0m[12-20|23:59:37.951] Sequencer sealed block                   [32mpayloadID[0m=0x037f1ba05de5f3f6 [32mblock[0m=42e288..5f8943:90 [32mparent[0m=c4c6f4..9d98cd:89 [32mtxs[0m=1 [32mtime[0m=1,766,255,378
    node.go:788:                [32mINFO [0m[12-20|23:59:37.952] Publishing signed execution payload on p2p [32mid[0m=42e288..5f8943:90
    payload_success.go:89:      [32mINFO [0m[12-20|23:59:37.954] Inserted new L2 unsafe block             [32mhash[0m=42e288..5f8943 [32mnumber[0m=90 [32mbuild_time[0m=949.477ms [32minsert_time[0m=2.797ms     [32mtotal_time[0m=952.275ms [32mmgas[0m=0.046 [32mmgasps[0m=0.048
    sequencer.go:341:           [32mINFO [0m[12-20|23:59:37.954] Sequencer inserted block                 [32mblock[0m=42e288..5f8943:90 [32mparent[0m=c4c6f4..9d98cd:89
    driver.go:263:              [32mINFO [0m[12-20|23:59:37.954] Scheduled sequencer action               [32mdelta[0m=45.012ms
    sequencer.go:521:           [32mINFO [0m[12-20|23:59:38.001] Started sequencing new block             [32mparent[0m=42e288..5f8943:90 [32ml1Origin[0m=e9dc62..536b35:12
    driver.go:263:              [32mINFO [0m[12-20|23:59:38.003] Scheduled sequencer action               [32mdelta[0m=946.275ms
    txmgr.go:682:               [32mINFO [0m[12-20|23:59:38.023] Publishing transaction                   [32mservice[0m=batcher [32mtx[0m=0x96f81bc0c81fe9eae4de845bf0d873d383ccd52e877ebf7a9d13ffa3e4e042e0 [32mnonce[0m=13 [32mgasTipCap[0m=8 [32mgasFeeCap[0m=340,728,632 [32mgasLimit[0m=24188
    txmgr.go:888:               [32mINFO [0m[12-20|23:59:38.023] bumping gas price for transaction        [32mservice[0m=batcher [32mtx[0m=0x96f81bc0c81fe9eae4de845bf0d873d383ccd52e877ebf7a9d13ffa3e4e042e0 [32mnonce[0m=13 [32mgasTipCap[0m=8 [32mgasFeeCap[0m=340,728,632 [32mgasLimit[0m=24188
    txmgr.go:871:               [32mINFO [0m[12-20|23:59:38.028] Transaction confirmed                    [32mservice[0m=batcher [32mtx[0m=96f81b..e042e0 [32mblock[0m=227a0c..924a58:15 [32meffectiveGasPrice[0m=135,548,320
    txmgr.go:792:               [32mINFO [0m[12-20|23:59:38.028] Transaction receipt not found            [32mservice[0m=batcher [32mtx[0m=0x1162fc4b29fae3fadffd18bcf36fd0ec71006cadbc91e67ad3d5b3e69c689558 [32mnonce[0m=13 [32mgasTipCap[0m=7 [32mgasFeeCap[0m=309,753,301 [32mgasLimit[0m=23850 [32merr[0m="context canceled"
    txmgr.go:830:               [32mINFO [0m[12-20|23:59:38.028] Receipt retrieval failed                 [32mservice[0m=batcher [32mtx[0m=96f81b..e042e0 [32merr[0m="context canceled"
    txmgr.go:792:               [32mINFO [0m[12-20|23:59:38.028] Transaction receipt not found            [32mservice[0m=batcher [32mtx[0m=0x96f81bc0c81fe9eae4de845bf0d873d383ccd52e877ebf7a9d13ffa3e4e042e0 [32mnonce[0m=13 [32mgasTipCap[0m=8 [32mgasFeeCap[0m=340,728,632 [32mgasLimit[0m=24188 [32merr[0m="context canceled"
    txmgr.go:792:               [32mINFO [0m[12-20|23:59:38.028] Transaction receipt not found            [32mservice[0m=batcher [32mtx[0m=0x81f623a545c63e4c20021a62421cd833f779ae551b39c584f28a13afefac8a8a [32mnonce[0m=13 [32mgasTipCap[0m=9 [32mgasFeeCap[0m=374,801,496 [32mgasLimit[0m=24188 [32merr[0m="context canceled"
    txmgr.go:792:               [32mINFO [0m[12-20|23:59:38.028] Transaction receipt not found            [32mservice[0m=batcher [32mtx[0m=0x1162fc4b29fae3fadffd18bcf36fd0ec71006cadbc91e67ad3d5b3e69c689558 [32mnonce[0m=13 [32mgasTipCap[0m=7 [32mgasFeeCap[0m=309,753,301 [32mgasLimit[0m=23850 [32merr[0m="context canceled"
    driver.go:582:              [32mINFO [0m[12-20|23:59:38.028] Handling receipt                         [32mid[0m=48b4df..f49ba3:0
    driver.go:1063:             [32mINFO [0m[12-20|23:59:38.028] Transaction confirmed                    [32mtx_id[0m=48b4df7bf96fe039b5d7596938f49ba3:0 [32mtx[0m=96f81b..e042e0 [32mblock[0m=227a0c..924a58:15
    channel.go:80:              [32mINFO [0m[12-20|23:59:38.028] Channel is fully submitted               [32mid[0m=48b4df..f49ba3    [32mmin_inclusion_block[0m=15 [32mmax_inclusion_block[0m=15
    txmgr.go:682:               [32mINFO [0m[12-20|23:59:38.029] Publishing transaction                   [32mservice[0m=batcher [32mtx[0m=0x0397822efc0c4a21fb2f4770f29330698863ddd735f494f30df3dcfa0376b0bd [32mnonce[0m=14 [32mgasTipCap[0m=8 [32mgasFeeCap[0m=271,096,632 [32mgasLimit[0m=23880
    txmgr.go:717:               [32mINFO [0m[12-20|23:59:38.030] Transaction successfully published       [32mservice[0m=batcher [32mtx[0m=0x0397822efc0c4a21fb2f4770f29330698863ddd735f494f30df3dcfa0376b0bd [32mnonce[0m=14 [32mgasTipCap[0m=8 [32mgasFeeCap[0m=271,096,632 [32mgasLimit[0m=23880 [32mtx[0m=039782..76b0bd
    channel_manager.go:355:     [32mINFO [0m[12-20|23:59:38.030] Created channel                          [32mid[0m=e1185e..005700    [32ml1Head[0m=227a0c..924a58:15 [32mblocks_pending[0m=6 [32ml1OriginLastSubmittedChannel[0m=951bef..83e30b:11 [32mbatch_type[0m=1 [32mcompression_algo[0m=brotli [32mtarget_num_frames[0m=1 [32mmax_frame_size[0m=119,999 [32muse_blobs[0m=false
    channel_manager.go:461:     [32mINFO [0m[12-20|23:59:38.032] Channel closed                           [32mid[0m=e1185e..005700    [32mblocks_pending[0m=0 [32mnum_frames[0m=1 [32minput_bytes[0m=52 [32moutput_bytes[0m=80 [32moldest_l1_origin[0m=951bef..83e30b:11 [32ml1_origin[0m=e9dc62..536b35:12 [32moldest_l2[0m=6531fb..269458:84 [32mlatest_l2[0m=c4c6f4..9d98cd:89 [32mfull_reason[0m="channel full: max channel duration reached" [32mcompr_ratio[0m=1.538
    driver.go:1027:             [32mINFO [0m[12-20|23:59:38.033] Building Calldata transaction candidate  [32msize[0m=81
    system.go:237:              [32mINFO [0m[12-20|23:59:38.078] Exhausted L1 data                        [32mmode[0m=indexing [32mchainId[0m=901 [32mderivedFrom[0m=e9dc62..536b35:12 [32mderived[0m=995a91..7daaaa:59
    node.go:372:                [32mINFO [0m[12-20|23:59:38.078] Node completed syncing                   [32msyncnode[0m=syncnode-901-1 [32mendpoint[0m=RPCSyncSource(ws://127.0.0.1:62709) [32mchain[0m=901 [32ml2[0m=995a91..7daaaa:59 [32ml1[0m=e9dc62..536b35:12
    driver.go:344:              [32mINFO [0m[12-20|23:59:38.220] Added L2 block to local state            [32mblock[0m=42e288..5f8943:90 [32mtx_count[0m=1 [32mtime[0m=1,766,255,378
    l1_accessor.go:192:         [32mINFO [0m[12-20|23:59:38.534] Updated latest known L1 block            [32mservice[0m=l1-processor [32mref[0m=227a0c..924a58:15
    status.go:133:              [32mINFO [0m[12-20|23:59:38.675] New L1 finalized block                   [32ml1_finalized[0m=3a6349..dec8dd:0
    status.go:126:              [32mINFO [0m[12-20|23:59:38.675] New L1 safe block                        [32ml1_safe[0m=bdfb70..368231:4
    system.go:237:              [32mINFO [0m[12-20|23:59:38.676] Exhausted L1 data                        [32mmode[0m=indexing [32mchainId[0m=901 [32mderivedFrom[0m=e9dc62..536b35:12 [32mderived[0m=995a91..7daaaa:59
    node.go:372:                [32mINFO [0m[12-20|23:59:38.676] Node completed syncing                   [32msyncnode[0m=syncnode-901-1 [32mendpoint[0m=RPCSyncSource(ws://127.0.0.1:62709) [32mchain[0m=901 [32ml2[0m=995a91..7daaaa:59 [32ml1[0m=e9dc62..536b35:12
    system.go:462:              [32mINFO [0m[12-20|23:59:38.677] Received next L1 block                   [32mmode[0m=indexing [32mchainId[0m=901 [32mnextL1[0m=1fac1f..e7169c:13
    l1_traversal_managed.go:119: [32mINFO [0m[12-20|23:59:38.678] Derivation continued with next L1 block  [32mcurrent[0m=e9dc62..536b35:12 [32mnext[0m=1fac1f..e7169c:13
    base_batch_stage.go:127:    [32mINFO [0m[12-20|23:59:38.679] Advancing bq origin                      [32morigin[0m=1fac1f..e7169c:13 [32moriginBehind[0m=false
    channel_assembler.go:99:    [32mINFO [0m[12-20|23:59:38.679] created new channel                      [32mstage[0m=channel [32morigin[0m=1fac1f..e7169c:13
    channel_in_reader.go:122:   [32mINFO [0m[12-20|23:59:38.679] decoded span batch from channel          [32mbatch_type[0m=SpanBatch [32mbatch_timestamp[0m=1,766,255,348 [32mparent_check[0m=0x995a91872214a23eac0a91f937042efc670817b1 [32morigin_check[0m=0x88bbb9eacda381eb6119af7b00acaebd01afc42d [32mstart_epoch_number[0m=7 [32mend_epoch_number[0m=8 [32mblock_count[0m=6 [32mtxs[0m=0 [32mcompression_algo[0m=brotli [32mstage_origin[0m=1fac1f..e7169c:13
    batch_stage.go:142:         [32mINFO [0m[12-20|23:59:38.679] Found next valid span batch              [32morigin[0m=1fac1f..e7169c:13 [32mepoch[0m=b9aad8..dacd32:7 [32mbatch_type[0m=SpanBatch [32mbatch_timestamp[0m=1,766,255,348 [32mparent_check[0m=0x995a91872214a23eac0a91f937042efc670817b1 [32morigin_check[0m=0x88bbb9eacda381eb6119af7b00acaebd01afc42d [32mstart_epoch_number[0m=7 [32mend_epoch_number[0m=8 [32mblock_count[0m=6 [32mtxs[0m=0
    attributes_queue.go:134:    [32mINFO [0m[12-20|23:59:38.679] generated attributes in payload queue    [32mtxs[0m=1 [32mtimestamp[0m=1,766,255,348
    attributes_queue.go:134:    [32mINFO [0m[12-20|23:59:38.680] generated attributes in payload queue    [32mtxs[0m=1 [32mtimestamp[0m=1,766,255,349
    safedb.go:103:              [32mINFO [0m[12-20|23:59:38.680] Record safe head                         [32ml2[0m=9535f0..0d509c:60 [32ml1[0m=1fac1f..e7169c:13
    attributes_queue.go:134:    [32mINFO [0m[12-20|23:59:38.686] generated attributes in payload queue    [32mtxs[0m=1 [32mtimestamp[0m=1,766,255,350
    safedb.go:103:              [32mINFO [0m[12-20|23:59:38.686] Record safe head                         [32ml2[0m=f3a752..5b0874:61 [32ml1[0m=1fac1f..e7169c:13
    attributes_queue.go:134:    [32mINFO [0m[12-20|23:59:38.691] generated attributes in payload queue    [32mtxs[0m=1 [32mtimestamp[0m=1,766,255,351
    safedb.go:103:              [32mINFO [0m[12-20|23:59:38.691] Record safe head                         [32ml2[0m=bce7ac..d23694:62 [32ml1[0m=1fac1f..e7169c:13
    attributes_queue.go:134:    [32mINFO [0m[12-20|23:59:38.696] generated attributes in payload queue    [32mtxs[0m=1 [32mtimestamp[0m=1,766,255,352
    safedb.go:103:              [32mINFO [0m[12-20|23:59:38.696] Record safe head                         [32ml2[0m=838443..ee38f5:63 [32ml1[0m=1fac1f..e7169c:13
    attributes_queue.go:134:    [32mINFO [0m[12-20|23:59:38.701] generated attributes in payload queue    [32mtxs[0m=1 [32mtimestamp[0m=1,766,255,353
    safedb.go:103:              [32mINFO [0m[12-20|23:59:38.701] Record safe head                         [32ml2[0m=7396ba..341cf0:64 [32ml1[0m=1fac1f..e7169c:13
    safedb.go:103:              [32mINFO [0m[12-20|23:59:38.706] Record safe head                         [32ml2[0m=7ba203..a6a820:65 [32ml1[0m=1fac1f..e7169c:13
    system.go:237:              [32mINFO [0m[12-20|23:59:38.710] Exhausted L1 data                        [32mmode[0m=indexing [32mchainId[0m=901 [32mderivedFrom[0m=1fac1f..e7169c:13 [32mderived[0m=7ba203..a6a820:65
    node.go:372:                [32mINFO [0m[12-20|23:59:38.710] Node completed syncing                   [32msyncnode[0m=syncnode-901-1 [32mendpoint[0m=RPCSyncSource(ws://127.0.0.1:62709) [32mchain[0m=901 [32ml2[0m=7ba203..a6a820:65 [32ml1[0m=1fac1f..e7169c:13
    sequencer.go:272:           [32mINFO [0m[12-20|23:59:38.952] Sequencer sealed block                   [32mpayloadID[0m=0x03e52a199df33622 [32mblock[0m=92104f..dba530:91 [32mparent[0m=42e288..5f8943:90 [32mtxs[0m=1 [32mtime[0m=1,766,255,379
    node.go:788:                [32mINFO [0m[12-20|23:59:38.952] Publishing signed execution payload on p2p [32mid[0m=92104f..dba530:91
    payload_success.go:89:      [32mINFO [0m[12-20|23:59:38.954] Inserted new L2 unsafe block             [32mhash[0m=92104f..dba530 [32mnumber[0m=91 [32mbuild_time[0m=949.328ms [32minsert_time[0m=2.661ms     [32mtotal_time[0m=951.989ms [32mmgas[0m=0.046 [32mmgasps[0m=0.048
    sequencer.go:341:           [32mINFO [0m[12-20|23:59:38.954] Sequencer inserted block                 [32mblock[0m=92104f..dba530:91 [32mparent[0m=42e288..5f8943:90
    driver.go:263:              [32mINFO [0m[12-20|23:59:38.955] Scheduled sequencer action               [32mdelta[0m=44.998ms
    sequencer.go:521:           [32mINFO [0m[12-20|23:59:39.001] Started sequencing new block             [32mparent[0m=92104f..dba530:91 [32ml1Origin[0m=1fac1f..e7169c:13
    driver.go:263:              [32mINFO [0m[12-20|23:59:39.003] Scheduled sequencer action               [32mdelta[0m=946.719ms
    driver.go:344:              [32mINFO [0m[12-20|23:59:39.220] Added L2 block to local state            [32mblock[0m=92104f..dba530:91 [32mtx_count[0m=1 [32mtime[0m=1,766,255,379
    sequencer.go:272:           [32mINFO [0m[12-20|23:59:39.951] Sequencer sealed block                   [32mpayloadID[0m=0x033903199a8a3732 [32mblock[0m=eabee3..222af7:92 [32mparent[0m=92104f..dba530:91 [32mtxs[0m=1 [32mtime[0m=1,766,255,380
    node.go:788:                [32mINFO [0m[12-20|23:59:39.952] Publishing signed execution payload on p2p [32mid[0m=eabee3..222af7:92
    payload_success.go:89:      [32mINFO [0m[12-20|23:59:39.954] Inserted new L2 unsafe block             [32mhash[0m=eabee3..222af7 [32mnumber[0m=92 [32mbuild_time[0m=949.62ms  [32minsert_time[0m=2.679ms     [32mtotal_time[0m=952.299ms [32mmgas[0m=0.054 [32mmgasps[0m=0.057
    sequencer.go:341:           [32mINFO [0m[12-20|23:59:39.954] Sequencer inserted block                 [32mblock[0m=eabee3..222af7:92 [32mparent[0m=92104f..dba530:91
    driver.go:263:              [32mINFO [0m[12-20|23:59:39.954] Scheduled sequencer action               [32mdelta[0m=45.095ms
    sequencer.go:521:           [32mINFO [0m[12-20|23:59:40.001] Started sequencing new block             [32mparent[0m=eabee3..222af7:92 [32ml1Origin[0m=1fac1f..e7169c:13
    driver.go:263:              [32mINFO [0m[12-20|23:59:40.003] Scheduled sequencer action               [32mdelta[0m=946.415ms
    txmgr.go:682:               [32mINFO [0m[12-20|23:59:40.031] Publishing transaction                   [32mservice[0m=batcher [32mtx[0m=0x0397822efc0c4a21fb2f4770f29330698863ddd735f494f30df3dcfa0376b0bd [32mnonce[0m=14 [32mgasTipCap[0m=8 [32mgasFeeCap[0m=271,096,632 [32mgasLimit[0m=23880
    driver.go:344:              [32mINFO [0m[12-20|23:59:40.220] Added L2 block to local state            [32mblock[0m=eabee3..222af7:92 [32mtx_count[0m=1 [32mtime[0m=1,766,255,380
    status.go:133:              [32mINFO [0m[12-20|23:59:40.675] New L1 finalized block                   [32ml1_finalized[0m=3a6349..dec8dd:0
    status.go:126:              [32mINFO [0m[12-20|23:59:40.675] New L1 safe block                        [32ml1_safe[0m=7aa9be..9cb7b2:5
    system.go:237:              [32mINFO [0m[12-20|23:59:40.676] Exhausted L1 data                        [32mmode[0m=indexing [32mchainId[0m=901 [32mderivedFrom[0m=1fac1f..e7169c:13 [32mderived[0m=7ba203..a6a820:65
    node.go:372:                [32mINFO [0m[12-20|23:59:40.676] Node completed syncing                   [32msyncnode[0m=syncnode-901-1 [32mendpoint[0m=RPCSyncSource(ws://127.0.0.1:62709) [32mchain[0m=901 [32ml2[0m=7ba203..a6a820:65 [32ml1[0m=1fac1f..e7169c:13
    sequencer.go:272:           [32mINFO [0m[12-20|23:59:40.951] Sequencer sealed block                   [32mpayloadID[0m=0x03328535c9008857 [32mblock[0m=fd7dce..cde446:93 [32mparent[0m=eabee3..222af7:92 [32mtxs[0m=1 [32mtime[0m=1,766,255,381
    node.go:788:                [32mINFO [0m[12-20|23:59:40.951] Publishing signed execution payload on p2p [32mid[0m=fd7dce..cde446:93
    payload_success.go:89:      [32mINFO [0m[12-20|23:59:40.954] Inserted new L2 unsafe block             [32mhash[0m=fd7dce..cde446 [32mnumber[0m=93 [32mbuild_time[0m=949.459ms [32minsert_time[0m=2.611ms     [32mtotal_time[0m=952.071ms [32mmgas[0m=0.046 [32mmgasps[0m=0.048
    sequencer.go:341:           [32mINFO [0m[12-20|23:59:40.954] Sequencer inserted block                 [32mblock[0m=fd7dce..cde446:93 [32mparent[0m=eabee3..222af7:92
    driver.go:263:              [32mINFO [0m[12-20|23:59:40.954] Scheduled sequencer action               [32mdelta[0m=45.197ms
    sequencer.go:521:           [32mINFO [0m[12-20|23:59:41.001] Started sequencing new block             [32mparent[0m=fd7dce..cde446:93 [32ml1Origin[0m=1fac1f..e7169c:13
    driver.go:263:              [32mINFO [0m[12-20|23:59:41.003] Scheduled sequencer action               [32mdelta[0m=946.367ms
    txmgr.go:682:               [32mINFO [0m[12-20|23:59:41.030] Publishing transaction                   [32mservice[0m=batcher [32mtx[0m=0x0397822efc0c4a21fb2f4770f29330698863ddd735f494f30df3dcfa0376b0bd [32mnonce[0m=14 [32mgasTipCap[0m=8 [32mgasFeeCap[0m=271,096,632 [32mgasLimit[0m=23880
    txmgr.go:888:               [32mINFO [0m[12-20|23:59:41.030] bumping gas price for transaction        [32mservice[0m=batcher [32mtx[0m=0x0397822efc0c4a21fb2f4770f29330698863ddd735f494f30df3dcfa0376b0bd [32mnonce[0m=14 [32mgasTipCap[0m=8 [32mgasFeeCap[0m=271,096,632 [32mgasLimit[0m=23880
    txmgr.go:717:               [32mINFO [0m[12-20|23:59:41.034] Transaction successfully published       [32mservice[0m=batcher [32mtx[0m=0xec44b31d6b03ac7b82e0c7229aead212edfcff56b4b58a35e92c6b76b0d34603 [32mnonce[0m=14 [32mgasTipCap[0m=9 [32mgasFeeCap[0m=298,206,296 [32mgasLimit[0m=24218 [32mtx[0m=ec44b3..d34603
    driver.go:344:              [32mINFO [0m[12-20|23:59:41.221] Added L2 block to local state            [32mblock[0m=fd7dce..cde446:93 [32mtx_count[0m=1 [32mtime[0m=1,766,255,381
    l1_accessor.go:174:         [32mINFO [0m[12-20|23:59:41.534] Latest L1 block signal is the same as the tip [32mservice[0m=l1-processor [32mref[0m=227a0c..924a58:15
    sequencer.go:272:           [32mINFO [0m[12-20|23:59:41.951] Sequencer sealed block                   [32mpayloadID[0m=0x03fe100059033262 [32mblock[0m=a00784..e9e1ba:94 [32mparent[0m=fd7dce..cde446:93 [32mtxs[0m=1 [32mtime[0m=1,766,255,382
    node.go:788:                [32mINFO [0m[12-20|23:59:41.951] Publishing signed execution payload on p2p [32mid[0m=a00784..e9e1ba:94
    payload_success.go:89:      [32mINFO [0m[12-20|23:59:41.954] Inserted new L2 unsafe block             [32mhash[0m=a00784..e9e1ba [32mnumber[0m=94 [32mbuild_time[0m=948.853ms [32minsert_time[0m=2.701ms     [32mtotal_time[0m=951.555ms [32mmgas[0m=0.046 [32mmgasps[0m=0.048
    sequencer.go:341:           [32mINFO [0m[12-20|23:59:41.954] Sequencer inserted block                 [32mblock[0m=a00784..e9e1ba:94 [32mparent[0m=fd7dce..cde446:93
    driver.go:263:              [32mINFO [0m[12-20|23:59:41.954] Scheduled sequencer action               [32mdelta[0m=45.302ms
    sequencer.go:521:           [32mINFO [0m[12-20|23:59:42.001] Started sequencing new block             [32mparent[0m=a00784..e9e1ba:94 [32ml1Origin[0m=1fac1f..e7169c:13
    driver.go:263:              [32mINFO [0m[12-20|23:59:42.003] Scheduled sequencer action               [32mdelta[0m=946.644ms
    driver.go:344:              [32mINFO [0m[12-20|23:59:42.220] Added L2 block to local state            [32mblock[0m=a00784..e9e1ba:94 [32mtx_count[0m=1 [32mtime[0m=1,766,255,382
    status.go:133:              [32mINFO [0m[12-20|23:59:42.676] New L1 finalized block                   [32ml1_finalized[0m=3a6349..dec8dd:0
    status.go:126:              [32mINFO [0m[12-20|23:59:42.676] New L1 safe block                        [32ml1_safe[0m=7aa9be..9cb7b2:5
    system.go:237:              [32mINFO [0m[12-20|23:59:42.676] Exhausted L1 data                        [32mmode[0m=indexing [32mchainId[0m=901 [32mderivedFrom[0m=1fac1f..e7169c:13 [32mderived[0m=7ba203..a6a820:65
    node.go:372:                [32mINFO [0m[12-20|23:59:42.677] Node completed syncing                   [32msyncnode[0m=syncnode-901-1 [32mendpoint[0m=RPCSyncSource(ws://127.0.0.1:62709) [32mchain[0m=901 [32ml2[0m=7ba203..a6a820:65 [32ml1[0m=1fac1f..e7169c:13
    sequencer.go:272:           [32mINFO [0m[12-20|23:59:42.951] Sequencer sealed block                   [32mpayloadID[0m=0x036050dc3cb27209 [32mblock[0m=9dfc14..f70a9e:95 [32mparent[0m=a00784..e9e1ba:94 [32mtxs[0m=1 [32mtime[0m=1,766,255,383
    node.go:788:                [32mINFO [0m[12-20|23:59:42.951] Publishing signed execution payload on p2p [32mid[0m=9dfc14..f70a9e:95
    payload_success.go:89:      [32mINFO [0m[12-20|23:59:42.961] Inserted new L2 unsafe block             [32mhash[0m=9dfc14..f70a9e [32mnumber[0m=95 [32mbuild_time[0m=948.984ms [32minsert_time[0m=9.794ms     [32mtotal_time[0m=958.779ms [32mmgas[0m=0.046 [32mmgasps[0m=0.048
    sequencer.go:341:           [32mINFO [0m[12-20|23:59:42.961] Sequencer inserted block                 [32mblock[0m=9dfc14..f70a9e:95 [32mparent[0m=a00784..e9e1ba:94
    driver.go:263:              [32mINFO [0m[12-20|23:59:42.961] Scheduled sequencer action               [32mdelta[0m=38.467ms
    sequencer.go:521:           [32mINFO [0m[12-20|23:59:43.000] Started sequencing new block             [32mparent[0m=9dfc14..f70a9e:95 [32ml1Origin[0m=1fac1f..e7169c:13
    driver.go:263:              [32mINFO [0m[12-20|23:59:43.002] Scheduled sequencer action               [32mdelta[0m=947.296ms
    txmgr.go:682:               [32mINFO [0m[12-20|23:59:43.034] Publishing transaction                   [32mservice[0m=batcher [32mtx[0m=0xec44b31d6b03ac7b82e0c7229aead212edfcff56b4b58a35e92c6b76b0d34603 [32mnonce[0m=14 [32mgasTipCap[0m=9 [32mgasFeeCap[0m=298,206,296 [32mgasLimit[0m=24218
    driver.go:344:              [32mINFO [0m[12-20|23:59:43.220] Added L2 block to local state            [32mblock[0m=9dfc14..f70a9e:95 [32mtx_count[0m=1 [32mtime[0m=1,766,255,383
    sequencer.go:272:           [32mINFO [0m[12-20|23:59:43.951] Sequencer sealed block                   [32mpayloadID[0m=0x03c5fde5cebb9710 [32mblock[0m=cb4b28..e47420:96 [32mparent[0m=9dfc14..f70a9e:95 [32mtxs[0m=1 [32mtime[0m=1,766,255,384
    node.go:788:                [32mINFO [0m[12-20|23:59:43.952] Publishing signed execution payload on p2p [32mid[0m=cb4b28..e47420:96
    payload_success.go:89:      [32mINFO [0m[12-20|23:59:43.954] Inserted new L2 unsafe block             [32mhash[0m=cb4b28..e47420 [32mnumber[0m=96 [32mbuild_time[0m=949.997ms [32minsert_time[0m=2.760ms     [32mtotal_time[0m=952.757ms [32mmgas[0m=0.046 [32mmgasps[0m=0.048
    sequencer.go:341:           [32mINFO [0m[12-20|23:59:43.954] Sequencer inserted block                 [32mblock[0m=cb4b28..e47420:96 [32mparent[0m=9dfc14..f70a9e:95
    driver.go:263:              [32mINFO [0m[12-20|23:59:43.954] Scheduled sequencer action               [32mdelta[0m=45.009ms
    sequencer.go:521:           [32mINFO [0m[12-20|23:59:44.001] Started sequencing new block             [32mparent[0m=cb4b28..e47420:96 [32ml1Origin[0m=1fac1f..e7169c:13
    driver.go:263:              [32mINFO [0m[12-20|23:59:44.003] Scheduled sequencer action               [32mdelta[0m=946.487ms
    txmgr.go:682:               [32mINFO [0m[12-20|23:59:44.030] Publishing transaction                   [32mservice[0m=batcher [32mtx[0m=0xec44b31d6b03ac7b82e0c7229aead212edfcff56b4b58a35e92c6b76b0d34603 [32mnonce[0m=14 [32mgasTipCap[0m=9 [32mgasFeeCap[0m=298,206,296 [32mgasLimit[0m=24218
    txmgr.go:888:               [32mINFO [0m[12-20|23:59:44.031] bumping gas price for transaction        [32mservice[0m=batcher [32mtx[0m=0xec44b31d6b03ac7b82e0c7229aead212edfcff56b4b58a35e92c6b76b0d34603 [32mnonce[0m=14 [32mgasTipCap[0m=9 [32mgasFeeCap[0m=298,206,296 [32mgasLimit[0m=24218
    txmgr.go:871:               [32mINFO [0m[12-20|23:59:44.035] Transaction confirmed                    [32mservice[0m=batcher [32mtx[0m=ec44b3..d34603 [32mblock[0m=6abecc..f58072:16 [32meffectiveGasPrice[0m=118,632,120
    txmgr.go:792:               [32mINFO [0m[12-20|23:59:44.035] Transaction receipt not found            [32mservice[0m=batcher [32mtx[0m=0x0397822efc0c4a21fb2f4770f29330698863ddd735f494f30df3dcfa0376b0bd [32mnonce[0m=14 [32mgasTipCap[0m=8 [32mgasFeeCap[0m=271,096,632 [32mgasLimit[0m=23880 [32merr[0m="context canceled"
    txmgr.go:845:               [31mERROR[0m[12-20|23:59:44.035] Unable to fetch tip                      [31mservice[0m=batcher [31merr[0m="Post \"http://127.0.0.1:62699\": context canceled"
    txmgr.go:792:               [32mINFO [0m[12-20|23:59:44.035] Transaction receipt not found            [32mservice[0m=batcher [32mtx[0m=0xec44b31d6b03ac7b82e0c7229aead212edfcff56b4b58a35e92c6b76b0d34603 [32mnonce[0m=14 [32mgasTipCap[0m=9 [32mgasFeeCap[0m=298,206,296 [32mgasLimit[0m=24218 [32merr[0m="context canceled"
    txmgr.go:792:               [32mINFO [0m[12-20|23:59:44.035] Transaction receipt not found            [32mservice[0m=batcher [32mtx[0m=0x0397822efc0c4a21fb2f4770f29330698863ddd735f494f30df3dcfa0376b0bd [32mnonce[0m=14 [32mgasTipCap[0m=8 [32mgasFeeCap[0m=271,096,632 [32mgasLimit[0m=23880 [32merr[0m="context canceled"
    txmgr.go:792:               [32mINFO [0m[12-20|23:59:44.035] Transaction receipt not found            [32mservice[0m=batcher [32mtx[0m=0xf21ae048f7187e4683714a1b227b31cea781f8df9ada2d9300d02a3d089e26a1 [32mnonce[0m=14 [32mgasTipCap[0m=10 [32mgasFeeCap[0m=328,026,926 [32mgasLimit[0m=24218 [32merr[0m="context canceled"
    driver.go:582:              [32mINFO [0m[12-20|23:59:44.036] Handling receipt                         [32mid[0m=2f8e93..5996fe:0
    driver.go:1063:             [32mINFO [0m[12-20|23:59:44.036] Transaction confirmed                    [32mtx_id[0m=2f8e931b5466f164018a8c33e65996fe:0 [32mtx[0m=ec44b3..d34603 [32mblock[0m=6abecc..f58072:16
    channel.go:80:              [32mINFO [0m[12-20|23:59:44.036] Channel is fully submitted               [32mid[0m=2f8e93..5996fe    [32mmin_inclusion_block[0m=16 [32mmax_inclusion_block[0m=16
    txmgr.go:682:               [32mINFO [0m[12-20|23:59:44.037] Publishing transaction                   [32mservice[0m=batcher [32mtx[0m=0x166964b9240a7200fa57a47f70b09a848d3d4cc9e3e2a5b50f074445027818fe [32mnonce[0m=15 [32mgasTipCap[0m=8 [32mgasFeeCap[0m=237,264,230 [32mgasLimit[0m=23820
    channel_manager.go:355:     [32mINFO [0m[12-20|23:59:44.038] Created channel                          [32mid[0m=5d6321..5a34fa    [32ml1Head[0m=6abecc..f58072:16 [32mblocks_pending[0m=6 [32ml1OriginLastSubmittedChannel[0m=e9dc62..536b35:12 [32mbatch_type[0m=1 [32mcompression_algo[0m=brotli [32mtarget_num_frames[0m=1 [32mmax_frame_size[0m=119,999 [32muse_blobs[0m=false
    txmgr.go:717:               [32mINFO [0m[12-20|23:59:44.038] Transaction successfully published       [32mservice[0m=batcher [32mtx[0m=0x166964b9240a7200fa57a47f70b09a848d3d4cc9e3e2a5b50f074445027818fe [32mnonce[0m=15 [32mgasTipCap[0m=8 [32mgasFeeCap[0m=237,264,230 [32mgasLimit[0m=23820 [32mtx[0m=166964..7818fe
    channel_manager.go:461:     [32mINFO [0m[12-20|23:59:44.040] Channel closed                           [32mid[0m=5d6321..5a34fa    [32mblocks_pending[0m=0 [32mnum_frames[0m=1 [32minput_bytes[0m=52 [32moutput_bytes[0m=80 [32moldest_l1_origin[0m=e9dc62..536b35:12 [32ml1_origin[0m=1fac1f..e7169c:13 [32moldest_l2[0m=42e288..5f8943:90 [32mlatest_l2[0m=9dfc14..f70a9e:95 [32mfull_reason[0m="channel full: max channel duration reached" [32mcompr_ratio[0m=1.538
    driver.go:1027:             [32mINFO [0m[12-20|23:59:44.040] Building Calldata transaction candidate  [32msize[0m=81
    system.go:237:              [32mINFO [0m[12-20|23:59:44.087] Exhausted L1 data                        [32mmode[0m=indexing [32mchainId[0m=901 [32mderivedFrom[0m=1fac1f..e7169c:13 [32mderived[0m=7ba203..a6a820:65
    node.go:372:                [32mINFO [0m[12-20|23:59:44.087] Node completed syncing                   [32msyncnode[0m=syncnode-901-1 [32mendpoint[0m=RPCSyncSource(ws://127.0.0.1:62709) [32mchain[0m=901 [32ml2[0m=7ba203..a6a820:65 [32ml1[0m=1fac1f..e7169c:13
    driver.go:344:              [32mINFO [0m[12-20|23:59:44.220] Added L2 block to local state            [32mblock[0m=cb4b28..e47420:96 [32mtx_count[0m=1 [32mtime[0m=1,766,255,384
    l1_accessor.go:192:         [32mINFO [0m[12-20|23:59:44.534] Updated latest known L1 block            [32mservice[0m=l1-processor [32mref[0m=6abecc..f58072:16
    status.go:126:              [32mINFO [0m[12-20|23:59:44.675] New L1 safe block                        [32ml1_safe[0m=7aa9be..9cb7b2:5
    status.go:133:              [32mINFO [0m[12-20|23:59:44.676] New L1 finalized block                   [32ml1_finalized[0m=3a6349..dec8dd:0
    system.go:237:              [32mINFO [0m[12-20|23:59:44.676] Exhausted L1 data                        [32mmode[0m=indexing [32mchainId[0m=901 [32mderivedFrom[0m=1fac1f..e7169c:13 [32mderived[0m=7ba203..a6a820:65
    node.go:372:                [32mINFO [0m[12-20|23:59:44.676] Node completed syncing                   [32msyncnode[0m=syncnode-901-1 [32mendpoint[0m=RPCSyncSource(ws://127.0.0.1:62709) [32mchain[0m=901 [32ml2[0m=7ba203..a6a820:65 [32ml1[0m=1fac1f..e7169c:13
    system.go:462:              [32mINFO [0m[12-20|23:59:44.678] Received next L1 block                   [32mmode[0m=indexing [32mchainId[0m=901 [32mnextL1[0m=e06264..97a7ad:14
    l1_traversal_managed.go:119: [32mINFO [0m[12-20|23:59:44.679] Derivation continued with next L1 block  [32mcurrent[0m=1fac1f..e7169c:13 [32mnext[0m=e06264..97a7ad:14
    base_batch_stage.go:127:    [32mINFO [0m[12-20|23:59:44.679] Advancing bq origin                      [32morigin[0m=e06264..97a7ad:14 [32moriginBehind[0m=false
    channel_assembler.go:99:    [32mINFO [0m[12-20|23:59:44.679] created new channel                      [32mstage[0m=channel [32morigin[0m=e06264..97a7ad:14
    channel_in_reader.go:122:   [32mINFO [0m[12-20|23:59:44.680] decoded span batch from channel          [32mbatch_type[0m=SpanBatch [32mbatch_timestamp[0m=1,766,255,354 [32mparent_check[0m=0x7ba2039387e9e4341b97a22b8372ff2f2671820e [32morigin_check[0m=0xe3d3670bfe1b4192f8689f764463f20d3a5de484 [32mstart_epoch_number[0m=8 [32mend_epoch_number[0m=9 [32mblock_count[0m=6 [32mtxs[0m=0 [32mcompression_algo[0m=brotli [32mstage_origin[0m=e06264..97a7ad:14
    batch_stage.go:142:         [32mINFO [0m[12-20|23:59:44.680] Found next valid span batch              [32morigin[0m=e06264..97a7ad:14 [32mepoch[0m=88bbb9..e7cc3d:8 [32mbatch_type[0m=SpanBatch [32mbatch_timestamp[0m=1,766,255,354 [32mparent_check[0m=0x7ba2039387e9e4341b97a22b8372ff2f2671820e [32morigin_check[0m=0xe3d3670bfe1b4192f8689f764463f20d3a5de484 [32mstart_epoch_number[0m=8 [32mend_epoch_number[0m=9 [32mblock_count[0m=6 [32mtxs[0m=0
    attributes_queue.go:134:    [32mINFO [0m[12-20|23:59:44.680] generated attributes in payload queue    [32mtxs[0m=1 [32mtimestamp[0m=1,766,255,354
    attributes_queue.go:134:    [32mINFO [0m[12-20|23:59:44.681] generated attributes in payload queue    [32mtxs[0m=1 [32mtimestamp[0m=1,766,255,355
    safedb.go:103:              [32mINFO [0m[12-20|23:59:44.681] Record safe head                         [32ml2[0m=e6dc79..82fe4b:66 [32ml1[0m=e06264..97a7ad:14
    attributes_queue.go:134:    [32mINFO [0m[12-20|23:59:44.687] generated attributes in payload queue    [32mtxs[0m=1 [32mtimestamp[0m=1,766,255,356
    safedb.go:103:              [32mINFO [0m[12-20|23:59:44.687] Record safe head                         [32ml2[0m=c1c340..a8ce8e:67 [32ml1[0m=e06264..97a7ad:14
    attributes_queue.go:134:    [32mINFO [0m[12-20|23:59:44.692] generated attributes in payload queue    [32mtxs[0m=1 [32mtimestamp[0m=1,766,255,357
    safedb.go:103:              [32mINFO [0m[12-20|23:59:44.692] Record safe head                         [32ml2[0m=a845a1..ae242f:68 [32ml1[0m=e06264..97a7ad:14
    attributes_queue.go:134:    [32mINFO [0m[12-20|23:59:44.698] generated attributes in payload queue    [32mtxs[0m=1 [32mtimestamp[0m=1,766,255,358
    safedb.go:103:              [32mINFO [0m[12-20|23:59:44.698] Record safe head                         [32ml2[0m=45e5e7..b418a1:69 [32ml1[0m=e06264..97a7ad:14
    attributes_queue.go:134:    [32mINFO [0m[12-20|23:59:44.703] generated attributes in payload queue    [32mtxs[0m=1 [32mtimestamp[0m=1,766,255,359
    safedb.go:103:              [32mINFO [0m[12-20|23:59:44.703] Record safe head                         [32ml2[0m=fb9ada..1e1188:70 [32ml1[0m=e06264..97a7ad:14
    safedb.go:103:              [32mINFO [0m[12-20|23:59:44.708] Record safe head                         [32ml2[0m=6f114b..8711e3:71 [32ml1[0m=e06264..97a7ad:14
    system.go:237:              [32mINFO [0m[12-20|23:59:44.713] Exhausted L1 data                        [32mmode[0m=indexing [32mchainId[0m=901 [32mderivedFrom[0m=e06264..97a7ad:14 [32mderived[0m=6f114b..8711e3:71
    node.go:372:                [32mINFO [0m[12-20|23:59:44.713] Node completed syncing                   [32msyncnode[0m=syncnode-901-1 [32mendpoint[0m=RPCSyncSource(ws://127.0.0.1:62709) [32mchain[0m=901 [32ml2[0m=6f114b..8711e3:71 [32ml1[0m=e06264..97a7ad:14
    sequencer.go:272:           [32mINFO [0m[12-20|23:59:44.951] Sequencer sealed block                   [32mpayloadID[0m=0x0357008e8e95b646 [32mblock[0m=6491bf..eb250c:97 [32mparent[0m=cb4b28..e47420:96 [32mtxs[0m=1 [32mtime[0m=1,766,255,385
    node.go:788:                [32mINFO [0m[12-20|23:59:44.951] Publishing signed execution payload on p2p [32mid[0m=6491bf..eb250c:97
    payload_success.go:89:      [32mINFO [0m[12-20|23:59:44.954] Inserted new L2 unsafe block             [32mhash[0m=6491bf..eb250c [32mnumber[0m=97 [32mbuild_time[0m=949.257ms [32minsert_time[0m=2.963ms     [32mtotal_time[0m=952.220ms [32mmgas[0m=0.046 [32mmgasps[0m=0.048
    sequencer.go:341:           [32mINFO [0m[12-20|23:59:44.955] Sequencer inserted block                 [32mblock[0m=6491bf..eb250c:97 [32mparent[0m=cb4b28..e47420:96
    driver.go:263:              [32mINFO [0m[12-20|23:59:44.955] Scheduled sequencer action               [32mdelta[0m=44.616ms
    sequencer.go:521:           [32mINFO [0m[12-20|23:59:45.000] Started sequencing new block             [32mparent[0m=6491bf..eb250c:97 [32ml1Origin[0m=e06264..97a7ad:14
    driver.go:263:              [32mINFO [0m[12-20|23:59:45.003] Scheduled sequencer action               [32mdelta[0m=946.234ms
    driver.go:344:              [32mINFO [0m[12-20|23:59:45.219] Added L2 block to local state            [32mblock[0m=6491bf..eb250c:97 [32mtx_count[0m=1 [32mtime[0m=1,766,255,385
    sequencer.go:272:           [32mINFO [0m[12-20|23:59:45.951] Sequencer sealed block                   [32mpayloadID[0m=0x0320a5abd21281fb [32mblock[0m=1ac20a..ecc9ce:98 [32mparent[0m=6491bf..eb250c:97 [32mtxs[0m=1 [32mtime[0m=1,766,255,386
    node.go:788:                [32mINFO [0m[12-20|23:59:45.951] Publishing signed execution payload on p2p [32mid[0m=1ac20a..ecc9ce:98
    payload_success.go:89:      [32mINFO [0m[12-20|23:59:45.953] Inserted new L2 unsafe block             [32mhash[0m=1ac20a..ecc9ce [32mnumber[0m=98 [32mbuild_time[0m=948.682ms [32minsert_time[0m=1.612ms     [32mtotal_time[0m=950.294ms [32mmgas[0m=0.054 [32mmgasps[0m=0.057
    sequencer.go:341:           [32mINFO [0m[12-20|23:59:45.953] Sequencer inserted block                 [32mblock[0m=1ac20a..ecc9ce:98 [32mparent[0m=6491bf..eb250c:97
    driver.go:263:              [32mINFO [0m[12-20|23:59:45.953] Scheduled sequencer action               [32mdelta[0m=46.695ms
    sequencer.go:521:           [32mINFO [0m[12-20|23:59:46.001] Started sequencing new block             [32mparent[0m=1ac20a..ecc9ce:98 [32ml1Origin[0m=e06264..97a7ad:14
    driver.go:263:              [32mINFO [0m[12-20|23:59:46.001] Scheduled sequencer action               [32mdelta[0m=948.152ms
    txmgr.go:682:               [32mINFO [0m[12-20|23:59:46.039] Publishing transaction                   [32mservice[0m=batcher [32mtx[0m=0x166964b9240a7200fa57a47f70b09a848d3d4cc9e3e2a5b50f074445027818fe [32mnonce[0m=15 [32mgasTipCap[0m=8 [32mgasFeeCap[0m=237,264,230 [32mgasLimit[0m=23820
    driver.go:344:              [32mINFO [0m[12-20|23:59:46.219] Added L2 block to local state            [32mblock[0m=1ac20a..ecc9ce:98 [32mtx_count[0m=1 [32mtime[0m=1,766,255,386
    status.go:133:              [32mINFO [0m[12-20|23:59:46.676] New L1 finalized block                   [32ml1_finalized[0m=3a6349..dec8dd:0
    status.go:126:              [32mINFO [0m[12-20|23:59:46.676] New L1 safe block                        [32ml1_safe[0m=8c1e88..2fecd2:6
    system.go:237:              [32mINFO [0m[12-20|23:59:46.677] Exhausted L1 data                        [32mmode[0m=indexing [32mchainId[0m=901 [32mderivedFrom[0m=e06264..97a7ad:14 [32mderived[0m=6f114b..8711e3:71
    node.go:372:                [32mINFO [0m[12-20|23:59:46.677] Node completed syncing                   [32msyncnode[0m=syncnode-901-1 [32mendpoint[0m=RPCSyncSource(ws://127.0.0.1:62709) [32mchain[0m=901 [32ml2[0m=6f114b..8711e3:71 [32ml1[0m=e06264..97a7ad:14
    sequencer.go:272:           [32mINFO [0m[12-20|23:59:46.951] Sequencer sealed block                   [32mpayloadID[0m=0x03761067f808fc13 [32mblock[0m=fd33b0..e7b43b:99 [32mparent[0m=1ac20a..ecc9ce:98 [32mtxs[0m=1 [32mtime[0m=1,766,255,387
    node.go:788:                [32mINFO [0m[12-20|23:59:46.951] Publishing signed execution payload on p2p [32mid[0m=fd33b0..e7b43b:99
    payload_success.go:89:      [32mINFO [0m[12-20|23:59:46.952] Inserted new L2 unsafe block             [32mhash[0m=fd33b0..e7b43b [32mnumber[0m=99 [32mbuild_time[0m=949.782ms [32minsert_time[0m=1.235ms     [32mtotal_time[0m=951.018ms [32mmgas[0m=0.046 [32mmgasps[0m=0.048
    sequencer.go:341:           [32mINFO [0m[12-20|23:59:46.952] Sequencer inserted block                 [32mblock[0m=fd33b0..e7b43b:99 [32mparent[0m=1ac20a..ecc9ce:98
    driver.go:263:              [32mINFO [0m[12-20|23:59:46.952] Scheduled sequencer action               [32mdelta[0m=47.293ms
    sequencer.go:521:           [32mINFO [0m[12-20|23:59:47.001] Started sequencing new block             [32mparent[0m=fd33b0..e7b43b:99 [32ml1Origin[0m=e06264..97a7ad:14
    driver.go:263:              [32mINFO [0m[12-20|23:59:47.002] Scheduled sequencer action               [32mdelta[0m=947.861ms
    txmgr.go:682:               [32mINFO [0m[12-20|23:59:47.038] Publishing transaction                   [32mservice[0m=batcher [32mtx[0m=0x166964b9240a7200fa57a47f70b09a848d3d4cc9e3e2a5b50f074445027818fe [32mnonce[0m=15 [32mgasTipCap[0m=8 [32mgasFeeCap[0m=237,264,230 [32mgasLimit[0m=23820
    txmgr.go:888:               [32mINFO [0m[12-20|23:59:47.038] bumping gas price for transaction        [32mservice[0m=batcher [32mtx[0m=0x166964b9240a7200fa57a47f70b09a848d3d4cc9e3e2a5b50f074445027818fe [32mnonce[0m=15 [32mgasTipCap[0m=8 [32mgasFeeCap[0m=237,264,230 [32mgasLimit[0m=23820
    txmgr.go:717:               [32mINFO [0m[12-20|23:59:47.040] Transaction successfully published       [32mservice[0m=batcher [32mtx[0m=0x790803ee6a98f9264b4b56632907946c57bc479f48a7ab7d633933b86e5c3ee6 [32mnonce[0m=15 [32mgasTipCap[0m=9 [32mgasFeeCap[0m=260,990,653 [32mgasLimit[0m=24158 [32mtx[0m=790803..5c3ee6
    driver.go:344:              [32mINFO [0m[12-20|23:59:47.219] Added L2 block to local state            [32mblock[0m=fd33b0..e7b43b:99 [32mtx_count[0m=1 [32mtime[0m=1,766,255,387
    l1_accessor.go:174:         [32mINFO [0m[12-20|23:59:47.534] Latest L1 block signal is the same as the tip [32mservice[0m=l1-processor [32mref[0m=6abecc..f58072:16
    sequencer.go:272:           [32mINFO [0m[12-20|23:59:47.950] Sequencer sealed block                   [32mpayloadID[0m=0x03b1d1f2f9650e87 [32mblock[0m=1cb027..512f10:100 [32mparent[0m=fd33b0..e7b43b:99 [32mtxs[0m=1 [32mtime[0m=1,766,255,388
    node.go:788:                [32mINFO [0m[12-20|23:59:47.950] Publishing signed execution payload on p2p [32mid[0m=1cb027..512f10:100
    payload_success.go:89:      [32mINFO [0m[12-20|23:59:47.951] Inserted new L2 unsafe block             [32mhash[0m=1cb027..512f10 [32mnumber[0m=100 [32mbuild_time[0m=948.998ms [32minsert_time[0m="835.917µs" [32mtotal_time[0m=949.834ms [32mmgas[0m=0.046 [32mmgasps[0m=0.049
    sequencer.go:341:           [32mINFO [0m[12-20|23:59:47.951] Sequencer inserted block                 [32mblock[0m=1cb027..512f10:100 [32mparent[0m=fd33b0..e7b43b:99
    driver.go:263:              [32mINFO [0m[12-20|23:59:47.951] Scheduled sequencer action               [32mdelta[0m=48.355ms
    sequencer.go:521:           [32mINFO [0m[12-20|23:59:48.001] Started sequencing new block             [32mparent[0m=1cb027..512f10:100 [32ml1Origin[0m=e06264..97a7ad:14
    driver.go:263:              [32mINFO [0m[12-20|23:59:48.001] Scheduled sequencer action               [32mdelta[0m=948.277ms
    driver.go:344:              [32mINFO [0m[12-20|23:59:48.218] Added L2 block to local state            [32mblock[0m=1cb027..512f10:100 [32mtx_count[0m=1 [32mtime[0m=1,766,255,388
    status.go:133:              [32mINFO [0m[12-20|23:59:48.676] New L1 finalized block                   [32ml1_finalized[0m=3a6349..dec8dd:0
    status.go:126:              [32mINFO [0m[12-20|23:59:48.676] New L1 safe block                        [32ml1_safe[0m=8c1e88..2fecd2:6
    system.go:237:              [32mINFO [0m[12-20|23:59:48.676] Exhausted L1 data                        [32mmode[0m=indexing [32mchainId[0m=901 [32mderivedFrom[0m=e06264..97a7ad:14 [32mderived[0m=6f114b..8711e3:71
    node.go:372:                [32mINFO [0m[12-20|23:59:48.676] Node completed syncing                   [32msyncnode[0m=syncnode-901-1 [32mendpoint[0m=RPCSyncSource(ws://127.0.0.1:62709) [32mchain[0m=901 [32ml2[0m=6f114b..8711e3:71 [32ml1[0m=e06264..97a7ad:14
    sequencer.go:272:           [32mINFO [0m[12-20|23:59:48.951] Sequencer sealed block                   [32mpayloadID[0m=0x032cf66519d88604 [32mblock[0m=5dc4f6..41206e:101 [32mparent[0m=1cb027..512f10:100 [32mtxs[0m=1 [32mtime[0m=1,766,255,389
    node.go:788:                [32mINFO [0m[12-20|23:59:48.951] Publishing signed execution payload on p2p [32mid[0m=5dc4f6..41206e:101
    payload_success.go:89:      [32mINFO [0m[12-20|23:59:48.954] Inserted new L2 unsafe block             [32mhash[0m=5dc4f6..41206e [32mnumber[0m=101 [32mbuild_time[0m=950.342ms [32minsert_time[0m=2.596ms     [32mtotal_time[0m=952.939ms [32mmgas[0m=0.046 [32mmgasps[0m=0.048
    sequencer.go:341:           [32mINFO [0m[12-20|23:59:48.954] Sequencer inserted block                 [32mblock[0m=5dc4f6..41206e:101 [32mparent[0m=1cb027..512f10:100
    driver.go:263:              [32mINFO [0m[12-20|23:59:48.954] Scheduled sequencer action               [32mdelta[0m=45.157ms
    sequencer.go:521:           [32mINFO [0m[12-20|23:59:49.001] Started sequencing new block             [32mparent[0m=5dc4f6..41206e:101 [32ml1Origin[0m=e06264..97a7ad:14
    driver.go:263:              [32mINFO [0m[12-20|23:59:49.002] Scheduled sequencer action               [32mdelta[0m=947.822ms
    txmgr.go:682:               [32mINFO [0m[12-20|23:59:49.041] Publishing transaction                   [32mservice[0m=batcher [32mtx[0m=0x790803ee6a98f9264b4b56632907946c57bc479f48a7ab7d633933b86e5c3ee6 [32mnonce[0m=15 [32mgasTipCap[0m=9 [32mgasFeeCap[0m=260,990,653 [32mgasLimit[0m=24158
    driver.go:344:              [32mINFO [0m[12-20|23:59:49.219] Added L2 block to local state            [32mblock[0m=5dc4f6..41206e:101 [32mtx_count[0m=1 [32mtime[0m=1,766,255,389
    sequencer.go:272:           [32mINFO [0m[12-20|23:59:49.952] Sequencer sealed block                   [32mpayloadID[0m=0x03ea1c6d87d8042b [32mblock[0m=7f9a96..723e9d:102 [32mparent[0m=5dc4f6..41206e:101 [32mtxs[0m=1 [32mtime[0m=1,766,255,390
    node.go:788:                [32mINFO [0m[12-20|23:59:49.952] Publishing signed execution payload on p2p [32mid[0m=7f9a96..723e9d:102
    payload_success.go:89:      [32mINFO [0m[12-20|23:59:49.954] Inserted new L2 unsafe block             [32mhash[0m=7f9a96..723e9d [32mnumber[0m=102 [32mbuild_time[0m=950.449ms [32minsert_time[0m=2.631ms     [32mtotal_time[0m=953.080ms [32mmgas[0m=0.046 [32mmgasps[0m=0.048
    sequencer.go:341:           [32mINFO [0m[12-20|23:59:49.954] Sequencer inserted block                 [32mblock[0m=7f9a96..723e9d:102 [32mparent[0m=5dc4f6..41206e:101
    driver.go:263:              [32mINFO [0m[12-20|23:59:49.955] Scheduled sequencer action               [32mdelta[0m=44.821ms
    sequencer.go:521:           [32mINFO [0m[12-20|23:59:50.001] Started sequencing new block             [32mparent[0m=7f9a96..723e9d:102 [32ml1Origin[0m=e06264..97a7ad:14
    driver.go:263:              [32mINFO [0m[12-20|23:59:50.009] Scheduled sequencer action               [32mdelta[0m=940.083ms
    txmgr.go:682:               [32mINFO [0m[12-20|23:59:50.038] Publishing transaction                   [32mservice[0m=batcher [32mtx[0m=0x790803ee6a98f9264b4b56632907946c57bc479f48a7ab7d633933b86e5c3ee6 [32mnonce[0m=15 [32mgasTipCap[0m=9 [32mgasFeeCap[0m=260,990,653 [32mgasLimit[0m=24158
    txmgr.go:888:               [32mINFO [0m[12-20|23:59:50.038] bumping gas price for transaction        [32mservice[0m=batcher [32mtx[0m=0x790803ee6a98f9264b4b56632907946c57bc479f48a7ab7d633933b86e5c3ee6 [32mnonce[0m=15 [32mgasTipCap[0m=9 [32mgasFeeCap[0m=260,990,653 [32mgasLimit[0m=24158
    txmgr.go:871:               [32mINFO [0m[12-20|23:59:50.042] Transaction confirmed                    [32mservice[0m=batcher [32mtx[0m=790803..5c3ee6 [32mblock[0m=4c22ba..59460c:17 [32meffectiveGasPrice[0m=103,827,086
    txmgr.go:792:               [32mINFO [0m[12-20|23:59:50.042] Transaction receipt not found            [32mservice[0m=batcher [32mtx[0m=0x166964b9240a7200fa57a47f70b09a848d3d4cc9e3e2a5b50f074445027818fe [32mnonce[0m=15 [32mgasTipCap[0m=8 [32mgasFeeCap[0m=237,264,230 [32mgasLimit[0m=23820 [32merr[0m="context canceled"
    txmgr.go:792:               [32mINFO [0m[12-20|23:59:50.042] Transaction receipt not found            [32mservice[0m=batcher [32mtx[0m=0x166964b9240a7200fa57a47f70b09a848d3d4cc9e3e2a5b50f074445027818fe [32mnonce[0m=15 [32mgasTipCap[0m=8 [32mgasFeeCap[0m=237,264,230 [32mgasLimit[0m=23820 [32merr[0m="context canceled"
    txmgr.go:792:               [32mINFO [0m[12-20|23:59:50.042] Transaction receipt not found            [32mservice[0m=batcher [32mtx[0m=0x26f36dc343c3749acb94620e2a7643ec43aa8ad5bfccbacfed8b921f904f8fbd [32mnonce[0m=15 [32mgasTipCap[0m=10 [32mgasFeeCap[0m=287,089,719 [32mgasLimit[0m=24158 [32merr[0m="context canceled"
    txmgr.go:853:               [33mWARN [0m[12-20|23:59:50.042] Unable to fetch blob base fee            [33mservice[0m=batcher [33merr[0m="Post \"http://127.0.0.1:62699\": context canceled"
    txmgr.go:871:               [32mINFO [0m[12-20|23:59:50.042] Transaction confirmed                    [32mservice[0m=batcher [32mtx[0m=790803..5c3ee6 [32mblock[0m=4c22ba..59460c:17 [32meffectiveGasPrice[0m=103,827,086
    driver.go:582:              [32mINFO [0m[12-20|23:59:50.042] Handling receipt                         [32mid[0m=e1185e..005700:0
    driver.go:1063:             [32mINFO [0m[12-20|23:59:50.042] Transaction confirmed                    [32mtx_id[0m=e1185e1c7a3a25ad9ac74b8299005700:0 [32mtx[0m=790803..5c3ee6 [32mblock[0m=4c22ba..59460c:17
    channel.go:80:              [32mINFO [0m[12-20|23:59:50.042] Channel is fully submitted               [32mid[0m=e1185e..005700     [32mmin_inclusion_block[0m=17 [32mmax_inclusion_block[0m=17
    txmgr.go:682:               [32mINFO [0m[12-20|23:59:50.043] Publishing transaction                   [32mservice[0m=batcher [32mtx[0m=0xd2a9e2273b599247a0adf1cec5a8145aafb04ae85114d008f85d5002aced8d41 [32mnonce[0m=16 [32mgasTipCap[0m=9 [32mgasFeeCap[0m=207,654,163 [32mgasLimit[0m=23880
    channel_manager.go:355:     [32mINFO [0m[12-20|23:59:50.044] Created channel                          [32mid[0m=8274e1..1606a6     [32ml1Head[0m=4c22ba..59460c:17 [32mblocks_pending[0m=6 [32ml1OriginLastSubmittedChannel[0m=1fac1f..e7169c:13 [32mbatch_type[0m=1 [32mcompression_algo[0m=brotli [32mtarget_num_frames[0m=1 [32mmax_frame_size[0m=119,999 [32muse_blobs[0m=false
    txmgr.go:717:               [32mINFO [0m[12-20|23:59:50.044] Transaction successfully published       [32mservice[0m=batcher [32mtx[0m=0xd2a9e2273b599247a0adf1cec5a8145aafb04ae85114d008f85d5002aced8d41 [32mnonce[0m=16 [32mgasTipCap[0m=9 [32mgasFeeCap[0m=207,654,163 [32mgasLimit[0m=23880 [32mtx[0m=d2a9e2..ed8d41
    channel_manager.go:461:     [32mINFO [0m[12-20|23:59:50.045] Channel closed                           [32mid[0m=8274e1..1606a6     [32mblocks_pending[0m=0 [32mnum_frames[0m=1 [32minput_bytes[0m=52 [32moutput_bytes[0m=80 [32moldest_l1_origin[0m=1fac1f..e7169c:13 [32ml1_origin[0m=e06264..97a7ad:14 [32moldest_l2[0m=cb4b28..e47420:96 [32mlatest_l2[0m=5dc4f6..41206e:101 [32mfull_reason[0m="channel full: max channel duration reached" [32mcompr_ratio[0m=1.538
    driver.go:1027:             [32mINFO [0m[12-20|23:59:50.045] Building Calldata transaction candidate  [32msize[0m=81
    system.go:237:              [32mINFO [0m[12-20|23:59:50.082] Exhausted L1 data                        [32mmode[0m=indexing [32mchainId[0m=901 [32mderivedFrom[0m=e06264..97a7ad:14 [32mderived[0m=6f114b..8711e3:71
    node.go:372:                [32mINFO [0m[12-20|23:59:50.082] Node completed syncing                   [32msyncnode[0m=syncnode-901-1 [32mendpoint[0m=RPCSyncSource(ws://127.0.0.1:62709) [32mchain[0m=901 [32ml2[0m=6f114b..8711e3:71 [32ml1[0m=e06264..97a7ad:14
    driver.go:344:              [32mINFO [0m[12-20|23:59:50.219] Added L2 block to local state            [32mblock[0m=7f9a96..723e9d:102 [32mtx_count[0m=1 [32mtime[0m=1,766,255,390
    l1_accessor.go:192:         [32mINFO [0m[12-20|23:59:50.533] Updated latest known L1 block            [32mservice[0m=l1-processor [32mref[0m=4c22ba..59460c:17
    status.go:133:              [32mINFO [0m[12-20|23:59:50.675] New L1 finalized block                   [32ml1_finalized[0m=3a6349..dec8dd:0
    status.go:126:              [32mINFO [0m[12-20|23:59:50.675] New L1 safe block                        [32ml1_safe[0m=8c1e88..2fecd2:6
    system.go:237:              [32mINFO [0m[12-20|23:59:50.675] Exhausted L1 data                        [32mmode[0m=indexing [32mchainId[0m=901 [32mderivedFrom[0m=e06264..97a7ad:14 [32mderived[0m=6f114b..8711e3:71
    node.go:372:                [32mINFO [0m[12-20|23:59:50.675] Node completed syncing                   [32msyncnode[0m=syncnode-901-1 [32mendpoint[0m=RPCSyncSource(ws://127.0.0.1:62709) [32mchain[0m=901 [32ml2[0m=6f114b..8711e3:71 [32ml1[0m=e06264..97a7ad:14
    system.go:462:              [32mINFO [0m[12-20|23:59:50.676] Received next L1 block                   [32mmode[0m=indexing [32mchainId[0m=901 [32mnextL1[0m=227a0c..924a58:15
    l1_traversal_managed.go:119: [32mINFO [0m[12-20|23:59:50.676] Derivation continued with next L1 block  [32mcurrent[0m=e06264..97a7ad:14 [32mnext[0m=227a0c..924a58:15
    base_batch_stage.go:127:    [32mINFO [0m[12-20|23:59:50.676] Advancing bq origin                      [32morigin[0m=227a0c..924a58:15 [32moriginBehind[0m=false
    channel_assembler.go:99:    [32mINFO [0m[12-20|23:59:50.676] created new channel                      [32mstage[0m=channel [32morigin[0m=227a0c..924a58:15
    channel_in_reader.go:122:   [32mINFO [0m[12-20|23:59:50.676] decoded span batch from channel          [32mbatch_type[0m=SpanBatch [32mbatch_timestamp[0m=1,766,255,360 [32mparent_check[0m=0x6f114b0586131e2100a382e9fa56842c45e62359 [32morigin_check[0m=0x0a987e2870b424829ffe47d774d8fb6dccd23dc8 [32mstart_epoch_number[0m=9 [32mend_epoch_number[0m=10 [32mblock_count[0m=6 [32mtxs[0m=0 [32mcompression_algo[0m=brotli [32mstage_origin[0m=227a0c..924a58:15
    batch_stage.go:142:         [32mINFO [0m[12-20|23:59:50.677] Found next valid span batch              [32morigin[0m=227a0c..924a58:15 [32mepoch[0m=e3d367..b6f50c:9 [32mbatch_type[0m=SpanBatch [32mbatch_timestamp[0m=1,766,255,360 [32mparent_check[0m=0x6f114b0586131e2100a382e9fa56842c45e62359 [32morigin_check[0m=0x0a987e2870b424829ffe47d774d8fb6dccd23dc8 [32mstart_epoch_number[0m=9 [32mend_epoch_number[0m=10 [32mblock_count[0m=6 [32mtxs[0m=0
    attributes_queue.go:134:    [32mINFO [0m[12-20|23:59:50.677] generated attributes in payload queue    [32mtxs[0m=1 [32mtimestamp[0m=1,766,255,360
    attributes_queue.go:134:    [32mINFO [0m[12-20|23:59:50.677] generated attributes in payload queue    [32mtxs[0m=1 [32mtimestamp[0m=1,766,255,361
    safedb.go:103:              [32mINFO [0m[12-20|23:59:50.677] Record safe head                         [32ml2[0m=2b801a..1d7b74:72 [32ml1[0m=227a0c..924a58:15
    attributes_queue.go:134:    [32mINFO [0m[12-20|23:59:50.684] generated attributes in payload queue    [32mtxs[0m=1 [32mtimestamp[0m=1,766,255,362
    safedb.go:103:              [32mINFO [0m[12-20|23:59:50.684] Record safe head                         [32ml2[0m=c75cec..6a56be:73 [32ml1[0m=227a0c..924a58:15
    attributes_queue.go:134:    [32mINFO [0m[12-20|23:59:50.689] generated attributes in payload queue    [32mtxs[0m=1 [32mtimestamp[0m=1,766,255,363
    safedb.go:103:              [32mINFO [0m[12-20|23:59:50.689] Record safe head                         [32ml2[0m=12862c..1b4908:74 [32ml1[0m=227a0c..924a58:15
    attributes_queue.go:134:    [32mINFO [0m[12-20|23:59:50.694] generated attributes in payload queue    [32mtxs[0m=1 [32mtimestamp[0m=1,766,255,364
    safedb.go:103:              [32mINFO [0m[12-20|23:59:50.694] Record safe head                         [32ml2[0m=6cbd31..f76990:75 [32ml1[0m=227a0c..924a58:15
    attributes_queue.go:134:    [32mINFO [0m[12-20|23:59:50.699] generated attributes in payload queue    [32mtxs[0m=1 [32mtimestamp[0m=1,766,255,365
    safedb.go:103:              [32mINFO [0m[12-20|23:59:50.700] Record safe head                         [32ml2[0m=bfea4f..a0156e:76 [32ml1[0m=227a0c..924a58:15
    safedb.go:103:              [32mINFO [0m[12-20|23:59:50.705] Record safe head                         [32ml2[0m=6777ae..429205:77 [32ml1[0m=227a0c..924a58:15
    system.go:237:              [32mINFO [0m[12-20|23:59:50.709] Exhausted L1 data                        [32mmode[0m=indexing [32mchainId[0m=901 [32mderivedFrom[0m=227a0c..924a58:15 [32mderived[0m=6777ae..429205:77
    node.go:372:                [32mINFO [0m[12-20|23:59:50.709] Node completed syncing                   [32msyncnode[0m=syncnode-901-1 [32mendpoint[0m=RPCSyncSource(ws://127.0.0.1:62709) [32mchain[0m=901 [32ml2[0m=6777ae..429205:77 [32ml1[0m=227a0c..924a58:15
    sequencer.go:272:           [32mINFO [0m[12-20|23:59:50.951] Sequencer sealed block                   [32mpayloadID[0m=0x03b126c3c747d3b8 [32mblock[0m=0252ba..1c47dd:103 [32mparent[0m=7f9a96..723e9d:102 [32mtxs[0m=1 [32mtime[0m=1,766,255,391
    node.go:788:                [32mINFO [0m[12-20|23:59:50.951] Publishing signed execution payload on p2p [32mid[0m=0252ba..1c47dd:103
    payload_success.go:89:      [32mINFO [0m[12-20|23:59:50.952] Inserted new L2 unsafe block             [32mhash[0m=0252ba..1c47dd [32mnumber[0m=103 [32mbuild_time[0m=947.924ms [32minsert_time[0m=1.057ms     [32mtotal_time[0m=948.981ms [32mmgas[0m=0.046 [32mmgasps[0m=0.049
    sequencer.go:341:           [32mINFO [0m[12-20|23:59:50.952] Sequencer inserted block                 [32mblock[0m=0252ba..1c47dd:103 [32mparent[0m=7f9a96..723e9d:102
    driver.go:263:              [32mINFO [0m[12-20|23:59:50.952] Scheduled sequencer action               [32mdelta[0m=47.632ms
    sequencer.go:521:           [32mINFO [0m[12-20|23:59:51.000] Started sequencing new block             [32mparent[0m=0252ba..1c47dd:103 [32ml1Origin[0m=227a0c..924a58:15
    driver.go:263:              [32mINFO [0m[12-20|23:59:51.001] Scheduled sequencer action               [32mdelta[0m=948.428ms
    driver.go:344:              [32mINFO [0m[12-20|23:59:51.219] Added L2 block to local state            [32mblock[0m=0252ba..1c47dd:103 [32mtx_count[0m=1 [32mtime[0m=1,766,255,391
    sequencer.go:272:           [32mINFO [0m[12-20|23:59:51.951] Sequencer sealed block                   [32mpayloadID[0m=0x0389d4718ea45159 [32mblock[0m=35ee49..e2954f:104 [32mparent[0m=0252ba..1c47dd:103 [32mtxs[0m=1 [32mtime[0m=1,766,255,392
    node.go:788:                [32mINFO [0m[12-20|23:59:51.951] Publishing signed execution payload on p2p [32mid[0m=35ee49..e2954f:104
    payload_success.go:89:      [32mINFO [0m[12-20|23:59:51.952] Inserted new L2 unsafe block             [32mhash[0m=35ee49..e2954f [32mnumber[0m=104 [32mbuild_time[0m=949.843ms [32minsert_time[0m=1.203ms     [32mtotal_time[0m=951.047ms [32mmgas[0m=0.054 [32mmgasps[0m=0.057
    sequencer.go:341:           [32mINFO [0m[12-20|23:59:51.952] Sequencer inserted block                 [32mblock[0m=35ee49..e2954f:104 [32mparent[0m=0252ba..1c47dd:103
    driver.go:263:              [32mINFO [0m[12-20|23:59:51.952] Scheduled sequencer action               [32mdelta[0m=47.547ms
    sequencer.go:521:           [32mINFO [0m[12-20|23:59:52.000] Started sequencing new block             [32mparent[0m=35ee49..e2954f:104 [32ml1Origin[0m=227a0c..924a58:15
    driver.go:263:              [32mINFO [0m[12-20|23:59:52.001] Scheduled sequencer action               [32mdelta[0m=948.278ms
    txmgr.go:682:               [32mINFO [0m[12-20|23:59:52.044] Publishing transaction                   [32mservice[0m=batcher [32mtx[0m=0xd2a9e2273b599247a0adf1cec5a8145aafb04ae85114d008f85d5002aced8d41 [32mnonce[0m=16 [32mgasTipCap[0m=9 [32mgasFeeCap[0m=207,654,163 [32mgasLimit[0m=23880
    driver.go:344:              [32mINFO [0m[12-20|23:59:52.219] Added L2 block to local state            [32mblock[0m=35ee49..e2954f:104 [32mtx_count[0m=1 [32mtime[0m=1,766,255,392
    status.go:133:              [32mINFO [0m[12-20|23:59:52.676] New L1 finalized block                   [32ml1_finalized[0m=3a6349..dec8dd:0
    status.go:126:              [32mINFO [0m[12-20|23:59:52.676] New L1 safe block                        [32ml1_safe[0m=b9aad8..dacd32:7
    system.go:237:              [32mINFO [0m[12-20|23:59:52.676] Exhausted L1 data                        [32mmode[0m=indexing [32mchainId[0m=901 [32mderivedFrom[0m=227a0c..924a58:15 [32mderived[0m=6777ae..429205:77
    node.go:372:                [32mINFO [0m[12-20|23:59:52.677] Node completed syncing                   [32msyncnode[0m=syncnode-901-1 [32mendpoint[0m=RPCSyncSource(ws://127.0.0.1:62709) [32mchain[0m=901 [32ml2[0m=6777ae..429205:77 [32ml1[0m=227a0c..924a58:15
    sequencer.go:272:           [32mINFO [0m[12-20|23:59:52.951] Sequencer sealed block                   [32mpayloadID[0m=0x0356be3b2619b044 [32mblock[0m=eb604f..ad4749:105 [32mparent[0m=35ee49..e2954f:104 [32mtxs[0m=1 [32mtime[0m=1,766,255,393
    node.go:788:                [32mINFO [0m[12-20|23:59:52.952] Publishing signed execution payload on p2p [32mid[0m=eb604f..ad4749:105
    payload_success.go:89:      [32mINFO [0m[12-20|23:59:52.954] Inserted new L2 unsafe block             [32mhash[0m=eb604f..ad4749 [32mnumber[0m=105 [32mbuild_time[0m=950.547ms [32minsert_time[0m=2.535ms     [32mtotal_time[0m=953.083ms [32mmgas[0m=0.046 [32mmgasps[0m=0.048
    sequencer.go:341:           [32mINFO [0m[12-20|23:59:52.954] Sequencer inserted block                 [32mblock[0m=eb604f..ad4749:105 [32mparent[0m=35ee49..e2954f:104
    driver.go:263:              [32mINFO [0m[12-20|23:59:52.954] Scheduled sequencer action               [32mdelta[0m=45.378ms
    sequencer.go:521:           [32mINFO [0m[12-20|23:59:53.000] Started sequencing new block             [32mparent[0m=eb604f..ad4749:105 [32ml1Origin[0m=227a0c..924a58:15
    driver.go:263:              [32mINFO [0m[12-20|23:59:53.002] Scheduled sequencer action               [32mdelta[0m=947.374ms
    txmgr.go:682:               [32mINFO [0m[12-20|23:59:53.044] Publishing transaction                   [32mservice[0m=batcher [32mtx[0m=0xd2a9e2273b599247a0adf1cec5a8145aafb04ae85114d008f85d5002aced8d41 [32mnonce[0m=16 [32mgasTipCap[0m=9 [32mgasFeeCap[0m=207,654,163 [32mgasLimit[0m=23880
    txmgr.go:888:               [32mINFO [0m[12-20|23:59:53.044] bumping gas price for transaction        [32mservice[0m=batcher [32mtx[0m=0xd2a9e2273b599247a0adf1cec5a8145aafb04ae85114d008f85d5002aced8d41 [32mnonce[0m=16 [32mgasTipCap[0m=9 [32mgasFeeCap[0m=207,654,163 [32mgasLimit[0m=23880
    txmgr.go:717:               [32mINFO [0m[12-20|23:59:53.047] Transaction successfully published       [32mservice[0m=batcher [32mtx[0m=0xddf976016cdc34c8cd624bb75612ddf5f5b9394213dc662f47717035c4348c03 [32mnonce[0m=16 [32mgasTipCap[0m=10 [32mgasFeeCap[0m=228,419,580 [32mgasLimit[0m=24218 [32mtx[0m=ddf976..348c03
    driver.go:344:              [32mINFO [0m[12-20|23:59:53.219] Added L2 block to local state            [32mblock[0m=eb604f..ad4749:105 [32mtx_count[0m=1 [32mtime[0m=1,766,255,393
    l1_accessor.go:174:         [32mINFO [0m[12-20|23:59:53.534] Latest L1 block signal is the same as the tip [32mservice[0m=l1-processor [32mref[0m=4c22ba..59460c:17
    sequencer.go:272:           [32mINFO [0m[12-20|23:59:53.951] Sequencer sealed block                   [32mpayloadID[0m=0x034365d0b16724af [32mblock[0m=8ae681..f978f7:106 [32mparent[0m=eb604f..ad4749:105 [32mtxs[0m=1 [32mtime[0m=1,766,255,394
    node.go:788:                [32mINFO [0m[12-20|23:59:53.951] Publishing signed execution payload on p2p [32mid[0m=8ae681..f978f7:106
    payload_success.go:89:      [32mINFO [0m[12-20|23:59:53.954] Inserted new L2 unsafe block             [32mhash[0m=8ae681..f978f7 [32mnumber[0m=106 [32mbuild_time[0m=949.678ms [32minsert_time[0m=2.591ms     [32mtotal_time[0m=952.269ms [32mmgas[0m=0.046 [32mmgasps[0m=0.048
    sequencer.go:341:           [32mINFO [0m[12-20|23:59:53.954] Sequencer inserted block                 [32mblock[0m=8ae681..f978f7:106 [32mparent[0m=eb604f..ad4749:105
    driver.go:263:              [32mINFO [0m[12-20|23:59:53.954] Scheduled sequencer action               [32mdelta[0m=45.486ms
    sequencer.go:521:           [32mINFO [0m[12-20|23:59:54.000] Started sequencing new block             [32mparent[0m=8ae681..f978f7:106 [32ml1Origin[0m=227a0c..924a58:15
    driver.go:263:              [32mINFO [0m[12-20|23:59:54.002] Scheduled sequencer action               [32mdelta[0m=947.528ms
    driver.go:344:              [32mINFO [0m[12-20|23:59:54.220] Added L2 block to local state            [32mblock[0m=8ae681..f978f7:106 [32mtx_count[0m=1 [32mtime[0m=1,766,255,394
    status.go:133:              [32mINFO [0m[12-20|23:59:54.676] New L1 finalized block                   [32ml1_finalized[0m=3a6349..dec8dd:0
    status.go:126:              [32mINFO [0m[12-20|23:59:54.676] New L1 safe block                        [32ml1_safe[0m=b9aad8..dacd32:7
    system.go:237:              [32mINFO [0m[12-20|23:59:54.677] Exhausted L1 data                        [32mmode[0m=indexing [32mchainId[0m=901 [32mderivedFrom[0m=227a0c..924a58:15 [32mderived[0m=6777ae..429205:77
    node.go:372:                [32mINFO [0m[12-20|23:59:54.677] Node completed syncing                   [32msyncnode[0m=syncnode-901-1 [32mendpoint[0m=RPCSyncSource(ws://127.0.0.1:62709) [32mchain[0m=901 [32ml2[0m=6777ae..429205:77 [32ml1[0m=227a0c..924a58:15
    sequencer.go:272:           [32mINFO [0m[12-20|23:59:54.951] Sequencer sealed block                   [32mpayloadID[0m=0x03df3c0ed3fac6ee [32mblock[0m=4215a5..a0640b:107 [32mparent[0m=8ae681..f978f7:106 [32mtxs[0m=1 [32mtime[0m=1,766,255,395
    node.go:788:                [32mINFO [0m[12-20|23:59:54.951] Publishing signed execution payload on p2p [32mid[0m=4215a5..a0640b:107
    payload_success.go:89:      [32mINFO [0m[12-20|23:59:54.954] Inserted new L2 unsafe block             [32mhash[0m=4215a5..a0640b [32mnumber[0m=107 [32mbuild_time[0m=949.655ms [32minsert_time[0m=2.994ms     [32mtotal_time[0m=952.649ms [32mmgas[0m=0.046 [32mmgasps[0m=0.048
    sequencer.go:341:           [32mINFO [0m[12-20|23:59:54.954] Sequencer inserted block                 [32mblock[0m=4215a5..a0640b:107 [32mparent[0m=8ae681..f978f7:106
    driver.go:263:              [32mINFO [0m[12-20|23:59:54.954] Scheduled sequencer action               [32mdelta[0m=45.413ms
    sequencer.go:521:           [32mINFO [0m[12-20|23:59:55.000] Started sequencing new block             [32mparent[0m=4215a5..a0640b:107 [32ml1Origin[0m=227a0c..924a58:15
    driver.go:263:              [32mINFO [0m[12-20|23:59:55.002] Scheduled sequencer action               [32mdelta[0m=947.489ms
    txmgr.go:682:               [32mINFO [0m[12-20|23:59:55.047] Publishing transaction                   [32mservice[0m=batcher [32mtx[0m=0xddf976016cdc34c8cd624bb75612ddf5f5b9394213dc662f47717035c4348c03 [32mnonce[0m=16 [32mgasTipCap[0m=10 [32mgasFeeCap[0m=228,419,580 [32mgasLimit[0m=24218
    driver.go:344:              [32mINFO [0m[12-20|23:59:55.219] Added L2 block to local state            [32mblock[0m=4215a5..a0640b:107 [32mtx_count[0m=1 [32mtime[0m=1,766,255,395
    sequencer.go:272:           [32mINFO [0m[12-20|23:59:55.951] Sequencer sealed block                   [32mpayloadID[0m=0x037fb99cfef06060 [32mblock[0m=896062..5f8b9b:108 [32mparent[0m=4215a5..a0640b:107 [32mtxs[0m=1 [32mtime[0m=1,766,255,396
    node.go:788:                [32mINFO [0m[12-20|23:59:55.951] Publishing signed execution payload on p2p [32mid[0m=896062..5f8b9b:108
    payload_success.go:89:      [32mINFO [0m[12-20|23:59:55.959] Inserted new L2 unsafe block             [32mhash[0m=896062..5f8b9b [32mnumber[0m=108 [32mbuild_time[0m=949.810ms [32minsert_time[0m=7.832ms     [32mtotal_time[0m=957.642ms [32mmgas[0m=0.046 [32mmgasps[0m=0.048
    sequencer.go:341:           [32mINFO [0m[12-20|23:59:55.959] Sequencer inserted block                 [32mblock[0m=896062..5f8b9b:108 [32mparent[0m=4215a5..a0640b:107
    driver.go:263:              [32mINFO [0m[12-20|23:59:55.959] Scheduled sequencer action               [32mdelta[0m=40.439ms
    sequencer.go:521:           [32mINFO [0m[12-20|23:59:56.000] Started sequencing new block             [32mparent[0m=896062..5f8b9b:108 [32ml1Origin[0m=227a0c..924a58:15
    driver.go:263:              [32mINFO [0m[12-20|23:59:56.003] Scheduled sequencer action               [32mdelta[0m=946.735ms
    txmgr.go:682:               [32mINFO [0m[12-20|23:59:56.044] Publishing transaction                   [32mservice[0m=batcher [32mtx[0m=0xddf976016cdc34c8cd624bb75612ddf5f5b9394213dc662f47717035c4348c03 [32mnonce[0m=16 [32mgasTipCap[0m=10 [32mgasFeeCap[0m=228,419,580 [32mgasLimit[0m=24218
    txmgr.go:888:               [32mINFO [0m[12-20|23:59:56.044] bumping gas price for transaction        [32mservice[0m=batcher [32mtx[0m=0xddf976016cdc34c8cd624bb75612ddf5f5b9394213dc662f47717035c4348c03 [32mnonce[0m=16 [32mgasTipCap[0m=10 [32mgasFeeCap[0m=228,419,580 [32mgasLimit[0m=24218
    txmgr.go:871:               [32mINFO [0m[12-20|23:59:56.048] Transaction confirmed                    [32mservice[0m=batcher [32mtx[0m=ddf976..348c03 [32mblock[0m=3305b4..bff563:18 [32meffectiveGasPrice[0m=90,869,658
    txmgr.go:792:               [32mINFO [0m[12-20|23:59:56.048] Transaction receipt not found            [32mservice[0m=batcher [32mtx[0m=0xd2a9e2273b599247a0adf1cec5a8145aafb04ae85114d008f85d5002aced8d41 [32mnonce[0m=16 [32mgasTipCap[0m=9 [32mgasFeeCap[0m=207,654,163 [32mgasLimit[0m=23880 [32merr[0m="context canceled"
    txmgr.go:792:               [32mINFO [0m[12-20|23:59:56.048] Transaction receipt not found            [32mservice[0m=batcher [32mtx[0m=0xd2a9e2273b599247a0adf1cec5a8145aafb04ae85114d008f85d5002aced8d41 [32mnonce[0m=16 [32mgasTipCap[0m=9 [32mgasFeeCap[0m=207,654,163 [32mgasLimit[0m=23880 [32merr[0m="context canceled"
    txmgr.go:845:               [31mERROR[0m[12-20|23:59:56.048] Unable to fetch tip                      [31mservice[0m=batcher [31merr[0m="Post \"http://127.0.0.1:62699\": context canceled"
    txmgr.go:792:               [32mINFO [0m[12-20|23:59:56.049] Transaction receipt not found            [32mservice[0m=batcher [32mtx[0m=0xddf976016cdc34c8cd624bb75612ddf5f5b9394213dc662f47717035c4348c03 [32mnonce[0m=16 [32mgasTipCap[0m=10 [32mgasFeeCap[0m=228,419,580 [32mgasLimit[0m=24218 [32merr[0m="context canceled"
    txmgr.go:792:               [32mINFO [0m[12-20|23:59:56.049] Transaction receipt not found            [32mservice[0m=batcher [32mtx[0m=0x1af61a7ee83aae163264ea8831243d9a2e0056aff1680cfedccf00859087b333 [32mnonce[0m=16 [32mgasTipCap[0m=11 [32mgasFeeCap[0m=251,261,538 [32mgasLimit[0m=24218 [32merr[0m="context canceled"
    driver.go:582:              [32mINFO [0m[12-20|23:59:56.049] Handling receipt                         [32mid[0m=5d6321..5a34fa:0
    driver.go:1063:             [32mINFO [0m[12-20|23:59:56.049] Transaction confirmed                    [32mtx_id[0m=5d6321d6b7762884048ba34f955a34fa:0 [32mtx[0m=ddf976..348c03 [32mblock[0m=3305b4..bff563:18
    channel.go:80:              [32mINFO [0m[12-20|23:59:56.049] Channel is fully submitted               [32mid[0m=5d6321..5a34fa     [32mmin_inclusion_block[0m=18 [32mmax_inclusion_block[0m=18
    txmgr.go:682:               [32mINFO [0m[12-20|23:59:56.050] Publishing transaction                   [32mservice[0m=batcher [32mtx[0m=0xf70ff46e20f908cb9fb2ab88bd2ea519603fab5570e111f9b68fe05be1ce8c06 [32mnonce[0m=17 [32mgasTipCap[0m=9 [32mgasFeeCap[0m=181,739,305 [32mgasLimit[0m=23880
    channel_manager.go:355:     [32mINFO [0m[12-20|23:59:56.051] Created channel                          [32mid[0m=c805e5..81058e     [32ml1Head[0m=3305b4..bff563:18 [32mblocks_pending[0m=6 [32ml1OriginLastSubmittedChannel[0m=e06264..97a7ad:14 [32mbatch_type[0m=1 [32mcompression_algo[0m=brotli [32mtarget_num_frames[0m=1 [32mmax_frame_size[0m=119,999 [32muse_blobs[0m=false
    txmgr.go:717:               [32mINFO [0m[12-20|23:59:56.051] Transaction successfully published       [32mservice[0m=batcher [32mtx[0m=0xf70ff46e20f908cb9fb2ab88bd2ea519603fab5570e111f9b68fe05be1ce8c06 [32mnonce[0m=17 [32mgasTipCap[0m=9 [32mgasFeeCap[0m=181,739,305 [32mgasLimit[0m=23880 [32mtx[0m=f70ff4..ce8c06
    channel_manager.go:461:     [32mINFO [0m[12-20|23:59:56.054] Channel closed                           [32mid[0m=c805e5..81058e     [32mblocks_pending[0m=0 [32mnum_frames[0m=1 [32minput_bytes[0m=52 [32moutput_bytes[0m=80 [32moldest_l1_origin[0m=e06264..97a7ad:14 [32ml1_origin[0m=227a0c..924a58:15 [32moldest_l2[0m=7f9a96..723e9d:102 [32mlatest_l2[0m=4215a5..a0640b:107 [32mfull_reason[0m="channel full: max channel duration reached" [32mcompr_ratio[0m=1.538
    driver.go:1027:             [32mINFO [0m[12-20|23:59:56.054] Building Calldata transaction candidate  [32msize[0m=81
    system.go:237:              [32mINFO [0m[12-20|23:59:56.075] Exhausted L1 data                        [32mmode[0m=indexing [32mchainId[0m=901 [32mderivedFrom[0m=227a0c..924a58:15 [32mderived[0m=6777ae..429205:77
    node.go:372:                [32mINFO [0m[12-20|23:59:56.076] Node completed syncing                   [32msyncnode[0m=syncnode-901-1 [32mendpoint[0m=RPCSyncSource(ws://127.0.0.1:62709) [32mchain[0m=901 [32ml2[0m=6777ae..429205:77 [32ml1[0m=227a0c..924a58:15
    driver.go:344:              [32mINFO [0m[12-20|23:59:56.220] Added L2 block to local state            [32mblock[0m=896062..5f8b9b:108 [32mtx_count[0m=1 [32mtime[0m=1,766,255,396
    l1_accessor.go:192:         [32mINFO [0m[12-20|23:59:56.534] Updated latest known L1 block            [32mservice[0m=l1-processor [32mref[0m=3305b4..bff563:18
    status.go:133:              [32mINFO [0m[12-20|23:59:56.675] New L1 finalized block                   [32ml1_finalized[0m=3a6349..dec8dd:0
    status.go:126:              [32mINFO [0m[12-20|23:59:56.675] New L1 safe block                        [32ml1_safe[0m=b9aad8..dacd32:7
    system.go:237:              [32mINFO [0m[12-20|23:59:56.675] Exhausted L1 data                        [32mmode[0m=indexing [32mchainId[0m=901 [32mderivedFrom[0m=227a0c..924a58:15 [32mderived[0m=6777ae..429205:77
    node.go:372:                [32mINFO [0m[12-20|23:59:56.675] Node completed syncing                   [32msyncnode[0m=syncnode-901-1 [32mendpoint[0m=RPCSyncSource(ws://127.0.0.1:62709) [32mchain[0m=901 [32ml2[0m=6777ae..429205:77 [32ml1[0m=227a0c..924a58:15
    system.go:462:              [32mINFO [0m[12-20|23:59:56.676] Received next L1 block                   [32mmode[0m=indexing [32mchainId[0m=901 [32mnextL1[0m=6abecc..f58072:16
    l1_traversal_managed.go:119: [32mINFO [0m[12-20|23:59:56.677] Derivation continued with next L1 block  [32mcurrent[0m=227a0c..924a58:15 [32mnext[0m=6abecc..f58072:16
    base_batch_stage.go:127:    [32mINFO [0m[12-20|23:59:56.677] Advancing bq origin                      [32morigin[0m=6abecc..f58072:16 [32moriginBehind[0m=false
    channel_assembler.go:99:    [32mINFO [0m[12-20|23:59:56.677] created new channel                      [32mstage[0m=channel [32morigin[0m=6abecc..f58072:16
    channel_in_reader.go:122:   [32mINFO [0m[12-20|23:59:56.677] decoded span batch from channel          [32mbatch_type[0m=SpanBatch [32mbatch_timestamp[0m=1,766,255,366 [32mparent_check[0m=0x6777ae9e4d54fbc272b91e9b9115b8363658617d [32morigin_check[0m=0x951beff82c373e57bd4f455c549838fea664539e [32mstart_epoch_number[0m=10 [32mend_epoch_number[0m=11 [32mblock_count[0m=6 [32mtxs[0m=0 [32mcompression_algo[0m=brotli [32mstage_origin[0m=6abecc..f58072:16
    batch_stage.go:142:         [32mINFO [0m[12-20|23:59:56.677] Found next valid span batch              [32morigin[0m=6abecc..f58072:16 [32mepoch[0m=0a987e..cb6566:10 [32mbatch_type[0m=SpanBatch [32mbatch_timestamp[0m=1,766,255,366 [32mparent_check[0m=0x6777ae9e4d54fbc272b91e9b9115b8363658617d [32morigin_check[0m=0x951beff82c373e57bd4f455c549838fea664539e [32mstart_epoch_number[0m=10 [32mend_epoch_number[0m=11 [32mblock_count[0m=6 [32mtxs[0m=0
    attributes_queue.go:134:    [32mINFO [0m[12-20|23:59:56.677] generated attributes in payload queue    [32mtxs[0m=1 [32mtimestamp[0m=1,766,255,366
    attributes_queue.go:134:    [32mINFO [0m[12-20|23:59:56.678] generated attributes in payload queue    [32mtxs[0m=1 [32mtimestamp[0m=1,766,255,367
    safedb.go:103:              [32mINFO [0m[12-20|23:59:56.678] Record safe head                         [32ml2[0m=2d9587..e23141:78 [32ml1[0m=6abecc..f58072:16
    attributes_queue.go:134:    [32mINFO [0m[12-20|23:59:56.684] generated attributes in payload queue    [32mtxs[0m=1 [32mtimestamp[0m=1,766,255,368
    safedb.go:103:              [32mINFO [0m[12-20|23:59:56.684] Record safe head                         [32ml2[0m=417147..aa83ca:79 [32ml1[0m=6abecc..f58072:16
    attributes_queue.go:134:    [32mINFO [0m[12-20|23:59:56.689] generated attributes in payload queue    [32mtxs[0m=1 [32mtimestamp[0m=1,766,255,369
    safedb.go:103:              [32mINFO [0m[12-20|23:59:56.689] Record safe head                         [32ml2[0m=ad7a96..26aa25:80 [32ml1[0m=6abecc..f58072:16
    attributes_queue.go:134:    [32mINFO [0m[12-20|23:59:56.695] generated attributes in payload queue    [32mtxs[0m=1 [32mtimestamp[0m=1,766,255,370
    safedb.go:103:              [32mINFO [0m[12-20|23:59:56.695] Record safe head                         [32ml2[0m=051ba7..363c71:81 [32ml1[0m=6abecc..f58072:16
    attributes_queue.go:134:    [32mINFO [0m[12-20|23:59:56.704] generated attributes in payload queue    [32mtxs[0m=1 [32mtimestamp[0m=1,766,255,371
    safedb.go:103:              [32mINFO [0m[12-20|23:59:56.704] Record safe head                         [32ml2[0m=80cb31..25e7fa:82 [32ml1[0m=6abecc..f58072:16
    safedb.go:103:              [32mINFO [0m[12-20|23:59:56.709] Record safe head                         [32ml2[0m=07416f..8be58d:83 [32ml1[0m=6abecc..f58072:16
    system.go:237:              [32mINFO [0m[12-20|23:59:56.713] Exhausted L1 data                        [32mmode[0m=indexing [32mchainId[0m=901 [32mderivedFrom[0m=6abecc..f58072:16 [32mderived[0m=07416f..8be58d:83
    node.go:372:                [32mINFO [0m[12-20|23:59:56.713] Node completed syncing                   [32msyncnode[0m=syncnode-901-1 [32mendpoint[0m=RPCSyncSource(ws://127.0.0.1:62709) [32mchain[0m=901 [32ml2[0m=07416f..8be58d:83 [32ml1[0m=6abecc..f58072:16
    sequencer.go:272:           [32mINFO [0m[12-20|23:59:56.951] Sequencer sealed block                   [32mpayloadID[0m=0x03d8bdcd4f4a3bdf [32mblock[0m=b04aa2..b2f9a7:109 [32mparent[0m=896062..5f8b9b:108 [32mtxs[0m=1 [32mtime[0m=1,766,255,397
    node.go:788:                [32mINFO [0m[12-20|23:59:56.951] Publishing signed execution payload on p2p [32mid[0m=b04aa2..b2f9a7:109
    payload_success.go:89:      [32mINFO [0m[12-20|23:59:56.954] Inserted new L2 unsafe block             [32mhash[0m=b04aa2..b2f9a7 [32mnumber[0m=109 [32mbuild_time[0m=950.158ms [32minsert_time[0m=2.185ms     [32mtotal_time[0m=952.344ms [32mmgas[0m=0.046 [32mmgasps[0m=0.048
    sequencer.go:341:           [32mINFO [0m[12-20|23:59:56.954] Sequencer inserted block                 [32mblock[0m=b04aa2..b2f9a7:109 [32mparent[0m=896062..5f8b9b:108
    driver.go:263:              [32mINFO [0m[12-20|23:59:56.954] Scheduled sequencer action               [32mdelta[0m=45.692ms
    sequencer.go:521:           [32mINFO [0m[12-20|23:59:57.001] Started sequencing new block             [32mparent[0m=b04aa2..b2f9a7:109 [32ml1Origin[0m=6abecc..f58072:16
    driver.go:263:              [32mINFO [0m[12-20|23:59:57.002] Scheduled sequencer action               [32mdelta[0m=947.213ms
    driver.go:344:              [32mINFO [0m[12-20|23:59:57.219] Added L2 block to local state            [32mblock[0m=b04aa2..b2f9a7:109 [32mtx_count[0m=1 [32mtime[0m=1,766,255,397
    sequencer.go:272:           [32mINFO [0m[12-20|23:59:57.952] Sequencer sealed block                   [32mpayloadID[0m=0x03f2ef38441486ed [32mblock[0m=75d770..ed44ee:110 [32mparent[0m=b04aa2..b2f9a7:109 [32mtxs[0m=1 [32mtime[0m=1,766,255,398
    node.go:788:                [32mINFO [0m[12-20|23:59:57.952] Publishing signed execution payload on p2p [32mid[0m=75d770..ed44ee:110
    payload_success.go:89:      [32mINFO [0m[12-20|23:59:57.956] Inserted new L2 unsafe block             [32mhash[0m=75d770..ed44ee [32mnumber[0m=110 [32mbuild_time[0m=950.191ms [32minsert_time[0m=4.403ms     [32mtotal_time[0m=954.595ms [32mmgas[0m=0.054 [32mmgasps[0m=0.057
    sequencer.go:341:           [32mINFO [0m[12-20|23:59:57.956] Sequencer inserted block                 [32mblock[0m=75d770..ed44ee:110 [32mparent[0m=b04aa2..b2f9a7:109
    driver.go:263:              [32mINFO [0m[12-20|23:59:57.957] Scheduled sequencer action               [32mdelta[0m=42.965ms
    sequencer.go:521:           [32mINFO [0m[12-20|23:59:58.001] Started sequencing new block             [32mparent[0m=75d770..ed44ee:110 [32ml1Origin[0m=6abecc..f58072:16
    driver.go:263:              [32mINFO [0m[12-20|23:59:58.002] Scheduled sequencer action               [32mdelta[0m=947.297ms
    txmgr.go:682:               [32mINFO [0m[12-20|23:59:58.052] Publishing transaction                   [32mservice[0m=batcher [32mtx[0m=0xf70ff46e20f908cb9fb2ab88bd2ea519603fab5570e111f9b68fe05be1ce8c06 [32mnonce[0m=17 [32mgasTipCap[0m=9 [32mgasFeeCap[0m=181,739,305 [32mgasLimit[0m=23880
    driver.go:344:              [32mINFO [0m[12-20|23:59:58.219] Added L2 block to local state            [32mblock[0m=75d770..ed44ee:110 [32mtx_count[0m=1 [32mtime[0m=1,766,255,398
    status.go:133:              [32mINFO [0m[12-20|23:59:58.675] New L1 finalized block                   [32ml1_finalized[0m=3a6349..dec8dd:0
    status.go:126:              [32mINFO [0m[12-20|23:59:58.675] New L1 safe block                        [32ml1_safe[0m=88bbb9..e7cc3d:8
    system.go:237:              [32mINFO [0m[12-20|23:59:58.676] Exhausted L1 data                        [32mmode[0m=indexing [32mchainId[0m=901 [32mderivedFrom[0m=6abecc..f58072:16 [32mderived[0m=07416f..8be58d:83
    node.go:372:                [32mINFO [0m[12-20|23:59:58.676] Node completed syncing                   [32msyncnode[0m=syncnode-901-1 [32mendpoint[0m=RPCSyncSource(ws://127.0.0.1:62709) [32mchain[0m=901 [32ml2[0m=07416f..8be58d:83 [32ml1[0m=6abecc..f58072:16
    sequencer.go:272:           [32mINFO [0m[12-20|23:59:58.951] Sequencer sealed block                   [32mpayloadID[0m=0x03147fdff5048697 [32mblock[0m=188e87..cf84b6:111 [32mparent[0m=75d770..ed44ee:110 [32mtxs[0m=1 [32mtime[0m=1,766,255,399
    node.go:788:                [32mINFO [0m[12-20|23:59:58.952] Publishing signed execution payload on p2p [32mid[0m=188e87..cf84b6:111
    payload_success.go:89:      [32mINFO [0m[12-20|23:59:58.955] Inserted new L2 unsafe block             [32mhash[0m=188e87..cf84b6 [32mnumber[0m=111 [32mbuild_time[0m=949.932ms [32minsert_time[0m=3.07ms      [32mtotal_time[0m=953.002ms [32mmgas[0m=0.046 [32mmgasps[0m=0.048
    sequencer.go:341:           [32mINFO [0m[12-20|23:59:58.955] Sequencer inserted block                 [32mblock[0m=188e87..cf84b6:111 [32mparent[0m=75d770..ed44ee:110
    driver.go:263:              [32mINFO [0m[12-20|23:59:58.955] Scheduled sequencer action               [32mdelta[0m=44.504ms
    sequencer.go:521:           [32mINFO [0m[12-20|23:59:59.001] Started sequencing new block             [32mparent[0m=188e87..cf84b6:111 [32ml1Origin[0m=6abecc..f58072:16
    driver.go:263:              [32mINFO [0m[12-20|23:59:59.004] Scheduled sequencer action               [32mdelta[0m=945.628ms
    txmgr.go:682:               [32mINFO [0m[12-20|23:59:59.051] Publishing transaction                   [32mservice[0m=batcher [32mtx[0m=0xf70ff46e20f908cb9fb2ab88bd2ea519603fab5570e111f9b68fe05be1ce8c06 [32mnonce[0m=17 [32mgasTipCap[0m=9 [32mgasFeeCap[0m=181,739,305 [32mgasLimit[0m=23880
    txmgr.go:888:               [32mINFO [0m[12-20|23:59:59.051] bumping gas price for transaction        [32mservice[0m=batcher [32mtx[0m=0xf70ff46e20f908cb9fb2ab88bd2ea519603fab5570e111f9b68fe05be1ce8c06 [32mnonce[0m=17 [32mgasTipCap[0m=9 [32mgasFeeCap[0m=181,739,305 [32mgasLimit[0m=23880
    txmgr.go:717:               [32mINFO [0m[12-20|23:59:59.054] Transaction successfully published       [32mservice[0m=batcher [32mtx[0m=0x1d41a6c8517b16ef21ea284f3b2aec6c851c5e60e946b6d3121c460d5c797821 [32mnonce[0m=17 [32mgasTipCap[0m=10 [32mgasFeeCap[0m=199,913,236 [32mgasLimit[0m=24218 [32mtx[0m=1d41a6..797821
    driver.go:344:              [32mINFO [0m[12-20|23:59:59.220] Added L2 block to local state            [32mblock[0m=188e87..cf84b6:111 [32mtx_count[0m=1 [32mtime[0m=1,766,255,399
    l1_accessor.go:174:         [32mINFO [0m[12-20|23:59:59.534] Latest L1 block signal is the same as the tip [32mservice[0m=l1-processor [32mref[0m=3305b4..bff563:18
    sequencer.go:272:           [32mINFO [0m[12-20|23:59:59.952] Sequencer sealed block                   [32mpayloadID[0m=0x03654e263c9725cd [32mblock[0m=3910ad..d75a1b:112 [32mparent[0m=188e87..cf84b6:111 [32mtxs[0m=1 [32mtime[0m=1,766,255,400
    node.go:788:                [32mINFO [0m[12-20|23:59:59.952] Publishing signed execution payload on p2p [32mid[0m=3910ad..d75a1b:112
    payload_success.go:89:      [32mINFO [0m[12-20|23:59:59.955] Inserted new L2 unsafe block             [32mhash[0m=3910ad..d75a1b [32mnumber[0m=112 [32mbuild_time[0m=949.371ms [32minsert_time[0m=2.678ms     [32mtotal_time[0m=952.049ms [32mmgas[0m=0.046 [32mmgasps[0m=0.048
    sequencer.go:341:           [32mINFO [0m[12-20|23:59:59.955] Sequencer inserted block                 [32mblock[0m=3910ad..d75a1b:112 [32mparent[0m=188e87..cf84b6:111
    driver.go:263:              [32mINFO [0m[12-20|23:59:59.955] Scheduled sequencer action               [32mdelta[0m=44.685ms
    sequencer.go:521:           [32mINFO [0m[12-21|00:00:00.001] Started sequencing new block             [32mparent[0m=3910ad..d75a1b:112 [32ml1Origin[0m=6abecc..f58072:16
    driver.go:263:              [32mINFO [0m[12-21|00:00:00.004] Scheduled sequencer action               [32mdelta[0m=945.89ms
    driver.go:344:              [32mINFO [0m[12-21|00:00:00.220] Added L2 block to local state            [32mblock[0m=3910ad..d75a1b:112 [32mtx_count[0m=1 [32mtime[0m=1,766,255,400
    status.go:133:              [32mINFO [0m[12-21|00:00:00.676] New L1 finalized block                   [32ml1_finalized[0m=3a6349..dec8dd:0
    status.go:126:              [32mINFO [0m[12-21|00:00:00.676] New L1 safe block                        [32ml1_safe[0m=88bbb9..e7cc3d:8
    system.go:237:              [32mINFO [0m[12-21|00:00:00.676] Exhausted L1 data                        [32mmode[0m=indexing [32mchainId[0m=901 [32mderivedFrom[0m=6abecc..f58072:16 [32mderived[0m=07416f..8be58d:83
    node.go:372:                [32mINFO [0m[12-21|00:00:00.677] Node completed syncing                   [32msyncnode[0m=syncnode-901-1 [32mendpoint[0m=RPCSyncSource(ws://127.0.0.1:62709) [32mchain[0m=901 [32ml2[0m=07416f..8be58d:83 [32ml1[0m=6abecc..f58072:16
    sequencer.go:272:           [32mINFO [0m[12-21|00:00:00.952] Sequencer sealed block                   [32mpayloadID[0m=0x03d67035ed924161 [32mblock[0m=a8e8b5..5685c4:113 [32mparent[0m=3910ad..d75a1b:112 [32mtxs[0m=1 [32mtime[0m=1,766,255,401
    node.go:788:                [32mINFO [0m[12-21|00:00:00.952] Publishing signed execution payload on p2p [32mid[0m=a8e8b5..5685c4:113
    payload_success.go:89:      [32mINFO [0m[12-21|00:00:00.955] Inserted new L2 unsafe block             [32mhash[0m=a8e8b5..5685c4 [32mnumber[0m=113 [32mbuild_time[0m=949.014ms [32minsert_time[0m=3.428ms     [32mtotal_time[0m=952.443ms [32mmgas[0m=0.046 [32mmgasps[0m=0.048
    sequencer.go:341:           [32mINFO [0m[12-21|00:00:00.955] Sequencer inserted block                 [32mblock[0m=a8e8b5..5685c4:113 [32mparent[0m=3910ad..d75a1b:112
    driver.go:263:              [32mINFO [0m[12-21|00:00:00.956] Scheduled sequencer action               [32mdelta[0m=43.9ms
    sequencer.go:521:           [32mINFO [0m[12-21|00:00:01.001] Started sequencing new block             [32mparent[0m=a8e8b5..5685c4:113 [32ml1Origin[0m=6abecc..f58072:16
    driver.go:263:              [32mINFO [0m[12-21|00:00:01.003] Scheduled sequencer action               [32mdelta[0m=946.919ms
    txmgr.go:682:               [32mINFO [0m[12-21|00:00:01.055] Publishing transaction                   [32mservice[0m=batcher [32mtx[0m=0x1d41a6c8517b16ef21ea284f3b2aec6c851c5e60e946b6d3121c460d5c797821 [32mnonce[0m=17 [32mgasTipCap[0m=10 [32mgasFeeCap[0m=199,913,236 [32mgasLimit[0m=24218
    driver.go:344:              [32mINFO [0m[12-21|00:00:01.218] Added L2 block to local state            [32mblock[0m=a8e8b5..5685c4:113 [32mtx_count[0m=1 [32mtime[0m=1,766,255,401
    sequencer.go:272:           [32mINFO [0m[12-21|00:00:01.952] Sequencer sealed block                   [32mpayloadID[0m=0x03987794f43c65ea [32mblock[0m=9723fd..88c0f1:114 [32mparent[0m=a8e8b5..5685c4:113 [32mtxs[0m=1 [32mtime[0m=1,766,255,402
    node.go:788:                [32mINFO [0m[12-21|00:00:01.952] Publishing signed execution payload on p2p [32mid[0m=9723fd..88c0f1:114
    payload_success.go:89:      [32mINFO [0m[12-21|00:00:01.954] Inserted new L2 unsafe block             [32mhash[0m=9723fd..88c0f1 [32mnumber[0m=114 [32mbuild_time[0m=949.886ms [32minsert_time[0m=2.401ms     [32mtotal_time[0m=952.287ms [32mmgas[0m=0.046 [32mmgasps[0m=0.048
    sequencer.go:341:           [32mINFO [0m[12-21|00:00:01.954] Sequencer inserted block                 [32mblock[0m=9723fd..88c0f1:114 [32mparent[0m=a8e8b5..5685c4:113
    driver.go:263:              [32mINFO [0m[12-21|00:00:01.954] Scheduled sequencer action               [32mdelta[0m=45.235ms
    sequencer.go:521:           [32mINFO [0m[12-21|00:00:02.001] Started sequencing new block             [32mparent[0m=9723fd..88c0f1:114 [32ml1Origin[0m=6abecc..f58072:16
    driver.go:263:              [32mINFO [0m[12-21|00:00:02.003] Scheduled sequencer action               [32mdelta[0m=946.301ms
    txmgr.go:871:               [32mINFO [0m[12-21|00:00:02.006] Transaction confirmed                    [32mservice[0m=batcher [32mtx[0m=1d41a6..797821 [32mblock[0m=89eb69..6a2454:19 [32meffectiveGasPrice[0m=79,529,356
    txmgr.go:792:               [32mINFO [0m[12-21|00:00:02.006] Transaction receipt not found            [32mservice[0m=batcher [32mtx[0m=0xf70ff46e20f908cb9fb2ab88bd2ea519603fab5570e111f9b68fe05be1ce8c06 [32mnonce[0m=17 [32mgasTipCap[0m=9 [32mgasFeeCap[0m=181,739,305 [32mgasLimit[0m=23880 [32merr[0m="context canceled"
    txmgr.go:792:               [32mINFO [0m[12-21|00:00:02.006] Transaction receipt not found            [32mservice[0m=batcher [32mtx[0m=0xf70ff46e20f908cb9fb2ab88bd2ea519603fab5570e111f9b68fe05be1ce8c06 [32mnonce[0m=17 [32mgasTipCap[0m=9 [32mgasFeeCap[0m=181,739,305 [32mgasLimit[0m=23880 [32merr[0m="context canceled"
    txmgr.go:845:               [31mERROR[0m[12-21|00:00:02.006] Unable to fetch tip                      [31mservice[0m=batcher [31merr[0m="Post \"http://127.0.0.1:62699\": context canceled"
    txmgr.go:792:               [32mINFO [0m[12-21|00:00:02.006] Transaction receipt not found            [32mservice[0m=batcher [32mtx[0m=0x1d41a6c8517b16ef21ea284f3b2aec6c851c5e60e946b6d3121c460d5c797821 [32mnonce[0m=17 [32mgasTipCap[0m=10 [32mgasFeeCap[0m=199,913,236 [32mgasLimit[0m=24218 [32merr[0m="context canceled"
    driver.go:582:              [32mINFO [0m[12-21|00:00:02.006] Handling receipt                         [32mid[0m=8274e1..1606a6:0
    driver.go:1063:             [32mINFO [0m[12-21|00:00:02.006] Transaction confirmed                    [32mtx_id[0m=8274e1e6b074ee6649a0498a1e1606a6:0 [32mtx[0m=1d41a6..797821 [32mblock[0m=89eb69..6a2454:19
    channel.go:80:              [32mINFO [0m[12-21|00:00:02.006] Channel is fully submitted               [32mid[0m=8274e1..1606a6     [32mmin_inclusion_block[0m=19 [32mmax_inclusion_block[0m=19
    txmgr.go:682:               [32mINFO [0m[12-21|00:00:02.008] Publishing transaction                   [32mservice[0m=batcher [32mtx[0m=0xeeb5b78b49e83787ec6af76f3a487c29f23b5e5271dac71f9128f390e6681dc6 [32mnonce[0m=18 [32mgasTipCap[0m=10 [32mgasFeeCap[0m=159,058,702 [32mgasLimit[0m=23880
    channel_manager.go:355:     [32mINFO [0m[12-21|00:00:02.008] Created channel                          [32mid[0m=5b20f2..c88ec5     [32ml1Head[0m=89eb69..6a2454:19 [32mblocks_pending[0m=6 [32ml1OriginLastSubmittedChannel[0m=227a0c..924a58:15 [32mbatch_type[0m=1 [32mcompression_algo[0m=brotli [32mtarget_num_frames[0m=1 [32mmax_frame_size[0m=119,999 [32muse_blobs[0m=false
    txmgr.go:717:               [32mINFO [0m[12-21|00:00:02.009] Transaction successfully published       [32mservice[0m=batcher [32mtx[0m=0xeeb5b78b49e83787ec6af76f3a487c29f23b5e5271dac71f9128f390e6681dc6 [32mnonce[0m=18 [32mgasTipCap[0m=10 [32mgasFeeCap[0m=159,058,702 [32mgasLimit[0m=23880 [32mtx[0m=eeb5b7..681dc6
    channel_manager.go:461:     [32mINFO [0m[12-21|00:00:02.014] Channel closed                           [32mid[0m=5b20f2..c88ec5     [32mblocks_pending[0m=0 [32mnum_frames[0m=1 [32minput_bytes[0m=52 [32moutput_bytes[0m=80 [32moldest_l1_origin[0m=227a0c..924a58:15 [32ml1_origin[0m=6abecc..f58072:16 [32moldest_l2[0m=896062..5f8b9b:108 [32mlatest_l2[0m=a8e8b5..5685c4:113 [32mfull_reason[0m="channel full: max channel duration reached" [32mcompr_ratio[0m=1.538
    driver.go:1027:             [32mINFO [0m[12-21|00:00:02.014] Building Calldata transaction candidate  [32msize[0m=81
    system.go:237:              [32mINFO [0m[12-21|00:00:02.089] Exhausted L1 data                        [32mmode[0m=indexing [32mchainId[0m=901 [32mderivedFrom[0m=6abecc..f58072:16 [32mderived[0m=07416f..8be58d:83
    node.go:372:                [32mINFO [0m[12-21|00:00:02.090] Node completed syncing                   [32msyncnode[0m=syncnode-901-1 [32mendpoint[0m=RPCSyncSource(ws://127.0.0.1:62709) [32mchain[0m=901 [32ml2[0m=07416f..8be58d:83 [32ml1[0m=6abecc..f58072:16
    driver.go:344:              [32mINFO [0m[12-21|00:00:02.220] Added L2 block to local state            [32mblock[0m=9723fd..88c0f1:114 [32mtx_count[0m=1 [32mtime[0m=1,766,255,402
    l1_accessor.go:192:         [32mINFO [0m[12-21|00:00:02.534] Updated latest known L1 block            [32mservice[0m=l1-processor [32mref[0m=89eb69..6a2454:19
    status.go:133:              [32mINFO [0m[12-21|00:00:02.675] New L1 finalized block                   [32ml1_finalized[0m=3a6349..dec8dd:0
    status.go:126:              [32mINFO [0m[12-21|00:00:02.675] New L1 safe block                        [32ml1_safe[0m=88bbb9..e7cc3d:8
    system.go:237:              [32mINFO [0m[12-21|00:00:02.676] Exhausted L1 data                        [32mmode[0m=indexing [32mchainId[0m=901 [32mderivedFrom[0m=6abecc..f58072:16 [32mderived[0m=07416f..8be58d:83
    node.go:372:                [32mINFO [0m[12-21|00:00:02.676] Node completed syncing                   [32msyncnode[0m=syncnode-901-1 [32mendpoint[0m=RPCSyncSource(ws://127.0.0.1:62709) [32mchain[0m=901 [32ml2[0m=07416f..8be58d:83 [32ml1[0m=6abecc..f58072:16
    system.go:462:              [32mINFO [0m[12-21|00:00:02.677] Received next L1 block                   [32mmode[0m=indexing [32mchainId[0m=901 [32mnextL1[0m=4c22ba..59460c:17
    l1_traversal_managed.go:119: [32mINFO [0m[12-21|00:00:02.678] Derivation continued with next L1 block  [32mcurrent[0m=6abecc..f58072:16 [32mnext[0m=4c22ba..59460c:17
    base_batch_stage.go:127:    [32mINFO [0m[12-21|00:00:02.678] Advancing bq origin                      [32morigin[0m=4c22ba..59460c:17 [32moriginBehind[0m=false
    channel_assembler.go:99:    [32mINFO [0m[12-21|00:00:02.678] created new channel                      [32mstage[0m=channel [32morigin[0m=4c22ba..59460c:17
    channel_in_reader.go:122:   [32mINFO [0m[12-21|00:00:02.678] decoded span batch from channel          [32mbatch_type[0m=SpanBatch [32mbatch_timestamp[0m=1,766,255,372 [32mparent_check[0m=0x07416f05156d2a8e44e5aa56295dff054b4080c5 [32morigin_check[0m=0xe9dc627ba0ae3ec36e2d9d70350b37987395943e [32mstart_epoch_number[0m=11 [32mend_epoch_number[0m=12 [32mblock_count[0m=6 [32mtxs[0m=0 [32mcompression_algo[0m=brotli [32mstage_origin[0m=4c22ba..59460c:17
    batch_stage.go:142:         [32mINFO [0m[12-21|00:00:02.678] Found next valid span batch              [32morigin[0m=4c22ba..59460c:17 [32mepoch[0m=951bef..83e30b:11 [32mbatch_type[0m=SpanBatch [32mbatch_timestamp[0m=1,766,255,372 [32mparent_check[0m=0x07416f05156d2a8e44e5aa56295dff054b4080c5 [32morigin_check[0m=0xe9dc627ba0ae3ec36e2d9d70350b37987395943e [32mstart_epoch_number[0m=11 [32mend_epoch_number[0m=12 [32mblock_count[0m=6 [32mtxs[0m=0
    attributes_queue.go:134:    [32mINFO [0m[12-21|00:00:02.678] generated attributes in payload queue    [32mtxs[0m=1 [32mtimestamp[0m=1,766,255,372
    attributes_queue.go:134:    [32mINFO [0m[12-21|00:00:02.680] generated attributes in payload queue    [32mtxs[0m=1 [32mtimestamp[0m=1,766,255,373
    safedb.go:103:              [32mINFO [0m[12-21|00:00:02.680] Record safe head                         [32ml2[0m=6531fb..269458:84 [32ml1[0m=4c22ba..59460c:17
    attributes_queue.go:134:    [32mINFO [0m[12-21|00:00:02.694] generated attributes in payload queue    [32mtxs[0m=1 [32mtimestamp[0m=1,766,255,374
    safedb.go:103:              [32mINFO [0m[12-21|00:00:02.694] Record safe head                         [32ml2[0m=3ee877..fca137:85 [32ml1[0m=4c22ba..59460c:17
    attributes_queue.go:134:    [32mINFO [0m[12-21|00:00:02.700] generated attributes in payload queue    [32mtxs[0m=1 [32mtimestamp[0m=1,766,255,375
    safedb.go:103:              [32mINFO [0m[12-21|00:00:02.700] Record safe head                         [32ml2[0m=200f92..0dafb6:86 [32ml1[0m=4c22ba..59460c:17
    attributes_queue.go:134:    [32mINFO [0m[12-21|00:00:02.705] generated attributes in payload queue    [32mtxs[0m=1 [32mtimestamp[0m=1,766,255,376
    safedb.go:103:              [32mINFO [0m[12-21|00:00:02.705] Record safe head                         [32ml2[0m=f1dd29..a8a5b6:87 [32ml1[0m=4c22ba..59460c:17
    attributes_queue.go:134:    [32mINFO [0m[12-21|00:00:02.713] generated attributes in payload queue    [32mtxs[0m=1 [32mtimestamp[0m=1,766,255,377
    safedb.go:103:              [32mINFO [0m[12-21|00:00:02.713] Record safe head                         [32ml2[0m=205aab..a05ff2:88 [32ml1[0m=4c22ba..59460c:17
    safedb.go:103:              [32mINFO [0m[12-21|00:00:02.717] Record safe head                         [32ml2[0m=c4c6f4..9d98cd:89 [32ml1[0m=4c22ba..59460c:17
    system.go:237:              [32mINFO [0m[12-21|00:00:02.722] Exhausted L1 data                        [32mmode[0m=indexing [32mchainId[0m=901 [32mderivedFrom[0m=4c22ba..59460c:17 [32mderived[0m=c4c6f4..9d98cd:89
    node.go:372:                [32mINFO [0m[12-21|00:00:02.722] Node completed syncing                   [32msyncnode[0m=syncnode-901-1 [32mendpoint[0m=RPCSyncSource(ws://127.0.0.1:62709) [32mchain[0m=901 [32ml2[0m=c4c6f4..9d98cd:89 [32ml1[0m=4c22ba..59460c:17
    sequencer.go:272:           [32mINFO [0m[12-21|00:00:02.951] Sequencer sealed block                   [32mpayloadID[0m=0x03e2a0a8a44d9493 [32mblock[0m=5278b9..fbea10:115 [32mparent[0m=9723fd..88c0f1:114 [32mtxs[0m=1 [32mtime[0m=1,766,255,403
    node.go:788:                [32mINFO [0m[12-21|00:00:02.951] Publishing signed execution payload on p2p [32mid[0m=5278b9..fbea10:115
    payload_success.go:89:      [32mINFO [0m[12-21|00:00:02.952] Inserted new L2 unsafe block             [32mhash[0m=5278b9..fbea10 [32mnumber[0m=115 [32mbuild_time[0m=948.205ms [32minsert_time[0m="930.959µs" [32mtotal_time[0m=949.136ms [32mmgas[0m=0.046 [32mmgasps[0m=0.049
    sequencer.go:341:           [32mINFO [0m[12-21|00:00:02.952] Sequencer inserted block                 [32mblock[0m=5278b9..fbea10:115 [32mparent[0m=9723fd..88c0f1:114
    driver.go:263:              [32mINFO [0m[12-21|00:00:02.952] Scheduled sequencer action               [32mdelta[0m=47.809ms
    sequencer.go:521:           [32mINFO [0m[12-21|00:00:03.001] Started sequencing new block             [32mparent[0m=5278b9..fbea10:115 [32ml1Origin[0m=4c22ba..59460c:17
    driver.go:263:              [32mINFO [0m[12-21|00:00:03.001] Scheduled sequencer action               [32mdelta[0m=948.116ms
    driver.go:344:              [32mINFO [0m[12-21|00:00:03.219] Added L2 block to local state            [32mblock[0m=5278b9..fbea10:115 [32mtx_count[0m=1 [32mtime[0m=1,766,255,403
    sequencer.go:272:           [32mINFO [0m[12-21|00:00:03.952] Sequencer sealed block                   [32mpayloadID[0m=0x03b99533a0ce788f [32mblock[0m=bc8e35..abcdc7:116 [32mparent[0m=5278b9..fbea10:115 [32mtxs[0m=1 [32mtime[0m=1,766,255,404
    node.go:788:                [32mINFO [0m[12-21|00:00:03.952] Publishing signed execution payload on p2p [32mid[0m=bc8e35..abcdc7:116
    payload_success.go:89:      [32mINFO [0m[12-21|00:00:03.959] Inserted new L2 unsafe block             [32mhash[0m=bc8e35..abcdc7 [32mnumber[0m=116 [32mbuild_time[0m=950.580ms [32minsert_time[0m=7.073ms     [32mtotal_time[0m=957.653ms [32mmgas[0m=0.054 [32mmgasps[0m=0.057
    sequencer.go:341:           [32mINFO [0m[12-21|00:00:03.959] Sequencer inserted block                 [32mblock[0m=bc8e35..abcdc7:116 [32mparent[0m=5278b9..fbea10:115
    driver.go:263:              [32mINFO [0m[12-21|00:00:03.959] Scheduled sequencer action               [32mdelta[0m=40.457ms
    sequencer.go:521:           [32mINFO [0m[12-21|00:00:04.001] Started sequencing new block             [32mparent[0m=bc8e35..abcdc7:116 [32ml1Origin[0m=4c22ba..59460c:17
    driver.go:263:              [32mINFO [0m[12-21|00:00:04.002] Scheduled sequencer action               [32mdelta[0m=947.048ms
    txmgr.go:682:               [32mINFO [0m[12-21|00:00:04.010] Publishing transaction                   [32mservice[0m=batcher [32mtx[0m=0xeeb5b78b49e83787ec6af76f3a487c29f23b5e5271dac71f9128f390e6681dc6 [32mnonce[0m=18 [32mgasTipCap[0m=10 [32mgasFeeCap[0m=159,058,702 [32mgasLimit[0m=23880
    driver.go:344:              [32mINFO [0m[12-21|00:00:04.220] Added L2 block to local state            [32mblock[0m=bc8e35..abcdc7:116 [32mtx_count[0m=1 [32mtime[0m=1,766,255,404
    status.go:133:              [32mINFO [0m[12-21|00:00:04.675] New L1 finalized block                   [32ml1_finalized[0m=3a6349..dec8dd:0
    status.go:126:              [32mINFO [0m[12-21|00:00:04.675] New L1 safe block                        [32ml1_safe[0m=e3d367..b6f50c:9
    system.go:237:              [32mINFO [0m[12-21|00:00:04.676] Exhausted L1 data                        [32mmode[0m=indexing [32mchainId[0m=901 [32mderivedFrom[0m=4c22ba..59460c:17 [32mderived[0m=c4c6f4..9d98cd:89
    node.go:372:                [32mINFO [0m[12-21|00:00:04.676] Node completed syncing                   [32msyncnode[0m=syncnode-901-1 [32mendpoint[0m=RPCSyncSource(ws://127.0.0.1:62709) [32mchain[0m=901 [32ml2[0m=c4c6f4..9d98cd:89 [32ml1[0m=4c22ba..59460c:17
    sequencer.go:272:           [32mINFO [0m[12-21|00:00:04.951] Sequencer sealed block                   [32mpayloadID[0m=0x037ddcd42120222a [32mblock[0m=9a4a08..8e2602:117 [32mparent[0m=bc8e35..abcdc7:116 [32mtxs[0m=1 [32mtime[0m=1,766,255,405
    node.go:788:                [32mINFO [0m[12-21|00:00:04.952] Publishing signed execution payload on p2p [32mid[0m=9a4a08..8e2602:117
    payload_success.go:89:      [32mINFO [0m[12-21|00:00:04.954] Inserted new L2 unsafe block             [32mhash[0m=9a4a08..8e2602 [32mnumber[0m=117 [32mbuild_time[0m=949.744ms [32minsert_time[0m=2.739ms     [32mtotal_time[0m=952.484ms [32mmgas[0m=0.046 [32mmgasps[0m=0.048
    sequencer.go:341:           [32mINFO [0m[12-21|00:00:04.954] Sequencer inserted block                 [32mblock[0m=9a4a08..8e2602:117 [32mparent[0m=bc8e35..abcdc7:116
    driver.go:263:              [32mINFO [0m[12-21|00:00:04.955] Scheduled sequencer action               [32mdelta[0m=44.901ms
    sequencer.go:521:           [32mINFO [0m[12-21|00:00:05.001] Started sequencing new block             [32mparent[0m=9a4a08..8e2602:117 [32ml1Origin[0m=4c22ba..59460c:17
    driver.go:263:              [32mINFO [0m[12-21|00:00:05.003] Scheduled sequencer action               [32mdelta[0m=946.634ms
    txmgr.go:682:               [32mINFO [0m[12-21|00:00:05.008] Publishing transaction                   [32mservice[0m=batcher [32mtx[0m=0xeeb5b78b49e83787ec6af76f3a487c29f23b5e5271dac71f9128f390e6681dc6 [32mnonce[0m=18 [32mgasTipCap[0m=10 [32mgasFeeCap[0m=159,058,702 [32mgasLimit[0m=23880
    txmgr.go:888:               [32mINFO [0m[12-21|00:00:05.008] bumping gas price for transaction        [32mservice[0m=batcher [32mtx[0m=0xeeb5b78b49e83787ec6af76f3a487c29f23b5e5271dac71f9128f390e6681dc6 [32mnonce[0m=18 [32mgasTipCap[0m=10 [32mgasFeeCap[0m=159,058,702 [32mgasLimit[0m=23880
    txmgr.go:717:               [32mINFO [0m[12-21|00:00:05.011] Transaction successfully published       [32mservice[0m=batcher [32mtx[0m=0x5a35810176d09422ccb58439af6228334ff0b510968f6a2604dce5978ba55526 [32mnonce[0m=18 [32mgasTipCap[0m=11 [32mgasFeeCap[0m=174,964,573 [32mgasLimit[0m=24218 [32mtx[0m=5a3581..a55526
    driver.go:344:              [32mINFO [0m[12-21|00:00:05.219] Added L2 block to local state            [32mblock[0m=9a4a08..8e2602:117 [32mtx_count[0m=1 [32mtime[0m=1,766,255,405
    l1_accessor.go:174:         [32mINFO [0m[12-21|00:00:05.534] Latest L1 block signal is the same as the tip [32mservice[0m=l1-processor [32mref[0m=89eb69..6a2454:19
    sequencer.go:272:           [32mINFO [0m[12-21|00:00:05.951] Sequencer sealed block                   [32mpayloadID[0m=0x03bbd00cef0f3319 [32mblock[0m=2067c3..2cfc7f:118 [32mparent[0m=9a4a08..8e2602:117 [32mtxs[0m=1 [32mtime[0m=1,766,255,406
    node.go:788:                [32mINFO [0m[12-21|00:00:05.952] Publishing signed execution payload on p2p [32mid[0m=2067c3..2cfc7f:118
    payload_success.go:89:      [32mINFO [0m[12-21|00:00:05.954] Inserted new L2 unsafe block             [32mhash[0m=2067c3..2cfc7f [32mnumber[0m=118 [32mbuild_time[0m=949.527ms [32minsert_time[0m=2.673ms     [32mtotal_time[0m=952.201ms [32mmgas[0m=0.046 [32mmgasps[0m=0.048
    sequencer.go:341:           [32mINFO [0m[12-21|00:00:05.954] Sequencer inserted block                 [32mblock[0m=2067c3..2cfc7f:118 [32mparent[0m=9a4a08..8e2602:117
    driver.go:263:              [32mINFO [0m[12-21|00:00:05.954] Scheduled sequencer action               [32mdelta[0m=45.035ms
    sequencer.go:521:           [32mINFO [0m[12-21|00:00:06.001] Started sequencing new block             [32mparent[0m=2067c3..2cfc7f:118 [32ml1Origin[0m=4c22ba..59460c:17
    driver.go:263:              [32mINFO [0m[12-21|00:00:06.004] Scheduled sequencer action               [32mdelta[0m=945.769ms
    driver.go:344:              [32mINFO [0m[12-21|00:00:06.220] Added L2 block to local state            [32mblock[0m=2067c3..2cfc7f:118 [32mtx_count[0m=1 [32mtime[0m=1,766,255,406
    status.go:133:              [32mINFO [0m[12-21|00:00:06.675] New L1 finalized block                   [32ml1_finalized[0m=3a6349..dec8dd:0
    status.go:126:              [32mINFO [0m[12-21|00:00:06.675] New L1 safe block                        [32ml1_safe[0m=e3d367..b6f50c:9
    system.go:237:              [32mINFO [0m[12-21|00:00:06.676] Exhausted L1 data                        [32mmode[0m=indexing [32mchainId[0m=901 [32mderivedFrom[0m=4c22ba..59460c:17 [32mderived[0m=c4c6f4..9d98cd:89
    node.go:372:                [32mINFO [0m[12-21|00:00:06.676] Node completed syncing                   [32msyncnode[0m=syncnode-901-1 [32mendpoint[0m=RPCSyncSource(ws://127.0.0.1:62709) [32mchain[0m=901 [32ml2[0m=c4c6f4..9d98cd:89 [32ml1[0m=4c22ba..59460c:17
    sequencer.go:272:           [32mINFO [0m[12-21|00:00:06.952] Sequencer sealed block                   [32mpayloadID[0m=0x03b19f86f731afd4 [32mblock[0m=ac25dd..9d092b:119 [32mparent[0m=2067c3..2cfc7f:118 [32mtxs[0m=1 [32mtime[0m=1,766,255,407
    node.go:788:                [32mINFO [0m[12-21|00:00:06.952] Publishing signed execution payload on p2p [32mid[0m=ac25dd..9d092b:119
    payload_success.go:89:      [32mINFO [0m[12-21|00:00:06.954] Inserted new L2 unsafe block             [32mhash[0m=ac25dd..9d092b [32mnumber[0m=119 [32mbuild_time[0m=949.130ms [32minsert_time[0m=2.664ms     [32mtotal_time[0m=951.794ms [32mmgas[0m=0.046 [32mmgasps[0m=0.048
    sequencer.go:341:           [32mINFO [0m[12-21|00:00:06.954] Sequencer inserted block                 [32mblock[0m=ac25dd..9d092b:119 [32mparent[0m=2067c3..2cfc7f:118
    driver.go:263:              [32mINFO [0m[12-21|00:00:06.955] Scheduled sequencer action               [32mdelta[0m=44.875ms
    sequencer.go:521:           [32mINFO [0m[12-21|00:00:07.001] Started sequencing new block             [32mparent[0m=ac25dd..9d092b:119 [32ml1Origin[0m=4c22ba..59460c:17
    driver.go:263:              [32mINFO [0m[12-21|00:00:07.003] Scheduled sequencer action               [32mdelta[0m=946.727ms
    txmgr.go:682:               [32mINFO [0m[12-21|00:00:07.011] Publishing transaction                   [32mservice[0m=batcher [32mtx[0m=0x5a35810176d09422ccb58439af6228334ff0b510968f6a2604dce5978ba55526 [32mnonce[0m=18 [32mgasTipCap[0m=11 [32mgasFeeCap[0m=174,964,573 [32mgasLimit[0m=24218
    driver.go:344:              [32mINFO [0m[12-21|00:00:07.219] Added L2 block to local state            [32mblock[0m=ac25dd..9d092b:119 [32mtx_count[0m=1 [32mtime[0m=1,766,255,407
    sequencer.go:272:           [32mINFO [0m[12-21|00:00:07.952] Sequencer sealed block                   [32mpayloadID[0m=0x03cb880b37ac8b86 [32mblock[0m=95a4fd..d1c5be:120 [32mparent[0m=ac25dd..9d092b:119 [32mtxs[0m=1 [32mtime[0m=1,766,255,408
    node.go:788:                [32mINFO [0m[12-21|00:00:07.952] Publishing signed execution payload on p2p [32mid[0m=95a4fd..d1c5be:120
    payload_success.go:89:      [32mINFO [0m[12-21|00:00:07.955] Inserted new L2 unsafe block             [32mhash[0m=95a4fd..d1c5be [32mnumber[0m=120 [32mbuild_time[0m=949.839ms [32minsert_time[0m=3.494ms     [32mtotal_time[0m=953.333ms [32mmgas[0m=0.046 [32mmgasps[0m=0.048
    sequencer.go:341:           [32mINFO [0m[12-21|00:00:07.955] Sequencer inserted block                 [32mblock[0m=95a4fd..d1c5be:120 [32mparent[0m=ac25dd..9d092b:119
    driver.go:263:              [32mINFO [0m[12-21|00:00:07.956] Scheduled sequencer action               [32mdelta[0m=43.868ms
    sequencer.go:521:           [32mINFO [0m[12-21|00:00:08.000] Started sequencing new block             [32mparent[0m=95a4fd..d1c5be:120 [32ml1Origin[0m=4c22ba..59460c:17
    driver.go:263:              [32mINFO [0m[12-21|00:00:08.003] Scheduled sequencer action               [32mdelta[0m=946.05ms
    txmgr.go:682:               [32mINFO [0m[12-21|00:00:08.008] Publishing transaction                   [32mservice[0m=batcher [32mtx[0m=0x5a35810176d09422ccb58439af6228334ff0b510968f6a2604dce5978ba55526 [32mnonce[0m=18 [32mgasTipCap[0m=11 [32mgasFeeCap[0m=174,964,573 [32mgasLimit[0m=24218
    txmgr.go:888:               [32mINFO [0m[12-21|00:00:08.008] bumping gas price for transaction        [32mservice[0m=batcher [32mtx[0m=0x5a35810176d09422ccb58439af6228334ff0b510968f6a2604dce5978ba55526 [32mnonce[0m=18 [32mgasTipCap[0m=11 [32mgasFeeCap[0m=174,964,573 [32mgasLimit[0m=24218
    txmgr.go:871:               [32mINFO [0m[12-21|00:00:08.012] Transaction confirmed                    [32mservice[0m=batcher [32mtx[0m=5a3581..a55526 [32mblock[0m=1a04ac..0ab551:20 [32meffectiveGasPrice[0m=69,604,312
    txmgr.go:792:               [32mINFO [0m[12-21|00:00:08.012] Transaction receipt not found            [32mservice[0m=batcher [32mtx[0m=0xeeb5b78b49e83787ec6af76f3a487c29f23b5e5271dac71f9128f390e6681dc6 [32mnonce[0m=18 [32mgasTipCap[0m=10 [32mgasFeeCap[0m=159,058,702 [32mgasLimit[0m=23880 [32merr[0m="context canceled"
    txmgr.go:792:               [32mINFO [0m[12-21|00:00:08.012] Transaction receipt not found            [32mservice[0m=batcher [32mtx[0m=0x50b57a184275c0fa9c2a2a952618d6aa15e73b2673dea67a01379d0e9dab55c3 [32mnonce[0m=18 [32mgasTipCap[0m=13 [32mgasFeeCap[0m=192,461,031 [32mgasLimit[0m=24218 [32merr[0m="context canceled"
    txmgr.go:792:               [32mINFO [0m[12-21|00:00:08.012] Transaction receipt not found            [32mservice[0m=batcher [32mtx[0m=0xeeb5b78b49e83787ec6af76f3a487c29f23b5e5271dac71f9128f390e6681dc6 [32mnonce[0m=18 [32mgasTipCap[0m=10 [32mgasFeeCap[0m=159,058,702 [32mgasLimit[0m=23880 [32merr[0m="context canceled"
    txmgr.go:853:               [33mWARN [0m[12-21|00:00:08.013] Unable to fetch blob base fee            [33mservice[0m=batcher [33merr[0m="Post \"http://127.0.0.1:62699\": context canceled"
    txmgr.go:871:               [32mINFO [0m[12-21|00:00:08.013] Transaction confirmed                    [32mservice[0m=batcher [32mtx[0m=5a3581..a55526 [32mblock[0m=1a04ac..0ab551:20 [32meffectiveGasPrice[0m=69,604,312
    driver.go:582:              [32mINFO [0m[12-21|00:00:08.013] Handling receipt                         [32mid[0m=c805e5..81058e:0
    driver.go:1063:             [32mINFO [0m[12-21|00:00:08.013] Transaction confirmed                    [32mtx_id[0m=c805e50d5d607dc294b636f5e481058e:0 [32mtx[0m=5a3581..a55526 [32mblock[0m=1a04ac..0ab551:20
    channel.go:80:              [32mINFO [0m[12-21|00:00:08.013] Channel is fully submitted               [32mid[0m=c805e5..81058e     [32mmin_inclusion_block[0m=20 [32mmax_inclusion_block[0m=20
    txmgr.go:682:               [32mINFO [0m[12-21|00:00:08.014] Publishing transaction                   [32mservice[0m=batcher [32mtx[0m=0x7188ff0891fbcae8f0d9271609fb585ab3f1438161073ab09b4f287916e69f3b [32mnonce[0m=19 [32mgasTipCap[0m=10 [32mgasFeeCap[0m=139,208,612 [32mgasLimit[0m=23850
    txmgr.go:717:               [32mINFO [0m[12-21|00:00:08.014] Transaction successfully published       [32mservice[0m=batcher [32mtx[0m=0x7188ff0891fbcae8f0d9271609fb585ab3f1438161073ab09b4f287916e69f3b [32mnonce[0m=19 [32mgasTipCap[0m=10 [32mgasFeeCap[0m=139,208,612 [32mgasLimit[0m=23850 [32mtx[0m=7188ff..e69f3b
    channel_manager.go:355:     [32mINFO [0m[12-21|00:00:08.015] Created channel                          [32mid[0m=26cddd..4d23e3     [32ml1Head[0m=1a04ac..0ab551:20 [32mblocks_pending[0m=6 [32ml1OriginLastSubmittedChannel[0m=6abecc..f58072:16 [32mbatch_type[0m=1 [32mcompression_algo[0m=brotli [32mtarget_num_frames[0m=1 [32mmax_frame_size[0m=119,999 [32muse_blobs[0m=false
    channel_manager.go:461:     [32mINFO [0m[12-21|00:00:08.020] Channel closed                           [32mid[0m=26cddd..4d23e3     [32mblocks_pending[0m=0 [32mnum_frames[0m=1 [32minput_bytes[0m=52 [32moutput_bytes[0m=80 [32moldest_l1_origin[0m=6abecc..f58072:16 [32ml1_origin[0m=4c22ba..59460c:17 [32moldest_l2[0m=9723fd..88c0f1:114 [32mlatest_l2[0m=ac25dd..9d092b:119 [32mfull_reason[0m="channel full: max channel duration reached" [32mcompr_ratio[0m=1.538
    driver.go:1027:             [32mINFO [0m[12-21|00:00:08.021] Building Calldata transaction candidate  [32msize[0m=81
    system.go:237:              [32mINFO [0m[12-21|00:00:08.099] Exhausted L1 data                        [32mmode[0m=indexing [32mchainId[0m=901 [32mderivedFrom[0m=4c22ba..59460c:17 [32mderived[0m=c4c6f4..9d98cd:89
    node.go:372:                [32mINFO [0m[12-21|00:00:08.099] Node completed syncing                   [32msyncnode[0m=syncnode-901-1 [32mendpoint[0m=RPCSyncSource(ws://127.0.0.1:62709) [32mchain[0m=901 [32ml2[0m=c4c6f4..9d98cd:89 [32ml1[0m=4c22ba..59460c:17
    driver.go:344:              [32mINFO [0m[12-21|00:00:08.219] Added L2 block to local state            [32mblock[0m=95a4fd..d1c5be:120 [32mtx_count[0m=1 [32mtime[0m=1,766,255,408
    l1_accessor.go:192:         [32mINFO [0m[12-21|00:00:08.534] Updated latest known L1 block            [32mservice[0m=l1-processor [32mref[0m=1a04ac..0ab551:20
    status.go:126:              [32mINFO [0m[12-21|00:00:08.676] New L1 safe block                        [32ml1_safe[0m=e3d367..b6f50c:9
    status.go:133:              [32mINFO [0m[12-21|00:00:08.676] New L1 finalized block                   [32ml1_finalized[0m=3a6349..dec8dd:0
    system.go:237:              [32mINFO [0m[12-21|00:00:08.676] Exhausted L1 data                        [32mmode[0m=indexing [32mchainId[0m=901 [32mderivedFrom[0m=4c22ba..59460c:17 [32mderived[0m=c4c6f4..9d98cd:89
    node.go:372:                [32mINFO [0m[12-21|00:00:08.677] Node completed syncing                   [32msyncnode[0m=syncnode-901-1 [32mendpoint[0m=RPCSyncSource(ws://127.0.0.1:62709) [32mchain[0m=901 [32ml2[0m=c4c6f4..9d98cd:89 [32ml1[0m=4c22ba..59460c:17
    system.go:462:              [32mINFO [0m[12-21|00:00:08.678] Received next L1 block                   [32mmode[0m=indexing [32mchainId[0m=901 [32mnextL1[0m=3305b4..bff563:18
    l1_traversal_managed.go:119: [32mINFO [0m[12-21|00:00:08.679] Derivation continued with next L1 block  [32mcurrent[0m=4c22ba..59460c:17 [32mnext[0m=3305b4..bff563:18
    base_batch_stage.go:127:    [32mINFO [0m[12-21|00:00:08.679] Advancing bq origin                      [32morigin[0m=3305b4..bff563:18 [32moriginBehind[0m=false
    channel_assembler.go:99:    [32mINFO [0m[12-21|00:00:08.679] created new channel                      [32mstage[0m=channel [32morigin[0m=3305b4..bff563:18
    channel_in_reader.go:122:   [32mINFO [0m[12-21|00:00:08.679] decoded span batch from channel          [32mbatch_type[0m=SpanBatch [32mbatch_timestamp[0m=1,766,255,378 [32mparent_check[0m=0xc4c6f4a9b36a5a3799b6143f76c0b9e35797385c [32morigin_check[0m=0x1fac1fd91919bcb2552d98a697b2336f1c3f77d9 [32mstart_epoch_number[0m=12 [32mend_epoch_number[0m=13 [32mblock_count[0m=6 [32mtxs[0m=0 [32mcompression_algo[0m=brotli [32mstage_origin[0m=3305b4..bff563:18
    batch_stage.go:142:         [32mINFO [0m[12-21|00:00:08.679] Found next valid span batch              [32morigin[0m=3305b4..bff563:18 [32mepoch[0m=e9dc62..536b35:12 [32mbatch_type[0m=SpanBatch [32mbatch_timestamp[0m=1,766,255,378 [32mparent_check[0m=0xc4c6f4a9b36a5a3799b6143f76c0b9e35797385c [32morigin_check[0m=0x1fac1fd91919bcb2552d98a697b2336f1c3f77d9 [32mstart_epoch_number[0m=12 [32mend_epoch_number[0m=13 [32mblock_count[0m=6 [32mtxs[0m=0
    attributes_queue.go:134:    [32mINFO [0m[12-21|00:00:08.679] generated attributes in payload queue    [32mtxs[0m=1 [32mtimestamp[0m=1,766,255,378
    attributes_queue.go:134:    [32mINFO [0m[12-21|00:00:08.680] generated attributes in payload queue    [32mtxs[0m=1 [32mtimestamp[0m=1,766,255,379
    safedb.go:103:              [32mINFO [0m[12-21|00:00:08.681] Record safe head                         [32ml2[0m=42e288..5f8943:90 [32ml1[0m=3305b4..bff563:18
    attributes_queue.go:134:    [32mINFO [0m[12-21|00:00:08.687] generated attributes in payload queue    [32mtxs[0m=1 [32mtimestamp[0m=1,766,255,380
    safedb.go:103:              [32mINFO [0m[12-21|00:00:08.687] Record safe head                         [32ml2[0m=92104f..dba530:91 [32ml1[0m=3305b4..bff563:18
    attributes_queue.go:134:    [32mINFO [0m[12-21|00:00:08.693] generated attributes in payload queue    [32mtxs[0m=1 [32mtimestamp[0m=1,766,255,381
    safedb.go:103:              [32mINFO [0m[12-21|00:00:08.693] Record safe head                         [32ml2[0m=eabee3..222af7:92 [32ml1[0m=3305b4..bff563:18
    attributes_queue.go:134:    [32mINFO [0m[12-21|00:00:08.699] generated attributes in payload queue    [32mtxs[0m=1 [32mtimestamp[0m=1,766,255,382
    safedb.go:103:              [32mINFO [0m[12-21|00:00:08.699] Record safe head                         [32ml2[0m=fd7dce..cde446:93 [32ml1[0m=3305b4..bff563:18
    attributes_queue.go:134:    [32mINFO [0m[12-21|00:00:08.705] generated attributes in payload queue    [32mtxs[0m=1 [32mtimestamp[0m=1,766,255,383
    safedb.go:103:              [32mINFO [0m[12-21|00:00:08.705] Record safe head                         [32ml2[0m=a00784..e9e1ba:94 [32ml1[0m=3305b4..bff563:18
    safedb.go:103:              [32mINFO [0m[12-21|00:00:08.710] Record safe head                         [32ml2[0m=9dfc14..f70a9e:95 [32ml1[0m=3305b4..bff563:18
    system.go:237:              [32mINFO [0m[12-21|00:00:08.714] Exhausted L1 data                        [32mmode[0m=indexing [32mchainId[0m=901 [32mderivedFrom[0m=3305b4..bff563:18 [32mderived[0m=9dfc14..f70a9e:95
    node.go:372:                [32mINFO [0m[12-21|00:00:08.715] Node completed syncing                   [32msyncnode[0m=syncnode-901-1 [32mendpoint[0m=RPCSyncSource(ws://127.0.0.1:62709) [32mchain[0m=901 [32ml2[0m=9dfc14..f70a9e:95 [32ml1[0m=3305b4..bff563:18
    sequencer.go:272:           [32mINFO [0m[12-21|00:00:08.951] Sequencer sealed block                   [32mpayloadID[0m=0x0391988ab39f4163 [32mblock[0m=7c5414..66b2e9:121 [32mparent[0m=95a4fd..d1c5be:120 [32mtxs[0m=1 [32mtime[0m=1,766,255,409
    node.go:788:                [32mINFO [0m[12-21|00:00:08.952] Publishing signed execution payload on p2p [32mid[0m=7c5414..66b2e9:121
    payload_success.go:89:      [32mINFO [0m[12-21|00:00:08.954] Inserted new L2 unsafe block             [32mhash[0m=7c5414..66b2e9 [32mnumber[0m=121 [32mbuild_time[0m=949.805ms [32minsert_time[0m=2.582ms     [32mtotal_time[0m=952.387ms [32mmgas[0m=0.046 [32mmgasps[0m=0.048
    sequencer.go:341:           [32mINFO [0m[12-21|00:00:08.954] Sequencer inserted block                 [32mblock[0m=7c5414..66b2e9:121 [32mparent[0m=95a4fd..d1c5be:120
    driver.go:263:              [32mINFO [0m[12-21|00:00:08.954] Scheduled sequencer action               [32mdelta[0m=45.151ms
    sequencer.go:521:           [32mINFO [0m[12-21|00:00:09.001] Started sequencing new block             [32mparent[0m=7c5414..66b2e9:121 [32ml1Origin[0m=3305b4..bff563:18
    driver.go:263:              [32mINFO [0m[12-21|00:00:09.003] Scheduled sequencer action               [32mdelta[0m=946.655ms
    driver.go:344:              [32mINFO [0m[12-21|00:00:09.220] Added L2 block to local state            [32mblock[0m=7c5414..66b2e9:121 [32mtx_count[0m=1 [32mtime[0m=1,766,255,409
    sequencer.go:272:           [32mINFO [0m[12-21|00:00:09.951] Sequencer sealed block                   [32mpayloadID[0m=0x0373bf5c624e3fb0 [32mblock[0m=43e1eb..45372d:122 [32mparent[0m=7c5414..66b2e9:121 [32mtxs[0m=1 [32mtime[0m=1,766,255,410
    node.go:788:                [32mINFO [0m[12-21|00:00:09.952] Publishing signed execution payload on p2p [32mid[0m=43e1eb..45372d:122
    payload_success.go:89:      [32mINFO [0m[12-21|00:00:09.954] Inserted new L2 unsafe block             [32mhash[0m=43e1eb..45372d [32mnumber[0m=122 [32mbuild_time[0m=949.496ms [32minsert_time[0m=2.634ms     [32mtotal_time[0m=952.130ms [32mmgas[0m=0.054 [32mmgasps[0m=0.057
    sequencer.go:341:           [32mINFO [0m[12-21|00:00:09.954] Sequencer inserted block                 [32mblock[0m=43e1eb..45372d:122 [32mparent[0m=7c5414..66b2e9:121
    driver.go:263:              [32mINFO [0m[12-21|00:00:09.954] Scheduled sequencer action               [32mdelta[0m=45.076ms
    sequencer.go:521:           [32mINFO [0m[12-21|00:00:10.001] Started sequencing new block             [32mparent[0m=43e1eb..45372d:122 [32ml1Origin[0m=3305b4..bff563:18
    driver.go:263:              [32mINFO [0m[12-21|00:00:10.003] Scheduled sequencer action               [32mdelta[0m=946.631ms
    txmgr.go:682:               [32mINFO [0m[12-21|00:00:10.016] Publishing transaction                   [32mservice[0m=batcher [32mtx[0m=0x7188ff0891fbcae8f0d9271609fb585ab3f1438161073ab09b4f287916e69f3b [32mnonce[0m=19 [32mgasTipCap[0m=10 [32mgasFeeCap[0m=139,208,612 [32mgasLimit[0m=23850
    driver.go:344:              [32mINFO [0m[12-21|00:00:10.219] Added L2 block to local state            [32mblock[0m=43e1eb..45372d:122 [32mtx_count[0m=1 [32mtime[0m=1,766,255,410
    status.go:126:              [32mINFO [0m[12-21|00:00:10.676] New L1 safe block                        [32ml1_safe[0m=0a987e..cb6566:10
    status.go:133:              [32mINFO [0m[12-21|00:00:10.676] New L1 finalized block                   [32ml1_finalized[0m=3a6349..dec8dd:0
    system.go:237:              [32mINFO [0m[12-21|00:00:10.676] Exhausted L1 data                        [32mmode[0m=indexing [32mchainId[0m=901 [32mderivedFrom[0m=3305b4..bff563:18 [32mderived[0m=9dfc14..f70a9e:95
    node.go:372:                [32mINFO [0m[12-21|00:00:10.677] Node completed syncing                   [32msyncnode[0m=syncnode-901-1 [32mendpoint[0m=RPCSyncSource(ws://127.0.0.1:62709) [32mchain[0m=901 [32ml2[0m=9dfc14..f70a9e:95 [32ml1[0m=3305b4..bff563:18
    sequencer.go:272:           [32mINFO [0m[12-21|00:00:10.951] Sequencer sealed block                   [32mpayloadID[0m=0x036881d8669b418b [32mblock[0m=8e1edf..a528e1:123 [32mparent[0m=43e1eb..45372d:122 [32mtxs[0m=1 [32mtime[0m=1,766,255,411
    node.go:788:                [32mINFO [0m[12-21|00:00:10.951] Publishing signed execution payload on p2p [32mid[0m=8e1edf..a528e1:123
    payload_success.go:89:      [32mINFO [0m[12-21|00:00:10.954] Inserted new L2 unsafe block             [32mhash[0m=8e1edf..a528e1 [32mnumber[0m=123 [32mbuild_time[0m=948.815ms [32minsert_time[0m=2.951ms     [32mtotal_time[0m=951.766ms [32mmgas[0m=0.046 [32mmgasps[0m=0.048
    sequencer.go:341:           [32mINFO [0m[12-21|00:00:10.954] Sequencer inserted block                 [32mblock[0m=8e1edf..a528e1:123 [32mparent[0m=43e1eb..45372d:122
    driver.go:263:              [32mINFO [0m[12-21|00:00:10.954] Scheduled sequencer action               [32mdelta[0m=45.51ms
    sequencer.go:521:           [32mINFO [0m[12-21|00:00:11.001] Started sequencing new block             [32mparent[0m=8e1edf..a528e1:123 [32ml1Origin[0m=3305b4..bff563:18
    driver.go:263:              [32mINFO [0m[12-21|00:00:11.003] Scheduled sequencer action               [32mdelta[0m=946.705ms
    txmgr.go:682:               [32mINFO [0m[12-21|00:00:11.014] Publishing transaction                   [32mservice[0m=batcher [32mtx[0m=0x7188ff0891fbcae8f0d9271609fb585ab3f1438161073ab09b4f287916e69f3b [32mnonce[0m=19 [32mgasTipCap[0m=10 [32mgasFeeCap[0m=139,208,612 [32mgasLimit[0m=23850
    txmgr.go:888:               [32mINFO [0m[12-21|00:00:11.014] bumping gas price for transaction        [32mservice[0m=batcher [32mtx[0m=0x7188ff0891fbcae8f0d9271609fb585ab3f1438161073ab09b4f287916e69f3b [32mnonce[0m=19 [32mgasTipCap[0m=10 [32mgasFeeCap[0m=139,208,612 [32mgasLimit[0m=23850
    txmgr.go:717:               [32mINFO [0m[12-21|00:00:11.018] Transaction successfully published       [32mservice[0m=batcher [32mtx[0m=0xc30cb3448965caa69136544e4290e6a10b78b69128fecb9fbd1f18ac3956d7f9 [32mnonce[0m=19 [32mgasTipCap[0m=11 [32mgasFeeCap[0m=153,129,474 [32mgasLimit[0m=24188 [32mtx[0m=c30cb3..56d7f9
    driver.go:344:              [32mINFO [0m[12-21|00:00:11.219] Added L2 block to local state            [32mblock[0m=8e1edf..a528e1:123 [32mtx_count[0m=1 [32mtime[0m=1,766,255,411
    l1_accessor.go:174:         [32mINFO [0m[12-21|00:00:11.534] Latest L1 block signal is the same as the tip [32mservice[0m=l1-processor [32mref[0m=1a04ac..0ab551:20
    sequencer.go:272:           [32mINFO [0m[12-21|00:00:11.952] Sequencer sealed block                   [32mpayloadID[0m=0x0303682cba575769 [32mblock[0m=ceae2f..6c28ea:124 [32mparent[0m=8e1edf..a528e1:123 [32mtxs[0m=1 [32mtime[0m=1,766,255,412
    node.go:788:                [32mINFO [0m[12-21|00:00:11.952] Publishing signed execution payload on p2p [32mid[0m=ceae2f..6c28ea:124
    payload_success.go:89:      [32mINFO [0m[12-21|00:00:11.955] Inserted new L2 unsafe block             [32mhash[0m=ceae2f..6c28ea [32mnumber[0m=124 [32mbuild_time[0m=949.890ms [32minsert_time[0m=3.064ms     [32mtotal_time[0m=952.954ms [32mmgas[0m=0.046 [32mmgasps[0m=0.048
    sequencer.go:341:           [32mINFO [0m[12-21|00:00:11.955] Sequencer inserted block                 [32mblock[0m=ceae2f..6c28ea:124 [32mparent[0m=8e1edf..a528e1:123
    driver.go:263:              [32mINFO [0m[12-21|00:00:11.955] Scheduled sequencer action               [32mdelta[0m=44.305ms
    sequencer.go:521:           [32mINFO [0m[12-21|00:00:12.001] Started sequencing new block             [32mparent[0m=ceae2f..6c28ea:124 [32ml1Origin[0m=3305b4..bff563:18
    driver.go:263:              [32mINFO [0m[12-21|00:00:12.003] Scheduled sequencer action               [32mdelta[0m=946.187ms
    driver.go:344:              [32mINFO [0m[12-21|00:00:12.219] Added L2 block to local state            [32mblock[0m=ceae2f..6c28ea:124 [32mtx_count[0m=1 [32mtime[0m=1,766,255,412
    status.go:133:              [32mINFO [0m[12-21|00:00:12.676] New L1 finalized block                   [32ml1_finalized[0m=3a6349..dec8dd:0
    status.go:126:              [32mINFO [0m[12-21|00:00:12.676] New L1 safe block                        [32ml1_safe[0m=0a987e..cb6566:10
    system.go:237:              [32mINFO [0m[12-21|00:00:12.676] Exhausted L1 data                        [32mmode[0m=indexing [32mchainId[0m=901 [32mderivedFrom[0m=3305b4..bff563:18 [32mderived[0m=9dfc14..f70a9e:95
    node.go:372:                [32mINFO [0m[12-21|00:00:12.676] Node completed syncing                   [32msyncnode[0m=syncnode-901-1 [32mendpoint[0m=RPCSyncSource(ws://127.0.0.1:62709) [32mchain[0m=901 [32ml2[0m=9dfc14..f70a9e:95 [32ml1[0m=3305b4..bff563:18
    sequencer.go:272:           [32mINFO [0m[12-21|00:00:12.951] Sequencer sealed block                   [32mpayloadID[0m=0x03c24227fe6219d0 [32mblock[0m=45c696..56ce04:125 [32mparent[0m=ceae2f..6c28ea:124 [32mtxs[0m=1 [32mtime[0m=1,766,255,413
    node.go:788:                [32mINFO [0m[12-21|00:00:12.952] Publishing signed execution payload on p2p [32mid[0m=45c696..56ce04:125
    payload_success.go:89:      [32mINFO [0m[12-21|00:00:12.954] Inserted new L2 unsafe block             [32mhash[0m=45c696..56ce04 [32mnumber[0m=125 [32mbuild_time[0m=949.270ms [32minsert_time[0m=2.873ms     [32mtotal_time[0m=952.144ms [32mmgas[0m=0.046 [32mmgasps[0m=0.048
    sequencer.go:341:           [32mINFO [0m[12-21|00:00:12.955] Sequencer inserted block                 [32mblock[0m=45c696..56ce04:125 [32mparent[0m=ceae2f..6c28ea:124
    driver.go:263:              [32mINFO [0m[12-21|00:00:12.955] Scheduled sequencer action               [32mdelta[0m=44.824ms
    sequencer.go:521:           [32mINFO [0m[12-21|00:00:13.001] Started sequencing new block             [32mparent[0m=45c696..56ce04:125 [32ml1Origin[0m=3305b4..bff563:18
    driver.go:263:              [32mINFO [0m[12-21|00:00:13.003] Scheduled sequencer action               [32mdelta[0m=946.495ms
    txmgr.go:682:               [32mINFO [0m[12-21|00:00:13.018] Publishing transaction                   [32mservice[0m=batcher [32mtx[0m=0xc30cb3448965caa69136544e4290e6a10b78b69128fecb9fbd1f18ac3956d7f9 [32mnonce[0m=19 [32mgasTipCap[0m=11 [32mgasFeeCap[0m=153,129,474 [32mgasLimit[0m=24188
    driver.go:344:              [32mINFO [0m[12-21|00:00:13.219] Added L2 block to local state            [32mblock[0m=45c696..56ce04:125 [32mtx_count[0m=1 [32mtime[0m=1,766,255,413
    sequencer.go:272:           [32mINFO [0m[12-21|00:00:13.952] Sequencer sealed block                   [32mpayloadID[0m=0x03cc80d4250d1ec5 [32mblock[0m=9245d9..40dbe2:126 [32mparent[0m=45c696..56ce04:125 [32mtxs[0m=1 [32mtime[0m=1,766,255,414
    node.go:788:                [32mINFO [0m[12-21|00:00:13.952] Publishing signed execution payload on p2p [32mid[0m=9245d9..40dbe2:126
    payload_success.go:89:      [32mINFO [0m[12-21|00:00:13.955] Inserted new L2 unsafe block             [32mhash[0m=9245d9..40dbe2 [32mnumber[0m=126 [32mbuild_time[0m=949.621ms [32minsert_time[0m=2.986ms     [32mtotal_time[0m=952.607ms [32mmgas[0m=0.046 [32mmgasps[0m=0.048
    sequencer.go:341:           [32mINFO [0m[12-21|00:00:13.955] Sequencer inserted block                 [32mblock[0m=9245d9..40dbe2:126 [32mparent[0m=45c696..56ce04:125
    driver.go:263:              [32mINFO [0m[12-21|00:00:13.955] Scheduled sequencer action               [32mdelta[0m=44.469ms
    sequencer.go:521:           [32mINFO [0m[12-21|00:00:14.001] Started sequencing new block             [32mparent[0m=9245d9..40dbe2:126 [32ml1Origin[0m=3305b4..bff563:18
    driver.go:263:              [32mINFO [0m[12-21|00:00:14.003] Scheduled sequencer action               [32mdelta[0m=946.108ms
    system.go:237:              [32mINFO [0m[12-21|00:00:14.012] Exhausted L1 data                        [32mmode[0m=indexing [32mchainId[0m=901 [32mderivedFrom[0m=3305b4..bff563:18 [32mderived[0m=9dfc14..f70a9e:95
    node.go:372:                [32mINFO [0m[12-21|00:00:14.012] Node completed syncing                   [32msyncnode[0m=syncnode-901-1 [32mendpoint[0m=RPCSyncSource(ws://127.0.0.1:62709) [32mchain[0m=901 [32ml2[0m=9dfc14..f70a9e:95 [32ml1[0m=3305b4..bff563:18
    txmgr.go:682:               [32mINFO [0m[12-21|00:00:14.014] Publishing transaction                   [32mservice[0m=batcher [32mtx[0m=0xc30cb3448965caa69136544e4290e6a10b78b69128fecb9fbd1f18ac3956d7f9 [32mnonce[0m=19 [32mgasTipCap[0m=11 [32mgasFeeCap[0m=153,129,474 [32mgasLimit[0m=24188
    txmgr.go:888:               [32mINFO [0m[12-21|00:00:14.014] bumping gas price for transaction        [32mservice[0m=batcher [32mtx[0m=0xc30cb3448965caa69136544e4290e6a10b78b69128fecb9fbd1f18ac3956d7f9 [32mnonce[0m=19 [32mgasTipCap[0m=11 [32mgasFeeCap[0m=153,129,474 [32mgasLimit[0m=24188
    txmgr.go:871:               [32mINFO [0m[12-21|00:00:14.019] Transaction confirmed                    [32mservice[0m=batcher [32mtx[0m=c30cb3..56d7f9 [32mblock[0m=33abdb..e4c4e2:21 [32meffectiveGasPrice[0m=60,917,899
    txmgr.go:792:               [32mINFO [0m[12-21|00:00:14.019] Transaction receipt not found            [32mservice[0m=batcher [32mtx[0m=0x7188ff0891fbcae8f0d9271609fb585ab3f1438161073ab09b4f287916e69f3b [32mnonce[0m=19 [32mgasTipCap[0m=10 [32mgasFeeCap[0m=139,208,612 [32mgasLimit[0m=23850 [32merr[0m="context canceled"
    txmgr.go:792:               [32mINFO [0m[12-21|00:00:14.019] Transaction receipt not found            [32mservice[0m=batcher [32mtx[0m=0x7188ff0891fbcae8f0d9271609fb585ab3f1438161073ab09b4f287916e69f3b [32mnonce[0m=19 [32mgasTipCap[0m=10 [32mgasFeeCap[0m=139,208,612 [32mgasLimit[0m=23850 [32merr[0m="context canceled"
    txmgr.go:845:               [31mERROR[0m[12-21|00:00:14.019] Unable to fetch tip                      [31mservice[0m=batcher [31merr[0m="Post \"http://127.0.0.1:62699\": context canceled"
    txmgr.go:792:               [32mINFO [0m[12-21|00:00:14.019] Transaction receipt not found            [32mservice[0m=batcher [32mtx[0m=0xc30cb3448965caa69136544e4290e6a10b78b69128fecb9fbd1f18ac3956d7f9 [32mnonce[0m=19 [32mgasTipCap[0m=11 [32mgasFeeCap[0m=153,129,474 [32mgasLimit[0m=24188 [32merr[0m="context canceled"
    txmgr.go:792:               [32mINFO [0m[12-21|00:00:14.019] Transaction receipt not found            [32mservice[0m=batcher [32mtx[0m=0xf0e4be2f740f5eadabb6050cf4c8057108cd6e4880f4eaf408eaa3923bf179f2 [32mnonce[0m=19 [32mgasTipCap[0m=13 [32mgasFeeCap[0m=168,442,422 [32mgasLimit[0m=24188 [32merr[0m="context canceled"
    driver.go:582:              [32mINFO [0m[12-21|00:00:14.019] Handling receipt                         [32mid[0m=5b20f2..c88ec5:0
    driver.go:1063:             [32mINFO [0m[12-21|00:00:14.019] Transaction confirmed                    [32mtx_id[0m=5b20f28d351618bfb5d1ddc66ec88ec5:0 [32mtx[0m=c30cb3..56d7f9 [32mblock[0m=33abdb..e4c4e2:21
    channel.go:80:              [32mINFO [0m[12-21|00:00:14.019] Channel is fully submitted               [32mid[0m=5b20f2..c88ec5     [32mmin_inclusion_block[0m=21 [32mmax_inclusion_block[0m=21
    txmgr.go:682:               [32mINFO [0m[12-21|00:00:14.021] Publishing transaction                   [32mservice[0m=batcher [32mtx[0m=0xca38a571f119ef990210d7c569d67bbe5c797350038ba6e304296874ac6e82f2 [32mnonce[0m=20 [32mgasTipCap[0m=11 [32mgasFeeCap[0m=121,835,787 [32mgasLimit[0m=23880
    channel_manager.go:355:     [32mINFO [0m[12-21|00:00:14.022] Created channel                          [32mid[0m=08d791..8f9719     [32ml1Head[0m=33abdb..e4c4e2:21 [32mblocks_pending[0m=6 [32ml1OriginLastSubmittedChannel[0m=4c22ba..59460c:17 [32mbatch_type[0m=1 [32mcompression_algo[0m=brotli [32mtarget_num_frames[0m=1 [32mmax_frame_size[0m=119,999 [32muse_blobs[0m=false
    txmgr.go:717:               [32mINFO [0m[12-21|00:00:14.022] Transaction successfully published       [32mservice[0m=batcher [32mtx[0m=0xca38a571f119ef990210d7c569d67bbe5c797350038ba6e304296874ac6e82f2 [32mnonce[0m=20 [32mgasTipCap[0m=11 [32mgasFeeCap[0m=121,835,787 [32mgasLimit[0m=23880 [32mtx[0m=ca38a5..6e82f2
    channel_manager.go:461:     [32mINFO [0m[12-21|00:00:14.027] Channel closed                           [32mid[0m=08d791..8f9719     [32mblocks_pending[0m=0 [32mnum_frames[0m=1 [32minput_bytes[0m=52 [32moutput_bytes[0m=80 [32moldest_l1_origin[0m=4c22ba..59460c:17 [32ml1_origin[0m=3305b4..bff563:18 [32moldest_l2[0m=95a4fd..d1c5be:120 [32mlatest_l2[0m=45c696..56ce04:125 [32mfull_reason[0m="channel full: max channel duration reached" [32mcompr_ratio[0m=1.538
    driver.go:1027:             [32mINFO [0m[12-21|00:00:14.027] Building Calldata transaction candidate  [32msize[0m=81
    driver.go:344:              [32mINFO [0m[12-21|00:00:14.219] Added L2 block to local state            [32mblock[0m=9245d9..40dbe2:126 [32mtx_count[0m=1 [32mtime[0m=1,766,255,414
    l1_accessor.go:192:         [32mINFO [0m[12-21|00:00:14.534] Updated latest known L1 block            [32mservice[0m=l1-processor [32mref[0m=33abdb..e4c4e2:21
    status.go:126:              [32mINFO [0m[12-21|00:00:14.675] New L1 safe block                        [32ml1_safe[0m=0a987e..cb6566:10
    status.go:133:              [32mINFO [0m[12-21|00:00:14.675] New L1 finalized block                   [32ml1_finalized[0m=3a6349..dec8dd:0
    system.go:237:              [32mINFO [0m[12-21|00:00:14.675] Exhausted L1 data                        [32mmode[0m=indexing [32mchainId[0m=901 [32mderivedFrom[0m=3305b4..bff563:18 [32mderived[0m=9dfc14..f70a9e:95
    node.go:372:                [32mINFO [0m[12-21|00:00:14.676] Node completed syncing                   [32msyncnode[0m=syncnode-901-1 [32mendpoint[0m=RPCSyncSource(ws://127.0.0.1:62709) [32mchain[0m=901 [32ml2[0m=9dfc14..f70a9e:95 [32ml1[0m=3305b4..bff563:18
    system.go:462:              [32mINFO [0m[12-21|00:00:14.677] Received next L1 block                   [32mmode[0m=indexing [32mchainId[0m=901 [32mnextL1[0m=89eb69..6a2454:19
    l1_traversal_managed.go:119: [32mINFO [0m[12-21|00:00:14.678] Derivation continued with next L1 block  [32mcurrent[0m=3305b4..bff563:18 [32mnext[0m=89eb69..6a2454:19
    base_batch_stage.go:127:    [32mINFO [0m[12-21|00:00:14.678] Advancing bq origin                      [32morigin[0m=89eb69..6a2454:19 [32moriginBehind[0m=false
    channel_assembler.go:99:    [32mINFO [0m[12-21|00:00:14.678] created new channel                      [32mstage[0m=channel [32morigin[0m=89eb69..6a2454:19
    channel_in_reader.go:122:   [32mINFO [0m[12-21|00:00:14.678] decoded span batch from channel          [32mbatch_type[0m=SpanBatch [32mbatch_timestamp[0m=1,766,255,384 [32mparent_check[0m=0x9dfc142f0e5d5840f5b114ce7fd85efc1d093a75 [32morigin_check[0m=0xe06264968956107cd345d2f42feeaa04c06b5eb4 [32mstart_epoch_number[0m=13 [32mend_epoch_number[0m=14 [32mblock_count[0m=6 [32mtxs[0m=0 [32mcompression_algo[0m=brotli [32mstage_origin[0m=89eb69..6a2454:19
    batch_stage.go:142:         [32mINFO [0m[12-21|00:00:14.678] Found next valid span batch              [32morigin[0m=89eb69..6a2454:19 [32mepoch[0m=1fac1f..e7169c:13 [32mbatch_type[0m=SpanBatch [32mbatch_timestamp[0m=1,766,255,384 [32mparent_check[0m=0x9dfc142f0e5d5840f5b114ce7fd85efc1d093a75 [32morigin_check[0m=0xe06264968956107cd345d2f42feeaa04c06b5eb4 [32mstart_epoch_number[0m=13 [32mend_epoch_number[0m=14 [32mblock_count[0m=6 [32mtxs[0m=0
    attributes_queue.go:134:    [32mINFO [0m[12-21|00:00:14.678] generated attributes in payload queue    [32mtxs[0m=1 [32mtimestamp[0m=1,766,255,384
    attributes_queue.go:134:    [32mINFO [0m[12-21|00:00:14.680] generated attributes in payload queue    [32mtxs[0m=1 [32mtimestamp[0m=1,766,255,385
    safedb.go:103:              [32mINFO [0m[12-21|00:00:14.680] Record safe head                         [32ml2[0m=cb4b28..e47420:96 [32ml1[0m=89eb69..6a2454:19
    attributes_queue.go:134:    [32mINFO [0m[12-21|00:00:14.686] generated attributes in payload queue    [32mtxs[0m=1 [32mtimestamp[0m=1,766,255,386
    safedb.go:103:              [32mINFO [0m[12-21|00:00:14.686] Record safe head                         [32ml2[0m=6491bf..eb250c:97 [32ml1[0m=89eb69..6a2454:19
    attributes_queue.go:134:    [32mINFO [0m[12-21|00:00:14.691] generated attributes in payload queue    [32mtxs[0m=1 [32mtimestamp[0m=1,766,255,387
    safedb.go:103:              [32mINFO [0m[12-21|00:00:14.691] Record safe head                         [32ml2[0m=1ac20a..ecc9ce:98 [32ml1[0m=89eb69..6a2454:19
    attributes_queue.go:134:    [32mINFO [0m[12-21|00:00:14.696] generated attributes in payload queue    [32mtxs[0m=1 [32mtimestamp[0m=1,766,255,388
    safedb.go:103:              [32mINFO [0m[12-21|00:00:14.696] Record safe head                         [32ml2[0m=fd33b0..e7b43b:99 [32ml1[0m=89eb69..6a2454:19
    attributes_queue.go:134:    [32mINFO [0m[12-21|00:00:14.701] generated attributes in payload queue    [32mtxs[0m=1 [32mtimestamp[0m=1,766,255,389
    safedb.go:103:              [32mINFO [0m[12-21|00:00:14.701] Record safe head                         [32ml2[0m=1cb027..512f10:100 [32ml1[0m=89eb69..6a2454:19
    safedb.go:103:              [32mINFO [0m[12-21|00:00:14.706] Record safe head                         [32ml2[0m=5dc4f6..41206e:101 [32ml1[0m=89eb69..6a2454:19
    system.go:237:              [32mINFO [0m[12-21|00:00:14.710] Exhausted L1 data                        [32mmode[0m=indexing [32mchainId[0m=901 [32mderivedFrom[0m=89eb69..6a2454:19 [32mderived[0m=5dc4f6..41206e:101
    node.go:372:                [32mINFO [0m[12-21|00:00:14.711] Node completed syncing                   [32msyncnode[0m=syncnode-901-1 [32mendpoint[0m=RPCSyncSource(ws://127.0.0.1:62709) [32mchain[0m=901 [32ml2[0m=5dc4f6..41206e:101 [32ml1[0m=89eb69..6a2454:19
    sequencer.go:272:           [32mINFO [0m[12-21|00:00:14.952] Sequencer sealed block                   [32mpayloadID[0m=0x03c0090a8e10f1b8 [32mblock[0m=cfb26d..bca531:127 [32mparent[0m=9245d9..40dbe2:126 [32mtxs[0m=1 [32mtime[0m=1,766,255,415
    node.go:788:                [32mINFO [0m[12-21|00:00:14.952] Publishing signed execution payload on p2p [32mid[0m=cfb26d..bca531:127
    payload_success.go:89:      [32mINFO [0m[12-21|00:00:14.954] Inserted new L2 unsafe block             [32mhash[0m=cfb26d..bca531 [32mnumber[0m=127 [32mbuild_time[0m=949.069ms [32minsert_time[0m=2.670ms     [32mtotal_time[0m=951.739ms [32mmgas[0m=0.046 [32mmgasps[0m=0.048
    sequencer.go:341:           [32mINFO [0m[12-21|00:00:14.954] Sequencer inserted block                 [32mblock[0m=cfb26d..bca531:127 [32mparent[0m=9245d9..40dbe2:126
    driver.go:263:              [32mINFO [0m[12-21|00:00:14.955] Scheduled sequencer action               [32mdelta[0m=44.952ms
    sequencer.go:521:           [32mINFO [0m[12-21|00:00:15.001] Started sequencing new block             [32mparent[0m=cfb26d..bca531:127 [32ml1Origin[0m=89eb69..6a2454:19
    driver.go:263:              [32mINFO [0m[12-21|00:00:15.003] Scheduled sequencer action               [32mdelta[0m=946.606ms
    driver.go:344:              [32mINFO [0m[12-21|00:00:15.220] Added L2 block to local state            [32mblock[0m=cfb26d..bca531:127 [32mtx_count[0m=1 [32mtime[0m=1,766,255,415
    sequencer.go:272:           [32mINFO [0m[12-21|00:00:15.951] Sequencer sealed block                   [32mpayloadID[0m=0x035384af312936a1 [32mblock[0m=56a6f3..30911a:128 [32mparent[0m=cfb26d..bca531:127 [32mtxs[0m=1 [32mtime[0m=1,766,255,416
    node.go:788:                [32mINFO [0m[12-21|00:00:15.951] Publishing signed execution payload on p2p [32mid[0m=56a6f3..30911a:128
    payload_success.go:89:      [32mINFO [0m[12-21|00:00:15.954] Inserted new L2 unsafe block             [32mhash[0m=56a6f3..30911a [32mnumber[0m=128 [32mbuild_time[0m=949.365ms [32minsert_time[0m=2.766ms     [32mtotal_time[0m=952.131ms [32mmgas[0m=0.054 [32mmgasps[0m=0.057
    sequencer.go:341:           [32mINFO [0m[12-21|00:00:15.954] Sequencer inserted block                 [32mblock[0m=56a6f3..30911a:128 [32mparent[0m=cfb26d..bca531:127
    driver.go:263:              [32mINFO [0m[12-21|00:00:15.954] Scheduled sequencer action               [32mdelta[0m=45.181ms
    sequencer.go:521:           [32mINFO [0m[12-21|00:00:16.001] Started sequencing new block             [32mparent[0m=56a6f3..30911a:128 [32ml1Origin[0m=89eb69..6a2454:19
    driver.go:263:              [32mINFO [0m[12-21|00:00:16.003] Scheduled sequencer action               [32mdelta[0m=946.561ms
    txmgr.go:682:               [32mINFO [0m[12-21|00:00:16.023] Publishing transaction                   [32mservice[0m=batcher [32mtx[0m=0xca38a571f119ef990210d7c569d67bbe5c797350038ba6e304296874ac6e82f2 [32mnonce[0m=20 [32mgasTipCap[0m=11 [32mgasFeeCap[0m=121,835,787 [32mgasLimit[0m=23880
    driver.go:344:              [32mINFO [0m[12-21|00:00:16.220] Added L2 block to local state            [32mblock[0m=56a6f3..30911a:128 [32mtx_count[0m=1 [32mtime[0m=1,766,255,416
    status.go:126:              [32mINFO [0m[12-21|00:00:16.675] New L1 safe block                        [32ml1_safe[0m=951bef..83e30b:11
    status.go:133:              [32mINFO [0m[12-21|00:00:16.675] New L1 finalized block                   [32ml1_finalized[0m=482c43..4eda3f:1
    system.go:237:              [32mINFO [0m[12-21|00:00:16.676] Exhausted L1 data                        [32mmode[0m=indexing [32mchainId[0m=901 [32mderivedFrom[0m=89eb69..6a2454:19 [32mderived[0m=5dc4f6..41206e:101
    node.go:372:                [32mINFO [0m[12-21|00:00:16.676] Node completed syncing                   [32msyncnode[0m=syncnode-901-1 [32mendpoint[0m=RPCSyncSource(ws://127.0.0.1:62709) [32mchain[0m=901 [32ml2[0m=5dc4f6..41206e:101 [32ml1[0m=89eb69..6a2454:19
    sequencer.go:272:           [32mINFO [0m[12-21|00:00:16.952] Sequencer sealed block                   [32mpayloadID[0m=0x03b6c10e75b926b2 [32mblock[0m=fa7f7d..8f7790:129 [32mparent[0m=56a6f3..30911a:128 [32mtxs[0m=1 [32mtime[0m=1,766,255,417
    node.go:788:                [32mINFO [0m[12-21|00:00:16.952] Publishing signed execution payload on p2p [32mid[0m=fa7f7d..8f7790:129
    payload_success.go:89:      [32mINFO [0m[12-21|00:00:16.955] Inserted new L2 unsafe block             [32mhash[0m=fa7f7d..8f7790 [32mnumber[0m=129 [32mbuild_time[0m=950.113ms [32minsert_time[0m=3.343ms     [32mtotal_time[0m=953.457ms [32mmgas[0m=0.046 [32mmgasps[0m=0.048
    sequencer.go:341:           [32mINFO [0m[12-21|00:00:16.956] Sequencer inserted block                 [32mblock[0m=fa7f7d..8f7790:129 [32mparent[0m=56a6f3..30911a:128
    driver.go:263:              [32mINFO [0m[12-21|00:00:16.956] Scheduled sequencer action               [32mdelta[0m=43.773ms
    sequencer.go:521:           [32mINFO [0m[12-21|00:00:17.001] Started sequencing new block             [32mparent[0m=fa7f7d..8f7790:129 [32ml1Origin[0m=89eb69..6a2454:19
    driver.go:263:              [32mINFO [0m[12-21|00:00:17.003] Scheduled sequencer action               [32mdelta[0m=946.345ms
    txmgr.go:682:               [32mINFO [0m[12-21|00:00:17.022] Publishing transaction                   [32mservice[0m=batcher [32mtx[0m=0xca38a571f119ef990210d7c569d67bbe5c797350038ba6e304296874ac6e82f2 [32mnonce[0m=20 [32mgasTipCap[0m=11 [32mgasFeeCap[0m=121,835,787 [32mgasLimit[0m=23880
    txmgr.go:888:               [32mINFO [0m[12-21|00:00:17.022] bumping gas price for transaction        [32mservice[0m=batcher [32mtx[0m=0xca38a571f119ef990210d7c569d67bbe5c797350038ba6e304296874ac6e82f2 [32mnonce[0m=20 [32mgasTipCap[0m=11 [32mgasFeeCap[0m=121,835,787 [32mgasLimit[0m=23880
    txmgr.go:717:               [32mINFO [0m[12-21|00:00:17.026] Transaction successfully published       [32mservice[0m=batcher [32mtx[0m=0xce0e77955e6c2a94648c908151adf1de45810d5d9499b25f904822caea106db9 [32mnonce[0m=20 [32mgasTipCap[0m=13 [32mgasFeeCap[0m=134,019,366 [32mgasLimit[0m=24218 [32mtx[0m=ce0e77..106db9
    driver.go:344:              [32mINFO [0m[12-21|00:00:17.220] Added L2 block to local state            [32mblock[0m=fa7f7d..8f7790:129 [32mtx_count[0m=1 [32mtime[0m=1,766,255,417
    l1_accessor.go:174:         [32mINFO [0m[12-21|00:00:17.534] Latest L1 block signal is the same as the tip [32mservice[0m=l1-processor [32mref[0m=33abdb..e4c4e2:21
    sequencer.go:272:           [32mINFO [0m[12-21|00:00:17.952] Sequencer sealed block                   [32mpayloadID[0m=0x030c688de69fbc32 [32mblock[0m=2b6fd3..b73374:130 [32mparent[0m=fa7f7d..8f7790:129 [32mtxs[0m=1 [32mtime[0m=1,766,255,418
    node.go:788:                [32mINFO [0m[12-21|00:00:17.952] Publishing signed execution payload on p2p [32mid[0m=2b6fd3..b73374:130
    payload_success.go:89:      [32mINFO [0m[12-21|00:00:17.955] Inserted new L2 unsafe block             [32mhash[0m=2b6fd3..b73374 [32mnumber[0m=130 [32mbuild_time[0m=949.502ms [32minsert_time[0m=3.017ms     [32mtotal_time[0m=952.520ms [32mmgas[0m=0.046 [32mmgasps[0m=0.048
    sequencer.go:341:           [32mINFO [0m[12-21|00:00:17.955] Sequencer inserted block                 [32mblock[0m=2b6fd3..b73374:130 [32mparent[0m=fa7f7d..8f7790:129
    driver.go:263:              [32mINFO [0m[12-21|00:00:17.955] Scheduled sequencer action               [32mdelta[0m=44.473ms
    sequencer.go:521:           [32mINFO [0m[12-21|00:00:18.001] Started sequencing new block             [32mparent[0m=2b6fd3..b73374:130 [32ml1Origin[0m=89eb69..6a2454:19
    driver.go:263:              [32mINFO [0m[12-21|00:00:18.003] Scheduled sequencer action               [32mdelta[0m=946.565ms
    driver.go:344:              [32mINFO [0m[12-21|00:00:18.220] Added L2 block to local state            [32mblock[0m=2b6fd3..b73374:130 [32mtx_count[0m=1 [32mtime[0m=1,766,255,418
    status.go:126:              [32mINFO [0m[12-21|00:00:18.675] New L1 safe block                        [32ml1_safe[0m=951bef..83e30b:11
    status.go:133:              [32mINFO [0m[12-21|00:00:18.676] New L1 finalized block                   [32ml1_finalized[0m=482c43..4eda3f:1
    system.go:237:              [32mINFO [0m[12-21|00:00:18.676] Exhausted L1 data                        [32mmode[0m=indexing [32mchainId[0m=901 [32mderivedFrom[0m=89eb69..6a2454:19 [32mderived[0m=5dc4f6..41206e:101
    node.go:372:                [32mINFO [0m[12-21|00:00:18.676] Node completed syncing                   [32msyncnode[0m=syncnode-901-1 [32mendpoint[0m=RPCSyncSource(ws://127.0.0.1:62709) [32mchain[0m=901 [32ml2[0m=5dc4f6..41206e:101 [32ml1[0m=89eb69..6a2454:19
    sequencer.go:272:           [32mINFO [0m[12-21|00:00:18.951] Sequencer sealed block                   [32mpayloadID[0m=0x03b73f5fe1752311 [32mblock[0m=a03f3f..a88ccf:131 [32mparent[0m=2b6fd3..b73374:130 [32mtxs[0m=1 [32mtime[0m=1,766,255,419
    node.go:788:                [32mINFO [0m[12-21|00:00:18.952] Publishing signed execution payload on p2p [32mid[0m=a03f3f..a88ccf:131
    payload_success.go:89:      [32mINFO [0m[12-21|00:00:18.954] Inserted new L2 unsafe block             [32mhash[0m=a03f3f..a88ccf [32mnumber[0m=131 [32mbuild_time[0m=949.425ms [32minsert_time[0m=2.641ms     [32mtotal_time[0m=952.067ms [32mmgas[0m=0.046 [32mmgasps[0m=0.048
    sequencer.go:341:           [32mINFO [0m[12-21|00:00:18.954] Sequencer inserted block                 [32mblock[0m=a03f3f..a88ccf:131 [32mparent[0m=2b6fd3..b73374:130
    driver.go:263:              [32mINFO [0m[12-21|00:00:18.954] Scheduled sequencer action               [32mdelta[0m=45.066ms
    sequencer.go:521:           [32mINFO [0m[12-21|00:00:19.001] Started sequencing new block             [32mparent[0m=a03f3f..a88ccf:131 [32ml1Origin[0m=89eb69..6a2454:19
    driver.go:263:              [32mINFO [0m[12-21|00:00:19.003] Scheduled sequencer action               [32mdelta[0m=946.568ms
    txmgr.go:682:               [32mINFO [0m[12-21|00:00:19.026] Publishing transaction                   [32mservice[0m=batcher [32mtx[0m=0xce0e77955e6c2a94648c908151adf1de45810d5d9499b25f904822caea106db9 [32mnonce[0m=20 [32mgasTipCap[0m=13 [32mgasFeeCap[0m=134,019,366 [32mgasLimit[0m=24218
    driver.go:344:              [32mINFO [0m[12-21|00:00:19.220] Added L2 block to local state            [32mblock[0m=a03f3f..a88ccf:131 [32mtx_count[0m=1 [32mtime[0m=1,766,255,419
    sequencer.go:272:           [32mINFO [0m[12-21|00:00:19.951] Sequencer sealed block                   [32mpayloadID[0m=0x03403c1ba4705c6b [32mblock[0m=2a571e..7092fe:132 [32mparent[0m=a03f3f..a88ccf:131 [32mtxs[0m=1 [32mtime[0m=1,766,255,420
    node.go:788:                [32mINFO [0m[12-21|00:00:19.952] Publishing signed execution payload on p2p [32mid[0m=2a571e..7092fe:132
    payload_success.go:89:      [32mINFO [0m[12-21|00:00:19.954] Inserted new L2 unsafe block             [32mhash[0m=2a571e..7092fe [32mnumber[0m=132 [32mbuild_time[0m=949.328ms [32minsert_time[0m=2.567ms     [32mtotal_time[0m=951.895ms [32mmgas[0m=0.046 [32mmgasps[0m=0.048
    sequencer.go:341:           [32mINFO [0m[12-21|00:00:19.954] Sequencer inserted block                 [32mblock[0m=2a571e..7092fe:132 [32mparent[0m=a03f3f..a88ccf:131
    driver.go:263:              [32mINFO [0m[12-21|00:00:19.954] Scheduled sequencer action               [32mdelta[0m=45.226ms
    sequencer.go:521:           [32mINFO [0m[12-21|00:00:20.001] Started sequencing new block             [32mparent[0m=2a571e..7092fe:132 [32ml1Origin[0m=89eb69..6a2454:19
    driver.go:263:              [32mINFO [0m[12-21|00:00:20.004] Scheduled sequencer action               [32mdelta[0m=945.905ms
    txmgr.go:682:               [32mINFO [0m[12-21|00:00:20.022] Publishing transaction                   [32mservice[0m=batcher [32mtx[0m=0xce0e77955e6c2a94648c908151adf1de45810d5d9499b25f904822caea106db9 [32mnonce[0m=20 [32mgasTipCap[0m=13 [32mgasFeeCap[0m=134,019,366 [32mgasLimit[0m=24218
    txmgr.go:888:               [32mINFO [0m[12-21|00:00:20.022] bumping gas price for transaction        [32mservice[0m=batcher [32mtx[0m=0xce0e77955e6c2a94648c908151adf1de45810d5d9499b25f904822caea106db9 [32mnonce[0m=20 [32mgasTipCap[0m=13 [32mgasFeeCap[0m=134,019,366 [32mgasLimit[0m=24218
    system.go:237:              [32mINFO [0m[12-21|00:00:20.023] Exhausted L1 data                        [32mmode[0m=indexing [32mchainId[0m=901 [32mderivedFrom[0m=89eb69..6a2454:19 [32mderived[0m=5dc4f6..41206e:101
    node.go:372:                [32mINFO [0m[12-21|00:00:20.023] Node completed syncing                   [32msyncnode[0m=syncnode-901-1 [32mendpoint[0m=RPCSyncSource(ws://127.0.0.1:62709) [32mchain[0m=901 [32ml2[0m=5dc4f6..41206e:101 [32ml1[0m=89eb69..6a2454:19
    txmgr.go:871:               [32mINFO [0m[12-21|00:00:20.028] Transaction confirmed                    [32mservice[0m=batcher [32mtx[0m=ce0e77..106db9 [32mblock[0m=0f6584..6708ed:22 [32meffectiveGasPrice[0m=53,315,524
    txmgr.go:792:               [32mINFO [0m[12-21|00:00:20.028] Transaction receipt not found            [32mservice[0m=batcher [32mtx[0m=0xca38a571f119ef990210d7c569d67bbe5c797350038ba6e304296874ac6e82f2 [32mnonce[0m=20 [32mgasTipCap[0m=11 [32mgasFeeCap[0m=121,835,787 [32mgasLimit[0m=23880 [32merr[0m="context canceled"
    txmgr.go:845:               [31mERROR[0m[12-21|00:00:20.028] Unable to fetch tip                      [31mservice[0m=batcher [31merr[0m="Post \"http://127.0.0.1:62699\": context canceled"
    txmgr.go:792:               [32mINFO [0m[12-21|00:00:20.028] Transaction receipt not found            [32mservice[0m=batcher [32mtx[0m=0xce0e77955e6c2a94648c908151adf1de45810d5d9499b25f904822caea106db9 [32mnonce[0m=20 [32mgasTipCap[0m=13 [32mgasFeeCap[0m=134,019,366 [32mgasLimit[0m=24218 [32merr[0m="context canceled"
    txmgr.go:792:               [32mINFO [0m[12-21|00:00:20.028] Transaction receipt not found            [32mservice[0m=batcher [32mtx[0m=0x4a856df1e3cec0428d0c1ee75250ad4f4ca6a8ad9c37614925297f96486cec48 [32mnonce[0m=20 [32mgasTipCap[0m=15 [32mgasFeeCap[0m=147,421,303 [32mgasLimit[0m=24218 [32merr[0m="context canceled"
    txmgr.go:792:               [32mINFO [0m[12-21|00:00:20.028] Transaction receipt not found            [32mservice[0m=batcher [32mtx[0m=0xca38a571f119ef990210d7c569d67bbe5c797350038ba6e304296874ac6e82f2 [32mnonce[0m=20 [32mgasTipCap[0m=11 [32mgasFeeCap[0m=121,835,787 [32mgasLimit[0m=23880 [32merr[0m="context canceled"
    driver.go:582:              [32mINFO [0m[12-21|00:00:20.028] Handling receipt                         [32mid[0m=26cddd..4d23e3:0
    driver.go:1063:             [32mINFO [0m[12-21|00:00:20.028] Transaction confirmed                    [32mtx_id[0m=26cdddf12886b4235a62eb67c44d23e3:0 [32mtx[0m=ce0e77..106db9 [32mblock[0m=0f6584..6708ed:22
    channel.go:80:              [32mINFO [0m[12-21|00:00:20.028] Channel is fully submitted               [32mid[0m=26cddd..4d23e3     [32mmin_inclusion_block[0m=22 [32mmax_inclusion_block[0m=22
    txmgr.go:682:               [32mINFO [0m[12-21|00:00:20.029] Publishing transaction                   [32mservice[0m=batcher [32mtx[0m=0xf0c1768bacb1c44c01bebb962da2d1ac35295183d3c10eb821d39e6a52826f23 [32mnonce[0m=21 [32mgasTipCap[0m=11 [32mgasFeeCap[0m=106,631,033 [32mgasLimit[0m=23880
    txmgr.go:717:               [32mINFO [0m[12-21|00:00:20.030] Transaction successfully published       [32mservice[0m=batcher [32mtx[0m=0xf0c1768bacb1c44c01bebb962da2d1ac35295183d3c10eb821d39e6a52826f23 [32mnonce[0m=21 [32mgasTipCap[0m=11 [32mgasFeeCap[0m=106,631,033 [32mgasLimit[0m=23880 [32mtx[0m=f0c176..826f23
    channel_manager.go:355:     [32mINFO [0m[12-21|00:00:20.030] Created channel                          [32mid[0m=5f0c14..0b67b9     [32ml1Head[0m=0f6584..6708ed:22 [32mblocks_pending[0m=6 [32ml1OriginLastSubmittedChannel[0m=3305b4..bff563:18 [32mbatch_type[0m=1 [32mcompression_algo[0m=brotli [32mtarget_num_frames[0m=1 [32mmax_frame_size[0m=119,999 [32muse_blobs[0m=false
    channel_manager.go:461:     [32mINFO [0m[12-21|00:00:20.032] Channel closed                           [32mid[0m=5f0c14..0b67b9     [32mblocks_pending[0m=0 [32mnum_frames[0m=1 [32minput_bytes[0m=52 [32moutput_bytes[0m=80 [32moldest_l1_origin[0m=3305b4..bff563:18 [32ml1_origin[0m=89eb69..6a2454:19 [32moldest_l2[0m=9245d9..40dbe2:126 [32mlatest_l2[0m=a03f3f..a88ccf:131 [32mfull_reason[0m="channel full: max channel duration reached" [32mcompr_ratio[0m=1.538
    driver.go:1027:             [32mINFO [0m[12-21|00:00:20.033] Building Calldata transaction candidate  [32msize[0m=81
    driver.go:344:              [32mINFO [0m[12-21|00:00:20.220] Added L2 block to local state            [32mblock[0m=2a571e..7092fe:132 [32mtx_count[0m=1 [32mtime[0m=1,766,255,420
    l1_accessor.go:192:         [32mINFO [0m[12-21|00:00:20.534] Updated latest known L1 block            [32mservice[0m=l1-processor [32mref[0m=0f6584..6708ed:22
    status.go:133:              [32mINFO [0m[12-21|00:00:20.675] New L1 finalized block                   [32ml1_finalized[0m=482c43..4eda3f:1
    status.go:126:              [32mINFO [0m[12-21|00:00:20.676] New L1 safe block                        [32ml1_safe[0m=951bef..83e30b:11
    system.go:237:              [32mINFO [0m[12-21|00:00:20.676] Exhausted L1 data                        [32mmode[0m=indexing [32mchainId[0m=901 [32mderivedFrom[0m=89eb69..6a2454:19 [32mderived[0m=5dc4f6..41206e:101
    node.go:372:                [32mINFO [0m[12-21|00:00:20.676] Node completed syncing                   [32msyncnode[0m=syncnode-901-1 [32mendpoint[0m=RPCSyncSource(ws://127.0.0.1:62709) [32mchain[0m=901 [32ml2[0m=5dc4f6..41206e:101 [32ml1[0m=89eb69..6a2454:19
    system.go:462:              [32mINFO [0m[12-21|00:00:20.677] Received next L1 block                   [32mmode[0m=indexing [32mchainId[0m=901 [32mnextL1[0m=1a04ac..0ab551:20
    l1_traversal_managed.go:119: [32mINFO [0m[12-21|00:00:20.678] Derivation continued with next L1 block  [32mcurrent[0m=89eb69..6a2454:19 [32mnext[0m=1a04ac..0ab551:20
    base_batch_stage.go:127:    [32mINFO [0m[12-21|00:00:20.678] Advancing bq origin                      [32morigin[0m=1a04ac..0ab551:20 [32moriginBehind[0m=false
    channel_assembler.go:99:    [32mINFO [0m[12-21|00:00:20.679] created new channel                      [32mstage[0m=channel [32morigin[0m=1a04ac..0ab551:20
    channel_in_reader.go:122:   [32mINFO [0m[12-21|00:00:20.679] decoded span batch from channel          [32mbatch_type[0m=SpanBatch [32mbatch_timestamp[0m=1,766,255,390 [32mparent_check[0m=0x5dc4f6de0dc07ed98089f30eb9a97074e7c5da62 [32morigin_check[0m=0x227a0c4db7ee8bf045f55224347f02229a9cffec [32mstart_epoch_number[0m=14 [32mend_epoch_number[0m=15 [32mblock_count[0m=6 [32mtxs[0m=0 [32mcompression_algo[0m=brotli [32mstage_origin[0m=1a04ac..0ab551:20
    batch_stage.go:142:         [32mINFO [0m[12-21|00:00:20.679] Found next valid span batch              [32morigin[0m=1a04ac..0ab551:20 [32mepoch[0m=e06264..97a7ad:14 [32mbatch_type[0m=SpanBatch [32mbatch_timestamp[0m=1,766,255,390 [32mparent_check[0m=0x5dc4f6de0dc07ed98089f30eb9a97074e7c5da62 [32morigin_check[0m=0x227a0c4db7ee8bf045f55224347f02229a9cffec [32mstart_epoch_number[0m=14 [32mend_epoch_number[0m=15 [32mblock_count[0m=6 [32mtxs[0m=0
    attributes_queue.go:134:    [32mINFO [0m[12-21|00:00:20.679] generated attributes in payload queue    [32mtxs[0m=1 [32mtimestamp[0m=1,766,255,390
    attributes_queue.go:134:    [32mINFO [0m[12-21|00:00:20.680] generated attributes in payload queue    [32mtxs[0m=1 [32mtimestamp[0m=1,766,255,391
    safedb.go:103:              [32mINFO [0m[12-21|00:00:20.680] Record safe head                         [32ml2[0m=7f9a96..723e9d:102 [32ml1[0m=1a04ac..0ab551:20
    attributes_queue.go:134:    [32mINFO [0m[12-21|00:00:20.687] generated attributes in payload queue    [32mtxs[0m=1 [32mtimestamp[0m=1,766,255,392
    safedb.go:103:              [32mINFO [0m[12-21|00:00:20.687] Record safe head                         [32ml2[0m=0252ba..1c47dd:103 [32ml1[0m=1a04ac..0ab551:20
    attributes_queue.go:134:    [32mINFO [0m[12-21|00:00:20.692] generated attributes in payload queue    [32mtxs[0m=1 [32mtimestamp[0m=1,766,255,393
    safedb.go:103:              [32mINFO [0m[12-21|00:00:20.693] Record safe head                         [32ml2[0m=35ee49..e2954f:104 [32ml1[0m=1a04ac..0ab551:20
    attributes_queue.go:134:    [32mINFO [0m[12-21|00:00:20.697] generated attributes in payload queue    [32mtxs[0m=1 [32mtimestamp[0m=1,766,255,394
    safedb.go:103:              [32mINFO [0m[12-21|00:00:20.698] Record safe head                         [32ml2[0m=eb604f..ad4749:105 [32ml1[0m=1a04ac..0ab551:20
    attributes_queue.go:134:    [32mINFO [0m[12-21|00:00:20.702] generated attributes in payload queue    [32mtxs[0m=1 [32mtimestamp[0m=1,766,255,395
    safedb.go:103:              [32mINFO [0m[12-21|00:00:20.702] Record safe head                         [32ml2[0m=8ae681..f978f7:106 [32ml1[0m=1a04ac..0ab551:20
    safedb.go:103:              [32mINFO [0m[12-21|00:00:20.708] Record safe head                         [32ml2[0m=4215a5..a0640b:107 [32ml1[0m=1a04ac..0ab551:20
    system.go:237:              [32mINFO [0m[12-21|00:00:20.712] Exhausted L1 data                        [32mmode[0m=indexing [32mchainId[0m=901 [32mderivedFrom[0m=1a04ac..0ab551:20 [32mderived[0m=4215a5..a0640b:107
    node.go:372:                [32mINFO [0m[12-21|00:00:20.712] Node completed syncing                   [32msyncnode[0m=syncnode-901-1 [32mendpoint[0m=RPCSyncSource(ws://127.0.0.1:62709) [32mchain[0m=901 [32ml2[0m=4215a5..a0640b:107 [32ml1[0m=1a04ac..0ab551:20
    sequencer.go:272:           [32mINFO [0m[12-21|00:00:20.952] Sequencer sealed block                   [32mpayloadID[0m=0x03bdf54566f8a139 [32mblock[0m=43c08f..6d7068:133 [32mparent[0m=2a571e..7092fe:132 [32mtxs[0m=1 [32mtime[0m=1,766,255,421
    node.go:788:                [32mINFO [0m[12-21|00:00:20.952] Publishing signed execution payload on p2p [32mid[0m=43c08f..6d7068:133
    payload_success.go:89:      [32mINFO [0m[12-21|00:00:20.954] Inserted new L2 unsafe block             [32mhash[0m=43c08f..6d7068 [32mnumber[0m=133 [32mbuild_time[0m=949.384ms [32minsert_time[0m=2.803ms     [32mtotal_time[0m=952.188ms [32mmgas[0m=0.046 [32mmgasps[0m=0.048
    sequencer.go:341:           [32mINFO [0m[12-21|00:00:20.955] Sequencer inserted block                 [32mblock[0m=43c08f..6d7068:133 [32mparent[0m=2a571e..7092fe:132
    driver.go:263:              [32mINFO [0m[12-21|00:00:20.955] Scheduled sequencer action               [32mdelta[0m=44.808ms
    sequencer.go:521:           [32mINFO [0m[12-21|00:00:21.001] Started sequencing new block             [32mparent[0m=43c08f..6d7068:133 [32ml1Origin[0m=1a04ac..0ab551:20
    driver.go:263:              [32mINFO [0m[12-21|00:00:21.003] Scheduled sequencer action               [32mdelta[0m=946.369ms
    driver.go:344:              [32mINFO [0m[12-21|00:00:21.220] Added L2 block to local state            [32mblock[0m=43c08f..6d7068:133 [32mtx_count[0m=1 [32mtime[0m=1,766,255,421
    sequencer.go:272:           [32mINFO [0m[12-21|00:00:21.951] Sequencer sealed block                   [32mpayloadID[0m=0x03127523ad822e78 [32mblock[0m=f9632d..4e6e40:134 [32mparent[0m=43c08f..6d7068:133 [32mtxs[0m=1 [32mtime[0m=1,766,255,422
    node.go:788:                [32mINFO [0m[12-21|00:00:21.951] Publishing signed execution payload on p2p [32mid[0m=f9632d..4e6e40:134
    payload_success.go:89:      [32mINFO [0m[12-21|00:00:21.954] Inserted new L2 unsafe block             [32mhash[0m=f9632d..4e6e40 [32mnumber[0m=134 [32mbuild_time[0m=948.638ms [32minsert_time[0m=2.788ms     [32mtotal_time[0m=951.426ms [32mmgas[0m=0.054 [32mmgasps[0m=0.057
    sequencer.go:341:           [32mINFO [0m[12-21|00:00:21.954] Sequencer inserted block                 [32mblock[0m=f9632d..4e6e40:134 [32mparent[0m=43c08f..6d7068:133
    driver.go:263:              [32mINFO [0m[12-21|00:00:21.954] Scheduled sequencer action               [32mdelta[0m=45.556ms
    sequencer.go:521:           [32mINFO [0m[12-21|00:00:22.001] Started sequencing new block             [32mparent[0m=f9632d..4e6e40:134 [32ml1Origin[0m=1a04ac..0ab551:20
    driver.go:263:              [32mINFO [0m[12-21|00:00:22.003] Scheduled sequencer action               [32mdelta[0m=946.564ms
    txmgr.go:682:               [32mINFO [0m[12-21|00:00:22.031] Publishing transaction                   [32mservice[0m=batcher [32mtx[0m=0xf0c1768bacb1c44c01bebb962da2d1ac35295183d3c10eb821d39e6a52826f23 [32mnonce[0m=21 [32mgasTipCap[0m=11 [32mgasFeeCap[0m=106,631,033 [32mgasLimit[0m=23880
    driver.go:344:              [32mINFO [0m[12-21|00:00:22.221] Added L2 block to local state            [32mblock[0m=f9632d..4e6e40:134 [32mtx_count[0m=1 [32mtime[0m=1,766,255,422
    status.go:133:              [32mINFO [0m[12-21|00:00:22.676] New L1 finalized block                   [32ml1_finalized[0m=719f3d..b2a33b:2
    status.go:126:              [32mINFO [0m[12-21|00:00:22.676] New L1 safe block                        [32ml1_safe[0m=e9dc62..536b35:12
    system.go:237:              [32mINFO [0m[12-21|00:00:22.677] Exhausted L1 data                        [32mmode[0m=indexing [32mchainId[0m=901 [32mderivedFrom[0m=1a04ac..0ab551:20 [32mderived[0m=4215a5..a0640b:107
    node.go:372:                [32mINFO [0m[12-21|00:00:22.678] Node completed syncing                   [32msyncnode[0m=syncnode-901-1 [32mendpoint[0m=RPCSyncSource(ws://127.0.0.1:62709) [32mchain[0m=901 [32ml2[0m=4215a5..a0640b:107 [32ml1[0m=1a04ac..0ab551:20
    sequencer.go:272:           [32mINFO [0m[12-21|00:00:22.951] Sequencer sealed block                   [32mpayloadID[0m=0x034eddcb0b454cdd [32mblock[0m=f9e56f..490c9d:135 [32mparent[0m=f9632d..4e6e40:134 [32mtxs[0m=1 [32mtime[0m=1,766,255,423
    node.go:788:                [32mINFO [0m[12-21|00:00:22.952] Publishing signed execution payload on p2p [32mid[0m=f9e56f..490c9d:135
    payload_success.go:89:      [32mINFO [0m[12-21|00:00:22.954] Inserted new L2 unsafe block             [32mhash[0m=f9e56f..490c9d [32mnumber[0m=135 [32mbuild_time[0m=949.456ms [32minsert_time[0m=2.631ms     [32mtotal_time[0m=952.087ms [32mmgas[0m=0.046 [32mmgasps[0m=0.048
    sequencer.go:341:           [32mINFO [0m[12-21|00:00:22.954] Sequencer inserted block                 [32mblock[0m=f9e56f..490c9d:135 [32mparent[0m=f9632d..4e6e40:134
    driver.go:263:              [32mINFO [0m[12-21|00:00:22.954] Scheduled sequencer action               [32mdelta[0m=45.052ms
    sequencer.go:521:           [32mINFO [0m[12-21|00:00:23.001] Started sequencing new block             [32mparent[0m=f9e56f..490c9d:135 [32ml1Origin[0m=1a04ac..0ab551:20
    driver.go:263:              [32mINFO [0m[12-21|00:00:23.003] Scheduled sequencer action               [32mdelta[0m=946.649ms
    deployer_zisk.go:381:       [32mINFO [0m[12-21|00:00:23.005] Finalized L2 block reached; proceeding with deployment [32mcomponent[0m=zisk-deployer [32mblock[0m=1
    deployer_zisk.go:666:       [32mINFO [0m[12-21|00:00:23.007] writing L1 chain config                  [32mcomponent[0m=succinct-deployer [32mchain[0m=901 [32mpath[0m=/var/folders/qt/7dykv5895fbgdd29168xfcth0000gn/T/op-dev-2102001826/Configs/L1/900.json
    deployer_zisk.go:318:       [32mINFO [0m[12-21|00:00:23.007] Executing deploy-oracle                  [32mcomponent[0m=zisk-deployer [32mcmd[0m="just deploy-oracle /var/folders/qt/7dykv5895fbgdd29168xfcth0000gn/T/op-dev-3156206406/op-zisk-l2oo-901.env"
    txmgr.go:682:               [32mINFO [0m[12-21|00:00:23.031] Publishing transaction                   [32mservice[0m=batcher [32mtx[0m=0xf0c1768bacb1c44c01bebb962da2d1ac35295183d3c10eb821d39e6a52826f23 [32mnonce[0m=21 [32mgasTipCap[0m=11 [32mgasFeeCap[0m=106,631,033 [32mgasLimit[0m=23880
    txmgr.go:888:               [32mINFO [0m[12-21|00:00:23.031] bumping gas price for transaction        [32mservice[0m=batcher [32mtx[0m=0xf0c1768bacb1c44c01bebb962da2d1ac35295183d3c10eb821d39e6a52826f23 [32mnonce[0m=21 [32mgasTipCap[0m=11 [32mgasFeeCap[0m=106,631,033 [32mgasLimit[0m=23880
    txmgr.go:717:               [32mINFO [0m[12-21|00:00:23.034] Transaction successfully published       [32mservice[0m=batcher [32mtx[0m=0x25abc65f3a2fe8d0b2b1a3606f6c45e17f0554347f702ec89889847068668a52 [32mnonce[0m=21 [32mgasTipCap[0m=13 [32mgasFeeCap[0m=117,294,137 [32mgasLimit[0m=24218 [32mtx[0m=25abc6..668a52
    driver.go:344:              [32mINFO [0m[12-21|00:00:23.221] Added L2 block to local state            [32mblock[0m=f9e56f..490c9d:135 [32mtx_count[0m=1 [32mtime[0m=1,766,255,423
    l1_accessor.go:174:         [32mINFO [0m[12-21|00:00:23.533] Latest L1 block signal is the same as the tip [32mservice[0m=l1-processor [32mref[0m=0f6584..6708ed:22
    sequencer.go:272:           [32mINFO [0m[12-21|00:00:23.951] Sequencer sealed block                   [32mpayloadID[0m=0x03e5c2ef7c178d70 [32mblock[0m=0f54f0..8b44c8:136 [32mparent[0m=f9e56f..490c9d:135 [32mtxs[0m=1 [32mtime[0m=1,766,255,424
    node.go:788:                [32mINFO [0m[12-21|00:00:23.951] Publishing signed execution payload on p2p [32mid[0m=0f54f0..8b44c8:136
    payload_success.go:89:      [32mINFO [0m[12-21|00:00:23.952] Inserted new L2 unsafe block             [32mhash[0m=0f54f0..8b44c8 [32mnumber[0m=136 [32mbuild_time[0m=948.651ms [32minsert_time[0m=1.235ms     [32mtotal_time[0m=949.886ms [32mmgas[0m=0.046 [32mmgasps[0m=0.049
    sequencer.go:341:           [32mINFO [0m[12-21|00:00:23.952] Sequencer inserted block                 [32mblock[0m=0f54f0..8b44c8:136 [32mparent[0m=f9e56f..490c9d:135
    driver.go:263:              [32mINFO [0m[12-21|00:00:23.952] Scheduled sequencer action               [32mdelta[0m=47.487ms
    sequencer.go:521:           [32mINFO [0m[12-21|00:00:24.001] Started sequencing new block             [32mparent[0m=0f54f0..8b44c8:136 [32ml1Origin[0m=1a04ac..0ab551:20
    driver.go:263:              [32mINFO [0m[12-21|00:00:24.001] Scheduled sequencer action               [32mdelta[0m=948.146ms
    driver.go:344:              [32mINFO [0m[12-21|00:00:24.219] Added L2 block to local state            [32mblock[0m=0f54f0..8b44c8:136 [32mtx_count[0m=1 [32mtime[0m=1,766,255,424
    status.go:133:              [32mINFO [0m[12-21|00:00:24.675] New L1 finalized block                   [32ml1_finalized[0m=719f3d..b2a33b:2
    status.go:126:              [32mINFO [0m[12-21|00:00:24.675] New L1 safe block                        [32ml1_safe[0m=e9dc62..536b35:12
    system.go:237:              [32mINFO [0m[12-21|00:00:24.676] Exhausted L1 data                        [32mmode[0m=indexing [32mchainId[0m=901 [32mderivedFrom[0m=1a04ac..0ab551:20 [32mderived[0m=4215a5..a0640b:107
    node.go:372:                [32mINFO [0m[12-21|00:00:24.676] Node completed syncing                   [32msyncnode[0m=syncnode-901-1 [32mendpoint[0m=RPCSyncSource(ws://127.0.0.1:62709) [32mchain[0m=901 [32ml2[0m=4215a5..a0640b:107 [32ml1[0m=1a04ac..0ab551:20
    package.go:79:              [31mERROR[0m[12-21|00:00:24.733] "\n\tError Trace:\t/Users/abix/Desktop/op-ZisK/tests/optimism/op-devstack/sysgo/deployer_zisk.go:320\n\t            \t\t\t\t/Users/abix/Desktop/op-ZisK/tests/optimism/op-devstack/sysgo/deployer_zisk.go:302\n\t            \t\t\t\t/Users/abix/Desktop/op-ZisK/tests/optimism/op-devstack/sysgo/deployer_zisk.go:182\n\t            \t\t\t\t/Users/abix/Desktop/op-ZisK/tests/optimism/op-devstack/sysgo/deployer_zisk.go:158\n\t            \t\t\t\t/Users/abix/Desktop/op-ZisK/tests/optimism/op-devstack/stack/orchestrator.go:178\n\t            \t\t\t\t/Users/abix/Desktop/op-ZisK/tests/optimism/op-devstack/stack/orchestrator.go:129\n\t            \t\t\t\t/Users/abix/Desktop/op-ZisK/tests/optimism/op-devstack/stack/orchestrator.go:262\n\t            \t\t\t\t/Users/abix/Desktop/op-ZisK/tests/optimism/op-devstack/stack/orchestrator.go:178\n\t            \t\t\t\t/Users/abix/Desktop/op-ZisK/tests/optimism/op-devstack/stack/orchestrator.go:129\n\t            \t\t\t\t/Users/abix/Desktop/op-ZisK/tests/optimism/op-devstack/stack/orchestrator.go:72\n\t            \t\t\t\t/Users/abix/Desktop/op-ZisK/tests/presets/shared.go:104\n\t            \t\t\t\t/Users/abix/Desktop/op-ZisK/tests/presets/validity.go:84\n\t            \t\t\t\t/Users/abix/Desktop/op-ZisK/tests/e2e/validity/proving/proving_test.go:59\n\t            \t\t\t\t/Users/abix/Desktop/op-ZisK/tests/e2e/validity/proving/proving_test.go:19\n\tError:      \tReceived unexpected error:\n\t            \tfailed to execute command: exit status 101\n\t            \tstdout:\n\t            \t\x1b[2m2025-12-20T18:30:24.722920Z\x1b[0m \x1b[32m INFO\x1b[0m Loaded /var/folders/qt/7dykv5895fbgdd29168xfcth0000gn/T/op-dev-3156206406/op-zisk-l2oo-901.env from project root\n\t            \t\x1b[2m2025-12-20T18:30:24.729490Z\x1b[0m \x1b[32m INFO\x1b[0m Saved L2 config for chain ID 901 to /var/folders/qt/7dykv5895fbgdd29168xfcth0000gn/T/op-dev-2102001826/Configs/L2/901.json\n\t            \t\x1b[2m2025-12-20T18:30:24.729510Z\x1b[0m \x1b[32m INFO\x1b[0m L1 config for chain ID 900 already exists at /var/folders/qt/7dykv5895fbgdd29168xfcth0000gn/T/op-dev-2102001826/Configs/L1/900.json\n\t            \t\x1b[2m2025-12-20T18:30:24.729832Z\x1b[0m \x1b[32m INFO\x1b[0m Initializing host with Ethereum DA\n\t            \tstderr:\n\t            \tFinished `release` profile [optimized] target(s) in 0.38s\n\t            \t     Running `target/release/fetch-l2oo-config --env-file /var/folders/qt/7dykv5895fbgdd29168xfcth0000gn/T/op-dev-3156206406/op-zisk-l2oo-901.env`\n\t            \t\n\t            \tthread 'main' panicked at /Users/abix/Desktop/op-ZisK/scripts/utils/src/config_common.rs:87:10:\n\t            \tAGGREGATION_VKEY (or AGG_VKEY) must be set for config generation: NotPresent\n\t            \tnote: run with `RUST_BACKTRACE=1` environment variable to display a backtrace\n\t            \terror: Recipe `deploy-oracle` failed with exit code 101\n\tTest:       \tpkg\n\tMessages:   \tfailed to execute deploy-oracle command\n"
    shared.go:91:             [31mERROR[0m[12-21|00:00:24.733] test failed
    shared.go:91:             [31mERROR[0m[12-21|00:00:24.733] test failed
    faucet.go:115:              [32mINFO [0m[12-21|00:00:24.734] Closing faucet
    service.go:192:             [32mINFO [0m[12-21|00:00:24.734] Stopping JSON-RPC server
    service.go:202:             [32mINFO [0m[12-21|00:00:24.734] Stopped RPC Server
    faucet.go:84:               [32mINFO [0m[12-21|00:00:24.734] Closing faucet                           [32mfaucet[0m=dev-faucet-901 [32mchain[0m=901
    faucet.go:79:               [32mINFO [0m[12-21|00:00:24.734] Disabling faucet                         [32mfaucet[0m=dev-faucet-901 [32mchain[0m=901
    faucet.go:84:               [32mINFO [0m[12-21|00:00:24.734] Closing faucet                           [32mfaucet[0m=dev-faucet-900 [32mchain[0m=900
    faucet.go:79:               [32mINFO [0m[12-21|00:00:24.734] Disabling faucet                         [32mfaucet[0m=dev-faucet-900 [32mchain[0m=900
    service.go:208:             [32mINFO [0m[12-21|00:00:24.734] Stopped Backend
    service.go:214:             [32mINFO [0m[12-21|00:00:24.734] Stopped PProf
    service.go:220:             [32mINFO [0m[12-21|00:00:24.734] JSON-RPC server stopped
    faucet.go:117:              [32mINFO [0m[12-21|00:00:24.734] Closed faucet
    test_sequencer.go:254:      [32mINFO [0m[12-21|00:00:24.734] Closing sequencer
    service.go:214:             [32mINFO [0m[12-21|00:00:24.734] Stopping JSON-RPC server
    service.go:224:             [32mINFO [0m[12-21|00:00:24.734] Stopped RPC Server
    backend.go:135:             [32mINFO [0m[12-21|00:00:24.734] Stopping backend
    config.go:33:               [32mINFO [0m[12-21|00:00:24.734] Closed
    service.go:230:             [32mINFO [0m[12-21|00:00:24.734] Stopped Backend
    service.go:236:             [32mINFO [0m[12-21|00:00:24.734] Stopped PProf
    service.go:242:             [32mINFO [0m[12-21|00:00:24.734] JSON-RPC server stopped
    test_sequencer.go:256:      [32mINFO [0m[12-21|00:00:24.734] Closed sequencer                         [32merr[0m=<nil>
    l2_batcher.go:126:          [32mINFO [0m[12-21|00:00:24.735] Closing batcher
    service.go:467:             [32mINFO [0m[12-21|00:00:24.735] Stopping batcher
    driver.go:236:              [32mINFO [0m[12-21|00:00:24.735] Stopping Batch Submitter
    driver.go:561:              [32mINFO [0m[12-21|00:00:24.735] blockLoadingLoop returning
    txmgr.go:792:               [32mINFO [0m[12-21|00:00:24.735] Transaction receipt not found            [32mservice[0m=batcher [32mtx[0m=0xf0c1768bacb1c44c01bebb962da2d1ac35295183d3c10eb821d39e6a52826f23 [32mnonce[0m=21 [32mgasTipCap[0m=11 [32mgasFeeCap[0m=106,631,033 [32mgasLimit[0m=23880 [32merr[0m="context canceled"
    txmgr.go:792:               [32mINFO [0m[12-21|00:00:24.735] Transaction receipt not found            [32mservice[0m=batcher [32mtx[0m=0xf0c1768bacb1c44c01bebb962da2d1ac35295183d3c10eb821d39e6a52826f23 [32mnonce[0m=21 [32mgasTipCap[0m=11 [32mgasFeeCap[0m=106,631,033 [32mgasLimit[0m=23880 [32merr[0m="context canceled"
    driver.go:582:              [32mINFO [0m[12-21|00:00:24.735] Handling receipt                         [32mid[0m=08d791..8f9719:0
    driver.go:1056:             [33mWARN [0m[12-21|00:00:24.735] Transaction failed to send               [33mtx_id[0m=08d7910e57b081affb5bd0cd9b8f9719:0 [33merr[0m="context canceled"
    driver.go:582:              [32mINFO [0m[12-21|00:00:24.735] Handling receipt                         [32mid[0m=5f0c14..0b67b9:0
    driver.go:1056:             [33mWARN [0m[12-21|00:00:24.735] Transaction failed to send               [33mtx_id[0m=5f0c14f19a03ade49e37faa04d0b67b9:0 [33merr[0m="transaction manager is closed"
    txmgr.go:792:               [32mINFO [0m[12-21|00:00:24.735] Transaction receipt not found            [32mservice[0m=batcher [32mtx[0m=0x25abc65f3a2fe8d0b2b1a3606f6c45e17f0554347f702ec89889847068668a52 [32mnonce[0m=21 [32mgasTipCap[0m=13 [32mgasFeeCap[0m=117,294,137 [32mgasLimit[0m=24218 [32merr[0m="context canceled"
    driver.go:520:              [32mINFO [0m[12-21|00:00:24.735] publishingLoop returning
    driver.go:585:              [32mINFO [0m[12-21|00:00:24.735] receiptsLoop returning
    driver.go:259:              [32mINFO [0m[12-21|00:00:24.735] Batch Submitter stopped
    server.go:46:               [32mINFO [0m[12-21|00:00:24.735] Stopped RPC server
    service.go:513:             [32mINFO [0m[12-21|00:00:24.735] Batch Submitter stopped
    l2_batcher.go:128:          [32mINFO [0m[12-21|00:00:24.735] Closed batcher
    l2_cl_opnode.go:137:        [32mINFO [0m[12-21|00:00:24.735] Closing op-node
    server.go:46:               [32mINFO [0m[12-21|00:00:24.735] Stopped RPC server
    sequencer.go:755:           [32mINFO [0m[12-21|00:00:24.735] Sequencer has been stopped
    node.go:847:                [32mINFO [0m[12-21|00:00:24.735] stopped sequencer                        [32mlatestHead[0m=0f54f0..8b44c8
    discovery.go:307:           [32mINFO [0m[12-21|00:00:24.735] discv5 DHT iteration stopped, closing peer discovery now...
    notifications.go:29:        [32mINFO [0m[12-21|00:00:24.735] stopped listening network address        [32maddr[0m=/ip4/127.0.0.1/tcp/62717
    sync.go:413:                [32mINFO [0m[12-21|00:00:24.735] stopped P2P req-resp L2 block sync client
    discovery.go:348:           [32mINFO [0m[12-21|00:00:24.735] stopped peer discovery
    driver.go:323:              [32mINFO [0m[12-21|00:00:24.735] State loop returned
    server.go:46:               [32mINFO [0m[12-21|00:00:24.735] Stopped RPC server                       [32mmode[0m=indexing [32mchainId[0m=901
    system.go:167:              [32mINFO [0m[12-21|00:00:24.736] Interop sub-system stopped               [32mmode[0m=indexing [32mchainId[0m=901
    node.go:160:                [33mWARN [0m[12-21|00:00:24.736] RPC subscription failed, retrying        [33msyncnode[0m=syncnode-901-1 [33mendpoint[0m=RPCSyncSource(ws://127.0.0.1:62709) [33mchain[0m=901 [33merr[0m="websocket: close 1006 (abnormal closure): unexpected EOF"
    node.go:163:                [33mWARN [0m[12-21|00:00:24.736] RPC websocket connection closed          [33msyncnode[0m=syncnode-901-1 [33mendpoint[0m=RPCSyncSource(ws://127.0.0.1:62709) [33mchain[0m=901
    node.go:220:                [32mINFO [0m[12-21|00:00:24.736] Node events channel closed               [32msyncnode[0m=syncnode-901-1 [32mendpoint[0m=RPCSyncSource(ws://127.0.0.1:62709) [32mchain[0m=901
    l2_cl_opnode.go:139:        [32mINFO [0m[12-21|00:00:24.749] Closed op-node                           [32merr[0m=<nil>
    node.go:220:                [32mINFO [0m[12-21|00:00:25.237] Node events channel closed               [32msyncnode[0m=syncnode-901-1 [32mendpoint[0m=RPCSyncSource(ws://127.0.0.1:62709) [32mchain[0m=901
    node.go:220:                [32mINFO [0m[12-21|00:00:25.738] Node events channel closed               [32msyncnode[0m=syncnode-901-1 [32mendpoint[0m=RPCSyncSource(ws://127.0.0.1:62709) [32mchain[0m=901
    node.go:220:                [32mINFO [0m[12-21|00:00:26.239] Node events channel closed               [32msyncnode[0m=syncnode-901-1 [32mendpoint[0m=RPCSyncSource(ws://127.0.0.1:62709) [32mchain[0m=901
    l1_accessor.go:192:         [32mINFO [0m[12-21|00:00:26.535] Updated latest known L1 block            [32mservice[0m=l1-processor [32mref[0m=292d93..cb0334:23
    node.go:220:                [32mINFO [0m[12-21|00:00:26.741] Node events channel closed               [32msyncnode[0m=syncnode-901-1 [32mendpoint[0m=RPCSyncSource(ws://127.0.0.1:62709) [32mchain[0m=901
    node.go:220:                [32mINFO [0m[12-21|00:00:27.242] Node events channel closed               [32msyncnode[0m=syncnode-901-1 [32mendpoint[0m=RPCSyncSource(ws://127.0.0.1:62709) [32mchain[0m=901
    node.go:220:                [32mINFO [0m[12-21|00:00:27.743] Node events channel closed               [32msyncnode[0m=syncnode-901-1 [32mendpoint[0m=RPCSyncSource(ws://127.0.0.1:62709) [32mchain[0m=901
    proxy.go:96:                [31mERROR[0m[12-21|00:00:27.892] failed to dial upstream                  [31mproxy[0m=l2cl-interop [31merr[0m="operation failed permanently after 3 attempts: dial tcp 127.0.0.1:62719: connect: connection refused"
    node.go:220:                [32mINFO [0m[12-21|00:00:28.244] Node events channel closed               [32msyncnode[0m=syncnode-901-1 [32mendpoint[0m=RPCSyncSource(ws://127.0.0.1:62709) [32mchain[0m=901
    node.go:220:                [32mINFO [0m[12-21|00:00:28.744] Node events channel closed               [32msyncnode[0m=syncnode-901-1 [32mendpoint[0m=RPCSyncSource(ws://127.0.0.1:62709) [32mchain[0m=901
    node.go:220:                [32mINFO [0m[12-21|00:00:29.244] Node events channel closed               [32msyncnode[0m=syncnode-901-1 [32mendpoint[0m=RPCSyncSource(ws://127.0.0.1:62709) [32mchain[0m=901
    l1_accessor.go:174:         [32mINFO [0m[12-21|00:00:29.534] Latest L1 block signal is the same as the tip [32mservice[0m=l1-processor [32mref[0m=292d93..cb0334:23
    node.go:220:                [32mINFO [0m[12-21|00:00:29.745] Node events channel closed               [32msyncnode[0m=syncnode-901-1 [32mendpoint[0m=RPCSyncSource(ws://127.0.0.1:62709) [32mchain[0m=901
    node.go:220:                [32mINFO [0m[12-21|00:00:30.245] Node events channel closed               [32msyncnode[0m=syncnode-901-1 [32mendpoint[0m=RPCSyncSource(ws://127.0.0.1:62709) [32mchain[0m=901
    node.go:220:                [32mINFO [0m[12-21|00:00:30.745] Node events channel closed               [32msyncnode[0m=syncnode-901-1 [32mendpoint[0m=RPCSyncSource(ws://127.0.0.1:62709) [32mchain[0m=901
    proxy.go:96:                [31mERROR[0m[12-21|00:00:31.046] failed to dial upstream                  [31mproxy[0m=l2cl-interop [31merr[0m="operation failed permanently after 3 attempts: dial tcp 127.0.0.1:62719: connect: connection refused"
    l2_el_opgeth.go:143:        [32mINFO [0m[12-21|00:00:31.049] Closing op-geth                          [32mid[0m=L2ELNode-sequencer-901
    l2_el_opgeth.go:145:        [32mINFO [0m[12-21|00:00:31.050] Closed op-geth                           [32mid[0m=L2ELNode-sequencer-901 [32merr[0m=<nil>
    supervisor_op.go:95:        [32mINFO [0m[12-21|00:00:31.050] Closing supervisor
    service.go:223:             [32mINFO [0m[12-21|00:00:31.050] Stopping JSON-RPC server
    server.go:46:               [32mINFO [0m[12-21|00:00:31.050] Stopped RPC server
    service.go:230:             [32mINFO [0m[12-21|00:00:31.050] Stopped RPC Server
    backend.go:453:             [32mINFO [0m[12-21|00:00:31.050] Closing supervisor backend
    node.go:165:                [33mWARN [0m[12-21|00:00:31.050] RPC websocket reconnection failed        [33msyncnode[0m=syncnode-901-1 [33mendpoint[0m=RPCSyncSource(ws://127.0.0.1:62709) [33mchain[0m=901 [33merr[0m="failed to reconnect: context canceled"
    node.go:216:                [32mINFO [0m[12-21|00:00:31.246] Exiting node syncing                     [32msyncnode[0m=syncnode-901-1 [32mendpoint[0m=RPCSyncSource(ws://127.0.0.1:62709) [32mchain[0m=901
    service.go:236:             [32mINFO [0m[12-21|00:00:31.246] Stopped Backend
    service.go:242:             [32mINFO [0m[12-21|00:00:31.246] Stopped PProf
    service.go:248:             [32mINFO [0m[12-21|00:00:31.246] JSON-RPC server stopped
    service.go:252:             [32mINFO [0m[12-21|00:00:31.246] Event processing stopped
    supervisor_op.go:97:        [32mINFO [0m[12-21|00:00:31.246] Closed supervisor                        [32merr[0m=<nil>
    l1_nodes.go:129:            [32mINFO [0m[12-21|00:00:31.247] Closing L1 geth
--- FAIL: TestValidityProposer_SingleSubmission (143.61s)
FAIL
FAIL	github.com/succinctlabs/op-succinct/e2e/validity/proving	146.007s
FAIL
